[info] total indices 224
[info] total variants 224
2.001 was filtered out as 96818105 T>A needs A but not covered
2.002 was filtered out as 96818105 T>A needs A but not covered
4.001 was filtered out as 96818118 G>C needs C but not covered
4.002 was filtered out as 96818118 G>C needs C but not covered
5.001 was filtered out as 96826970 delT needs N but not covered
6.001 was filtered out as 96824687 C>T needs T but not covered
7.001 was filtered out as 96824642 G>A needs A but not covered
8.001 was filtered out as 96824642 G>C needs C but not covered
9.001 was filtered out as 96818170 T>C needs C but not covered
10.001 was filtered out as 96802646 C>A needs A but not covered
11.001 was filtered out as 96805707 C>A needs A but not covered
12.001 was filtered out as 96796973 delCAA needs N but not covered
13.001 was filtered out as 96818241 A>C needs C but not covered
14.001 was filtered out as 96818198 C>G needs G but not covered
15.001 was filtered out as 96824657 C>T needs T but not covered
16.001 was filtered out as 96802803 A>G needs G but not covered
17.001 was filtered out as 96818180 T>C needs C but not covered
18.001 was filtered out as 96802714 G>A needs A but not covered
[filter] CYP2C8 1.001 => 1.001; 1.002; 1.003; 1.004; 1.005; 1.006; 1.007; 1.008; 1.009; 1.010; 1.011; 1.012; 1.013; 1.014; 1.015; 1.016; 1.017; 1.018
[filter] CYP2C8 3.001 => 3.001; 3.002
[filter] valid_alleles=20
Step 0: Loss=0.0329, CN=[1.9000832]
Step 100: Loss=0.0281, CN=[1.9013724]
Step 200: Loss=0.0281, CN=[1.9017731]
Step 300: Loss=0.0281, CN=[1.9017731]
Step 400: Loss=0.0281, CN=[1.9017733]

=== Fit ===
Region 0: obs=2.013, exp=1.902, diff=+0.111 
Region 1: obs=1.902, exp=1.902, diff=+0.000 
Region 2: obs=2.192, exp=1.902, diff=+0.290 
Region 3: obs=1.965, exp=1.902, diff=+0.063 
Region 4: obs=1.740, exp=1.902, diff=-0.162 
Region 5: obs=1.808, exp=1.902, diff=-0.094 
Region 6: obs=2.401, exp=1.902, diff=+0.499 
Region 7: obs=2.080, exp=1.902, diff=+0.178 
Region 8: obs=1.485, exp=1.902, diff=-0.417 
Region 9: obs=1.727, exp=1.902, diff=-0.175 
Region 10: obs=1.580, exp=1.902, diff=-0.321 
Region 11: obs=1.906, exp=1.902, diff=+0.004 
Region 12: obs=2.015, exp=1.902, diff=+0.113 
Region 13: obs=1.871, exp=1.902, diff=-0.030 
Region 14: obs=2.021, exp=1.902, diff=+0.120 
Region 15: obs=1.820, exp=1.902, diff=-0.082 
Region 16: obs=2.209, exp=1.902, diff=+0.307 
Region 17: obs=1.925, exp=1.902, diff=+0.023 
Region 18: obs=1.451, exp=1.902, diff=-0.450 
Region 19: obs=1.663, exp=1.902, diff=-0.239 
Region 20: obs=2.162, exp=1.902, diff=+0.261 

[Gene CN Results]
  CYP2C8: 1.90 → 1.9017728567123413
Using device: cuda

CYP2C8*1.001:

CYP2C8*1.002:

CYP2C8*1.003:

CYP2C8*1.004:

CYP2C8*1.005:

CYP2C8*1.006:

CYP2C8*1.007:

CYP2C8*1.008:

CYP2C8*1.009:

CYP2C8*1.010:

CYP2C8*1.011:

CYP2C8*1.012:

CYP2C8*1.013:

CYP2C8*1.014:

CYP2C8*1.015:

CYP2C8*1.016:

CYP2C8*1.017:

CYP2C8*1.018:

CYP2C8*3.001:

CYP2C8*3.002:

=== Running VAE with seed 42 ===
Global Pooled JS: 0.217100
functional kld weight 0.0
Seed 42, Step    0: Loss = 454.98 (Recon: 412.07, Allele KL: 16.67, Base KL: 1730.38, Functional KL: 0.22
Global Pooled JS: 0.006784
functional kld weight 27.77777777777777
Seed 42, Step  500: Loss = 147.80 (Recon: 90.27, Allele KL: 31.27, Base KL: 3819.62, Functional KL: 0.01
Global Pooled JS: 0.009885
functional kld weight 222.22222222222217
Seed 42, Step 1000: Loss = 144.29 (Recon: 93.28, Allele KL: 22.06, Base KL: 4175.01, Functional KL: 0.01
Global Pooled JS: 0.006720
functional kld weight 750.0
Seed 42, Step 1500: Loss = 151.16 (Recon: 94.28, Allele KL: 24.06, Base KL: 5143.71, Functional KL: 0.01
Global Pooled JS: 0.003913
functional kld weight 1777.7777777777774
Seed 42, Step 2000: Loss = 158.19 (Recon: 95.44, Allele KL: 26.47, Base KL: 6749.29, Functional KL: 0.00
Global Pooled JS: 0.003077
functional kld weight 3472.222222222223
Seed 42, Step 2500: Loss = 165.10 (Recon: 86.91, Allele KL: 36.55, Base KL: 8986.58, Functional KL: 0.00

Top Variants with Coverage Mismatches:
Rank   Variant                        Expected     Observed     Diff       |Div|       
------------------------------------------------------------------------------------------
1      CYP2C8:96798748→T              21.38        23.00        -1.62      0.000742    
2      CYP2C8:96827029→T              26.63        38.00        -11.37     0.000455    
3      CYP2C8:96798748→G              0.04         0.00         0.04       0.000138    
4      CYP2C8:96798748→N              0.04         0.00         0.04       0.000137    
5      CYP2C8:96798748→P              0.04         0.00         0.04       0.000137    
6      CYP2C8:96798748→M              0.04         0.00         0.04       0.000136    
7      CYP2C8:96798748→A              0.04         0.00         0.04       0.000136    
8      CYP2C8:96827029→A              0.04         0.00         0.04       0.000132    
9      CYP2C8:96827029→P              0.04         0.00         0.04       0.000131    
10     CYP2C8:96827029→N              0.04         0.00         0.04       0.000131    
11     CYP2C8:96827029→G              0.04         0.00         0.04       0.000130    
12     CYP2C8:96827029→M              0.04         0.00         0.04       0.000129    
13     CYP2C8:96827029→C              21.38        29.00        -7.62      0.000107    
14     CYP2C8:96798748→C              26.62        33.00        -6.38      0.000029    
New best model with final loss: 173.02

=== Multi-Seed VAE Results ===
Best model had seed 42 with final loss: 173.02
All seeds final losses:
  Seed 42: Total=173.02 (Recon=98.87, A_KL=23.69, B_KL=12043.92) <- Best

[Raw]:
CYP2C8*3: Normalized=0.5574, Unnormalized=0.56
CYP2C8*1: Normalized=0.4426, Unnormalized=0.44

[Alleles]
CYP2C8*3
CYP2C8*1
	Command being timed: "python cyp.py CYP2C8 /project/shared/aldy-data/wgs/HG00276.wgs.cram 42"
	User time (seconds): 96.69
	System time (seconds): 20.04
	Percent of CPU this job got: 99%
	Elapsed (wall clock) time (h:mm:ss or m:ss): 1:57.03
	Average shared text size (kbytes): 0
	Average unshared data size (kbytes): 0
	Average stack size (kbytes): 0
	Average total size (kbytes): 0
	Maximum resident set size (kbytes): 1890360
	Average resident set size (kbytes): 0
	Major (requiring I/O) page faults: 0
	Minor (reclaiming a frame) page faults: 677962
	Voluntary context switches: 9977
	Involuntary context switches: 222
	Swaps: 0
	File system inputs: 0
	File system outputs: 24
	Socket messages sent: 0
	Socket messages received: 0
	Signals delivered: 0
	Page size (bytes): 4096
	Exit status: 0
