[info] total indices 224
[info] total variants 224
2.001 was filtered out as 96818105 T>A needs A but not covered
2.002 was filtered out as 96818105 T>A needs A but not covered
4.001 was filtered out as 96818118 G>C needs C but not covered
4.002 was filtered out as 96818118 G>C needs C but not covered
5.001 was filtered out as 96826970 delT needs N but not covered
6.001 was filtered out as 96824687 C>T needs T but not covered
7.001 was filtered out as 96824642 G>A needs A but not covered
8.001 was filtered out as 96824642 G>C needs C but not covered
9.001 was filtered out as 96818170 T>C needs C but not covered
10.001 was filtered out as 96802646 C>A needs A but not covered
11.001 was filtered out as 96805707 C>A needs A but not covered
12.001 was filtered out as 96796973 delCAA needs N but not covered
13.001 was filtered out as 96818241 A>C needs C but not covered
14.001 was filtered out as 96818198 C>G needs G but not covered
15.001 was filtered out as 96824657 C>T needs T but not covered
16.001 was filtered out as 96802803 A>G needs G but not covered
17.001 was filtered out as 96818180 T>C needs C but not covered
18.001 was filtered out as 96802714 G>A needs A but not covered
[filter] CYP2C8 1.001 => 1.001; 1.002; 1.003; 1.004; 1.005; 1.006; 1.007; 1.008; 1.009; 1.010; 1.011; 1.012; 1.013; 1.014; 1.015; 1.016; 1.017; 1.018
[filter] CYP2C8 3.001 => 3.001; 3.002
[filter] valid_alleles=20
Step 0: Loss=0.0646, CN=[2.0999167]
Step 100: Loss=0.0154, CN=[2.3155546]
Step 200: Loss=0.0154, CN=[2.3165472]
Step 300: Loss=0.0154, CN=[2.3165395]
Step 400: Loss=0.0154, CN=[2.3165398]

=== Fit ===
Region 0: obs=2.375, exp=2.317, diff=+0.058 
Region 1: obs=2.502, exp=2.317, diff=+0.186 
Region 2: obs=2.686, exp=2.317, diff=+0.369 
Region 3: obs=2.249, exp=2.317, diff=-0.068 
Region 4: obs=2.234, exp=2.317, diff=-0.083 
Region 5: obs=2.237, exp=2.317, diff=-0.080 
Region 6: obs=2.419, exp=2.317, diff=+0.102 
Region 7: obs=2.321, exp=2.317, diff=+0.004 
Region 8: obs=1.865, exp=2.317, diff=-0.451 
Region 9: obs=2.136, exp=2.317, diff=-0.181 
Region 10: obs=2.543, exp=2.317, diff=+0.227 
Region 11: obs=2.330, exp=2.317, diff=+0.014 
Region 12: obs=2.070, exp=2.317, diff=-0.246 
Region 13: obs=2.502, exp=2.317, diff=+0.185 
Region 14: obs=2.360, exp=2.317, diff=+0.043 
Region 15: obs=2.492, exp=2.317, diff=+0.176 
Region 16: obs=2.217, exp=2.317, diff=-0.100 
Region 17: obs=2.300, exp=2.317, diff=-0.017 
Region 18: obs=2.239, exp=2.317, diff=-0.078 
Region 19: obs=2.219, exp=2.317, diff=-0.098 
Region 20: obs=2.353, exp=2.317, diff=+0.036 

[Gene CN Results]
  CYP2C8: 2.32 → 2.3165395259857178
Using device: cuda

CYP2C8*1.001:

CYP2C8*1.002:

CYP2C8*1.003:

CYP2C8*1.004:

CYP2C8*1.005:

CYP2C8*1.006:

CYP2C8*1.007:

CYP2C8*1.008:

CYP2C8*1.009:

CYP2C8*1.010:

CYP2C8*1.011:

CYP2C8*1.012:

CYP2C8*1.013:

CYP2C8*1.014:

CYP2C8*1.015:

CYP2C8*1.016:

CYP2C8*1.017:

CYP2C8*1.018:

CYP2C8*3.001:

CYP2C8*3.002:

=== Running VAE with seed 42 ===
Global Pooled JS: 0.170129
functional kld weight 0.0
Seed 42, Step    0: Loss = 446.65 (Recon: 397.92, Allele KL: 22.87, Base KL: 2067.63, Functional KL: 0.17
Global Pooled JS: 0.007588
functional kld weight 27.77777777777777
Seed 42, Step  500: Loss = 140.65 (Recon: 93.02, Allele KL: 20.74, Base KL: 4028.51, Functional KL: 0.01
Global Pooled JS: 0.010765
functional kld weight 222.22222222222217
Seed 42, Step 1000: Loss = 143.82 (Recon: 93.21, Allele KL: 21.29, Base KL: 4387.65, Functional KL: 0.01
Global Pooled JS: 0.011865
functional kld weight 750.0
Seed 42, Step 1500: Loss = 155.26 (Recon: 102.30, Allele KL: 15.52, Base KL: 5117.02, Functional KL: 0.01
Global Pooled JS: 0.004409
functional kld weight 1777.7777777777774
Seed 42, Step 2000: Loss = 155.05 (Recon: 92.99, Allele KL: 24.92, Base KL: 6588.22, Functional KL: 0.00
Global Pooled JS: 0.004419
functional kld weight 3472.222222222223
Seed 42, Step 2500: Loss = 159.20 (Recon: 90.14, Allele KL: 22.77, Base KL: 8450.26, Functional KL: 0.00

Top Variants with Coverage Mismatches:
Rank   Variant                        Expected     Observed     Diff       |Div|       
------------------------------------------------------------------------------------------
1      CYP2C8:96827029→C              25.61        27.00        -1.39      0.001311    
2      CYP2C8:96798748→C              25.47        18.00        7.47       0.001175    
3      CYP2C8:96798748→G              0.05         0.00         0.05       0.000153    
4      CYP2C8:96798748→N              0.04         0.00         0.04       0.000151    
5      CYP2C8:96798748→P              0.04         0.00         0.04       0.000151    
6      CYP2C8:96798748→M              0.04         0.00         0.04       0.000151    
7      CYP2C8:96798748→A              0.04         0.00         0.04       0.000150    
8      CYP2C8:96827029→A              0.04         0.00         0.04       0.000139    
9      CYP2C8:96827029→P              0.04         0.00         0.04       0.000138    
10     CYP2C8:96827029→G              0.04         0.00         0.04       0.000137    
11     CYP2C8:96827029→N              0.04         0.00         0.04       0.000137    
12     CYP2C8:96827029→M              0.04         0.00         0.04       0.000137    
13     CYP2C8:96798748→T              25.62        21.00        4.62       0.000096    
14     CYP2C8:96827029→T              25.50        23.00        2.50       0.000049    
New best model with final loss: 168.81

=== Multi-Seed VAE Results ===
Best model had seed 42 with final loss: 168.81
All seeds final losses:
  Seed 42: Total=168.81 (Recon=88.76, A_KL=26.73, B_KL=10720.27) <- Best

[Raw]:
CYP2C8*3: Normalized=0.5019, Unnormalized=0.50
CYP2C8*1: Normalized=0.4981, Unnormalized=0.50

[Alleles]
CYP2C8*3
CYP2C8*1
	Command being timed: "python cyp.py CYP2C8 /project/shared/aldy-data/wgs/HG01190.wgs.cram 42"
	User time (seconds): 97.20
	System time (seconds): 19.77
	Percent of CPU this job got: 99%
	Elapsed (wall clock) time (h:mm:ss or m:ss): 1:57.32
	Average shared text size (kbytes): 0
	Average unshared data size (kbytes): 0
	Average stack size (kbytes): 0
	Average total size (kbytes): 0
	Maximum resident set size (kbytes): 1900832
	Average resident set size (kbytes): 0
	Major (requiring I/O) page faults: 0
	Minor (reclaiming a frame) page faults: 668320
	Voluntary context switches: 10007
	Involuntary context switches: 206
	Swaps: 0
	File system inputs: 0
	File system outputs: 24
	Socket messages sent: 0
	Socket messages received: 0
	Signals delivered: 0
	Page size (bytes): 4096
	Exit status: 0
