[info] total indices 224
[info] total variants 224
2.001 was filtered out as 96818105 T>A needs A but not covered
2.002 was filtered out as 96818105 T>A needs A but not covered
3.001 was filtered out as 96827029 C>T needs T but not covered
3.002 was filtered out as 96827029 C>T needs T but not covered
5.001 was filtered out as 96826970 delT needs N but not covered
6.001 was filtered out as 96824687 C>T needs T but not covered
7.001 was filtered out as 96824642 G>A needs A but not covered
8.001 was filtered out as 96824642 G>C needs C but not covered
9.001 was filtered out as 96818170 T>C needs C but not covered
10.001 was filtered out as 96802646 C>A needs A but not covered
11.001 was filtered out as 96805707 C>A needs A but not covered
12.001 was filtered out as 96796973 delCAA needs N but not covered
13.001 was filtered out as 96818241 A>C needs C but not covered
14.001 was filtered out as 96818198 C>G needs G but not covered
15.001 was filtered out as 96824657 C>T needs T but not covered
16.001 was filtered out as 96802803 A>G needs G but not covered
17.001 was filtered out as 96818180 T>C needs C but not covered
18.001 was filtered out as 96802714 G>A needs A but not covered
[filter] CYP2C8 1.001 => 1.001; 1.002; 1.003; 1.004; 1.005; 1.006; 1.007; 1.008; 1.009; 1.010; 1.011; 1.012; 1.013; 1.014; 1.015; 1.016; 1.017; 1.018
[filter] CYP2C8 4.001 => 4.001; 4.002
[filter] valid_alleles=20
Step 0: Loss=0.1667, CN=[2.0999167]
Step 100: Loss=0.0224, CN=[2.5710192]
Step 200: Loss=0.0223, CN=[2.5719934]
Step 300: Loss=0.0223, CN=[2.5719879]
Step 400: Loss=0.0223, CN=[2.571988]

=== Fit ===
Region 0: obs=2.777, exp=2.572, diff=+0.205 
Region 1: obs=2.428, exp=2.572, diff=-0.144 
Region 2: obs=2.615, exp=2.572, diff=+0.043 
Region 3: obs=2.352, exp=2.572, diff=-0.220 
Region 4: obs=2.521, exp=2.572, diff=-0.051 
Region 5: obs=2.842, exp=2.572, diff=+0.270 
Region 6: obs=2.550, exp=2.572, diff=-0.022 
Region 7: obs=2.892, exp=2.572, diff=+0.320 
Region 8: obs=2.853, exp=2.572, diff=+0.281 
Region 9: obs=2.481, exp=2.572, diff=-0.091 
Region 10: obs=2.873, exp=2.572, diff=+0.301 
Region 11: obs=2.573, exp=2.572, diff=+0.001 
Region 12: obs=2.335, exp=2.572, diff=-0.237 
Region 13: obs=2.639, exp=2.572, diff=+0.067 
Region 14: obs=2.329, exp=2.572, diff=-0.243 
Region 15: obs=2.420, exp=2.572, diff=-0.152 
Region 16: obs=2.436, exp=2.572, diff=-0.136 
Region 17: obs=2.117, exp=2.572, diff=-0.455 
Region 18: obs=2.514, exp=2.572, diff=-0.058 
Region 19: obs=2.580, exp=2.572, diff=+0.008 
Region 20: obs=2.884, exp=2.572, diff=+0.312 

[Gene CN Results]
  CYP2C8: 2.57 → 2.571988105773926
Using device: cuda

CYP2C8*1.001:

CYP2C8*1.002:

CYP2C8*1.003:

CYP2C8*1.004:

CYP2C8*1.005:

CYP2C8*1.006:

CYP2C8*1.007:

CYP2C8*1.008:

CYP2C8*1.009:

CYP2C8*1.010:

CYP2C8*1.011:

CYP2C8*1.012:

CYP2C8*1.013:

CYP2C8*1.014:

CYP2C8*1.015:

CYP2C8*1.016:

CYP2C8*1.017:

CYP2C8*1.018:

CYP2C8*4.001:

CYP2C8*4.002:

=== Running VAE with seed 42 ===
Global Pooled JS: 0.175374
functional kld weight 0.0
Seed 42, Step    0: Loss = 332.17 (Recon: 288.26, Allele KL: 15.17, Base KL: 2195.96, Functional KL: 0.18
Global Pooled JS: 0.005446
functional kld weight 27.77777777777777
Seed 42, Step  500: Loss = 144.24 (Recon: 97.71, Allele KL: 18.68, Base KL: 3865.97, Functional KL: 0.01
Global Pooled JS: 0.006726
functional kld weight 222.22222222222217
Seed 42, Step 1000: Loss = 143.85 (Recon: 93.15, Allele KL: 21.08, Base KL: 4281.95, Functional KL: 0.01
Global Pooled JS: 0.014597
functional kld weight 750.0
Seed 42, Step 1500: Loss = 156.64 (Recon: 96.47, Allele KL: 20.19, Base KL: 5105.88, Functional KL: 0.01
Global Pooled JS: 0.004224
functional kld weight 1777.7777777777774
Seed 42, Step 2000: Loss = 156.89 (Recon: 95.97, Allele KL: 23.04, Base KL: 6488.27, Functional KL: 0.00
Global Pooled JS: 0.001441
functional kld weight 3472.222222222223
Seed 42, Step 2500: Loss = 156.07 (Recon: 85.04, Allele KL: 35.14, Base KL: 7758.54, Functional KL: 0.00

Top Variants with Coverage Mismatches:
Rank   Variant                        Expected     Observed     Diff       |Div|       
------------------------------------------------------------------------------------------
1      CYP2C8:96818118→M              0.03         0.00         0.03       0.000187    
2      CYP2C8:96818118→P              0.03         0.00         0.03       0.000184    
3      CYP2C8:96818118→A              0.03         0.00         0.03       0.000183    
4      CYP2C8:96818118→T              0.03         0.00         0.03       0.000181    
5      CYP2C8:96818118→N              0.03         0.00         0.03       0.000179    
6      CYP2C8:96818118→C              27.04        33.00        -5.96      0.000015    
7      CYP2C8:96818118→G              21.90        26.00        -4.10      0.000009    
New best model with final loss: 167.61

=== Multi-Seed VAE Results ===
Best model had seed 42 with final loss: 167.61
All seeds final losses:
  Seed 42: Total=167.61 (Recon=90.33, A_KL=25.45, B_KL=9747.90) <- Best

[Raw]:
CYP2C8*4: Normalized=0.5544, Unnormalized=0.55
CYP2C8*1: Normalized=0.4456, Unnormalized=0.45

[Alleles]
CYP2C8*4
CYP2C8*1
	Command being timed: "python cyp.py CYP2C8 /project/shared/aldy-data/wgs/NA07357.wgs.cram 42"
	User time (seconds): 98.26
	System time (seconds): 20.55
	Percent of CPU this job got: 99%
	Elapsed (wall clock) time (h:mm:ss or m:ss): 1:59.09
	Average shared text size (kbytes): 0
	Average unshared data size (kbytes): 0
	Average stack size (kbytes): 0
	Average total size (kbytes): 0
	Maximum resident set size (kbytes): 1907568
	Average resident set size (kbytes): 0
	Major (requiring I/O) page faults: 0
	Minor (reclaiming a frame) page faults: 601884
	Voluntary context switches: 9997
	Involuntary context switches: 253
	Swaps: 0
	File system inputs: 0
	File system outputs: 24
	Socket messages sent: 0
	Socket messages received: 0
	Signals delivered: 0
	Page size (bytes): 4096
	Exit status: 0
