[info] total indices 224
[info] total variants 224
1.001 was filtered out as 96827029 C>T needs C but not covered
1.002 was filtered out as 96827029 C>T needs C but not covered
1.003 was filtered out as 96827029 C>T needs C but not covered
1.004 was filtered out as 96827029 C>T needs C but not covered
1.005 was filtered out as 96827029 C>T needs C but not covered
1.006 was filtered out as 96827029 C>T needs C but not covered
1.007 was filtered out as 96827029 C>T needs C but not covered
1.008 was filtered out as 96827029 C>T needs C but not covered
1.009 was filtered out as 96827029 C>T needs C but not covered
1.010 was filtered out as 96827029 C>T needs C but not covered
1.011 was filtered out as 96827029 C>T needs C but not covered
1.012 was filtered out as 96827029 C>T needs C but not covered
1.013 was filtered out as 96827029 C>T needs C but not covered
1.014 was filtered out as 96827029 C>T needs C but not covered
1.015 was filtered out as 96827029 C>T needs C but not covered
1.016 was filtered out as 96827029 C>T needs C but not covered
1.017 was filtered out as 96827029 C>T needs C but not covered
1.018 was filtered out as 96827029 C>T needs C but not covered
2.001 was filtered out as 96818105 T>A needs A but not covered
2.002 was filtered out as 96818105 T>A needs A but not covered
4.001 was filtered out as 96827029 C>T needs C but not covered
4.002 was filtered out as 96827029 C>T needs C but not covered
5.001 was filtered out as 96827029 C>T needs C but not covered
6.001 was filtered out as 96827029 C>T needs C but not covered
7.001 was filtered out as 96827029 C>T needs C but not covered
8.001 was filtered out as 96827029 C>T needs C but not covered
9.001 was filtered out as 96827029 C>T needs C but not covered
10.001 was filtered out as 96827029 C>T needs C but not covered
11.001 was filtered out as 96827029 C>T needs C but not covered
12.001 was filtered out as 96827029 C>T needs C but not covered
13.001 was filtered out as 96827029 C>T needs C but not covered
14.001 was filtered out as 96827029 C>T needs C but not covered
15.001 was filtered out as 96827029 C>T needs C but not covered
16.001 was filtered out as 96827029 C>T needs C but not covered
17.001 was filtered out as 96827029 C>T needs C but not covered
18.001 was filtered out as 96827029 C>T needs C but not covered
[filter] CYP2C8 3.001 => 3.001; 3.002
[filter] valid_alleles=2
Step 0: Loss=0.0495, CN=[2.0999167]
Step 100: Loss=0.0370, CN=[2.1665125]
Step 200: Loss=0.0370, CN=[2.1659727]
Step 300: Loss=0.0370, CN=[2.165974]
Step 400: Loss=0.0370, CN=[2.165974]

=== Fit ===
Region 0: obs=2.441, exp=2.166, diff=+0.275 
Region 1: obs=1.971, exp=2.166, diff=-0.195 
Region 2: obs=2.659, exp=2.166, diff=+0.493 
Region 3: obs=2.093, exp=2.166, diff=-0.073 
Region 4: obs=1.864, exp=2.166, diff=-0.302 
Region 5: obs=1.977, exp=2.166, diff=-0.189 
Region 6: obs=2.091, exp=2.166, diff=-0.075 
Region 7: obs=2.319, exp=2.166, diff=+0.153 
Region 8: obs=1.870, exp=2.166, diff=-0.296 
Region 9: obs=2.165, exp=2.166, diff=-0.001 
Region 10: obs=1.713, exp=2.166, diff=-0.453 
Region 11: obs=2.153, exp=2.166, diff=-0.013 
Region 12: obs=2.200, exp=2.166, diff=+0.034 
Region 13: obs=2.107, exp=2.166, diff=-0.059 
Region 14: obs=1.579, exp=2.166, diff=-0.587 *
Region 15: obs=2.378, exp=2.166, diff=+0.212 
Region 16: obs=2.587, exp=2.166, diff=+0.421 
Region 17: obs=2.454, exp=2.166, diff=+0.288 
Region 18: obs=2.059, exp=2.166, diff=-0.107 
Region 19: obs=2.429, exp=2.166, diff=+0.263 
Region 20: obs=2.288, exp=2.166, diff=+0.122 

[Gene CN Results]
  CYP2C8: 2.17 → 2.1659739017486572
Using device: cuda

CYP2C8*3.001:

CYP2C8*3.002:

=== Running VAE with seed 42 ===
Global Pooled JS: 0.019941
functional kld weight 0.0
Seed 42, Step    0: Loss = 380.94 (Recon: 357.62, Allele KL: 1.56, Base KL: 14.86, Functional KL: 0.02
Global Pooled JS: 0.008903
functional kld weight 27.77777777777777
Seed 42, Step  500: Loss = 35.82 (Recon: 11.89, Allele KL: 7.45, Base KL: 5122.09, Functional KL: 0.01
Global Pooled JS: 0.008188
functional kld weight 222.22222222222217
Seed 42, Step 1000: Loss = 37.66 (Recon: 13.62, Allele KL: 5.50, Base KL: 5783.94, Functional KL: 0.01
Global Pooled JS: 0.009532
functional kld weight 750.0
Seed 42, Step 1500: Loss = 143.82 (Recon: 113.48, Allele KL: 4.61, Base KL: 7382.06, Functional KL: 0.01
Global Pooled JS: 0.006105
functional kld weight 1777.7777777777774
Seed 42, Step 2000: Loss = 54.86 (Recon: 20.97, Allele KL: 3.17, Base KL: 9819.62, Functional KL: 0.01
Global Pooled JS: 0.004735
functional kld weight 3472.222222222223
Seed 42, Step 2500: Loss = 54.13 (Recon: 12.17, Allele KL: 3.08, Base KL: 13264.96, Functional KL: 0.00

Top Variants with Coverage Mismatches:
Rank   Variant                        Expected     Observed     Diff       |Div|       
------------------------------------------------------------------------------------------
1      CYP2C8:96798748→C              48.25        56.00        -7.75      0.001095    
2      CYP2C8:96827029→T              48.22        43.00        5.22       0.001060    
3      CYP2C8:96827029→C              0.05         0.00         0.05       0.000166    
4      CYP2C8:96827029→A              0.05         0.00         0.05       0.000166    
5      CYP2C8:96827029→N              0.05         0.00         0.05       0.000165    
6      CYP2C8:96827029→G              0.05         0.00         0.05       0.000165    
7      CYP2C8:96827029→M              0.05         0.00         0.05       0.000163    
8      CYP2C8:96827029→P              0.04         0.00         0.04       0.000160    
9      CYP2C8:96798748→N              0.04         0.00         0.04       0.000150    
10     CYP2C8:96798748→T              0.04         0.00         0.04       0.000148    
11     CYP2C8:96798748→G              0.04         0.00         0.04       0.000148    
12     CYP2C8:96798748→M              0.04         0.00         0.04       0.000147    
13     CYP2C8:96798748→A              0.04         0.00         0.04       0.000145    
14     CYP2C8:96798748→P              0.04         0.00         0.04       0.000144    
New best model with final loss: 66.24

=== Multi-Seed VAE Results ===
Best model had seed 42 with final loss: 66.24
All seeds final losses:
  Seed 42: Total=66.24 (Recon=12.32, A_KL=3.87, B_KL=16804.28) <- Best

[Raw]:
CYP2C8*3: Normalized=1.0000, Unnormalized=1.00

[Alleles]
CYP2C8*3
CYP2C8*3
	Command being timed: "python cyp.py CYP2C8 /project/shared/aldy-data/wgs/NA10854.wgs.cram 42"
	User time (seconds): 95.88
	System time (seconds): 20.48
	Percent of CPU this job got: 99%
	Elapsed (wall clock) time (h:mm:ss or m:ss): 1:56.63
	Average shared text size (kbytes): 0
	Average unshared data size (kbytes): 0
	Average stack size (kbytes): 0
	Average total size (kbytes): 0
	Maximum resident set size (kbytes): 1912604
	Average resident set size (kbytes): 0
	Major (requiring I/O) page faults: 0
	Minor (reclaiming a frame) page faults: 474351
	Voluntary context switches: 9924
	Involuntary context switches: 179
	Swaps: 0
	File system inputs: 0
	File system outputs: 24
	Socket messages sent: 0
	Socket messages received: 0
	Signals delivered: 0
	Page size (bytes): 4096
	Exit status: 0
