[info] total indices 224
[info] total variants 224
2.001 was filtered out as 96818105 T>A needs A but not covered
2.002 was filtered out as 96818105 T>A needs A but not covered
3.001 was filtered out as 96827029 C>T needs T but not covered
3.002 was filtered out as 96827029 C>T needs T but not covered
4.001 was filtered out as 96818118 G>C needs C but not covered
4.002 was filtered out as 96818118 G>C needs C but not covered
5.001 was filtered out as 96826970 delT needs N but not covered
6.001 was filtered out as 96824687 C>T needs T but not covered
7.001 was filtered out as 96824642 G>A needs A but not covered
8.001 was filtered out as 96824642 G>C needs C but not covered
9.001 was filtered out as 96818170 T>C needs C but not covered
10.001 was filtered out as 96802646 C>A needs A but not covered
11.001 was filtered out as 96805707 C>A needs A but not covered
12.001 was filtered out as 96796973 delCAA needs N but not covered
13.001 was filtered out as 96818241 A>C needs C but not covered
14.001 was filtered out as 96818198 C>G needs G but not covered
15.001 was filtered out as 96824657 C>T needs T but not covered
16.001 was filtered out as 96802803 A>G needs G but not covered
17.001 was filtered out as 96818180 T>C needs C but not covered
18.001 was filtered out as 96802714 G>A needs A but not covered
[filter] CYP2C8 1.001 => 1.001; 1.002; 1.003; 1.004; 1.005; 1.006; 1.007; 1.008; 1.009; 1.010; 1.011; 1.012; 1.013; 1.014; 1.015; 1.016; 1.017; 1.018
[filter] valid_alleles=18
Step 0: Loss=0.1937, CN=[2.0999167]
Step 100: Loss=0.0358, CN=[2.6189392]
Step 200: Loss=0.0358, CN=[2.6214306]
Step 300: Loss=0.0358, CN=[2.6214354]
Step 400: Loss=0.0358, CN=[2.6214354]

=== Fit ===
Region 0: obs=2.489, exp=2.621, diff=-0.132 
Region 1: obs=2.559, exp=2.621, diff=-0.062 
Region 2: obs=2.966, exp=2.621, diff=+0.345 
Region 3: obs=2.619, exp=2.621, diff=-0.003 
Region 4: obs=2.239, exp=2.621, diff=-0.383 
Region 5: obs=2.131, exp=2.621, diff=-0.491 
Region 6: obs=2.162, exp=2.621, diff=-0.460 
Region 7: obs=2.682, exp=2.621, diff=+0.060 
Region 8: obs=3.130, exp=2.621, diff=+0.509 *
Region 9: obs=2.510, exp=2.621, diff=-0.112 
Region 10: obs=2.762, exp=2.621, diff=+0.141 
Region 11: obs=2.522, exp=2.621, diff=-0.100 
Region 12: obs=2.705, exp=2.621, diff=+0.084 
Region 13: obs=3.067, exp=2.621, diff=+0.445 
Region 14: obs=2.522, exp=2.621, diff=-0.099 
Region 15: obs=2.546, exp=2.621, diff=-0.076 
Region 16: obs=2.962, exp=2.621, diff=+0.341 
Region 17: obs=2.460, exp=2.621, diff=-0.162 
Region 18: obs=2.740, exp=2.621, diff=+0.118 
Region 19: obs=2.847, exp=2.621, diff=+0.226 
Region 20: obs=2.440, exp=2.621, diff=-0.182 

[Gene CN Results]
  CYP2C8: 2.62 → 2.6214351654052734
Using device: cuda

CYP2C8*1.001:

CYP2C8*1.002:

CYP2C8*1.003:

CYP2C8*1.004:

CYP2C8*1.005:

CYP2C8*1.006:

CYP2C8*1.007:

CYP2C8*1.008:

CYP2C8*1.009:

CYP2C8*1.010:

CYP2C8*1.011:

CYP2C8*1.012:

CYP2C8*1.013:

CYP2C8*1.014:

CYP2C8*1.015:

CYP2C8*1.016:

CYP2C8*1.017:

CYP2C8*1.018:

=== Running VAE with seed 42 ===
Global Pooled JS: 0.000000
functional kld weight 0.0
Seed 42, Step    0: Loss = 188.03 (Recon: 140.60, Allele KL: 19.14, Base KL: 1677.20, Functional KL: 0.00
Global Pooled JS: 0.000000
functional kld weight 27.77777777777777
Seed 42, Step  500: Loss = 119.62 (Recon: 70.92, Allele KL: 19.27, Base KL: 5288.09, Functional KL: 0.00
Global Pooled JS: 0.000000
functional kld weight 222.22222222222217
Seed 42, Step 1000: Loss = 107.18 (Recon: 59.85, Allele KL: 18.86, Base KL: 5176.99, Functional KL: 0.00
Global Pooled JS: 0.000000
functional kld weight 750.0
Seed 42, Step 1500: Loss = 107.16 (Recon: 61.63, Allele KL: 16.64, Base KL: 5372.71, Functional KL: 0.00
Global Pooled JS: 0.000000
functional kld weight 1777.7777777777774
Seed 42, Step 2000: Loss = 112.52 (Recon: 65.05, Allele KL: 18.40, Base KL: 5250.39, Functional KL: 0.00
Global Pooled JS: 0.000000
functional kld weight 3472.222222222223
Seed 42, Step 2500: Loss = 121.75 (Recon: 76.13, Allele KL: 15.88, Base KL: 5238.36, Functional KL: 0.00

Top Variants with Coverage Mismatches:
Rank   Variant                        Expected     Observed     Diff       |Div|       
------------------------------------------------------------------------------------------
New best model with final loss: 108.94

=== Multi-Seed VAE Results ===
Best model had seed 42 with final loss: 108.94
All seeds final losses:
  Seed 42: Total=108.94 (Recon=59.11, A_KL=21.38, B_KL=5211.33) <- Best

[Raw]:
CYP2C8*1: Normalized=1.0000, Unnormalized=1.00

[Alleles]
CYP2C8*1
CYP2C8*1
	Command being timed: "python cyp.py CYP2C8 /project/shared/aldy-data/wgs/NA10851.wgs.cram 42"
	User time (seconds): 96.05
	System time (seconds): 20.59
	Percent of CPU this job got: 99%
	Elapsed (wall clock) time (h:mm:ss or m:ss): 1:56.90
	Average shared text size (kbytes): 0
	Average unshared data size (kbytes): 0
	Average stack size (kbytes): 0
	Average total size (kbytes): 0
	Maximum resident set size (kbytes): 1900216
	Average resident set size (kbytes): 0
	Major (requiring I/O) page faults: 0
	Minor (reclaiming a frame) page faults: 519096
	Voluntary context switches: 9937
	Involuntary context switches: 185
	Swaps: 0
	File system inputs: 0
	File system outputs: 24
	Socket messages sent: 0
	Socket messages received: 0
	Signals delivered: 0
	Page size (bytes): 4096
	Exit status: 0
