[info] total indices 224
[info] total variants 224
2.001 was filtered out as 96818105 T>A needs A but not covered
2.002 was filtered out as 96818105 T>A needs A but not covered
3.001 was filtered out as 96827029 C>T needs T but not covered
3.002 was filtered out as 96827029 C>T needs T but not covered
4.001 was filtered out as 96818118 G>C needs C but not covered
4.002 was filtered out as 96818118 G>C needs C but not covered
5.001 was filtered out as 96826970 delT needs N but not covered
6.001 was filtered out as 96824687 C>T needs T but not covered
7.001 was filtered out as 96824642 G>A needs A but not covered
8.001 was filtered out as 96824642 G>C needs C but not covered
9.001 was filtered out as 96818170 T>C needs C but not covered
10.001 was filtered out as 96802646 C>A needs A but not covered
11.001 was filtered out as 96805707 C>A needs A but not covered
12.001 was filtered out as 96796973 delCAA needs N but not covered
13.001 was filtered out as 96818241 A>C needs C but not covered
14.001 was filtered out as 96818198 C>G needs G but not covered
15.001 was filtered out as 96824657 C>T needs T but not covered
16.001 was filtered out as 96802803 A>G needs G but not covered
17.001 was filtered out as 96818180 T>C needs C but not covered
18.001 was filtered out as 96802714 G>A needs A but not covered
[filter] CYP2C8 1.001 => 1.001; 1.002; 1.003; 1.004; 1.005; 1.006; 1.007; 1.008; 1.009; 1.010; 1.011; 1.012; 1.013; 1.014; 1.015; 1.016; 1.017; 1.018
[filter] valid_alleles=18
Step 0: Loss=0.3150, CN=[2.0999167]
Step 100: Loss=0.0539, CN=[2.874144]
Step 200: Loss=0.0539, CN=[2.8772428]
Step 300: Loss=0.0539, CN=[2.877249]
Step 400: Loss=0.0539, CN=[2.877249]

=== Fit ===
Region 0: obs=2.789, exp=2.877, diff=-0.088 
Region 1: obs=2.142, exp=2.877, diff=-0.735 *
Region 2: obs=3.242, exp=2.877, diff=+0.365 
Region 3: obs=2.718, exp=2.877, diff=-0.160 
Region 4: obs=2.301, exp=2.877, diff=-0.576 *
Region 5: obs=3.247, exp=2.877, diff=+0.369 
Region 6: obs=3.014, exp=2.877, diff=+0.137 
Region 7: obs=2.714, exp=2.877, diff=-0.163 
Region 8: obs=3.058, exp=2.877, diff=+0.180 
Region 9: obs=2.551, exp=2.877, diff=-0.326 
Region 10: obs=2.458, exp=2.877, diff=-0.419 
Region 11: obs=2.922, exp=2.877, diff=+0.044 
Region 12: obs=3.545, exp=2.877, diff=+0.668 *
Region 13: obs=2.930, exp=2.877, diff=+0.052 
Region 14: obs=3.056, exp=2.877, diff=+0.179 
Region 15: obs=2.975, exp=2.877, diff=+0.098 
Region 16: obs=2.703, exp=2.877, diff=-0.174 
Region 17: obs=2.917, exp=2.877, diff=+0.040 
Region 18: obs=3.410, exp=2.877, diff=+0.533 *
Region 19: obs=2.837, exp=2.877, diff=-0.040 
Region 20: obs=2.783, exp=2.877, diff=-0.095 

[Gene CN Results]
  CYP2C8: 2.88 → 2.877249002456665
Using device: cuda

CYP2C8*1.001:

CYP2C8*1.002:

CYP2C8*1.003:

CYP2C8*1.004:

CYP2C8*1.005:

CYP2C8*1.006:

CYP2C8*1.007:

CYP2C8*1.008:

CYP2C8*1.009:

CYP2C8*1.010:

CYP2C8*1.011:

CYP2C8*1.012:

CYP2C8*1.013:

CYP2C8*1.014:

CYP2C8*1.015:

CYP2C8*1.016:

CYP2C8*1.017:

CYP2C8*1.018:

=== Running VAE with seed 42 ===
Global Pooled JS: 0.000000
functional kld weight 0.0
Seed 42, Step    0: Loss = 204.85 (Recon: 161.36, Allele KL: 15.02, Base KL: 1349.84, Functional KL: 0.00
Global Pooled JS: 0.000000
functional kld weight 27.77777777777777
Seed 42, Step  500: Loss = 127.92 (Recon: 73.95, Allele KL: 26.25, Base KL: 3283.34, Functional KL: 0.00
Global Pooled JS: 0.000000
functional kld weight 222.22222222222217
Seed 42, Step 1000: Loss = 118.75 (Recon: 67.56, Allele KL: 23.45, Base KL: 3327.34, Functional KL: 0.00
Global Pooled JS: 0.000000
functional kld weight 750.0
Seed 42, Step 1500: Loss = 122.37 (Recon: 79.54, Allele KL: 13.98, Base KL: 3482.85, Functional KL: 0.00
Global Pooled JS: 0.000000
functional kld weight 1777.7777777777774
Seed 42, Step 2000: Loss = 122.46 (Recon: 76.75, Allele KL: 17.90, Base KL: 3423.12, Functional KL: 0.00
Global Pooled JS: 0.000000
functional kld weight 3472.222222222223
Seed 42, Step 2500: Loss = 125.80 (Recon: 79.17, Allele KL: 18.70, Base KL: 3381.67, Functional KL: 0.00

Top Variants with Coverage Mismatches:
Rank   Variant                        Expected     Observed     Diff       |Div|       
------------------------------------------------------------------------------------------
New best model with final loss: 124.77

=== Multi-Seed VAE Results ===
Best model had seed 42 with final loss: 124.77
All seeds final losses:
  Seed 42: Total=124.77 (Recon=77.78, A_KL=18.87, B_KL=3459.78) <- Best

[Raw]:
CYP2C8*1: Normalized=1.0000, Unnormalized=1.00

[Alleles]
CYP2C8*1
CYP2C8*1
	Command being timed: "python cyp.py CYP2C8 /project/shared/aldy-data/wgs/NA12873.wgs.cram 42"
	User time (seconds): 98.06
	System time (seconds): 20.65
	Percent of CPU this job got: 99%
	Elapsed (wall clock) time (h:mm:ss or m:ss): 1:59.02
	Average shared text size (kbytes): 0
	Average unshared data size (kbytes): 0
	Average stack size (kbytes): 0
	Average total size (kbytes): 0
	Maximum resident set size (kbytes): 1891276
	Average resident set size (kbytes): 0
	Major (requiring I/O) page faults: 0
	Minor (reclaiming a frame) page faults: 617290
	Voluntary context switches: 9966
	Involuntary context switches: 218
	Swaps: 0
	File system inputs: 0
	File system outputs: 24
	Socket messages sent: 0
	Socket messages received: 0
	Signals delivered: 0
	Page size (bytes): 4096
	Exit status: 0
