[info] total indices 224
[info] total variants 224
2.001 was filtered out as 96818105 T>A needs A but not covered
2.002 was filtered out as 96818105 T>A needs A but not covered
3.001 was filtered out as 96827029 C>T needs T but not covered
3.002 was filtered out as 96827029 C>T needs T but not covered
4.001 was filtered out as 96818118 G>C needs C but not covered
4.002 was filtered out as 96818118 G>C needs C but not covered
5.001 was filtered out as 96826970 delT needs N but not covered
6.001 was filtered out as 96824687 C>T needs T but not covered
7.001 was filtered out as 96824642 G>A needs A but not covered
8.001 was filtered out as 96824642 G>C needs C but not covered
9.001 was filtered out as 96818170 T>C needs C but not covered
10.001 was filtered out as 96802646 C>A needs A but not covered
11.001 was filtered out as 96805707 C>A needs A but not covered
12.001 was filtered out as 96796973 delCAA needs N but not covered
13.001 was filtered out as 96818241 A>C needs C but not covered
14.001 was filtered out as 96818198 C>G needs G but not covered
16.001 was filtered out as 96802803 A>G needs G but not covered
17.001 was filtered out as 96818180 T>C needs C but not covered
18.001 was filtered out as 96802714 G>A needs A but not covered
[filter] CYP2C8 1.001 => 1.001; 1.002; 1.003; 1.004; 1.005; 1.006; 1.007; 1.008; 1.009; 1.010; 1.011; 1.012; 1.013; 1.014; 1.015; 1.016; 1.017; 1.018
[filter] CYP2C8 15.001 => 15.001
[filter] valid_alleles=19
Step 0: Loss=0.0259, CN=[2.0999167]
Step 100: Loss=0.0186, CN=[2.1214538]
Step 200: Loss=0.0186, CN=[2.120998]
Step 300: Loss=0.0186, CN=[2.1210005]
Step 400: Loss=0.0186, CN=[2.121]

=== Fit ===
Region 0: obs=2.220, exp=2.121, diff=+0.099 
Region 1: obs=2.010, exp=2.121, diff=-0.111 
Region 2: obs=2.104, exp=2.121, diff=-0.017 
Region 3: obs=2.071, exp=2.121, diff=-0.050 
Region 4: obs=2.262, exp=2.121, diff=+0.141 
Region 5: obs=2.320, exp=2.121, diff=+0.199 
Region 6: obs=2.254, exp=2.121, diff=+0.133 
Region 7: obs=2.293, exp=2.121, diff=+0.172 
Region 8: obs=1.864, exp=2.121, diff=-0.257 
Region 9: obs=2.094, exp=2.121, diff=-0.027 
Region 10: obs=1.882, exp=2.121, diff=-0.239 
Region 11: obs=2.181, exp=2.121, diff=+0.060 
Region 12: obs=1.660, exp=2.121, diff=-0.461 
Region 13: obs=2.284, exp=2.121, diff=+0.163 
Region 14: obs=2.513, exp=2.121, diff=+0.392 
Region 15: obs=2.200, exp=2.121, diff=+0.079 
Region 16: obs=1.895, exp=2.121, diff=-0.226 
Region 17: obs=2.142, exp=2.121, diff=+0.021 
Region 18: obs=1.955, exp=2.121, diff=-0.166 
Region 19: obs=2.031, exp=2.121, diff=-0.090 
Region 20: obs=2.306, exp=2.121, diff=+0.185 

[Gene CN Results]
  CYP2C8: 2.12 → 2.121000289916992
Using device: cuda

CYP2C8*1.001:

CYP2C8*1.002:

CYP2C8*1.003:

CYP2C8*1.004:

CYP2C8*1.005:

CYP2C8*1.006:

CYP2C8*1.007:

CYP2C8*1.008:

CYP2C8*1.009:

CYP2C8*1.010:

CYP2C8*1.011:

CYP2C8*1.012:

CYP2C8*1.013:

CYP2C8*1.014:

CYP2C8*1.015:

CYP2C8*1.016:

CYP2C8*1.017:

CYP2C8*1.018:

CYP2C8*15.001:

=== Running VAE with seed 42 ===
Global Pooled JS: 0.209714
functional kld weight 0.0
Seed 42, Step    0: Loss = 275.83 (Recon: 234.79, Allele KL: 12.49, Base KL: 2221.98, Functional KL: 0.21
Global Pooled JS: 0.006556
functional kld weight 27.77777777777777
Seed 42, Step  500: Loss = 138.59 (Recon: 93.84, Allele KL: 16.28, Base KL: 4201.89, Functional KL: 0.01
Global Pooled JS: 0.007133
functional kld weight 222.22222222222217
Seed 42, Step 1000: Loss = 134.67 (Recon: 85.65, Allele KL: 19.32, Base KL: 4546.46, Functional KL: 0.01
Global Pooled JS: 0.018771
functional kld weight 750.0
Seed 42, Step 1500: Loss = 154.20 (Recon: 94.64, Allele KL: 15.85, Base KL: 5436.45, Functional KL: 0.02
Global Pooled JS: 0.004061
functional kld weight 1777.7777777777774
Seed 42, Step 2000: Loss = 146.80 (Recon: 86.66, Allele KL: 22.28, Base KL: 6765.85, Functional KL: 0.00
Global Pooled JS: 0.003101
functional kld weight 3472.222222222223
Seed 42, Step 2500: Loss = 150.62 (Recon: 80.33, Allele KL: 28.20, Base KL: 8203.61, Functional KL: 0.00

Top Variants with Coverage Mismatches:
Rank   Variant                        Expected     Observed     Diff       |Div|       
------------------------------------------------------------------------------------------
1      CYP2C8:96824657→P              0.03         0.00         0.03       0.000178    
2      CYP2C8:96824657→N              0.03         0.00         0.03       0.000177    
3      CYP2C8:96824657→G              0.03         0.00         0.03       0.000174    
4      CYP2C8:96824657→A              0.03         0.00         0.03       0.000174    
5      CYP2C8:96824657→M              0.02         0.00         0.02       0.000169    
6      CYP2C8:96824657→C              23.57        19.00        4.57       0.000002    
7      CYP2C8:96824657→T              26.23        21.00        5.23       0.000000    
New best model with final loss: 148.27

=== Multi-Seed VAE Results ===
Best model had seed 42 with final loss: 148.27
All seeds final losses:
  Seed 42: Total=148.27 (Recon=87.06, A_KL=18.97, B_KL=10085.37) <- Best

[Raw]:
CYP2C8*15: Normalized=0.5286, Unnormalized=0.53
CYP2C8*1: Normalized=0.4714, Unnormalized=0.47

[Alleles]
CYP2C8*15
CYP2C8*1
	Command being timed: "python cyp.py CYP2C8 /project/shared/aldy-data/wgs/NA12156.wgs.cram 42"
	User time (seconds): 96.87
	System time (seconds): 20.64
	Percent of CPU this job got: 99%
	Elapsed (wall clock) time (h:mm:ss or m:ss): 1:57.79
	Average shared text size (kbytes): 0
	Average unshared data size (kbytes): 0
	Average stack size (kbytes): 0
	Average total size (kbytes): 0
	Maximum resident set size (kbytes): 1899884
	Average resident set size (kbytes): 0
	Major (requiring I/O) page faults: 0
	Minor (reclaiming a frame) page faults: 470520
	Voluntary context switches: 9933
	Involuntary context switches: 191
	Swaps: 0
	File system inputs: 0
	File system outputs: 24
	Socket messages sent: 0
	Socket messages received: 0
	Signals delivered: 0
	Page size (bytes): 4096
	Exit status: 0
