[info] total indices 224
[info] total variants 224
2.001 was filtered out as 96818105 T>A needs A but not covered
2.002 was filtered out as 96818105 T>A needs A but not covered
3.001 was filtered out as 96827029 C>T needs T but not covered
3.002 was filtered out as 96827029 C>T needs T but not covered
4.001 was filtered out as 96818118 G>C needs C but not covered
4.002 was filtered out as 96818118 G>C needs C but not covered
5.001 was filtered out as 96826970 delT needs N but not covered
6.001 was filtered out as 96824687 C>T needs T but not covered
7.001 was filtered out as 96824642 G>A needs A but not covered
8.001 was filtered out as 96824642 G>C needs C but not covered
9.001 was filtered out as 96818170 T>C needs C but not covered
10.001 was filtered out as 96802646 C>A needs A but not covered
11.001 was filtered out as 96805707 C>A needs A but not covered
12.001 was filtered out as 96796973 delCAA needs N but not covered
13.001 was filtered out as 96818241 A>C needs C but not covered
14.001 was filtered out as 96818198 C>G needs G but not covered
15.001 was filtered out as 96824657 C>T needs T but not covered
16.001 was filtered out as 96802803 A>G needs G but not covered
17.001 was filtered out as 96818180 T>C needs C but not covered
18.001 was filtered out as 96802714 G>A needs A but not covered
[filter] CYP2C8 1.001 => 1.001; 1.002; 1.003; 1.004; 1.005; 1.006; 1.007; 1.008; 1.009; 1.010; 1.011; 1.012; 1.013; 1.014; 1.015; 1.016; 1.017; 1.018
[filter] valid_alleles=18
Step 0: Loss=0.0727, CN=[2.0999167]
Step 100: Loss=0.0326, CN=[2.2925758]
Step 200: Loss=0.0326, CN=[2.2931736]
Step 300: Loss=0.0326, CN=[2.2931778]
Step 400: Loss=0.0326, CN=[2.2931776]

=== Fit ===
Region 0: obs=2.361, exp=2.293, diff=+0.068 
Region 1: obs=2.519, exp=2.293, diff=+0.226 
Region 2: obs=1.839, exp=2.293, diff=-0.454 
Region 3: obs=2.527, exp=2.293, diff=+0.234 
Region 4: obs=1.883, exp=2.293, diff=-0.411 
Region 5: obs=2.407, exp=2.293, diff=+0.114 
Region 6: obs=2.369, exp=2.293, diff=+0.076 
Region 7: obs=2.683, exp=2.293, diff=+0.390 
Region 8: obs=2.206, exp=2.293, diff=-0.088 
Region 9: obs=2.285, exp=2.293, diff=-0.008 
Region 10: obs=2.928, exp=2.293, diff=+0.634 *
Region 11: obs=2.279, exp=2.293, diff=-0.014 
Region 12: obs=2.124, exp=2.293, diff=-0.169 
Region 13: obs=2.405, exp=2.293, diff=+0.112 
Region 14: obs=2.178, exp=2.293, diff=-0.115 
Region 15: obs=2.472, exp=2.293, diff=+0.179 
Region 16: obs=2.276, exp=2.293, diff=-0.017 
Region 17: obs=2.269, exp=2.293, diff=-0.024 
Region 18: obs=2.147, exp=2.293, diff=-0.147 
Region 19: obs=1.832, exp=2.293, diff=-0.461 
Region 20: obs=2.303, exp=2.293, diff=+0.010 

[Gene CN Results]
  CYP2C8: 2.29 → 2.293177604675293
Using device: cuda

CYP2C8*1.001:

CYP2C8*1.002:

CYP2C8*1.003:

CYP2C8*1.004:

CYP2C8*1.005:

CYP2C8*1.006:

CYP2C8*1.007:

CYP2C8*1.008:

CYP2C8*1.009:

CYP2C8*1.010:

CYP2C8*1.011:

CYP2C8*1.012:

CYP2C8*1.013:

CYP2C8*1.014:

CYP2C8*1.015:

CYP2C8*1.016:

CYP2C8*1.017:

CYP2C8*1.018:

=== Running VAE with seed 42 ===
Global Pooled JS: 0.000000
functional kld weight 0.0
Seed 42, Step    0: Loss = 325.95 (Recon: 277.25, Allele KL: 19.83, Base KL: 1421.70, Functional KL: 0.00
Global Pooled JS: 0.000000
functional kld weight 27.77777777777777
Seed 42, Step  500: Loss = 118.80 (Recon: 71.18, Allele KL: 20.25, Base KL: 3136.87, Functional KL: 0.00
Global Pooled JS: 0.000000
functional kld weight 222.22222222222217
Seed 42, Step 1000: Loss = 126.18 (Recon: 69.75, Allele KL: 29.29, Base KL: 3152.62, Functional KL: 0.00
Global Pooled JS: 0.000000
functional kld weight 750.0
Seed 42, Step 1500: Loss = 114.69 (Recon: 67.46, Allele KL: 19.34, Base KL: 3184.05, Functional KL: 0.00
Global Pooled JS: 0.000000
functional kld weight 1777.7777777777774
Seed 42, Step 2000: Loss = 122.84 (Recon: 76.94, Allele KL: 17.59, Base KL: 3184.91, Functional KL: 0.00
Global Pooled JS: 0.000000
functional kld weight 3472.222222222223
Seed 42, Step 2500: Loss = 119.35 (Recon: 65.40, Allele KL: 26.49, Base KL: 3206.55, Functional KL: 0.00

Top Variants with Coverage Mismatches:
Rank   Variant                        Expected     Observed     Diff       |Div|       
------------------------------------------------------------------------------------------
New best model with final loss: 123.97

=== Multi-Seed VAE Results ===
Best model had seed 42 with final loss: 123.97
All seeds final losses:
  Seed 42: Total=123.97 (Recon=78.81, A_KL=16.53, B_KL=3209.11) <- Best

[Raw]:
CYP2C8*1: Normalized=1.0000, Unnormalized=1.00

[Alleles]
CYP2C8*1
CYP2C8*1
	Command being timed: "python cyp.py CYP2C8 /project/shared/aldy-data/wgs/NA18564.wgs.cram 42"
	User time (seconds): 95.82
	System time (seconds): 20.53
	Percent of CPU this job got: 99%
	Elapsed (wall clock) time (h:mm:ss or m:ss): 1:56.62
	Average shared text size (kbytes): 0
	Average unshared data size (kbytes): 0
	Average stack size (kbytes): 0
	Average total size (kbytes): 0
	Maximum resident set size (kbytes): 1878788
	Average resident set size (kbytes): 0
	Major (requiring I/O) page faults: 0
	Minor (reclaiming a frame) page faults: 544993
	Voluntary context switches: 9996
	Involuntary context switches: 212
	Swaps: 0
	File system inputs: 0
	File system outputs: 24
	Socket messages sent: 0
	Socket messages received: 0
	Signals delivered: 0
	Page size (bytes): 4096
	Exit status: 0
