[info] total indices 224
[info] total variants 224
2.001 was filtered out as 96818105 T>A needs A but not covered
2.002 was filtered out as 96818105 T>A needs A but not covered
3.001 was filtered out as 96827029 C>T needs T but not covered
3.002 was filtered out as 96827029 C>T needs T but not covered
4.001 was filtered out as 96818118 G>C needs C but not covered
4.002 was filtered out as 96818118 G>C needs C but not covered
5.001 was filtered out as 96826970 delT needs N but not covered
6.001 was filtered out as 96824687 C>T needs T but not covered
7.001 was filtered out as 96824642 G>A needs A but not covered
8.001 was filtered out as 96824642 G>C needs C but not covered
9.001 was filtered out as 96818170 T>C needs C but not covered
10.001 was filtered out as 96802646 C>A needs A but not covered
11.001 was filtered out as 96805707 C>A needs A but not covered
12.001 was filtered out as 96796973 delCAA needs N but not covered
13.001 was filtered out as 96818241 A>C needs C but not covered
14.001 was filtered out as 96818198 C>G needs G but not covered
15.001 was filtered out as 96824657 C>T needs T but not covered
17.001 was filtered out as 96818180 T>C needs C but not covered
18.001 was filtered out as 96802714 G>A needs A but not covered
[filter] CYP2C8 1.001 => 1.001; 1.002; 1.003; 1.004; 1.005; 1.006; 1.007; 1.008; 1.009; 1.010; 1.011; 1.012; 1.013; 1.014; 1.015; 1.016; 1.017; 1.018
[filter] CYP2C8 16.001 => 16.001
[filter] valid_alleles=19
Step 0: Loss=0.0397, CN=[2.0999167]
Step 100: Loss=0.0382, CN=[2.057949]
Step 200: Loss=0.0382, CN=[2.0582511]
Step 300: Loss=0.0382, CN=[2.0582516]
Step 400: Loss=0.0382, CN=[2.0582516]

=== Fit ===
Region 0: obs=2.167, exp=2.058, diff=+0.109 
Region 1: obs=1.290, exp=2.058, diff=-0.768 *
Region 2: obs=2.169, exp=2.058, diff=+0.111 
Region 3: obs=2.514, exp=2.058, diff=+0.456 
Region 4: obs=2.266, exp=2.058, diff=+0.208 
Region 5: obs=1.995, exp=2.058, diff=-0.063 
Region 6: obs=1.848, exp=2.058, diff=-0.210 
Region 7: obs=2.101, exp=2.058, diff=+0.043 
Region 8: obs=2.771, exp=2.058, diff=+0.713 *
Region 9: obs=1.957, exp=2.058, diff=-0.101 
Region 10: obs=1.982, exp=2.058, diff=-0.076 
Region 11: obs=2.056, exp=2.058, diff=-0.002 
Region 12: obs=2.059, exp=2.058, diff=+0.001 
Region 13: obs=2.223, exp=2.058, diff=+0.165 
Region 14: obs=1.919, exp=2.058, diff=-0.139 
Region 15: obs=2.123, exp=2.058, diff=+0.065 
Region 16: obs=2.110, exp=2.058, diff=+0.052 
Region 17: obs=1.858, exp=2.058, diff=-0.200 
Region 18: obs=1.627, exp=2.058, diff=-0.431 
Region 19: obs=2.104, exp=2.058, diff=+0.046 
Region 20: obs=2.026, exp=2.058, diff=-0.032 

[Gene CN Results]
  CYP2C8: 2.06 → 2.0582516193389893
Using device: cuda

CYP2C8*1.001:

CYP2C8*1.002:

CYP2C8*1.003:

CYP2C8*1.004:

CYP2C8*1.005:

CYP2C8*1.006:

CYP2C8*1.007:

CYP2C8*1.008:

CYP2C8*1.009:

CYP2C8*1.010:

CYP2C8*1.011:

CYP2C8*1.012:

CYP2C8*1.013:

CYP2C8*1.014:

CYP2C8*1.015:

CYP2C8*1.016:

CYP2C8*1.017:

CYP2C8*1.018:

CYP2C8*16.001:

=== Running VAE with seed 42 ===
Global Pooled JS: 0.229901
functional kld weight 0.0
Seed 42, Step    0: Loss = 413.66 (Recon: 377.90, Allele KL: 9.24, Base KL: 1506.22, Functional KL: 0.23
Global Pooled JS: 0.012816
functional kld weight 27.77777777777777
Seed 42, Step  500: Loss = 160.65 (Recon: 109.07, Allele KL: 23.35, Base KL: 3925.44, Functional KL: 0.01
Global Pooled JS: 0.011368
functional kld weight 222.22222222222217
Seed 42, Step 1000: Loss = 156.22 (Recon: 105.83, Allele KL: 20.01, Base KL: 4135.11, Functional KL: 0.01
Global Pooled JS: 0.021349
functional kld weight 750.0
Seed 42, Step 1500: Loss = 172.49 (Recon: 103.82, Allele KL: 24.19, Base KL: 4899.15, Functional KL: 0.02
Global Pooled JS: 0.015634
functional kld weight 1777.7777777777774
Seed 42, Step 2000: Loss = 188.38 (Recon: 107.21, Allele KL: 23.11, Base KL: 6313.75, Functional KL: 0.02
Global Pooled JS: 0.001918
functional kld weight 3472.222222222223
Seed 42, Step 2500: Loss = 171.41 (Recon: 109.05, Allele KL: 24.43, Base KL: 7676.73, Functional KL: 0.00

Top Variants with Coverage Mismatches:
Rank   Variant                        Expected     Observed     Diff       |Div|       
------------------------------------------------------------------------------------------
1      CYP2C8:96802803→G              20.29        17.00        3.29       0.000234    
2      CYP2C8:96802803→A              20.18        15.00        5.18       0.000213    
3      CYP2C8:96802803→M              0.02         0.00         0.02       0.000170    
4      CYP2C8:96802803→N              0.02         0.00         0.02       0.000167    
5      CYP2C8:96802803→T              0.02         0.00         0.02       0.000166    
6      CYP2C8:96802803→C              0.02         0.00         0.02       0.000164    
7      CYP2C8:96802803→P              0.02         0.00         0.02       0.000163    
New best model with final loss: 176.31

=== Multi-Seed VAE Results ===
Best model had seed 42 with final loss: 176.31
All seeds final losses:
  Seed 42: Total=176.31 (Recon=110.65, A_KL=26.93, B_KL=9604.21) <- Best

[Raw]:
CYP2C8*16: Normalized=0.5033, Unnormalized=0.50
CYP2C8*1: Normalized=0.4967, Unnormalized=0.50

[Alleles]
CYP2C8*16
CYP2C8*1
	Command being timed: "python cyp.py CYP2C8 /project/shared/aldy-data/wgs/NA19917.wgs.cram 42"
	User time (seconds): 97.42
	System time (seconds): 21.44
	Percent of CPU this job got: 99%
	Elapsed (wall clock) time (h:mm:ss or m:ss): 1:59.15
	Average shared text size (kbytes): 0
	Average unshared data size (kbytes): 0
	Average stack size (kbytes): 0
	Average total size (kbytes): 0
	Maximum resident set size (kbytes): 1896684
	Average resident set size (kbytes): 0
	Major (requiring I/O) page faults: 0
	Minor (reclaiming a frame) page faults: 517205
	Voluntary context switches: 9978
	Involuntary context switches: 214
	Swaps: 0
	File system inputs: 0
	File system outputs: 24
	Socket messages sent: 0
	Socket messages received: 0
	Signals delivered: 0
	Page size (bytes): 4096
	Exit status: 0
