[info] total indices 175
[info] total variants 175
3.001 was filtered out as 99270538 T>C needs C but not covered
3.012 was filtered out as 99270538 T>C needs C but not covered
3.013 was filtered out as 99270538 T>C needs C but not covered
3.014 was filtered out as 99270538 T>C needs C but not covered
3.015 was filtered out as 99270538 T>C needs C but not covered
3.016 was filtered out as 99270538 T>C needs C but not covered
3.002 was filtered out as 99270538 T>C needs C but not covered
3.003 was filtered out as 99270538 T>C needs C but not covered
3.004 was filtered out as 99270538 T>C needs C but not covered
3.005 was filtered out as 99270538 T>C needs C but not covered
3.006 was filtered out as 99270538 T>C needs C but not covered
3.007 was filtered out as 99270538 T>C needs C but not covered
3.008 was filtered out as 99270538 T>C needs C but not covered
3.009 was filtered out as 99270538 T>C needs C but not covered
3.010 was filtered out as 99270538 T>C needs C but not covered
3.017 was filtered out as 99270538 T>C needs C but not covered
6.001 was filtered out as 99262834 C>T needs T but not covered
7.001 was filtered out as 99250392 insA needs P but not covered
8.001 was filtered out as 99273820 G>A needs A but not covered
9.001 was filtered out as 99258138 C>T needs T but not covered
[filter] CYP3A5 1 => 1.001; 1.002; 1.003; 1.004; 1.005
[filter] valid_alleles=5
Step 0: Loss=0.0424, CN=[2.0999167]
Step 100: Loss=0.0334, CN=[2.138838]
Step 200: Loss=0.0334, CN=[2.1391897]
Step 300: Loss=0.0334, CN=[2.1391916]
Step 400: Loss=0.0334, CN=[2.1391916]

=== Fit ===
Region 0: obs=2.339, exp=2.139, diff=+0.200 
Region 1: obs=2.470, exp=2.139, diff=+0.331 
Region 2: obs=2.278, exp=2.139, diff=+0.138 
Region 3: obs=2.220, exp=2.139, diff=+0.081 
Region 4: obs=2.074, exp=2.139, diff=-0.065 
Region 5: obs=1.882, exp=2.139, diff=-0.258 
Region 6: obs=2.121, exp=2.139, diff=-0.018 
Region 7: obs=2.328, exp=2.139, diff=+0.189 
Region 8: obs=2.079, exp=2.139, diff=-0.060 
Region 9: obs=2.406, exp=2.139, diff=+0.267 
Region 10: obs=1.578, exp=2.139, diff=-0.561 *
Region 11: obs=1.688, exp=2.139, diff=-0.451 
Region 12: obs=1.534, exp=2.139, diff=-0.605 *
Region 13: obs=1.998, exp=2.139, diff=-0.141 
Region 14: obs=2.180, exp=2.139, diff=+0.041 
Region 15: obs=2.479, exp=2.139, diff=+0.340 
Region 16: obs=2.263, exp=2.139, diff=+0.124 
Region 17: obs=1.997, exp=2.139, diff=-0.143 
Region 18: obs=1.600, exp=2.139, diff=-0.540 *
Region 19: obs=2.305, exp=2.139, diff=+0.166 
Region 20: obs=2.149, exp=2.139, diff=+0.009 
Region 21: obs=2.186, exp=2.139, diff=+0.046 
Region 22: obs=1.952, exp=2.139, diff=-0.188 
Region 23: obs=2.185, exp=2.139, diff=+0.046 
Region 24: obs=2.381, exp=2.139, diff=+0.242 
Region 25: obs=2.256, exp=2.139, diff=+0.117 
Region 26: obs=2.180, exp=2.139, diff=+0.040 
Region 27: obs=2.289, exp=2.139, diff=+0.150 
Region 28: obs=2.434, exp=2.139, diff=+0.294 

[Gene CN Results]
  CYP3A5: 2.14 → 2.1391916275024414
Using device: cuda

CYP3A5*1.001:

CYP3A5*1.002:

CYP3A5*1.003:

CYP3A5*1.004:

CYP3A5*1.005:

=== Running VAE with seed 2048 ===
Global Pooled JS: 0.000000
functional kld weight 0.0
Seed 2048, Step    0: Loss = 77.35 (Recon: 56.53, Allele KL: 0.37, Base KL: 57.42, Functional KL: 0.00
Global Pooled JS: 0.000000
functional kld weight 27.77777777777777
Seed 2048, Step  500: Loss = 36.71 (Recon: 13.87, Allele KL: 6.07, Base KL: 3301.57, Functional KL: 0.00
Global Pooled JS: 0.000000
functional kld weight 222.22222222222217
Seed 2048, Step 1000: Loss = 42.23 (Recon: 16.14, Allele KL: 9.11, Base KL: 3293.31, Functional KL: 0.00
Global Pooled JS: 0.000000
functional kld weight 750.0
Seed 2048, Step 1500: Loss = 45.08 (Recon: 20.19, Allele KL: 7.34, Base KL: 3271.19, Functional KL: 0.00
Global Pooled JS: 0.000000
functional kld weight 1777.7777777777774
Seed 2048, Step 2000: Loss = 56.86 (Recon: 33.40, Allele KL: 5.24, Base KL: 3270.42, Functional KL: 0.00
Global Pooled JS: 0.000000
functional kld weight 3472.222222222223
Seed 2048, Step 2500: Loss = 40.68 (Recon: 14.89, Allele KL: 8.97, Base KL: 3292.66, Functional KL: 0.00

Top Variants with Coverage Mismatches:
Rank   Variant                        Expected     Observed     Diff       |Div|       
------------------------------------------------------------------------------------------
New best model with final loss: 41.32

=== Multi-Seed VAE Results ===
Best model had seed 2048 with final loss: 41.32
All seeds final losses:
  Seed 2048: Total=41.32 (Recon=16.27, A_KL=8.10, B_KL=3311.70) <- Best

[Raw]:
CYP3A5*1: Normalized=1.0000, Unnormalized=1.00

[Alleles]
CYP3A5*1
CYP3A5*1
	Command being timed: "python cyp.py CYP3A5 /project/shared/aldy-data/wgs/HG01190.wgs.cram 2048"
	User time (seconds): 51.57
	System time (seconds): 11.45
	Percent of CPU this job got: 99%
	Elapsed (wall clock) time (h:mm:ss or m:ss): 1:03.36
	Average shared text size (kbytes): 0
	Average unshared data size (kbytes): 0
	Average stack size (kbytes): 0
	Average total size (kbytes): 0
	Maximum resident set size (kbytes): 1880520
	Average resident set size (kbytes): 0
	Major (requiring I/O) page faults: 0
	Minor (reclaiming a frame) page faults: 606318
	Voluntary context switches: 11696
	Involuntary context switches: 115
	Swaps: 0
	File system inputs: 0
	File system outputs: 24
	Socket messages sent: 0
	Socket messages received: 0
	Signals delivered: 0
	Page size (bytes): 4096
	Exit status: 0
