[info] total indices 175
[info] total variants 175
1.001 was filtered out as 99270538 T>C needs T but not covered
1.002 was filtered out as 99270538 T>C needs T but not covered
1.003 was filtered out as 99270538 T>C needs T but not covered
1.004 was filtered out as 99270538 T>C needs T but not covered
1.005 was filtered out as 99270538 T>C needs T but not covered
3.002 was filtered out as 99273814 G>A needs A but not covered
3.003 was filtered out as 99270275 A>C needs C but not covered
3.004 was filtered out as 99245973 A>G needs G but not covered
3.005 was filtered out as 99264572 A>G needs G but not covered
3.006 was filtered out as 99247742 T>C needs C but not covered
3.007 was filtered out as 99247771 A>G needs G but not covered
3.008 was filtered out as 99273744 T>C needs C but not covered
3.009 was filtered out as 99262859 T>C needs C but not covered
3.010 was filtered out as 99250235 G>T needs T but not covered
3.017 was filtered out as 99262850 A>C needs C but not covered
6.001 was filtered out as 99270538 T>C needs T but not covered
7.001 was filtered out as 99270538 T>C needs T but not covered
8.001 was filtered out as 99270538 T>C needs T but not covered
9.001 was filtered out as 99270538 T>C needs T but not covered
[filter] CYP3A5 3 => 3.001; 3.012; 3.013; 3.014; 3.015; 3.016
[filter] valid_alleles=6
Step 0: Loss=0.0872, CN=[2.0999167]
Step 100: Loss=0.0298, CN=[2.355319]
Step 200: Loss=0.0298, CN=[2.3538427]
Step 300: Loss=0.0298, CN=[2.3538368]
Step 400: Loss=0.0298, CN=[2.3538365]

=== Fit ===
Region 0: obs=2.180, exp=2.354, diff=-0.173 
Region 1: obs=2.131, exp=2.354, diff=-0.223 
Region 2: obs=2.246, exp=2.354, diff=-0.108 
Region 3: obs=2.295, exp=2.354, diff=-0.059 
Region 4: obs=2.466, exp=2.354, diff=+0.112 
Region 5: obs=2.455, exp=2.354, diff=+0.101 
Region 6: obs=2.680, exp=2.354, diff=+0.326 
Region 7: obs=2.560, exp=2.354, diff=+0.206 
Region 8: obs=2.612, exp=2.354, diff=+0.258 
Region 9: obs=2.399, exp=2.354, diff=+0.045 
Region 10: obs=2.802, exp=2.354, diff=+0.448 
Region 11: obs=2.362, exp=2.354, diff=+0.009 
Region 12: obs=1.658, exp=2.354, diff=-0.696 *
Region 13: obs=2.398, exp=2.354, diff=+0.044 
Region 14: obs=2.109, exp=2.354, diff=-0.245 
Region 15: obs=2.431, exp=2.354, diff=+0.077 
Region 16: obs=2.665, exp=2.354, diff=+0.311 
Region 17: obs=2.567, exp=2.354, diff=+0.213 
Region 18: obs=2.532, exp=2.354, diff=+0.178 
Region 19: obs=2.111, exp=2.354, diff=-0.243 
Region 20: obs=1.826, exp=2.354, diff=-0.528 *
Region 21: obs=2.276, exp=2.354, diff=-0.078 
Region 22: obs=2.287, exp=2.354, diff=-0.067 
Region 23: obs=2.280, exp=2.354, diff=-0.074 
Region 24: obs=2.375, exp=2.354, diff=+0.021 
Region 25: obs=2.198, exp=2.354, diff=-0.155 
Region 26: obs=2.579, exp=2.354, diff=+0.225 
Region 27: obs=2.458, exp=2.354, diff=+0.104 
Region 28: obs=2.101, exp=2.354, diff=-0.253 

[Gene CN Results]
  CYP3A5: 2.35 → 2.3538365364074707
Using device: cuda

CYP3A5*3.001:

CYP3A5*3.012:

CYP3A5*3.013:

CYP3A5*3.014:

CYP3A5*3.015:

CYP3A5*3.016:

=== Running VAE with seed 2048 ===
Global Pooled JS: 0.017622
functional kld weight 0.0
Seed 2048, Step    0: Loss = 82.67 (Recon: 53.27, Allele KL: 2.62, Base KL: 137.61, Functional KL: 0.02
Global Pooled JS: 0.009375
functional kld weight 27.77777777777777
Seed 2048, Step  500: Loss = 61.07 (Recon: 27.60, Allele KL: 8.45, Base KL: 4462.05, Functional KL: 0.01
Global Pooled JS: 0.006644
functional kld weight 222.22222222222217
Seed 2048, Step 1000: Loss = 62.46 (Recon: 21.99, Allele KL: 14.39, Base KL: 5118.06, Functional KL: 0.01
Global Pooled JS: 0.004235
functional kld weight 750.0
Seed 2048, Step 1500: Loss = 62.13 (Recon: 21.64, Allele KL: 11.48, Base KL: 6624.13, Functional KL: 0.00
Global Pooled JS: 0.003447
functional kld weight 1777.7777777777774
Seed 2048, Step 2000: Loss = 66.51 (Recon: 25.16, Allele KL: 6.93, Base KL: 8776.21, Functional KL: 0.00
Global Pooled JS: 0.002106
functional kld weight 3472.222222222223
Seed 2048, Step 2500: Loss = 70.83 (Recon: 22.78, Allele KL: 10.15, Base KL: 11294.27, Functional KL: 0.00

Top Variants with Coverage Mismatches:
Rank   Variant                        Expected     Observed     Diff       |Div|       
------------------------------------------------------------------------------------------
1      CYP3A5:99270538→M              0.03         0.00         0.03       0.000231    
2      CYP3A5:99270538→T              0.03         0.00         0.03       0.000231    
3      CYP3A5:99270538→G              0.03         0.00         0.03       0.000229    
4      CYP3A5:99270538→A              0.03         0.00         0.03       0.000229    
5      CYP3A5:99270538→P              0.03         0.00         0.03       0.000227    
6      CYP3A5:99270538→N              0.03         0.00         0.03       0.000223    
7      CYP3A5:99270538→C              45.15        54.00        -8.85      0.000002    
New best model with final loss: 75.88

=== Multi-Seed VAE Results ===
Best model had seed 2048 with final loss: 75.88
All seeds final losses:
  Seed 2048: Total=75.88 (Recon=21.56, A_KL=13.34, B_KL=14085.02) <- Best

[Raw]:
CYP3A5*3: Normalized=1.0000, Unnormalized=1.00

[Alleles]
CYP3A5*3
CYP3A5*3
	Command being timed: "python cyp.py CYP3A5 /project/shared/aldy-data/wgs/NA11993.wgs.cram 2048"
	User time (seconds): 52.13
	System time (seconds): 11.47
	Percent of CPU this job got: 99%
	Elapsed (wall clock) time (h:mm:ss or m:ss): 1:03.98
	Average shared text size (kbytes): 0
	Average unshared data size (kbytes): 0
	Average stack size (kbytes): 0
	Average total size (kbytes): 0
	Maximum resident set size (kbytes): 1914376
	Average resident set size (kbytes): 0
	Major (requiring I/O) page faults: 0
	Minor (reclaiming a frame) page faults: 494574
	Voluntary context switches: 11584
	Involuntary context switches: 1443
	Swaps: 0
	File system inputs: 0
	File system outputs: 24
	Socket messages sent: 0
	Socket messages received: 0
	Signals delivered: 0
	Page size (bytes): 4096
	Exit status: 0
