[info] total indices 175
[info] total variants 175
1.001 was filtered out as 99270538 T>C needs T but not covered
1.002 was filtered out as 99270538 T>C needs T but not covered
1.003 was filtered out as 99270538 T>C needs T but not covered
1.004 was filtered out as 99270538 T>C needs T but not covered
1.005 was filtered out as 99270538 T>C needs T but not covered
3.002 was filtered out as 99273814 G>A needs A but not covered
3.003 was filtered out as 99270275 A>C needs C but not covered
3.004 was filtered out as 99245973 A>G needs G but not covered
3.005 was filtered out as 99264572 A>G needs G but not covered
3.006 was filtered out as 99247742 T>C needs C but not covered
3.008 was filtered out as 99273744 T>C needs C but not covered
3.009 was filtered out as 99262859 T>C needs C but not covered
3.010 was filtered out as 99250235 G>T needs T but not covered
3.017 was filtered out as 99262850 A>C needs C but not covered
6.001 was filtered out as 99270538 T>C needs T but not covered
7.001 was filtered out as 99270538 T>C needs T but not covered
8.001 was filtered out as 99270538 T>C needs T but not covered
9.001 was filtered out as 99270538 T>C needs T but not covered
[filter] CYP3A5 3 => 3.001; 3.012; 3.013; 3.014; 3.015; 3.016
[filter] CYP3A5 3K(*10) => 3.007
[filter] valid_alleles=7
Step 0: Loss=0.0357, CN=[1.9000832]
Step 100: Loss=0.0190, CN=[1.8141481]
Step 200: Loss=0.0190, CN=[1.8139924]
Step 300: Loss=0.0190, CN=[1.8139927]
Step 400: Loss=0.0190, CN=[1.8139927]

=== Fit ===
Region 0: obs=1.815, exp=1.814, diff=+0.001 
Region 1: obs=1.664, exp=1.814, diff=-0.150 
Region 2: obs=1.306, exp=1.814, diff=-0.508 *
Region 3: obs=1.833, exp=1.814, diff=+0.019 
Region 4: obs=1.550, exp=1.814, diff=-0.264 
Region 5: obs=1.716, exp=1.814, diff=-0.098 
Region 6: obs=1.600, exp=1.814, diff=-0.214 
Region 7: obs=1.810, exp=1.814, diff=-0.004 
Region 8: obs=2.190, exp=1.814, diff=+0.376 
Region 9: obs=1.995, exp=1.814, diff=+0.181 
Region 10: obs=2.107, exp=1.814, diff=+0.293 
Region 11: obs=1.998, exp=1.814, diff=+0.184 
Region 12: obs=1.905, exp=1.814, diff=+0.091 
Region 13: obs=1.743, exp=1.814, diff=-0.071 
Region 14: obs=2.007, exp=1.814, diff=+0.193 
Region 15: obs=1.819, exp=1.814, diff=+0.005 
Region 16: obs=2.129, exp=1.814, diff=+0.315 
Region 17: obs=1.849, exp=1.814, diff=+0.035 
Region 18: obs=2.046, exp=1.814, diff=+0.232 
Region 19: obs=1.992, exp=1.814, diff=+0.178 
Region 20: obs=1.676, exp=1.814, diff=-0.138 
Region 21: obs=1.787, exp=1.814, diff=-0.027 
Region 22: obs=1.636, exp=1.814, diff=-0.178 
Region 23: obs=1.760, exp=1.814, diff=-0.054 
Region 24: obs=1.588, exp=1.814, diff=-0.225 
Region 25: obs=1.665, exp=1.814, diff=-0.149 
Region 26: obs=1.692, exp=1.814, diff=-0.122 
Region 27: obs=1.769, exp=1.814, diff=-0.045 
Region 28: obs=1.953, exp=1.814, diff=+0.139 

[Gene CN Results]
  CYP3A5: 1.81 → 1.8139927387237549
Using device: cuda

CYP3A5*3.001:

CYP3A5*3.012:

CYP3A5*3.013:

CYP3A5*3.014:

CYP3A5*3.015:

CYP3A5*3.016:

CYP3A5*3.007:

=== Running VAE with seed 2048 ===
Global Pooled JS: 0.037185
functional kld weight 0.0
Seed 2048, Step    0: Loss = 94.97 (Recon: 67.98, Allele KL: 2.18, Base KL: 189.29, Functional KL: 0.04
Global Pooled JS: 0.008785
functional kld weight 27.77777777777777
Seed 2048, Step  500: Loss = 67.81 (Recon: 34.16, Allele KL: 10.06, Base KL: 3698.12, Functional KL: 0.01
Global Pooled JS: 0.010453
functional kld weight 222.22222222222217
Seed 2048, Step 1000: Loss = 71.45 (Recon: 34.01, Allele KL: 11.37, Base KL: 4179.72, Functional KL: 0.01
Global Pooled JS: 0.006550
functional kld weight 750.0
Seed 2048, Step 1500: Loss = 76.10 (Recon: 34.00, Allele KL: 12.34, Base KL: 5470.19, Functional KL: 0.01
Global Pooled JS: 0.005770
functional kld weight 1777.7777777777774
Seed 2048, Step 2000: Loss = 89.27 (Recon: 41.82, Allele KL: 9.84, Base KL: 7904.80, Functional KL: 0.01
Global Pooled JS: 0.005443
functional kld weight 3472.222222222223
Seed 2048, Step 2500: Loss = 95.97 (Recon: 35.26, Allele KL: 11.98, Base KL: 11131.57, Functional KL: 0.01

Top Variants with Coverage Mismatches:
Rank   Variant                        Expected     Observed     Diff       |Div|       
------------------------------------------------------------------------------------------
1      CYP3A5:99270538→C              49.47        59.00        -9.53      0.000420    
2      CYP3A5:99270538→G              0.09         0.00         0.09       0.000306    
3      CYP3A5:99270538→N              0.09         0.00         0.09       0.000306    
4      CYP3A5:99270538→M              0.09         0.00         0.09       0.000305    
5      CYP3A5:99270538→T              0.09         0.00         0.09       0.000305    
6      CYP3A5:99270538→A              0.09         0.00         0.09       0.000302    
7      CYP3A5:99270538→P              0.09         0.00         0.09       0.000301    
8      CYP3A5:99247771→A              26.99        27.00        -0.01      0.000291    
9      CYP3A5:99247771→N              0.04         0.00         0.04       0.000131    
10     CYP3A5:99247771→T              0.04         0.00         0.04       0.000130    
11     CYP3A5:99247771→C              0.04         0.00         0.04       0.000128    
12     CYP3A5:99247771→P              0.04         0.00         0.04       0.000128    
13     CYP3A5:99247771→M              0.04         0.00         0.04       0.000126    
14     CYP3A5:99247771→G              22.82        24.00        -1.18      0.000056    
New best model with final loss: 101.04

=== Multi-Seed VAE Results ===
Best model had seed 2048 with final loss: 101.04
All seeds final losses:
  Seed 2048: Total=101.04 (Recon=34.84, A_KL=11.79, B_KL=15259.44) <- Best

[Raw]:
CYP3A5*3: Normalized=1.0000, Unnormalized=1.00

[Alleles]
CYP3A5*3
CYP3A5*3
	Command being timed: "python cyp.py CYP3A5 /project/shared/aldy-data/wgs/NA12006.wgs.cram 2048"
	User time (seconds): 53.32
	System time (seconds): 11.20
	Percent of CPU this job got: 99%
	Elapsed (wall clock) time (h:mm:ss or m:ss): 1:04.76
	Average shared text size (kbytes): 0
	Average unshared data size (kbytes): 0
	Average stack size (kbytes): 0
	Average total size (kbytes): 0
	Maximum resident set size (kbytes): 1895912
	Average resident set size (kbytes): 0
	Major (requiring I/O) page faults: 0
	Minor (reclaiming a frame) page faults: 620319
	Voluntary context switches: 9424
	Involuntary context switches: 154
	Swaps: 0
	File system inputs: 0
	File system outputs: 24
	Socket messages sent: 0
	Socket messages received: 0
	Signals delivered: 0
	Page size (bytes): 4096
	Exit status: 0
