[info] total indices 175
[info] total variants 175
3.001 was filtered out as 99270538 T>C needs C but not covered
3.012 was filtered out as 99270538 T>C needs C but not covered
3.013 was filtered out as 99270538 T>C needs C but not covered
3.014 was filtered out as 99270538 T>C needs C but not covered
3.015 was filtered out as 99270538 T>C needs C but not covered
3.016 was filtered out as 99270538 T>C needs C but not covered
3.002 was filtered out as 99270538 T>C needs C but not covered
3.003 was filtered out as 99270538 T>C needs C but not covered
3.004 was filtered out as 99270538 T>C needs C but not covered
3.005 was filtered out as 99270538 T>C needs C but not covered
3.006 was filtered out as 99270538 T>C needs C but not covered
3.007 was filtered out as 99270538 T>C needs C but not covered
3.008 was filtered out as 99270538 T>C needs C but not covered
3.009 was filtered out as 99270538 T>C needs C but not covered
3.010 was filtered out as 99270538 T>C needs C but not covered
3.017 was filtered out as 99270538 T>C needs C but not covered
6.001 was filtered out as 99262834 C>T needs T but not covered
7.001 was filtered out as 99250392 insA needs P but not covered
8.001 was filtered out as 99273820 G>A needs A but not covered
9.001 was filtered out as 99258138 C>T needs T but not covered
[filter] CYP3A5 1 => 1.001; 1.002; 1.003; 1.004; 1.005
[filter] valid_alleles=5
Step 0: Loss=0.0647, CN=[2.0999167]
Step 100: Loss=0.0425, CN=[2.2221122]
Step 200: Loss=0.0425, CN=[2.222904]
Step 300: Loss=0.0425, CN=[2.222906]
Step 400: Loss=0.0425, CN=[2.2229059]

=== Fit ===
Region 0: obs=2.195, exp=2.223, diff=-0.028 
Region 1: obs=2.233, exp=2.223, diff=+0.010 
Region 2: obs=1.815, exp=2.223, diff=-0.408 
Region 3: obs=2.378, exp=2.223, diff=+0.155 
Region 4: obs=3.216, exp=2.223, diff=+0.993 *
Region 5: obs=1.996, exp=2.223, diff=-0.227 
Region 6: obs=1.623, exp=2.223, diff=-0.600 *
Region 7: obs=2.293, exp=2.223, diff=+0.070 
Region 8: obs=1.894, exp=2.223, diff=-0.329 
Region 9: obs=2.459, exp=2.223, diff=+0.236 
Region 10: obs=1.955, exp=2.223, diff=-0.268 
Region 11: obs=1.879, exp=2.223, diff=-0.344 
Region 12: obs=2.415, exp=2.223, diff=+0.192 
Region 13: obs=2.247, exp=2.223, diff=+0.024 
Region 14: obs=2.777, exp=2.223, diff=+0.554 *
Region 15: obs=2.503, exp=2.223, diff=+0.280 
Region 16: obs=2.083, exp=2.223, diff=-0.139 
Region 17: obs=2.210, exp=2.223, diff=-0.013 
Region 18: obs=2.266, exp=2.223, diff=+0.043 
Region 19: obs=2.215, exp=2.223, diff=-0.008 
Region 20: obs=2.087, exp=2.223, diff=-0.136 
Region 21: obs=2.211, exp=2.223, diff=-0.012 
Region 22: obs=2.071, exp=2.223, diff=-0.152 
Region 23: obs=2.070, exp=2.223, diff=-0.153 
Region 24: obs=2.309, exp=2.223, diff=+0.086 
Region 25: obs=2.186, exp=2.223, diff=-0.037 
Region 26: obs=2.509, exp=2.223, diff=+0.286 
Region 27: obs=2.635, exp=2.223, diff=+0.412 
Region 28: obs=2.183, exp=2.223, diff=-0.040 

[Gene CN Results]
  CYP3A5: 2.22 → 2.2229063510894775
Using device: cuda

CYP3A5*1.001:

CYP3A5*1.002:

CYP3A5*1.003:

CYP3A5*1.004:

CYP3A5*1.005:

=== Running VAE with seed 2048 ===
Global Pooled JS: 0.000000
functional kld weight 0.0
Seed 2048, Step    0: Loss = 85.61 (Recon: 64.63, Allele KL: 0.52, Base KL: 68.46, Functional KL: 0.00
Global Pooled JS: 0.000000
functional kld weight 27.77777777777777
Seed 2048, Step  500: Loss = 40.86 (Recon: 16.50, Allele KL: 7.52, Base KL: 3486.35, Functional KL: 0.00
Global Pooled JS: 0.000000
functional kld weight 222.22222222222217
Seed 2048, Step 1000: Loss = 45.49 (Recon: 17.96, Allele KL: 10.54, Base KL: 3518.30, Functional KL: 0.00
Global Pooled JS: 0.000000
functional kld weight 750.0
Seed 2048, Step 1500: Loss = 48.35 (Recon: 22.83, Allele KL: 7.92, Base KL: 3475.40, Functional KL: 0.00
Global Pooled JS: 0.000000
functional kld weight 1777.7777777777774
Seed 2048, Step 2000: Loss = 56.59 (Recon: 32.25, Allele KL: 6.22, Base KL: 3472.21, Functional KL: 0.00
Global Pooled JS: 0.000000
functional kld weight 3472.222222222223
Seed 2048, Step 2500: Loss = 43.91 (Recon: 18.61, Allele KL: 8.30, Base KL: 3494.79, Functional KL: 0.00

Top Variants with Coverage Mismatches:
Rank   Variant                        Expected     Observed     Diff       |Div|       
------------------------------------------------------------------------------------------
New best model with final loss: 44.77

=== Multi-Seed VAE Results ===
Best model had seed 2048 with final loss: 44.77
All seeds final losses:
  Seed 2048: Total=44.77 (Recon=19.36, A_KL=8.36, B_KL=3523.59) <- Best

[Raw]:
CYP3A5*1: Normalized=1.0000, Unnormalized=1.00

[Alleles]
CYP3A5*1
CYP3A5*1
	Command being timed: "python cyp.py CYP3A5 /project/shared/aldy-data/wgs/NA18526.wgs.cram 2048"
	User time (seconds): 51.30
	System time (seconds): 11.41
	Percent of CPU this job got: 99%
	Elapsed (wall clock) time (h:mm:ss or m:ss): 1:03.22
	Average shared text size (kbytes): 0
	Average unshared data size (kbytes): 0
	Average stack size (kbytes): 0
	Average total size (kbytes): 0
	Maximum resident set size (kbytes): 1869204
	Average resident set size (kbytes): 0
	Major (requiring I/O) page faults: 0
	Minor (reclaiming a frame) page faults: 633095
	Voluntary context switches: 11497
	Involuntary context switches: 1498
	Swaps: 0
	File system inputs: 0
	File system outputs: 24
	Socket messages sent: 0
	Socket messages received: 0
	Signals delivered: 0
	Page size (bytes): 4096
	Exit status: 0
