[info] total indices 175
[info] total variants 175
3.002 was filtered out as 99273814 G>A needs A but not covered
3.003 was filtered out as 99270275 A>C needs C but not covered
3.004 was filtered out as 99245973 A>G needs G but not covered
3.005 was filtered out as 99264572 A>G needs G but not covered
3.006 was filtered out as 99247742 T>C needs C but not covered
3.007 was filtered out as 99247771 A>G needs G but not covered
3.008 was filtered out as 99273744 T>C needs C but not covered
3.009 was filtered out as 99262859 T>C needs C but not covered
3.010 was filtered out as 99250235 G>T needs T but not covered
3.017 was filtered out as 99262850 A>C needs C but not covered
6.001 was filtered out as 99262834 C>T needs T but not covered
7.001 was filtered out as 99250392 insA needs P but not covered
8.001 was filtered out as 99273820 G>A needs A but not covered
9.001 was filtered out as 99258138 C>T needs T but not covered
[filter] CYP3A5 1 => 1.001; 1.002; 1.003; 1.004; 1.005
[filter] CYP3A5 3 => 3.001; 3.012; 3.013; 3.014; 3.015; 3.016
[filter] valid_alleles=11
Step 0: Loss=0.0567, CN=[2.0999167]
Step 100: Loss=0.0531, CN=[2.09362]
Step 200: Loss=0.0531, CN=[2.0934854]
Step 300: Loss=0.0531, CN=[2.0934832]
Step 400: Loss=0.0531, CN=[2.0934834]

=== Fit ===
Region 0: obs=2.230, exp=2.093, diff=+0.137 
Region 1: obs=1.320, exp=2.093, diff=-0.774 *
Region 2: obs=1.556, exp=2.093, diff=-0.538 *
Region 3: obs=2.102, exp=2.093, diff=+0.009 
Region 4: obs=1.465, exp=2.093, diff=-0.629 *
Region 5: obs=1.841, exp=2.093, diff=-0.252 
Region 6: obs=2.325, exp=2.093, diff=+0.232 
Region 7: obs=2.098, exp=2.093, diff=+0.005 
Region 8: obs=2.632, exp=2.093, diff=+0.539 *
Region 9: obs=2.206, exp=2.093, diff=+0.112 
Region 10: obs=1.617, exp=2.093, diff=-0.476 
Region 11: obs=2.148, exp=2.093, diff=+0.054 
Region 12: obs=2.086, exp=2.093, diff=-0.008 
Region 13: obs=2.078, exp=2.093, diff=-0.016 
Region 14: obs=2.015, exp=2.093, diff=-0.079 
Region 15: obs=2.544, exp=2.093, diff=+0.450 
Region 16: obs=2.475, exp=2.093, diff=+0.381 
Region 17: obs=2.272, exp=2.093, diff=+0.178 
Region 18: obs=2.430, exp=2.093, diff=+0.336 
Region 19: obs=2.184, exp=2.093, diff=+0.091 
Region 20: obs=1.990, exp=2.093, diff=-0.103 
Region 21: obs=2.132, exp=2.093, diff=+0.039 
Region 22: obs=2.018, exp=2.093, diff=-0.075 
Region 23: obs=2.154, exp=2.093, diff=+0.061 
Region 24: obs=1.691, exp=2.093, diff=-0.402 
Region 25: obs=1.861, exp=2.093, diff=-0.232 
Region 26: obs=2.813, exp=2.093, diff=+0.720 *
Region 27: obs=2.173, exp=2.093, diff=+0.080 
Region 28: obs=2.073, exp=2.093, diff=-0.020 

[Gene CN Results]
  CYP3A5: 2.09 → 2.0934832096099854
Using device: cuda

CYP3A5*1.001:

CYP3A5*1.002:

CYP3A5*1.003:

CYP3A5*1.004:

CYP3A5*1.005:

CYP3A5*3.001:

CYP3A5*3.012:

CYP3A5*3.013:

CYP3A5*3.014:

CYP3A5*3.015:

CYP3A5*3.016:

=== Running VAE with seed 2048 ===
Global Pooled JS: 0.046673
functional kld weight 0.0
Seed 2048, Step    0: Loss = 119.05 (Recon: 85.84, Allele KL: 6.38, Base KL: 432.93, Functional KL: 0.05
Global Pooled JS: 0.011289
functional kld weight 27.77777777777777
Seed 2048, Step  500: Loss = 93.42 (Recon: 55.93, Allele KL: 10.43, Base KL: 3034.19, Functional KL: 0.01
Global Pooled JS: 0.009849
functional kld weight 222.22222222222217
Seed 2048, Step 1000: Loss = 100.35 (Recon: 55.24, Allele KL: 16.15, Base KL: 3264.93, Functional KL: 0.01
Global Pooled JS: 0.006375
functional kld weight 750.0
Seed 2048, Step 1500: Loss = 98.72 (Recon: 53.12, Allele KL: 13.19, Base KL: 4015.41, Functional KL: 0.01
Global Pooled JS: 0.002634
functional kld weight 1777.7777777777774
Seed 2048, Step 2000: Loss = 102.77 (Recon: 57.01, Allele KL: 11.84, Base KL: 5430.78, Functional KL: 0.00
Global Pooled JS: 0.003889
functional kld weight 3472.222222222223
Seed 2048, Step 2500: Loss = 110.89 (Recon: 52.43, Allele KL: 14.78, Base KL: 6872.44, Functional KL: 0.00

Top Variants with Coverage Mismatches:
Rank   Variant                        Expected     Observed     Diff       |Div|       
------------------------------------------------------------------------------------------
1      CYP3A5:99270538→C              19.59        23.00        -3.41      0.000323    
2      CYP3A5:99270538→P              0.03         0.00         0.03       0.000259    
3      CYP3A5:99270538→M              0.03         0.00         0.03       0.000254    
4      CYP3A5:99270538→A              0.03         0.00         0.03       0.000253    
5      CYP3A5:99270538→G              0.03         0.00         0.03       0.000253    
6      CYP3A5:99270538→N              0.03         0.00         0.03       0.000252    
7      CYP3A5:99270538→T              23.36        24.00        -0.64      0.000232    
New best model with final loss: 110.52

=== Multi-Seed VAE Results ===
Best model had seed 2048 with final loss: 110.52
All seeds final losses:
  Seed 2048: Total=110.52 (Recon=51.63, A_KL=16.12, B_KL=8780.40) <- Best

[Raw]:
CYP3A5*1: Normalized=0.5410, Unnormalized=0.54
CYP3A5*3: Normalized=0.4590, Unnormalized=0.46

[Alleles]
CYP3A5*1
CYP3A5*3
	Command being timed: "python cyp.py CYP3A5 /project/shared/aldy-data/wgs/NA18966.wgs.cram 2048"
	User time (seconds): 52.20
	System time (seconds): 10.67
	Percent of CPU this job got: 99%
	Elapsed (wall clock) time (h:mm:ss or m:ss): 1:03.37
	Average shared text size (kbytes): 0
	Average unshared data size (kbytes): 0
	Average stack size (kbytes): 0
	Average total size (kbytes): 0
	Maximum resident set size (kbytes): 1887524
	Average resident set size (kbytes): 0
	Major (requiring I/O) page faults: 0
	Minor (reclaiming a frame) page faults: 623342
	Voluntary context switches: 9756
	Involuntary context switches: 785
	Swaps: 0
	File system inputs: 0
	File system outputs: 24
	Socket messages sent: 0
	Socket messages received: 0
	Signals delivered: 0
	Page size (bytes): 4096
	Exit status: 0
