[info] total indices 175
[info] total variants 175
1.001 was filtered out as 99270538 T>C needs T but not covered
1.002 was filtered out as 99270538 T>C needs T but not covered
1.003 was filtered out as 99270538 T>C needs T but not covered
1.004 was filtered out as 99270538 T>C needs T but not covered
1.005 was filtered out as 99270538 T>C needs T but not covered
3.002 was filtered out as 99273814 G>A needs A but not covered
3.003 was filtered out as 99270275 A>C needs C but not covered
3.004 was filtered out as 99245973 A>G needs G but not covered
3.005 was filtered out as 99264572 A>G needs G but not covered
3.006 was filtered out as 99247742 T>C needs C but not covered
3.007 was filtered out as 99247771 A>G needs G but not covered
3.008 was filtered out as 99273744 T>C needs C but not covered
3.009 was filtered out as 99262859 T>C needs C but not covered
3.010 was filtered out as 99250235 G>T needs T but not covered
3.017 was filtered out as 99262850 A>C needs C but not covered
6.001 was filtered out as 99270538 T>C needs T but not covered
7.001 was filtered out as 99270538 T>C needs T but not covered
8.001 was filtered out as 99270538 T>C needs T but not covered
9.001 was filtered out as 99270538 T>C needs T but not covered
[filter] CYP3A5 3 => 3.001; 3.012; 3.013; 3.014; 3.015; 3.016
[filter] valid_alleles=6
Step 0: Loss=0.0721, CN=[2.0999167]
Step 100: Loss=0.0386, CN=[2.274536]
Step 200: Loss=0.0386, CN=[2.273833]
Step 300: Loss=0.0386, CN=[2.2738261]
Step 400: Loss=0.0386, CN=[2.2738261]

=== Fit ===
Region 0: obs=2.199, exp=2.274, diff=-0.075 
Region 1: obs=1.954, exp=2.274, diff=-0.320 
Region 2: obs=1.990, exp=2.274, diff=-0.284 
Region 3: obs=2.289, exp=2.274, diff=+0.015 
Region 4: obs=2.275, exp=2.274, diff=+0.001 
Region 5: obs=2.038, exp=2.274, diff=-0.236 
Region 6: obs=1.753, exp=2.274, diff=-0.521 *
Region 7: obs=2.488, exp=2.274, diff=+0.214 
Region 8: obs=2.458, exp=2.274, diff=+0.184 
Region 9: obs=2.451, exp=2.274, diff=+0.177 
Region 10: obs=2.035, exp=2.274, diff=-0.239 
Region 11: obs=2.047, exp=2.274, diff=-0.227 
Region 12: obs=1.882, exp=2.274, diff=-0.392 
Region 13: obs=2.569, exp=2.274, diff=+0.295 
Region 14: obs=2.364, exp=2.274, diff=+0.090 
Region 15: obs=2.725, exp=2.274, diff=+0.451 
Region 16: obs=2.194, exp=2.274, diff=-0.079 
Region 17: obs=2.268, exp=2.274, diff=-0.006 
Region 18: obs=1.516, exp=2.274, diff=-0.758 *
Region 19: obs=2.238, exp=2.274, diff=-0.036 
Region 20: obs=2.356, exp=2.274, diff=+0.082 
Region 21: obs=2.301, exp=2.274, diff=+0.027 
Region 22: obs=2.581, exp=2.274, diff=+0.307 
Region 23: obs=2.164, exp=2.274, diff=-0.109 
Region 24: obs=2.460, exp=2.274, diff=+0.187 
Region 25: obs=2.314, exp=2.274, diff=+0.040 
Region 26: obs=2.800, exp=2.274, diff=+0.526 *
Region 27: obs=2.402, exp=2.274, diff=+0.128 
Region 28: obs=2.578, exp=2.274, diff=+0.304 

[Gene CN Results]
  CYP3A5: 2.27 → 2.2738263607025146
Using device: cuda

CYP3A5*3.001:

CYP3A5*3.012:

CYP3A5*3.013:

CYP3A5*3.014:

CYP3A5*3.015:

CYP3A5*3.016:

=== Running VAE with seed 2048 ===
Global Pooled JS: 0.017665
functional kld weight 0.0
Seed 2048, Step    0: Loss = 83.94 (Recon: 54.38, Allele KL: 2.78, Base KL: 133.84, Functional KL: 0.02
Global Pooled JS: 0.009436
functional kld weight 27.77777777777777
Seed 2048, Step  500: Loss = 65.19 (Recon: 33.70, Allele KL: 6.16, Base KL: 4354.01, Functional KL: 0.01
Global Pooled JS: 0.006488
functional kld weight 222.22222222222217
Seed 2048, Step 1000: Loss = 60.26 (Recon: 25.66, Allele KL: 8.51, Base KL: 4989.44, Functional KL: 0.01
Global Pooled JS: 0.004279
functional kld weight 750.0
Seed 2048, Step 1500: Loss = 63.43 (Recon: 25.08, Allele KL: 9.46, Base KL: 6325.34, Functional KL: 0.00
Global Pooled JS: 0.003352
functional kld weight 1777.7777777777774
Seed 2048, Step 2000: Loss = 69.01 (Recon: 27.58, Allele KL: 7.34, Base KL: 8621.17, Functional KL: 0.00
Global Pooled JS: 0.002097
functional kld weight 3472.222222222223
Seed 2048, Step 2500: Loss = 73.66 (Recon: 25.79, Allele KL: 10.08, Base KL: 11172.62, Functional KL: 0.00

Top Variants with Coverage Mismatches:
Rank   Variant                        Expected     Observed     Diff       |Div|       
------------------------------------------------------------------------------------------
1      CYP3A5:99270538→M              0.03         0.00         0.03       0.000237    
2      CYP3A5:99270538→T              0.03         0.00         0.03       0.000236    
3      CYP3A5:99270538→A              0.03         0.00         0.03       0.000235    
4      CYP3A5:99270538→G              0.03         0.00         0.03       0.000235    
5      CYP3A5:99270538→P              0.03         0.00         0.03       0.000232    
6      CYP3A5:99270538→N              0.03         0.00         0.03       0.000229    
7      CYP3A5:99270538→C              43.32        63.00        -19.68     0.000002    
New best model with final loss: 78.29

=== Multi-Seed VAE Results ===
Best model had seed 2048 with final loss: 78.29
All seeds final losses:
  Seed 2048: Total=78.29 (Recon=24.76, A_KL=12.51, B_KL=13898.33) <- Best

[Raw]:
CYP3A5*3: Normalized=1.0000, Unnormalized=1.00

[Alleles]
CYP3A5*3
CYP3A5*3
	Command being timed: "python cyp.py CYP3A5 /project/shared/aldy-data/wgs/NA18617.wgs.cram 2048"
	User time (seconds): 52.70
	System time (seconds): 10.92
	Percent of CPU this job got: 99%
	Elapsed (wall clock) time (h:mm:ss or m:ss): 1:03.92
	Average shared text size (kbytes): 0
	Average unshared data size (kbytes): 0
	Average stack size (kbytes): 0
	Average total size (kbytes): 0
	Maximum resident set size (kbytes): 1890580
	Average resident set size (kbytes): 0
	Major (requiring I/O) page faults: 0
	Minor (reclaiming a frame) page faults: 546152
	Voluntary context switches: 9823
	Involuntary context switches: 257
	Swaps: 0
	File system inputs: 0
	File system outputs: 24
	Socket messages sent: 0
	Socket messages received: 0
	Signals delivered: 0
	Page size (bytes): 4096
	Exit status: 0
