[info] total indices 175
[info] total variants 175
3.002 was filtered out as 99273814 G>A needs A but not covered
3.003 was filtered out as 99270275 A>C needs C but not covered
3.004 was filtered out as 99245973 A>G needs G but not covered
3.005 was filtered out as 99264572 A>G needs G but not covered
3.006 was filtered out as 99247742 T>C needs C but not covered
3.007 was filtered out as 99247771 A>G needs G but not covered
3.008 was filtered out as 99273744 T>C needs C but not covered
3.009 was filtered out as 99262859 T>C needs C but not covered
3.010 was filtered out as 99250235 G>T needs T but not covered
3.017 was filtered out as 99262850 A>C needs C but not covered
6.001 was filtered out as 99262834 C>T needs T but not covered
7.001 was filtered out as 99250392 insA needs P but not covered
8.001 was filtered out as 99273820 G>A needs A but not covered
9.001 was filtered out as 99258138 C>T needs T but not covered
[filter] CYP3A5 1 => 1.001; 1.002; 1.003; 1.004; 1.005
[filter] CYP3A5 3 => 3.001; 3.012; 3.013; 3.014; 3.015; 3.016
[filter] valid_alleles=11
Step 0: Loss=0.1972, CN=[2.0999167]
Step 100: Loss=0.0555, CN=[2.6173973]
Step 200: Loss=0.0555, CN=[2.619535]
Step 300: Loss=0.0555, CN=[2.6195493]
Step 400: Loss=0.0555, CN=[2.6195493]

=== Fit ===
Region 0: obs=2.874, exp=2.620, diff=+0.254 
Region 1: obs=1.895, exp=2.620, diff=-0.724 *
Region 2: obs=2.341, exp=2.620, diff=-0.278 
Region 3: obs=2.528, exp=2.620, diff=-0.091 
Region 4: obs=2.298, exp=2.620, diff=-0.321 
Region 5: obs=2.471, exp=2.620, diff=-0.149 
Region 6: obs=2.480, exp=2.620, diff=-0.139 
Region 7: obs=2.352, exp=2.620, diff=-0.268 
Region 8: obs=3.149, exp=2.620, diff=+0.530 *
Region 9: obs=3.074, exp=2.620, diff=+0.454 
Region 10: obs=2.876, exp=2.620, diff=+0.257 
Region 11: obs=2.594, exp=2.620, diff=-0.026 
Region 12: obs=2.814, exp=2.620, diff=+0.194 
Region 13: obs=2.547, exp=2.620, diff=-0.072 
Region 14: obs=2.234, exp=2.620, diff=-0.385 
Region 15: obs=2.849, exp=2.620, diff=+0.230 
Region 16: obs=2.695, exp=2.620, diff=+0.075 
Region 17: obs=2.952, exp=2.620, diff=+0.332 
Region 18: obs=2.147, exp=2.620, diff=-0.473 
Region 19: obs=2.795, exp=2.620, diff=+0.175 
Region 20: obs=1.937, exp=2.620, diff=-0.682 *
Region 21: obs=2.695, exp=2.620, diff=+0.075 
Region 22: obs=2.805, exp=2.620, diff=+0.186 
Region 23: obs=2.609, exp=2.620, diff=-0.010 
Region 24: obs=2.272, exp=2.620, diff=-0.348 
Region 25: obs=2.658, exp=2.620, diff=+0.039 
Region 26: obs=2.409, exp=2.620, diff=-0.211 
Region 27: obs=3.142, exp=2.620, diff=+0.523 *
Region 28: obs=3.167, exp=2.620, diff=+0.548 *

[Gene CN Results]
  CYP3A5: 2.62 → 2.619549512863159
Using device: cuda

CYP3A5*1.001:

CYP3A5*1.002:

CYP3A5*1.003:

CYP3A5*1.004:

CYP3A5*1.005:

CYP3A5*3.001:

CYP3A5*3.012:

CYP3A5*3.013:

CYP3A5*3.014:

CYP3A5*3.015:

CYP3A5*3.016:

=== Running VAE with seed 2048 ===
Global Pooled JS: 0.059000
functional kld weight 0.0
Seed 2048, Step    0: Loss = 121.65 (Recon: 87.73, Allele KL: 6.97, Base KL: 492.33, Functional KL: 0.06
Global Pooled JS: 0.005915
functional kld weight 27.77777777777777
Seed 2048, Step  500: Loss = 97.32 (Recon: 57.57, Allele KL: 12.74, Base KL: 3320.05, Functional KL: 0.01
Global Pooled JS: 0.007137
functional kld weight 222.22222222222217
Seed 2048, Step 1000: Loss = 101.00 (Recon: 60.74, Allele KL: 11.15, Base KL: 3674.56, Functional KL: 0.01
Global Pooled JS: 0.005028
functional kld weight 750.0
Seed 2048, Step 1500: Loss = 104.20 (Recon: 56.78, Allele KL: 15.98, Base KL: 4338.12, Functional KL: 0.01
Global Pooled JS: 0.003200
functional kld weight 1777.7777777777774
Seed 2048, Step 2000: Loss = 109.18 (Recon: 61.56, Allele KL: 12.42, Base KL: 5827.13, Functional KL: 0.00
Global Pooled JS: 0.003081
functional kld weight 3472.222222222223
Seed 2048, Step 2500: Loss = 115.40 (Recon: 55.25, Allele KL: 19.15, Base KL: 7326.97, Functional KL: 0.00

Top Variants with Coverage Mismatches:
Rank   Variant                        Expected     Observed     Diff       |Div|       
------------------------------------------------------------------------------------------
1      CYP3A5:99270538→P              0.03         0.00         0.03       0.000264    
2      CYP3A5:99270538→M              0.03         0.00         0.03       0.000258    
3      CYP3A5:99270538→G              0.03         0.00         0.03       0.000257    
4      CYP3A5:99270538→A              0.03         0.00         0.03       0.000257    
5      CYP3A5:99270538→N              0.03         0.00         0.03       0.000256    
6      CYP3A5:99270538→C              23.29        22.00        1.29       0.000173    
7      CYP3A5:99270538→T              22.24        19.00        3.24       0.000142    
New best model with final loss: 113.71

=== Multi-Seed VAE Results ===
Best model had seed 2048 with final loss: 113.71
All seeds final losses:
  Seed 2048: Total=113.71 (Recon=54.80, A_KL=16.98, B_KL=9327.90) <- Best

[Raw]:
CYP3A5*3: Normalized=0.5143, Unnormalized=0.51
CYP3A5*1: Normalized=0.4857, Unnormalized=0.49

[Alleles]
CYP3A5*3
CYP3A5*1
	Command being timed: "python cyp.py CYP3A5 /project/shared/aldy-data/wgs/NA18980.wgs.cram 2048"
	User time (seconds): 53.13
	System time (seconds): 9.98
	Percent of CPU this job got: 99%
	Elapsed (wall clock) time (h:mm:ss or m:ss): 1:03.49
	Average shared text size (kbytes): 0
	Average unshared data size (kbytes): 0
	Average stack size (kbytes): 0
	Average total size (kbytes): 0
	Maximum resident set size (kbytes): 1893552
	Average resident set size (kbytes): 0
	Major (requiring I/O) page faults: 0
	Minor (reclaiming a frame) page faults: 589238
	Voluntary context switches: 9392
	Involuntary context switches: 126
	Swaps: 0
	File system inputs: 0
	File system outputs: 24
	Socket messages sent: 0
	Socket messages received: 0
	Signals delivered: 0
	Page size (bytes): 4096
	Exit status: 0
