[info] total indices 175
[info] total variants 175
3.002 was filtered out as 99273814 G>A needs A but not covered
3.003 was filtered out as 99270275 A>C needs C but not covered
3.004 was filtered out as 99245973 A>G needs G but not covered
3.005 was filtered out as 99264572 A>G needs G but not covered
3.006 was filtered out as 99247742 T>C needs C but not covered
3.007 was filtered out as 99247771 A>G needs G but not covered
3.008 was filtered out as 99273744 T>C needs C but not covered
3.009 was filtered out as 99262859 T>C needs C but not covered
3.010 was filtered out as 99250235 G>T needs T but not covered
3.017 was filtered out as 99262850 A>C needs C but not covered
7.001 was filtered out as 99250392 insA needs P but not covered
8.001 was filtered out as 99273820 G>A needs A but not covered
9.001 was filtered out as 99258138 C>T needs T but not covered
[filter] CYP3A5 1 => 1.001; 1.002; 1.003; 1.004; 1.005
[filter] CYP3A5 3 => 3.001; 3.012; 3.013; 3.014; 3.015; 3.016
[filter] CYP3A5 6 => 6.001
[filter] valid_alleles=12
Step 0: Loss=0.0359, CN=[2.0999167]
Step 100: Loss=0.0297, CN=[2.1161964]
Step 200: Loss=0.0297, CN=[2.1161938]
Step 300: Loss=0.0297, CN=[2.1161938]
Step 400: Loss=0.0297, CN=[2.1161935]

=== Fit ===
Region 0: obs=2.180, exp=2.116, diff=+0.064 
Region 1: obs=1.998, exp=2.116, diff=-0.118 
Region 2: obs=2.039, exp=2.116, diff=-0.078 
Region 3: obs=2.175, exp=2.116, diff=+0.059 
Region 4: obs=1.846, exp=2.116, diff=-0.270 
Region 5: obs=1.999, exp=2.116, diff=-0.117 
Region 6: obs=2.817, exp=2.116, diff=+0.701 *
Region 7: obs=2.070, exp=2.116, diff=-0.046 
Region 8: obs=1.726, exp=2.116, diff=-0.391 
Region 9: obs=2.035, exp=2.116, diff=-0.082 
Region 10: obs=2.393, exp=2.116, diff=+0.277 
Region 11: obs=2.107, exp=2.116, diff=-0.009 
Region 12: obs=1.933, exp=2.116, diff=-0.183 
Region 13: obs=2.110, exp=2.116, diff=-0.006 
Region 14: obs=2.084, exp=2.116, diff=-0.032 
Region 15: obs=2.415, exp=2.116, diff=+0.299 
Region 16: obs=2.877, exp=2.116, diff=+0.761 *
Region 17: obs=2.265, exp=2.116, diff=+0.149 
Region 18: obs=1.845, exp=2.116, diff=-0.271 
Region 19: obs=2.216, exp=2.116, diff=+0.100 
Region 20: obs=2.099, exp=2.116, diff=-0.017 
Region 21: obs=1.984, exp=2.116, diff=-0.132 
Region 22: obs=2.278, exp=2.116, diff=+0.161 
Region 23: obs=2.273, exp=2.116, diff=+0.156 
Region 24: obs=2.180, exp=2.116, diff=+0.063 
Region 25: obs=2.022, exp=2.116, diff=-0.094 
Region 26: obs=1.921, exp=2.116, diff=-0.195 
Region 27: obs=1.882, exp=2.116, diff=-0.234 
Region 28: obs=2.062, exp=2.116, diff=-0.054 

[Gene CN Results]
  CYP3A5: 2.12 → 2.116194009780884
Using device: cuda

CYP3A5*1.001:

CYP3A5*1.002:

CYP3A5*1.003:

CYP3A5*1.004:

CYP3A5*1.005:

CYP3A5*3.001:

CYP3A5*3.012:

CYP3A5*3.013:

CYP3A5*3.014:

CYP3A5*3.015:

CYP3A5*3.016:

CYP3A5*6.001:

=== Running VAE with seed 2048 ===
Global Pooled JS: 0.024397
functional kld weight 0.0
Seed 2048, Step    0: Loss = 119.51 (Recon: 85.44, Allele KL: 8.25, Base KL: 856.85, Functional KL: 0.02
Global Pooled JS: 0.007620
functional kld weight 27.77777777777777
Seed 2048, Step  500: Loss = 94.76 (Recon: 56.12, Allele KL: 13.64, Base KL: 2786.07, Functional KL: 0.01
Global Pooled JS: 0.008362
functional kld weight 222.22222222222217
Seed 2048, Step 1000: Loss = 97.66 (Recon: 58.10, Allele KL: 12.44, Base KL: 3056.96, Functional KL: 0.01
Global Pooled JS: 0.006370
functional kld weight 750.0
Seed 2048, Step 1500: Loss = 102.12 (Recon: 55.24, Allele KL: 16.50, Base KL: 3900.75, Functional KL: 0.01
Global Pooled JS: 0.009366
functional kld weight 1777.7777777777774
Seed 2048, Step 2000: Loss = 116.66 (Recon: 57.84, Allele KL: 14.94, Base KL: 5389.50, Functional KL: 0.01
Global Pooled JS: 0.003235
functional kld weight 3472.222222222223
Seed 2048, Step 2500: Loss = 112.59 (Recon: 52.99, Allele KL: 19.55, Base KL: 7348.84, Functional KL: 0.00

Top Variants with Coverage Mismatches:
Rank   Variant                        Expected     Observed     Diff       |Div|       
------------------------------------------------------------------------------------------
1      CYP3A5:99270538→C              20.59        27.00        -6.41      0.001149    
2      CYP3A5:99262834→T              19.06        19.00        0.06       0.000220    
3      CYP3A5:99270538→P              0.04         0.00         0.04       0.000170    
4      CYP3A5:99270538→A              0.04         0.00         0.04       0.000167    
5      CYP3A5:99270538→M              0.04         0.00         0.04       0.000166    
6      CYP3A5:99270538→N              0.04         0.00         0.04       0.000165    
7      CYP3A5:99270538→G              0.04         0.00         0.04       0.000164    
8      CYP3A5:99262834→P              0.03         0.00         0.03       0.000141    
9      CYP3A5:99262834→G              0.03         0.00         0.03       0.000138    
10     CYP3A5:99262834→N              0.03         0.00         0.03       0.000136    
11     CYP3A5:99262834→M              0.03         0.00         0.03       0.000136    
12     CYP3A5:99262834→A              0.03         0.00         0.03       0.000136    
13     CYP3A5:99262834→C              22.50        23.00        -0.50      0.000136    
14     CYP3A5:99270538→T              20.93        22.00        -1.07      0.000042    
New best model with final loss: 120.04

=== Multi-Seed VAE Results ===
Best model had seed 2048 with final loss: 120.04
All seeds final losses:
  Seed 2048: Total=120.04 (Recon=53.41, A_KL=18.16, B_KL=9684.85) <- Best

[Raw]:
CYP3A5*3: Normalized=0.4995, Unnormalized=0.50
CYP3A5*6: Normalized=0.4618, Unnormalized=0.46

[Alleles]
CYP3A5*3
CYP3A5*6
	Command being timed: "python cyp.py CYP3A5 /project/shared/aldy-data/wgs/NA19819.wgs.cram 2048"
	User time (seconds): 51.24
	System time (seconds): 10.78
	Percent of CPU this job got: 98%
	Elapsed (wall clock) time (h:mm:ss or m:ss): 1:02.97
	Average shared text size (kbytes): 0
	Average unshared data size (kbytes): 0
	Average stack size (kbytes): 0
	Average total size (kbytes): 0
	Maximum resident set size (kbytes): 1884216
	Average resident set size (kbytes): 0
	Major (requiring I/O) page faults: 0
	Minor (reclaiming a frame) page faults: 487997
	Voluntary context switches: 9844
	Involuntary context switches: 115
	Swaps: 0
	File system inputs: 0
	File system outputs: 24
	Socket messages sent: 0
	Socket messages received: 0
	Signals delivered: 0
	Page size (bytes): 4096
	Exit status: 0
