[info] total indices 175
[info] total variants 175
3.001 was filtered out as 99270538 T>C needs C but not covered
3.012 was filtered out as 99270538 T>C needs C but not covered
3.013 was filtered out as 99270538 T>C needs C but not covered
3.014 was filtered out as 99270538 T>C needs C but not covered
3.015 was filtered out as 99270538 T>C needs C but not covered
3.016 was filtered out as 99270538 T>C needs C but not covered
3.002 was filtered out as 99270538 T>C needs C but not covered
3.003 was filtered out as 99270538 T>C needs C but not covered
3.004 was filtered out as 99270538 T>C needs C but not covered
3.005 was filtered out as 99270538 T>C needs C but not covered
3.006 was filtered out as 99270538 T>C needs C but not covered
3.007 was filtered out as 99270538 T>C needs C but not covered
3.008 was filtered out as 99270538 T>C needs C but not covered
3.009 was filtered out as 99270538 T>C needs C but not covered
3.010 was filtered out as 99270538 T>C needs C but not covered
3.017 was filtered out as 99270538 T>C needs C but not covered
7.001 was filtered out as 99250392 insA needs P but not covered
8.001 was filtered out as 99273820 G>A needs A but not covered
9.001 was filtered out as 99258138 C>T needs T but not covered
[filter] CYP3A5 1 => 1.001; 1.002; 1.003; 1.004; 1.005
[filter] CYP3A5 6 => 6.001
[filter] valid_alleles=6
Step 0: Loss=0.1236, CN=[2.0999167]
Step 100: Loss=0.0563, CN=[2.401655]
Step 200: Loss=0.0563, CN=[2.403406]
Step 300: Loss=0.0563, CN=[2.403397]
Step 400: Loss=0.0563, CN=[2.4033973]

=== Fit ===
Region 0: obs=2.425, exp=2.403, diff=+0.022 
Region 1: obs=2.073, exp=2.403, diff=-0.330 
Region 2: obs=1.808, exp=2.403, diff=-0.596 *
Region 3: obs=2.214, exp=2.403, diff=-0.189 
Region 4: obs=2.057, exp=2.403, diff=-0.346 
Region 5: obs=1.933, exp=2.403, diff=-0.471 
Region 6: obs=2.178, exp=2.403, diff=-0.225 
Region 7: obs=2.294, exp=2.403, diff=-0.110 
Region 8: obs=1.898, exp=2.403, diff=-0.505 *
Region 9: obs=2.335, exp=2.403, diff=-0.068 
Region 10: obs=3.081, exp=2.403, diff=+0.678 *
Region 11: obs=2.453, exp=2.403, diff=+0.049 
Region 12: obs=1.981, exp=2.403, diff=-0.423 
Region 13: obs=2.781, exp=2.403, diff=+0.378 
Region 14: obs=2.317, exp=2.403, diff=-0.086 
Region 15: obs=2.454, exp=2.403, diff=+0.051 
Region 16: obs=3.036, exp=2.403, diff=+0.632 *
Region 17: obs=2.442, exp=2.403, diff=+0.039 
Region 18: obs=1.874, exp=2.403, diff=-0.529 *
Region 19: obs=2.527, exp=2.403, diff=+0.123 
Region 20: obs=2.783, exp=2.403, diff=+0.380 
Region 21: obs=2.447, exp=2.403, diff=+0.044 
Region 22: obs=2.625, exp=2.403, diff=+0.222 
Region 23: obs=2.608, exp=2.403, diff=+0.204 
Region 24: obs=2.637, exp=2.403, diff=+0.234 
Region 25: obs=2.557, exp=2.403, diff=+0.154 
Region 26: obs=2.939, exp=2.403, diff=+0.535 *
Region 27: obs=2.646, exp=2.403, diff=+0.242 
Region 28: obs=2.511, exp=2.403, diff=+0.108 

[Gene CN Results]
  CYP3A5: 2.40 → 2.4033970832824707
Using device: cuda

CYP3A5*1.001:

CYP3A5*1.002:

CYP3A5*1.003:

CYP3A5*1.004:

CYP3A5*1.005:

CYP3A5*6.001:

=== Running VAE with seed 2048 ===
Global Pooled JS: 0.097068
functional kld weight 0.0
Seed 2048, Step    0: Loss = 117.35 (Recon: 96.21, Allele KL: 2.62, Base KL: 101.42, Functional KL: 0.10
Global Pooled JS: 0.005612
functional kld weight 27.77777777777777
Seed 2048, Step  500: Loss = 49.17 (Recon: 21.31, Allele KL: 11.26, Base KL: 2988.94, Functional KL: 0.01
Global Pooled JS: 0.005885
functional kld weight 222.22222222222217
Seed 2048, Step 1000: Loss = 53.06 (Recon: 24.66, Allele KL: 10.22, Base KL: 3225.80, Functional KL: 0.01
Global Pooled JS: 0.009418
functional kld weight 750.0
Seed 2048, Step 1500: Loss = 60.48 (Recon: 25.07, Allele KL: 10.97, Base KL: 3926.49, Functional KL: 0.01
Global Pooled JS: 0.002220
functional kld weight 1777.7777777777774
Seed 2048, Step 2000: Loss = 64.79 (Recon: 32.64, Allele KL: 9.31, Base KL: 5068.64, Functional KL: 0.00
Global Pooled JS: 0.002690
functional kld weight 3472.222222222223
Seed 2048, Step 2500: Loss = 66.40 (Recon: 21.43, Allele KL: 15.89, Base KL: 6660.83, Functional KL: 0.00

Top Variants with Coverage Mismatches:
Rank   Variant                        Expected     Observed     Diff       |Div|       
------------------------------------------------------------------------------------------
1      CYP3A5:99262834→M              0.02         0.00         0.02       0.000163    
2      CYP3A5:99262834→A              0.02         0.00         0.02       0.000163    
3      CYP3A5:99262834→P              0.02         0.00         0.02       0.000163    
4      CYP3A5:99262834→N              0.02         0.00         0.02       0.000161    
5      CYP3A5:99262834→G              0.02         0.00         0.02       0.000160    
6      CYP3A5:99262834→T              23.14        21.00        2.14       0.000013    
7      CYP3A5:99262834→C              29.34        26.00        3.34       0.000005    
New best model with final loss: 63.84

=== Multi-Seed VAE Results ===
Best model had seed 2048 with final loss: 63.84
All seeds final losses:
  Seed 2048: Total=63.84 (Recon=25.34, A_KL=12.16, B_KL=8092.58) <- Best

[Raw]:
CYP3A5*1: Normalized=0.5571, Unnormalized=0.56
CYP3A5*6: Normalized=0.4429, Unnormalized=0.44

[Alleles]
CYP3A5*1
CYP3A5*6
	Command being timed: "python cyp.py CYP3A5 /project/shared/aldy-data/wgs/NA19213.wgs.cram 2048"
	User time (seconds): 52.32
	System time (seconds): 10.72
	Percent of CPU this job got: 99%
	Elapsed (wall clock) time (h:mm:ss or m:ss): 1:03.40
	Average shared text size (kbytes): 0
	Average unshared data size (kbytes): 0
	Average stack size (kbytes): 0
	Average total size (kbytes): 0
	Maximum resident set size (kbytes): 1902176
	Average resident set size (kbytes): 0
	Major (requiring I/O) page faults: 0
	Minor (reclaiming a frame) page faults: 597143
	Voluntary context switches: 9407
	Involuntary context switches: 151
	Swaps: 0
	File system inputs: 0
	File system outputs: 24
	Socket messages sent: 0
	Socket messages received: 0
	Signals delivered: 0
	Page size (bytes): 4096
	Exit status: 0
