[info] total indices 175
[info] total variants 175
1.001 was filtered out as 99270538 T>C needs T but not covered
1.002 was filtered out as 99270538 T>C needs T but not covered
1.003 was filtered out as 99270538 T>C needs T but not covered
1.004 was filtered out as 99270538 T>C needs T but not covered
1.005 was filtered out as 99270538 T>C needs T but not covered
3.002 was filtered out as 99273814 G>A needs A but not covered
3.003 was filtered out as 99270275 A>C needs C but not covered
3.004 was filtered out as 99245973 A>G needs G but not covered
3.005 was filtered out as 99264572 A>G needs G but not covered
3.006 was filtered out as 99247742 T>C needs C but not covered
3.007 was filtered out as 99247771 A>G needs G but not covered
3.008 was filtered out as 99273744 T>C needs C but not covered
3.009 was filtered out as 99262859 T>C needs C but not covered
3.010 was filtered out as 99250235 G>T needs T but not covered
3.017 was filtered out as 99262850 A>C needs C but not covered
6.001 was filtered out as 99270538 T>C needs T but not covered
7.001 was filtered out as 99270538 T>C needs T but not covered
8.001 was filtered out as 99270538 T>C needs T but not covered
9.001 was filtered out as 99270538 T>C needs T but not covered
[filter] CYP3A5 3 => 3.001; 3.012; 3.013; 3.014; 3.015; 3.016
[filter] valid_alleles=6
Step 0: Loss=0.2451, CN=[2.0999167]
Step 100: Loss=0.0561, CN=[2.7111588]
Step 200: Loss=0.0561, CN=[2.7082217]
Step 300: Loss=0.0561, CN=[2.7082276]
Step 400: Loss=0.0561, CN=[2.7082272]

=== Fit ===
Region 0: obs=2.661, exp=2.708, diff=-0.047 
Region 1: obs=2.424, exp=2.708, diff=-0.284 
Region 2: obs=1.899, exp=2.708, diff=-0.809 *
Region 3: obs=2.714, exp=2.708, diff=+0.006 
Region 4: obs=3.010, exp=2.708, diff=+0.302 
Region 5: obs=2.618, exp=2.708, diff=-0.090 
Region 6: obs=2.912, exp=2.708, diff=+0.203 
Region 7: obs=2.769, exp=2.708, diff=+0.061 
Region 8: obs=1.860, exp=2.708, diff=-0.848 *
Region 9: obs=2.798, exp=2.708, diff=+0.090 
Region 10: obs=3.254, exp=2.708, diff=+0.546 *
Region 11: obs=2.993, exp=2.708, diff=+0.285 
Region 12: obs=2.502, exp=2.708, diff=-0.207 
Region 13: obs=2.413, exp=2.708, diff=-0.295 
Region 14: obs=2.430, exp=2.708, diff=-0.278 
Region 15: obs=2.594, exp=2.708, diff=-0.114 
Region 16: obs=3.959, exp=2.708, diff=+1.251 *
Region 17: obs=3.006, exp=2.708, diff=+0.298 
Region 18: obs=2.579, exp=2.708, diff=-0.130 
Region 19: obs=2.809, exp=2.708, diff=+0.100 
Region 20: obs=2.910, exp=2.708, diff=+0.202 
Region 21: obs=2.706, exp=2.708, diff=-0.002 
Region 22: obs=2.598, exp=2.708, diff=-0.110 
Region 23: obs=2.557, exp=2.708, diff=-0.151 
Region 24: obs=2.709, exp=2.708, diff=+0.001 
Region 25: obs=2.528, exp=2.708, diff=-0.180 
Region 26: obs=2.837, exp=2.708, diff=+0.129 
Region 27: obs=2.841, exp=2.708, diff=+0.133 
Region 28: obs=2.787, exp=2.708, diff=+0.079 

[Gene CN Results]
  CYP3A5: 2.71 → 2.7082273960113525
Using device: cuda

CYP3A5*3.001:

CYP3A5*3.012:

CYP3A5*3.013:

CYP3A5*3.014:

CYP3A5*3.015:

CYP3A5*3.016:

=== Running VAE with seed 2048 ===
Global Pooled JS: 0.017684
functional kld weight 0.0
Seed 2048, Step    0: Loss = 98.62 (Recon: 69.43, Allele KL: 2.28, Base KL: 120.63, Functional KL: 0.02
Global Pooled JS: 0.011440
functional kld weight 27.77777777777777
Seed 2048, Step  500: Loss = 64.23 (Recon: 31.97, Allele KL: 6.71, Base KL: 3969.02, Functional KL: 0.01
Global Pooled JS: 0.009057
functional kld weight 222.22222222222217
Seed 2048, Step 1000: Loss = 65.76 (Recon: 26.88, Allele KL: 11.86, Base KL: 4675.07, Functional KL: 0.01
Global Pooled JS: 0.006322
functional kld weight 750.0
Seed 2048, Step 1500: Loss = 66.19 (Recon: 25.45, Allele KL: 9.55, Base KL: 6461.76, Functional KL: 0.01
Global Pooled JS: 0.004749
functional kld weight 1777.7777777777774
Seed 2048, Step 2000: Loss = 73.57 (Recon: 27.02, Allele KL: 8.86, Base KL: 9318.37, Functional KL: 0.00
Global Pooled JS: 0.003516
functional kld weight 3472.222222222223
Seed 2048, Step 2500: Loss = 81.27 (Recon: 27.23, Allele KL: 9.00, Base KL: 12935.08, Functional KL: 0.00

Top Variants with Coverage Mismatches:
Rank   Variant                        Expected     Observed     Diff       |Div|       
------------------------------------------------------------------------------------------
1      CYP3A5:99270538→M              0.05         0.00         0.05       0.000361    
2      CYP3A5:99270538→G              0.05         0.00         0.05       0.000359    
3      CYP3A5:99270538→T              0.05         0.00         0.05       0.000357    
4      CYP3A5:99270538→P              0.05         0.00         0.05       0.000356    
5      CYP3A5:99270538→N              0.05         0.00         0.05       0.000355    
6      CYP3A5:99270538→A              0.05         0.00         0.05       0.000355    
7      CYP3A5:99270538→C              43.73        46.00        -2.27      0.000005    
New best model with final loss: 88.42

=== Multi-Seed VAE Results ===
Best model had seed 2048 with final loss: 88.42
All seeds final losses:
  Seed 2048: Total=88.42 (Recon=25.92, A_KL=13.01, B_KL=17099.38) <- Best

[Raw]:
CYP3A5*3: Normalized=1.0000, Unnormalized=1.00

[Alleles]
CYP3A5*3
CYP3A5*3
	Command being timed: "python cyp.py CYP3A5 /project/shared/aldy-data/wgs/NA20509.wgs.cram 2048"
	User time (seconds): 39.42
	System time (seconds): 6.46
	Percent of CPU this job got: 98%
	Elapsed (wall clock) time (h:mm:ss or m:ss): 0:46.74
	Average shared text size (kbytes): 0
	Average unshared data size (kbytes): 0
	Average stack size (kbytes): 0
	Average total size (kbytes): 0
	Maximum resident set size (kbytes): 1900040
	Average resident set size (kbytes): 0
	Major (requiring I/O) page faults: 0
	Minor (reclaiming a frame) page faults: 533280
	Voluntary context switches: 9628
	Involuntary context switches: 86
	Swaps: 0
	File system inputs: 0
	File system outputs: 24
	Socket messages sent: 0
	Socket messages received: 0
	Signals delivered: 0
	Page size (bytes): 4096
	Exit status: 0
