[info] total indices 175
[info] total variants 175
3.002 was filtered out as 99273814 G>A needs A but not covered
3.003 was filtered out as 99270275 A>C needs C but not covered
3.004 was filtered out as 99245973 A>G needs G but not covered
3.005 was filtered out as 99264572 A>G needs G but not covered
3.006 was filtered out as 99247742 T>C needs C but not covered
3.007 was filtered out as 99247771 A>G needs G but not covered
3.008 was filtered out as 99273744 T>C needs C but not covered
3.009 was filtered out as 99262859 T>C needs C but not covered
3.010 was filtered out as 99250235 G>T needs T but not covered
3.017 was filtered out as 99262850 A>C needs C but not covered
6.001 was filtered out as 99262834 C>T needs T but not covered
7.001 was filtered out as 99250392 insA needs P but not covered
8.001 was filtered out as 99273820 G>A needs A but not covered
9.001 was filtered out as 99258138 C>T needs T but not covered
[filter] CYP3A5 1 => 1.001; 1.002; 1.003; 1.004; 1.005
[filter] CYP3A5 3 => 3.001; 3.012; 3.013; 3.014; 3.015; 3.016
[filter] valid_alleles=11
Step 0: Loss=0.0783, CN=[2.0999167]
Step 100: Loss=0.0547, CN=[2.2333362]
Step 200: Loss=0.0547, CN=[2.2342942]
Step 300: Loss=0.0547, CN=[2.2342975]
Step 400: Loss=0.0547, CN=[2.2342975]

=== Fit ===
Region 0: obs=2.190, exp=2.234, diff=-0.045 
Region 1: obs=1.800, exp=2.234, diff=-0.434 
Region 2: obs=1.969, exp=2.234, diff=-0.265 
Region 3: obs=2.048, exp=2.234, diff=-0.187 
Region 4: obs=2.197, exp=2.234, diff=-0.038 
Region 5: obs=2.191, exp=2.234, diff=-0.044 
Region 6: obs=1.826, exp=2.234, diff=-0.408 
Region 7: obs=2.012, exp=2.234, diff=-0.222 
Region 8: obs=2.062, exp=2.234, diff=-0.172 
Region 9: obs=2.399, exp=2.234, diff=+0.164 
Region 10: obs=3.078, exp=2.234, diff=+0.843 *
Region 11: obs=2.734, exp=2.234, diff=+0.500 *
Region 12: obs=1.876, exp=2.234, diff=-0.358 
Region 13: obs=2.294, exp=2.234, diff=+0.060 
Region 14: obs=2.528, exp=2.234, diff=+0.293 
Region 15: obs=2.357, exp=2.234, diff=+0.123 
Region 16: obs=3.153, exp=2.234, diff=+0.919 *
Region 17: obs=2.380, exp=2.234, diff=+0.145 
Region 18: obs=2.777, exp=2.234, diff=+0.543 *
Region 19: obs=2.188, exp=2.234, diff=-0.046 
Region 20: obs=1.943, exp=2.234, diff=-0.291 
Region 21: obs=2.160, exp=2.234, diff=-0.074 
Region 22: obs=1.754, exp=2.234, diff=-0.480 
Region 23: obs=2.289, exp=2.234, diff=+0.055 
Region 24: obs=2.040, exp=2.234, diff=-0.194 
Region 25: obs=2.072, exp=2.234, diff=-0.163 
Region 26: obs=2.488, exp=2.234, diff=+0.253 
Region 27: obs=2.526, exp=2.234, diff=+0.292 
Region 28: obs=2.270, exp=2.234, diff=+0.035 

[Gene CN Results]
  CYP3A5: 2.23 → 2.234297513961792
Using device: cuda

CYP3A5*1.001:

CYP3A5*1.002:

CYP3A5*1.003:

CYP3A5*1.004:

CYP3A5*1.005:

CYP3A5*3.001:

CYP3A5*3.012:

CYP3A5*3.013:

CYP3A5*3.014:

CYP3A5*3.015:

CYP3A5*3.016:

=== Running VAE with seed 1024 ===
Global Pooled JS: 0.013931
functional kld weight 0.0
Seed 1024, Step    0: Loss = 166.31 (Recon: 133.62, Allele KL: 5.38, Base KL: 506.04, Functional KL: 0.01
Global Pooled JS: 0.010629
functional kld weight 27.77777777777777
Seed 1024, Step  500: Loss = 99.19 (Recon: 58.53, Allele KL: 14.07, Base KL: 2890.13, Functional KL: 0.01
Global Pooled JS: 0.005834
functional kld weight 222.22222222222217
Seed 1024, Step 1000: Loss = 103.92 (Recon: 67.31, Allele KL: 7.88, Base KL: 3236.41, Functional KL: 0.01
Global Pooled JS: 0.004134
functional kld weight 750.0
Seed 1024, Step 1500: Loss = 104.88 (Recon: 58.76, Allele KL: 15.51, Base KL: 4016.24, Functional KL: 0.00
Global Pooled JS: 0.004292
functional kld weight 1777.7777777777774
Seed 1024, Step 2000: Loss = 110.72 (Recon: 59.66, Allele KL: 14.94, Base KL: 5298.49, Functional KL: 0.00
Global Pooled JS: 0.002058
functional kld weight 3472.222222222223
Seed 1024, Step 2500: Loss = 114.89 (Recon: 60.53, Allele KL: 16.90, Base KL: 6953.29, Functional KL: 0.00

Top Variants with Coverage Mismatches:
Rank   Variant                        Expected     Observed     Diff       |Div|       
------------------------------------------------------------------------------------------
1      CYP3A5:99270538→M              0.03         0.00         0.03       0.000254    
2      CYP3A5:99270538→N              0.03         0.00         0.03       0.000254    
3      CYP3A5:99270538→P              0.03         0.00         0.03       0.000251    
4      CYP3A5:99270538→G              0.03         0.00         0.03       0.000249    
5      CYP3A5:99270538→A              0.03         0.00         0.03       0.000248    
6      CYP3A5:99270538→C              21.07        18.00        3.07       0.000033    
7      CYP3A5:99270538→T              19.49        16.00        3.49       0.000018    
New best model with final loss: 124.67

=== Multi-Seed VAE Results ===
Best model had seed 1024 with final loss: 124.67
All seeds final losses:
  Seed 1024: Total=124.67 (Recon=59.51, A_KL=18.58, B_KL=8903.52) <- Best

[Raw]:
CYP3A5*3: Normalized=0.5222, Unnormalized=0.52
CYP3A5*1: Normalized=0.4778, Unnormalized=0.48

[Alleles]
CYP3A5*3
CYP3A5*1
	Command being timed: "python cyp.py CYP3A5 /project/shared/aldy-data/wgs/NA12717.wgs.cram 1024"
	User time (seconds): 51.87
	System time (seconds): 10.46
	Percent of CPU this job got: 99%
	Elapsed (wall clock) time (h:mm:ss or m:ss): 1:02.52
	Average shared text size (kbytes): 0
	Average unshared data size (kbytes): 0
	Average stack size (kbytes): 0
	Average total size (kbytes): 0
	Maximum resident set size (kbytes): 1883608
	Average resident set size (kbytes): 0
	Major (requiring I/O) page faults: 0
	Minor (reclaiming a frame) page faults: 509346
	Voluntary context switches: 9389
	Involuntary context switches: 109
	Swaps: 0
	File system inputs: 0
	File system outputs: 24
	Socket messages sent: 0
	Socket messages received: 0
	Signals delivered: 0
	Page size (bytes): 4096
	Exit status: 0
