[info] total indices 175
[info] total variants 175
1.001 was filtered out as 99270538 T>C needs T but not covered
1.002 was filtered out as 99270538 T>C needs T but not covered
1.003 was filtered out as 99270538 T>C needs T but not covered
1.004 was filtered out as 99270538 T>C needs T but not covered
1.005 was filtered out as 99270538 T>C needs T but not covered
3.002 was filtered out as 99273814 G>A needs A but not covered
3.003 was filtered out as 99270275 A>C needs C but not covered
3.004 was filtered out as 99245973 A>G needs G but not covered
3.005 was filtered out as 99264572 A>G needs G but not covered
3.006 was filtered out as 99247742 T>C needs C but not covered
3.007 was filtered out as 99247771 A>G needs G but not covered
3.008 was filtered out as 99273744 T>C needs C but not covered
3.009 was filtered out as 99262859 T>C needs C but not covered
3.010 was filtered out as 99250235 G>T needs T but not covered
3.017 was filtered out as 99262850 A>C needs C but not covered
6.001 was filtered out as 99270538 T>C needs T but not covered
7.001 was filtered out as 99270538 T>C needs T but not covered
8.001 was filtered out as 99270538 T>C needs T but not covered
9.001 was filtered out as 99270538 T>C needs T but not covered
[filter] CYP3A5 3 => 3.001; 3.012; 3.013; 3.014; 3.015; 3.016
[filter] valid_alleles=6
Step 0: Loss=0.0284, CN=[2.0999167]
Step 100: Loss=0.0278, CN=[2.0367315]
Step 200: Loss=0.0278, CN=[2.036547]
Step 300: Loss=0.0278, CN=[2.0365453]
Step 400: Loss=0.0278, CN=[2.0365455]

=== Fit ===
Region 0: obs=1.941, exp=2.037, diff=-0.095 
Region 1: obs=1.920, exp=2.037, diff=-0.117 
Region 2: obs=2.081, exp=2.037, diff=+0.044 
Region 3: obs=2.010, exp=2.037, diff=-0.026 
Region 4: obs=2.042, exp=2.037, diff=+0.006 
Region 5: obs=1.908, exp=2.037, diff=-0.129 
Region 6: obs=1.966, exp=2.037, diff=-0.071 
Region 7: obs=2.014, exp=2.037, diff=-0.023 
Region 8: obs=1.502, exp=2.037, diff=-0.535 *
Region 9: obs=2.073, exp=2.037, diff=+0.037 
Region 10: obs=1.883, exp=2.037, diff=-0.153 
Region 11: obs=2.253, exp=2.037, diff=+0.216 
Region 12: obs=1.998, exp=2.037, diff=-0.038 
Region 13: obs=2.168, exp=2.037, diff=+0.131 
Region 14: obs=2.247, exp=2.037, diff=+0.211 
Region 15: obs=2.102, exp=2.037, diff=+0.066 
Region 16: obs=2.009, exp=2.037, diff=-0.028 
Region 17: obs=1.965, exp=2.037, diff=-0.072 
Region 18: obs=1.875, exp=2.037, diff=-0.161 
Region 19: obs=2.130, exp=2.037, diff=+0.093 
Region 20: obs=1.553, exp=2.037, diff=-0.483 
Region 21: obs=2.035, exp=2.037, diff=-0.002 
Region 22: obs=2.045, exp=2.037, diff=+0.008 
Region 23: obs=1.948, exp=2.037, diff=-0.088 
Region 24: obs=1.801, exp=2.037, diff=-0.236 
Region 25: obs=2.109, exp=2.037, diff=+0.072 
Region 26: obs=2.644, exp=2.037, diff=+0.607 *
Region 27: obs=2.611, exp=2.037, diff=+0.575 *
Region 28: obs=2.373, exp=2.037, diff=+0.337 

[Gene CN Results]
  CYP3A5: 2.04 → 2.03654408454895
Using device: cuda

CYP3A5*3.001:

CYP3A5*3.012:

CYP3A5*3.013:

CYP3A5*3.014:

CYP3A5*3.015:

CYP3A5*3.016:

=== Running VAE with seed 1024 ===
Global Pooled JS: 0.017358
functional kld weight 0.0
Seed 1024, Step    0: Loss = 116.02 (Recon: 83.83, Allele KL: 6.32, Base KL: 150.96, Functional KL: 0.02
Global Pooled JS: 0.011341
functional kld weight 27.77777777777777
Seed 1024, Step  500: Loss = 74.94 (Recon: 42.40, Allele KL: 6.51, Base KL: 4243.88, Functional KL: 0.01
Global Pooled JS: 0.007364
functional kld weight 222.22222222222217
Seed 1024, Step 1000: Loss = 59.10 (Recon: 25.16, Allele KL: 7.55, Base KL: 4936.26, Functional KL: 0.01
Global Pooled JS: 0.005300
functional kld weight 750.0
Seed 1024, Step 1500: Loss = 66.56 (Recon: 27.68, Allele KL: 8.49, Base KL: 6388.81, Functional KL: 0.01
Global Pooled JS: 0.003047
functional kld weight 1777.7777777777774
Seed 1024, Step 2000: Loss = 67.08 (Recon: 24.13, Allele KL: 9.55, Base KL: 8809.07, Functional KL: 0.00
Global Pooled JS: 0.001958
functional kld weight 3472.222222222223
Seed 1024, Step 2500: Loss = 69.82 (Recon: 23.62, Allele KL: 9.06, Base KL: 11281.93, Functional KL: 0.00

Top Variants with Coverage Mismatches:
Rank   Variant                        Expected     Observed     Diff       |Div|       
------------------------------------------------------------------------------------------
1      CYP3A5:99270538→P              0.03         0.00         0.03       0.000255    
2      CYP3A5:99270538→A              0.03         0.00         0.03       0.000251    
3      CYP3A5:99270538→G              0.03         0.00         0.03       0.000250    
4      CYP3A5:99270538→M              0.03         0.00         0.03       0.000249    
5      CYP3A5:99270538→N              0.03         0.00         0.03       0.000248    
6      CYP3A5:99270538→T              0.03         0.00         0.03       0.000248    
7      CYP3A5:99270538→C              41.82        34.00        7.82       0.000002    
New best model with final loss: 77.33

=== Multi-Seed VAE Results ===
Best model had seed 1024 with final loss: 77.33
All seeds final losses:
  Seed 1024: Total=77.33 (Recon=24.03, A_KL=11.27, B_KL=13991.37) <- Best

[Raw]:
CYP3A5*3: Normalized=1.0000, Unnormalized=1.00

[Alleles]
CYP3A5*3
CYP3A5*3
	Command being timed: "python cyp.py CYP3A5 /project/shared/aldy-data/wgs/NA12156.wgs.cram 1024"
	User time (seconds): 52.37
	System time (seconds): 10.79
	Percent of CPU this job got: 99%
	Elapsed (wall clock) time (h:mm:ss or m:ss): 1:03.41
	Average shared text size (kbytes): 0
	Average unshared data size (kbytes): 0
	Average stack size (kbytes): 0
	Average total size (kbytes): 0
	Maximum resident set size (kbytes): 1869820
	Average resident set size (kbytes): 0
	Major (requiring I/O) page faults: 0
	Minor (reclaiming a frame) page faults: 650078
	Voluntary context switches: 9900
	Involuntary context switches: 110
	Swaps: 0
	File system inputs: 0
	File system outputs: 24
	Socket messages sent: 0
	Socket messages received: 0
	Signals delivered: 0
	Page size (bytes): 4096
	Exit status: 0
