[info] total indices 175
[info] total variants 175
3.002 was filtered out as 99273814 G>A needs A but not covered
3.003 was filtered out as 99270275 A>C needs C but not covered
3.004 was filtered out as 99245973 A>G needs G but not covered
3.005 was filtered out as 99264572 A>G needs G but not covered
3.006 was filtered out as 99247742 T>C needs C but not covered
3.007 was filtered out as 99247771 A>G needs G but not covered
3.008 was filtered out as 99273744 T>C needs C but not covered
3.009 was filtered out as 99262859 T>C needs C but not covered
3.010 was filtered out as 99250235 G>T needs T but not covered
3.017 was filtered out as 99262850 A>C needs C but not covered
7.001 was filtered out as 99250392 insA needs P but not covered
8.001 was filtered out as 99273820 G>A needs A but not covered
9.001 was filtered out as 99258138 C>T needs T but not covered
[filter] CYP3A5 1 => 1.001; 1.002; 1.003; 1.004; 1.005
[filter] CYP3A5 3 => 3.001; 3.012; 3.013; 3.014; 3.015; 3.016
[filter] CYP3A5 6 => 6.001
[filter] valid_alleles=12
Step 0: Loss=0.0283, CN=[1.9000832]
Step 100: Loss=0.0232, CN=[1.8991753]
Step 200: Loss=0.0232, CN=[1.8995473]
Step 300: Loss=0.0232, CN=[1.8995476]
Step 400: Loss=0.0232, CN=[1.8995477]

=== Fit ===
Region 0: obs=1.939, exp=1.900, diff=+0.040 
Region 1: obs=1.924, exp=1.900, diff=+0.024 
Region 2: obs=1.822, exp=1.900, diff=-0.078 
Region 3: obs=1.966, exp=1.900, diff=+0.067 
Region 4: obs=2.265, exp=1.900, diff=+0.365 
Region 5: obs=1.972, exp=1.900, diff=+0.073 
Region 6: obs=1.677, exp=1.900, diff=-0.222 
Region 7: obs=1.827, exp=1.900, diff=-0.073 
Region 8: obs=1.717, exp=1.900, diff=-0.183 
Region 9: obs=2.052, exp=1.900, diff=+0.153 
Region 10: obs=2.247, exp=1.900, diff=+0.347 
Region 11: obs=1.857, exp=1.900, diff=-0.043 
Region 12: obs=1.601, exp=1.900, diff=-0.299 
Region 13: obs=1.562, exp=1.900, diff=-0.338 
Region 14: obs=1.604, exp=1.900, diff=-0.296 
Region 15: obs=1.665, exp=1.900, diff=-0.235 
Region 16: obs=2.369, exp=1.900, diff=+0.469 
Region 17: obs=1.985, exp=1.900, diff=+0.085 
Region 18: obs=1.651, exp=1.900, diff=-0.249 
Region 19: obs=2.215, exp=1.900, diff=+0.315 
Region 20: obs=1.754, exp=1.900, diff=-0.145 
Region 21: obs=1.965, exp=1.900, diff=+0.066 
Region 22: obs=1.883, exp=1.900, diff=-0.017 
Region 23: obs=1.928, exp=1.900, diff=+0.029 
Region 24: obs=1.673, exp=1.900, diff=-0.226 
Region 25: obs=1.966, exp=1.900, diff=+0.067 
Region 26: obs=1.838, exp=1.900, diff=-0.061 
Region 27: obs=2.275, exp=1.900, diff=+0.375 
Region 28: obs=1.889, exp=1.900, diff=-0.011 

[Gene CN Results]
  CYP3A5: 1.90 → 1.8995475769042969
Using device: cuda

CYP3A5*1.001:

CYP3A5*1.002:

CYP3A5*1.003:

CYP3A5*1.004:

CYP3A5*1.005:

CYP3A5*3.001:

CYP3A5*3.012:

CYP3A5*3.013:

CYP3A5*3.014:

CYP3A5*3.015:

CYP3A5*3.016:

CYP3A5*6.001:

=== Running VAE with seed 1024 ===
Global Pooled JS: 0.113172
functional kld weight 0.0
Seed 1024, Step    0: Loss = 243.88 (Recon: 198.33, Allele KL: 19.71, Base KL: 1269.50, Functional KL: 0.11
Global Pooled JS: 0.008174
functional kld weight 27.77777777777777
Seed 1024, Step  500: Loss = 104.41 (Recon: 64.94, Allele KL: 13.67, Base KL: 3745.80, Functional KL: 0.01
Global Pooled JS: 0.006417
functional kld weight 222.22222222222217
Seed 1024, Step 1000: Loss = 104.65 (Recon: 63.16, Allele KL: 14.33, Base KL: 4034.06, Functional KL: 0.01
Global Pooled JS: 0.005284
functional kld weight 750.0
Seed 1024, Step 1500: Loss = 110.63 (Recon: 65.58, Allele KL: 14.42, Base KL: 4875.71, Functional KL: 0.01
Global Pooled JS: 0.004039
functional kld weight 1777.7777777777774
Seed 1024, Step 2000: Loss = 115.89 (Recon: 58.43, Allele KL: 22.78, Base KL: 6390.93, Functional KL: 0.00
Global Pooled JS: 0.003097
functional kld weight 3472.222222222223
Seed 1024, Step 2500: Loss = 128.15 (Recon: 58.52, Allele KL: 29.35, Base KL: 8467.67, Functional KL: 0.00

Top Variants with Coverage Mismatches:
Rank   Variant                        Expected     Observed     Diff       |Div|       
------------------------------------------------------------------------------------------
1      CYP3A5:99262834→T              28.48        27.00        1.48       0.000219    
2      CYP3A5:99270538→A              0.04         0.00         0.04       0.000144    
3      CYP3A5:99270538→N              0.04         0.00         0.04       0.000143    
4      CYP3A5:99270538→G              0.04         0.00         0.04       0.000140    
5      CYP3A5:99270538→P              0.04         0.00         0.04       0.000138    
6      CYP3A5:99270538→M              0.04         0.00         0.04       0.000137    
7      CYP3A5:99262834→G              0.04         0.00         0.04       0.000133    
8      CYP3A5:99262834→A              0.04         0.00         0.04       0.000132    
9      CYP3A5:99270538→T              29.13        24.00        5.13       0.000131    
10     CYP3A5:99262834→M              0.04         0.00         0.04       0.000130    
11     CYP3A5:99262834→C              23.23        19.00        4.23       0.000130    
12     CYP3A5:99262834→N              0.04         0.00         0.04       0.000129    
13     CYP3A5:99262834→P              0.04         0.00         0.04       0.000129    
14     CYP3A5:99270538→C              22.57        21.00        1.57       0.000100    
New best model with final loss: 137.67

=== Multi-Seed VAE Results ===
Best model had seed 1024 with final loss: 137.67
All seeds final losses:
  Seed 1024: Total=137.67 (Recon=58.56, A_KL=33.73, B_KL=11224.46) <- Best

[Raw]:
CYP3A5*6: Normalized=0.5534, Unnormalized=0.55
CYP3A5*3: Normalized=0.4398, Unnormalized=0.44

[Alleles]
CYP3A5*6
CYP3A5*3
	Command being timed: "python cyp.py CYP3A5 /project/shared/aldy-data/wgs/NA18855.wgs.cram 1024"
	User time (seconds): 51.99
	System time (seconds): 10.47
	Percent of CPU this job got: 98%
	Elapsed (wall clock) time (h:mm:ss or m:ss): 1:03.31
	Average shared text size (kbytes): 0
	Average unshared data size (kbytes): 0
	Average stack size (kbytes): 0
	Average total size (kbytes): 0
	Maximum resident set size (kbytes): 1897692
	Average resident set size (kbytes): 0
	Major (requiring I/O) page faults: 0
	Minor (reclaiming a frame) page faults: 601499
	Voluntary context switches: 9951
	Involuntary context switches: 386
	Swaps: 0
	File system inputs: 0
	File system outputs: 24
	Socket messages sent: 0
	Socket messages received: 0
	Signals delivered: 0
	Page size (bytes): 4096
	Exit status: 0
