[info] total indices 175
[info] total variants 175
3.001 was filtered out as 99270538 T>C needs C but not covered
3.012 was filtered out as 99270538 T>C needs C but not covered
3.013 was filtered out as 99270538 T>C needs C but not covered
3.014 was filtered out as 99270538 T>C needs C but not covered
3.015 was filtered out as 99270538 T>C needs C but not covered
3.016 was filtered out as 99270538 T>C needs C but not covered
3.002 was filtered out as 99270538 T>C needs C but not covered
3.003 was filtered out as 99270538 T>C needs C but not covered
3.004 was filtered out as 99270538 T>C needs C but not covered
3.005 was filtered out as 99270538 T>C needs C but not covered
3.006 was filtered out as 99270538 T>C needs C but not covered
3.007 was filtered out as 99270538 T>C needs C but not covered
3.008 was filtered out as 99270538 T>C needs C but not covered
3.009 was filtered out as 99270538 T>C needs C but not covered
3.010 was filtered out as 99270538 T>C needs C but not covered
3.017 was filtered out as 99270538 T>C needs C but not covered
7.001 was filtered out as 99250392 insA needs P but not covered
8.001 was filtered out as 99273820 G>A needs A but not covered
9.001 was filtered out as 99258138 C>T needs T but not covered
[filter] CYP3A5 1 => 1.001; 1.002; 1.003; 1.004; 1.005
[filter] CYP3A5 6 => 6.001
[filter] valid_alleles=6
Step 0: Loss=0.0711, CN=[2.0999167]
Step 100: Loss=0.0650, CN=[2.1250231]
Step 200: Loss=0.0650, CN=[2.1245208]
Step 300: Loss=0.0650, CN=[2.1245174]
Step 400: Loss=0.0650, CN=[2.1245177]

=== Fit ===
Region 0: obs=2.200, exp=2.125, diff=+0.075 
Region 1: obs=2.257, exp=2.125, diff=+0.133 
Region 2: obs=2.308, exp=2.125, diff=+0.184 
Region 3: obs=2.152, exp=2.125, diff=+0.027 
Region 4: obs=2.628, exp=2.125, diff=+0.504 *
Region 5: obs=1.877, exp=2.125, diff=-0.247 
Region 6: obs=1.654, exp=2.125, diff=-0.471 
Region 7: obs=1.946, exp=2.125, diff=-0.179 
Region 8: obs=1.503, exp=2.125, diff=-0.622 *
Region 9: obs=2.247, exp=2.125, diff=+0.123 
Region 10: obs=2.280, exp=2.125, diff=+0.156 
Region 11: obs=2.348, exp=2.125, diff=+0.223 
Region 12: obs=1.924, exp=2.125, diff=-0.201 
Region 13: obs=2.460, exp=2.125, diff=+0.336 
Region 14: obs=2.272, exp=2.125, diff=+0.148 
Region 15: obs=1.882, exp=2.125, diff=-0.242 
Region 16: obs=2.078, exp=2.125, diff=-0.047 
Region 17: obs=1.877, exp=2.125, diff=-0.248 
Region 18: obs=2.299, exp=2.125, diff=+0.174 
Region 19: obs=2.155, exp=2.125, diff=+0.030 
Region 20: obs=1.853, exp=2.125, diff=-0.271 
Region 21: obs=2.152, exp=2.125, diff=+0.028 
Region 22: obs=1.499, exp=2.125, diff=-0.626 *
Region 23: obs=2.187, exp=2.125, diff=+0.062 
Region 24: obs=1.534, exp=2.125, diff=-0.591 *
Region 25: obs=2.128, exp=2.125, diff=+0.004 
Region 26: obs=3.072, exp=2.125, diff=+0.948 *
Region 27: obs=3.193, exp=2.125, diff=+1.068 *
Region 28: obs=2.329, exp=2.125, diff=+0.205 

[Gene CN Results]
  CYP3A5: 2.12 → 2.1245176792144775
Using device: cuda

CYP3A5*1.001:

CYP3A5*1.002:

CYP3A5*1.003:

CYP3A5*1.004:

CYP3A5*1.005:

CYP3A5*6.001:

=== Running VAE with seed 1024 ===
Global Pooled JS: 0.014005
functional kld weight 0.0
Seed 1024, Step    0: Loss = 78.37 (Recon: 56.49, Allele KL: 4.18, Base KL: 87.51, Functional KL: 0.01
Global Pooled JS: 0.015146
functional kld weight 27.77777777777777
Seed 1024, Step  500: Loss = 53.09 (Recon: 23.92, Allele KL: 12.48, Base KL: 2606.59, Functional KL: 0.02
Global Pooled JS: 0.005455
functional kld weight 222.22222222222217
Seed 1024, Step 1000: Loss = 51.21 (Recon: 23.83, Allele KL: 9.50, Base KL: 2915.97, Functional KL: 0.01
Global Pooled JS: 0.002863
functional kld weight 750.0
Seed 1024, Step 1500: Loss = 53.24 (Recon: 22.90, Allele KL: 10.95, Base KL: 3748.50, Functional KL: 0.00
Global Pooled JS: 0.003338
functional kld weight 1777.7777777777774
Seed 1024, Step 2000: Loss = 58.48 (Recon: 22.65, Allele KL: 11.57, Base KL: 4999.32, Functional KL: 0.00
Global Pooled JS: 0.001297
functional kld weight 3472.222222222223
Seed 1024, Step 2500: Loss = 62.00 (Recon: 25.39, Allele KL: 12.09, Base KL: 6512.96, Functional KL: 0.00

Top Variants with Coverage Mismatches:
Rank   Variant                        Expected     Observed     Diff       |Div|       
------------------------------------------------------------------------------------------
1      CYP3A5:99262834→A              0.02         0.00         0.02       0.000192    
2      CYP3A5:99262834→N              0.02         0.00         0.02       0.000191    
3      CYP3A5:99262834→G              0.02         0.00         0.02       0.000190    
4      CYP3A5:99262834→P              0.02         0.00         0.02       0.000188    
5      CYP3A5:99262834→M              0.02         0.00         0.02       0.000186    
6      CYP3A5:99262834→C              18.57        18.00        0.57       0.000141    
7      CYP3A5:99262834→T              22.51        20.00        2.51       0.000094    
New best model with final loss: 74.14

=== Multi-Seed VAE Results ===
Best model had seed 1024 with final loss: 74.14
All seeds final losses:
  Seed 1024: Total=74.14 (Recon=24.93, A_KL=12.31, B_KL=8190.87) <- Best

[Raw]:
CYP3A5*6: Normalized=0.5499, Unnormalized=0.55
CYP3A5*1: Normalized=0.4501, Unnormalized=0.45

[Alleles]
CYP3A5*6
CYP3A5*1
	Command being timed: "python cyp.py CYP3A5 /project/shared/aldy-data/wgs/NA18518.wgs.cram 1024"
	User time (seconds): 50.76
	System time (seconds): 11.50
	Percent of CPU this job got: 99%
	Elapsed (wall clock) time (h:mm:ss or m:ss): 1:02.63
	Average shared text size (kbytes): 0
	Average unshared data size (kbytes): 0
	Average stack size (kbytes): 0
	Average total size (kbytes): 0
	Maximum resident set size (kbytes): 1857848
	Average resident set size (kbytes): 0
	Major (requiring I/O) page faults: 0
	Minor (reclaiming a frame) page faults: 581799
	Voluntary context switches: 9818
	Involuntary context switches: 94
	Swaps: 0
	File system inputs: 0
	File system outputs: 24
	Socket messages sent: 0
	Socket messages received: 0
	Signals delivered: 0
	Page size (bytes): 4096
	Exit status: 0
