[info] total indices 175
[info] total variants 175
3.001 was filtered out as 99270538 T>C needs C but not covered
3.012 was filtered out as 99270538 T>C needs C but not covered
3.013 was filtered out as 99270538 T>C needs C but not covered
3.014 was filtered out as 99270538 T>C needs C but not covered
3.015 was filtered out as 99270538 T>C needs C but not covered
3.016 was filtered out as 99270538 T>C needs C but not covered
3.002 was filtered out as 99270538 T>C needs C but not covered
3.003 was filtered out as 99270538 T>C needs C but not covered
3.004 was filtered out as 99270538 T>C needs C but not covered
3.005 was filtered out as 99270538 T>C needs C but not covered
3.006 was filtered out as 99270538 T>C needs C but not covered
3.007 was filtered out as 99270538 T>C needs C but not covered
3.008 was filtered out as 99270538 T>C needs C but not covered
3.009 was filtered out as 99270538 T>C needs C but not covered
3.010 was filtered out as 99270538 T>C needs C but not covered
3.017 was filtered out as 99270538 T>C needs C but not covered
7.001 was filtered out as 99250392 insA needs P but not covered
8.001 was filtered out as 99273820 G>A needs A but not covered
9.001 was filtered out as 99258138 C>T needs T but not covered
[filter] CYP3A5 1 => 1.001; 1.002; 1.003; 1.004; 1.005
[filter] CYP3A5 6 => 6.001
[filter] valid_alleles=6
Step 0: Loss=0.0525, CN=[1.9000832]
Step 100: Loss=0.0398, CN=[1.8326195]
Step 200: Loss=0.0398, CN=[1.8323749]
Step 300: Loss=0.0398, CN=[1.8323767]
Step 400: Loss=0.0398, CN=[1.832377]

=== Fit ===
Region 0: obs=1.865, exp=1.832, diff=+0.033 
Region 1: obs=1.324, exp=1.832, diff=-0.509 *
Region 2: obs=1.206, exp=1.832, diff=-0.626 *
Region 3: obs=1.717, exp=1.832, diff=-0.115 
Region 4: obs=1.421, exp=1.832, diff=-0.412 
Region 5: obs=1.779, exp=1.832, diff=-0.054 
Region 6: obs=1.622, exp=1.832, diff=-0.210 
Region 7: obs=2.022, exp=1.832, diff=+0.189 
Region 8: obs=1.465, exp=1.832, diff=-0.368 
Region 9: obs=1.857, exp=1.832, diff=+0.024 
Region 10: obs=1.801, exp=1.832, diff=-0.031 
Region 11: obs=1.852, exp=1.832, diff=+0.020 
Region 12: obs=2.259, exp=1.832, diff=+0.426 
Region 13: obs=1.767, exp=1.832, diff=-0.065 
Region 14: obs=2.233, exp=1.832, diff=+0.400 
Region 15: obs=2.388, exp=1.832, diff=+0.556 *
Region 16: obs=2.153, exp=1.832, diff=+0.320 
Region 17: obs=1.694, exp=1.832, diff=-0.139 
Region 18: obs=1.588, exp=1.832, diff=-0.245 
Region 19: obs=2.064, exp=1.832, diff=+0.231 
Region 20: obs=1.825, exp=1.832, diff=-0.007 
Region 21: obs=1.885, exp=1.832, diff=+0.053 
Region 22: obs=1.860, exp=1.832, diff=+0.027 
Region 23: obs=1.741, exp=1.832, diff=-0.091 
Region 24: obs=1.536, exp=1.832, diff=-0.296 
Region 25: obs=1.739, exp=1.832, diff=-0.093 
Region 26: obs=2.108, exp=1.832, diff=+0.276 
Region 27: obs=2.110, exp=1.832, diff=+0.277 
Region 28: obs=2.181, exp=1.832, diff=+0.349 

[Gene CN Results]
  CYP3A5: 1.83 → 1.8323771953582764
Using device: cuda

CYP3A5*1.001:

CYP3A5*1.002:

CYP3A5*1.003:

CYP3A5*1.004:

CYP3A5*1.005:

CYP3A5*6.001:

=== Running VAE with seed 1024 ===
Global Pooled JS: 0.010304
functional kld weight 0.0
Seed 1024, Step    0: Loss = 75.41 (Recon: 51.49, Allele KL: 6.15, Base KL: 108.90, Functional KL: 0.01
Global Pooled JS: 0.004551
functional kld weight 27.77777777777777
Seed 1024, Step  500: Loss = 56.80 (Recon: 28.94, Allele KL: 10.69, Base KL: 3237.26, Functional KL: 0.00
Global Pooled JS: 0.003514
functional kld weight 222.22222222222217
Seed 1024, Step 1000: Loss = 51.24 (Recon: 26.78, Allele KL: 6.54, Base KL: 3518.52, Functional KL: 0.00
Global Pooled JS: 0.002561
functional kld weight 750.0
Seed 1024, Step 1500: Loss = 55.12 (Recon: 25.93, Allele KL: 9.54, Base KL: 4308.14, Functional KL: 0.00
Global Pooled JS: 0.002663
functional kld weight 1777.7777777777774
Seed 1024, Step 2000: Loss = 59.31 (Recon: 25.38, Allele KL: 10.65, Base KL: 5405.77, Functional KL: 0.00
Global Pooled JS: 0.001229
functional kld weight 3472.222222222223
Seed 1024, Step 2500: Loss = 62.11 (Recon: 27.25, Allele KL: 10.62, Base KL: 6633.50, Functional KL: 0.00

Top Variants with Coverage Mismatches:
Rank   Variant                        Expected     Observed     Diff       |Div|       
------------------------------------------------------------------------------------------
1      CYP3A5:99262834→N              0.03         0.00         0.03       0.000181    
2      CYP3A5:99262834→A              0.03         0.00         0.03       0.000179    
3      CYP3A5:99262834→G              0.03         0.00         0.03       0.000179    
4      CYP3A5:99262834→P              0.03         0.00         0.03       0.000176    
5      CYP3A5:99262834→M              0.03         0.00         0.03       0.000173    
6      CYP3A5:99262834→C              28.15        30.00        -1.85      0.000005    
7      CYP3A5:99262834→T              24.71        26.00        -1.29      0.000001    
New best model with final loss: 77.20

=== Multi-Seed VAE Results ===
Best model had seed 1024 with final loss: 77.20
All seeds final losses:
  Seed 1024: Total=77.20 (Recon=27.00, A_KL=11.33, B_KL=8265.10) <- Best

[Raw]:
CYP3A5*1: Normalized=0.5305, Unnormalized=0.53
CYP3A5*6: Normalized=0.4695, Unnormalized=0.47

[Alleles]
CYP3A5*1
CYP3A5*6
	Command being timed: "python cyp.py CYP3A5 /project/shared/aldy-data/wgs/NA19174.wgs.cram 1024"
	User time (seconds): 51.53
	System time (seconds): 11.14
	Percent of CPU this job got: 99%
	Elapsed (wall clock) time (h:mm:ss or m:ss): 1:03.18
	Average shared text size (kbytes): 0
	Average unshared data size (kbytes): 0
	Average stack size (kbytes): 0
	Average total size (kbytes): 0
	Maximum resident set size (kbytes): 1864164
	Average resident set size (kbytes): 0
	Major (requiring I/O) page faults: 0
	Minor (reclaiming a frame) page faults: 599456
	Voluntary context switches: 10022
	Involuntary context switches: 598
	Swaps: 0
	File system inputs: 0
	File system outputs: 24
	Socket messages sent: 0
	Socket messages received: 0
	Signals delivered: 0
	Page size (bytes): 4096
	Exit status: 0
