[info] total indices 175
[info] total variants 175
3.002 was filtered out as 99273814 G>A needs A but not covered
3.003 was filtered out as 99270275 A>C needs C but not covered
3.004 was filtered out as 99245973 A>G needs G but not covered
3.005 was filtered out as 99264572 A>G needs G but not covered
3.006 was filtered out as 99247742 T>C needs C but not covered
3.007 was filtered out as 99247771 A>G needs G but not covered
3.008 was filtered out as 99273744 T>C needs C but not covered
3.009 was filtered out as 99262859 T>C needs C but not covered
3.010 was filtered out as 99250235 G>T needs T but not covered
3.017 was filtered out as 99262850 A>C needs C but not covered
6.001 was filtered out as 99262834 C>T needs T but not covered
7.001 was filtered out as 99250392 insA needs P but not covered
8.001 was filtered out as 99273820 G>A needs A but not covered
9.001 was filtered out as 99258138 C>T needs T but not covered
[filter] CYP3A5 1 => 1.001; 1.002; 1.003; 1.004; 1.005
[filter] CYP3A5 3 => 3.001; 3.012; 3.013; 3.014; 3.015; 3.016
[filter] valid_alleles=11
Step 0: Loss=0.2654, CN=[2.0999167]
Step 100: Loss=0.0382, CN=[2.7805831]
Step 200: Loss=0.0382, CN=[2.7788553]
Step 300: Loss=0.0382, CN=[2.7788634]
Step 400: Loss=0.0382, CN=[2.7788634]

=== Fit ===
Region 0: obs=2.753, exp=2.779, diff=-0.026 
Region 1: obs=2.543, exp=2.779, diff=-0.236 
Region 2: obs=2.488, exp=2.779, diff=-0.291 
Region 3: obs=2.682, exp=2.779, diff=-0.097 
Region 4: obs=3.230, exp=2.779, diff=+0.451 
Region 5: obs=2.518, exp=2.779, diff=-0.261 
Region 6: obs=2.607, exp=2.779, diff=-0.172 
Region 7: obs=3.146, exp=2.779, diff=+0.367 
Region 8: obs=2.705, exp=2.779, diff=-0.074 
Region 9: obs=3.063, exp=2.779, diff=+0.284 
Region 10: obs=2.071, exp=2.779, diff=-0.708 *
Region 11: obs=2.248, exp=2.779, diff=-0.531 *
Region 12: obs=3.099, exp=2.779, diff=+0.320 
Region 13: obs=2.915, exp=2.779, diff=+0.137 
Region 14: obs=3.162, exp=2.779, diff=+0.383 
Region 15: obs=2.803, exp=2.779, diff=+0.024 
Region 16: obs=2.692, exp=2.779, diff=-0.087 
Region 17: obs=2.757, exp=2.779, diff=-0.022 
Region 18: obs=3.060, exp=2.779, diff=+0.281 
Region 19: obs=2.821, exp=2.779, diff=+0.042 
Region 20: obs=2.889, exp=2.779, diff=+0.110 
Region 21: obs=2.871, exp=2.779, diff=+0.092 
Region 22: obs=3.007, exp=2.779, diff=+0.228 
Region 23: obs=2.883, exp=2.779, diff=+0.104 
Region 24: obs=2.809, exp=2.779, diff=+0.030 
Region 25: obs=2.593, exp=2.779, diff=-0.186 
Region 26: obs=2.627, exp=2.779, diff=-0.152 
Region 27: obs=2.284, exp=2.779, diff=-0.495 
Region 28: obs=3.024, exp=2.779, diff=+0.245 

[Gene CN Results]
  CYP3A5: 2.78 → 2.7788634300231934
Using device: cuda

CYP3A5*1.001:

CYP3A5*1.002:

CYP3A5*1.003:

CYP3A5*1.004:

CYP3A5*1.005:

CYP3A5*3.001:

CYP3A5*3.012:

CYP3A5*3.013:

CYP3A5*3.014:

CYP3A5*3.015:

CYP3A5*3.016:

=== Running VAE with seed 42 ===
Global Pooled JS: 0.011688
functional kld weight 0.0
Seed 42, Step    0: Loss = 117.91 (Recon: 87.98, Allele KL: 2.22, Base KL: 382.55, Functional KL: 0.01
Global Pooled JS: 0.012928
functional kld weight 27.77777777777777
Seed 42, Step  500: Loss = 91.88 (Recon: 50.40, Allele KL: 15.06, Base KL: 2927.19, Functional KL: 0.01
Global Pooled JS: 0.004467
functional kld weight 222.22222222222217
Seed 42, Step 1000: Loss = 91.83 (Recon: 51.42, Allele KL: 12.56, Base KL: 3209.26, Functional KL: 0.00
Global Pooled JS: 0.008742
functional kld weight 750.0
Seed 42, Step 1500: Loss = 105.34 (Recon: 56.39, Allele KL: 14.58, Base KL: 3992.19, Functional KL: 0.01
Global Pooled JS: 0.002807
functional kld weight 1777.7777777777774
Seed 42, Step 2000: Loss = 99.39 (Recon: 51.12, Allele KL: 14.52, Base KL: 5111.47, Functional KL: 0.00
Global Pooled JS: 0.001910
functional kld weight 3472.222222222223
Seed 42, Step 2500: Loss = 100.01 (Recon: 48.78, Allele KL: 14.60, Base KL: 6801.89, Functional KL: 0.00

Top Variants with Coverage Mismatches:
Rank   Variant                        Expected     Observed     Diff       |Div|       
------------------------------------------------------------------------------------------
1      CYP3A5:99270538→A              0.03         0.00         0.03       0.000253    
2      CYP3A5:99270538→P              0.03         0.00         0.03       0.000249    
3      CYP3A5:99270538→N              0.03         0.00         0.03       0.000246    
4      CYP3A5:99270538→G              0.03         0.00         0.03       0.000243    
5      CYP3A5:99270538→M              0.03         0.00         0.03       0.000243    
6      CYP3A5:99270538→C              19.44        21.00        -1.56      0.000001    
7      CYP3A5:99270538→T              21.31        23.00        -1.69      0.000001    
New best model with final loss: 109.53

=== Multi-Seed VAE Results ===
Best model had seed 42 with final loss: 109.53
All seeds final losses:
  Seed 42: Total=109.53 (Recon=50.61, A_KL=17.68, B_KL=8853.11) <- Best

[Raw]:
CYP3A5*1: Normalized=0.5201, Unnormalized=0.52
CYP3A5*3: Normalized=0.4799, Unnormalized=0.48

[Alleles]
CYP3A5*1
CYP3A5*3
	Command being timed: "python cyp.py CYP3A5 /project/shared/aldy-data/wgs/NA07000.wgs.cram 42"
	User time (seconds): 51.90
	System time (seconds): 11.08
	Percent of CPU this job got: 99%
	Elapsed (wall clock) time (h:mm:ss or m:ss): 1:03.39
	Average shared text size (kbytes): 0
	Average unshared data size (kbytes): 0
	Average stack size (kbytes): 0
	Average total size (kbytes): 0
	Maximum resident set size (kbytes): 1890288
	Average resident set size (kbytes): 0
	Major (requiring I/O) page faults: 0
	Minor (reclaiming a frame) page faults: 616860
	Voluntary context switches: 10196
	Involuntary context switches: 134
	Swaps: 0
	File system inputs: 0
	File system outputs: 24
	Socket messages sent: 0
	Socket messages received: 0
	Signals delivered: 0
	Page size (bytes): 4096
	Exit status: 0
