[info] total indices 175
[info] total variants 175
3.002 was filtered out as 99273814 G>A needs A but not covered
3.003 was filtered out as 99270275 A>C needs C but not covered
3.004 was filtered out as 99245973 A>G needs G but not covered
3.005 was filtered out as 99264572 A>G needs G but not covered
3.006 was filtered out as 99247742 T>C needs C but not covered
3.007 was filtered out as 99247771 A>G needs G but not covered
3.008 was filtered out as 99273744 T>C needs C but not covered
3.009 was filtered out as 99262859 T>C needs C but not covered
3.010 was filtered out as 99250235 G>T needs T but not covered
3.017 was filtered out as 99262850 A>C needs C but not covered
6.001 was filtered out as 99262834 C>T needs T but not covered
7.001 was filtered out as 99250392 insA needs P but not covered
8.001 was filtered out as 99273820 G>A needs A but not covered
9.001 was filtered out as 99258138 C>T needs T but not covered
[filter] CYP3A5 1 => 1.001; 1.002; 1.003; 1.004; 1.005
[filter] CYP3A5 3 => 3.001; 3.012; 3.013; 3.014; 3.015; 3.016
[filter] valid_alleles=11
Step 0: Loss=0.0658, CN=[2.0999167]
Step 100: Loss=0.0354, CN=[2.25555]
Step 200: Loss=0.0354, CN=[2.254457]
Step 300: Loss=0.0354, CN=[2.2544608]
Step 400: Loss=0.0354, CN=[2.2544608]

=== Fit ===
Region 0: obs=2.404, exp=2.254, diff=+0.149 
Region 1: obs=1.636, exp=2.254, diff=-0.619 *
Region 2: obs=1.987, exp=2.254, diff=-0.268 
Region 3: obs=2.516, exp=2.254, diff=+0.262 
Region 4: obs=2.034, exp=2.254, diff=-0.221 
Region 5: obs=2.169, exp=2.254, diff=-0.085 
Region 6: obs=1.730, exp=2.254, diff=-0.525 *
Region 7: obs=2.052, exp=2.254, diff=-0.203 
Region 8: obs=2.281, exp=2.254, diff=+0.027 
Region 9: obs=2.545, exp=2.254, diff=+0.291 
Region 10: obs=2.436, exp=2.254, diff=+0.182 
Region 11: obs=2.295, exp=2.254, diff=+0.041 
Region 12: obs=2.234, exp=2.254, diff=-0.020 
Region 13: obs=2.467, exp=2.254, diff=+0.212 
Region 14: obs=2.660, exp=2.254, diff=+0.406 
Region 15: obs=2.646, exp=2.254, diff=+0.391 
Region 16: obs=2.197, exp=2.254, diff=-0.057 
Region 17: obs=2.511, exp=2.254, diff=+0.256 
Region 18: obs=1.936, exp=2.254, diff=-0.318 
Region 19: obs=2.403, exp=2.254, diff=+0.149 
Region 20: obs=2.311, exp=2.254, diff=+0.057 
Region 21: obs=2.203, exp=2.254, diff=-0.052 
Region 22: obs=2.286, exp=2.254, diff=+0.032 
Region 23: obs=2.511, exp=2.254, diff=+0.257 
Region 24: obs=2.163, exp=2.254, diff=-0.091 
Region 25: obs=2.480, exp=2.254, diff=+0.225 
Region 26: obs=2.014, exp=2.254, diff=-0.241 
Region 27: obs=1.732, exp=2.254, diff=-0.523 *
Region 28: obs=2.375, exp=2.254, diff=+0.120 

[Gene CN Results]
  CYP3A5: 2.25 → 2.254460573196411
Using device: cuda

CYP3A5*1.001:

CYP3A5*1.002:

CYP3A5*1.003:

CYP3A5*1.004:

CYP3A5*1.005:

CYP3A5*3.001:

CYP3A5*3.012:

CYP3A5*3.013:

CYP3A5*3.014:

CYP3A5*3.015:

CYP3A5*3.016:

=== Running VAE with seed 42 ===
Global Pooled JS: 0.039097
functional kld weight 0.0
Seed 42, Step    0: Loss = 128.70 (Recon: 99.57, Allele KL: 1.73, Base KL: 281.71, Functional KL: 0.04
Global Pooled JS: 0.007327
functional kld weight 27.77777777777777
Seed 42, Step  500: Loss = 97.41 (Recon: 58.57, Allele KL: 12.70, Base KL: 2023.36, Functional KL: 0.01
Global Pooled JS: 0.017558
functional kld weight 222.22222222222217
Seed 42, Step 1000: Loss = 100.10 (Recon: 60.90, Allele KL: 8.99, Base KL: 2294.00, Functional KL: 0.02
Global Pooled JS: 0.004906
functional kld weight 750.0
Seed 42, Step 1500: Loss = 108.98 (Recon: 66.05, Allele KL: 12.09, Base KL: 2995.65, Functional KL: 0.00
Global Pooled JS: 0.002683
functional kld weight 1777.7777777777774
Seed 42, Step 2000: Loss = 111.30 (Recon: 64.29, Allele KL: 13.70, Base KL: 4491.31, Functional KL: 0.00
Global Pooled JS: 0.002161
functional kld weight 3472.222222222223
Seed 42, Step 2500: Loss = 113.73 (Recon: 58.28, Allele KL: 18.59, Base KL: 6054.12, Functional KL: 0.00

Top Variants with Coverage Mismatches:
Rank   Variant                        Expected     Observed     Diff       |Div|       
------------------------------------------------------------------------------------------
1      CYP3A5:99270538→C              16.28        24.00        -7.72      0.000593    
2      CYP3A5:99270538→T              17.97        22.00        -4.03      0.000488    
3      CYP3A5:99270538→A              0.03         0.00         0.03       0.000309    
4      CYP3A5:99270538→P              0.03         0.00         0.03       0.000307    
5      CYP3A5:99270538→N              0.03         0.00         0.03       0.000303    
6      CYP3A5:99270538→M              0.03         0.00         0.03       0.000300    
7      CYP3A5:99270538→G              0.03         0.00         0.03       0.000300    
New best model with final loss: 133.34

=== Multi-Seed VAE Results ===
Best model had seed 42 with final loss: 133.34
All seeds final losses:
  Seed 42: Total=133.34 (Recon=59.97, A_KL=12.78, B_KL=8347.67) <- Best

[Raw]:
CYP3A5*1: Normalized=0.5214, Unnormalized=0.52
CYP3A5*3: Normalized=0.4786, Unnormalized=0.48

[Alleles]
CYP3A5*1
CYP3A5*3
	Command being timed: "python cyp.py CYP3A5 /project/shared/aldy-data/wgs/NA18868.wgs.cram 42"
	User time (seconds): 52.74
	System time (seconds): 10.86
	Percent of CPU this job got: 98%
	Elapsed (wall clock) time (h:mm:ss or m:ss): 1:04.33
	Average shared text size (kbytes): 0
	Average unshared data size (kbytes): 0
	Average stack size (kbytes): 0
	Average total size (kbytes): 0
	Maximum resident set size (kbytes): 1879908
	Average resident set size (kbytes): 0
	Major (requiring I/O) page faults: 0
	Minor (reclaiming a frame) page faults: 558361
	Voluntary context switches: 9965
	Involuntary context switches: 223
	Swaps: 0
	File system inputs: 0
	File system outputs: 24
	Socket messages sent: 0
	Socket messages received: 0
	Signals delivered: 0
	Page size (bytes): 4096
	Exit status: 0
