[info] total indices 175
[info] total variants 175
1.001 was filtered out as 99270538 T>C needs T but not covered
1.002 was filtered out as 99270538 T>C needs T but not covered
1.003 was filtered out as 99270538 T>C needs T but not covered
1.004 was filtered out as 99270538 T>C needs T but not covered
1.005 was filtered out as 99270538 T>C needs T but not covered
3.002 was filtered out as 99273814 G>A needs A but not covered
3.003 was filtered out as 99270275 A>C needs C but not covered
3.004 was filtered out as 99245973 A>G needs G but not covered
3.005 was filtered out as 99264572 A>G needs G but not covered
3.006 was filtered out as 99247742 T>C needs C but not covered
3.007 was filtered out as 99247771 A>G needs G but not covered
3.008 was filtered out as 99273744 T>C needs C but not covered
3.009 was filtered out as 99262859 T>C needs C but not covered
3.010 was filtered out as 99250235 G>T needs T but not covered
3.017 was filtered out as 99262850 A>C needs C but not covered
6.001 was filtered out as 99270538 T>C needs T but not covered
7.001 was filtered out as 99270538 T>C needs T but not covered
8.001 was filtered out as 99270538 T>C needs T but not covered
9.001 was filtered out as 99270538 T>C needs T but not covered
[filter] CYP3A5 3 => 3.001; 3.012; 3.013; 3.014; 3.015; 3.016
[filter] valid_alleles=6
Step 0: Loss=0.0467, CN=[2.0999167]
Step 100: Loss=0.0456, CN=[2.048653]
Step 200: Loss=0.0456, CN=[2.0483625]
Step 300: Loss=0.0456, CN=[2.048363]
Step 400: Loss=0.0456, CN=[2.0483625]

=== Fit ===
Region 0: obs=2.059, exp=2.048, diff=+0.010 
Region 1: obs=1.791, exp=2.048, diff=-0.257 
Region 2: obs=1.457, exp=2.048, diff=-0.592 *
Region 3: obs=1.967, exp=2.048, diff=-0.082 
Region 4: obs=1.618, exp=2.048, diff=-0.430 
Region 5: obs=1.716, exp=2.048, diff=-0.332 
Region 6: obs=2.339, exp=2.048, diff=+0.290 
Region 7: obs=2.183, exp=2.048, diff=+0.135 
Region 8: obs=2.306, exp=2.048, diff=+0.258 
Region 9: obs=2.195, exp=2.048, diff=+0.147 
Region 10: obs=1.745, exp=2.048, diff=-0.304 
Region 11: obs=1.874, exp=2.048, diff=-0.174 
Region 12: obs=1.640, exp=2.048, diff=-0.408 
Region 13: obs=2.375, exp=2.048, diff=+0.326 
Region 14: obs=2.387, exp=2.048, diff=+0.339 
Region 15: obs=2.178, exp=2.048, diff=+0.130 
Region 16: obs=2.438, exp=2.048, diff=+0.390 
Region 17: obs=1.744, exp=2.048, diff=-0.304 
Region 18: obs=1.570, exp=2.048, diff=-0.478 
Region 19: obs=2.231, exp=2.048, diff=+0.182 
Region 20: obs=1.756, exp=2.048, diff=-0.292 
Region 21: obs=2.074, exp=2.048, diff=+0.025 
Region 22: obs=2.053, exp=2.048, diff=+0.004 
Region 23: obs=2.213, exp=2.048, diff=+0.164 
Region 24: obs=2.458, exp=2.048, diff=+0.410 
Region 25: obs=2.184, exp=2.048, diff=+0.136 
Region 26: obs=2.697, exp=2.048, diff=+0.649 *
Region 27: obs=2.043, exp=2.048, diff=-0.005 
Region 28: obs=2.168, exp=2.048, diff=+0.120 

[Gene CN Results]
  CYP3A5: 2.05 → 2.048362970352173
Using device: cuda

CYP3A5*3.001:

CYP3A5*3.012:

CYP3A5*3.013:

CYP3A5*3.014:

CYP3A5*3.015:

CYP3A5*3.016:

=== Running VAE with seed 42 ===
Global Pooled JS: 0.017269
functional kld weight 0.0
Seed 42, Step    0: Loss = 123.60 (Recon: 93.05, Allele KL: 3.99, Base KL: 124.72, Functional KL: 0.02
Global Pooled JS: 0.009936
functional kld weight 27.77777777777777
Seed 42, Step  500: Loss = 77.83 (Recon: 46.85, Allele KL: 4.65, Base KL: 5111.24, Functional KL: 0.01
Global Pooled JS: 0.007095
functional kld weight 222.22222222222217
Seed 42, Step 1000: Loss = 68.33 (Recon: 34.83, Allele KL: 5.88, Base KL: 5816.39, Functional KL: 0.01
Global Pooled JS: 0.004087
functional kld weight 750.0
Seed 42, Step 1500: Loss = 63.90 (Recon: 26.28, Allele KL: 8.02, Base KL: 7271.08, Functional KL: 0.00
Global Pooled JS: 0.002768
functional kld weight 1777.7777777777774
Seed 42, Step 2000: Loss = 68.86 (Recon: 25.98, Allele KL: 9.71, Base KL: 9164.89, Functional KL: 0.00
Global Pooled JS: 0.001991
functional kld weight 3472.222222222223
Seed 42, Step 2500: Loss = 75.34 (Recon: 26.55, Allele KL: 11.09, Base KL: 11871.29, Functional KL: 0.00

Top Variants with Coverage Mismatches:
Rank   Variant                        Expected     Observed     Diff       |Div|       
------------------------------------------------------------------------------------------
1      CYP3A5:99270538→P              0.04         0.00         0.04       0.000247    
2      CYP3A5:99270538→T              0.04         0.00         0.04       0.000245    
3      CYP3A5:99270538→N              0.04         0.00         0.04       0.000244    
4      CYP3A5:99270538→G              0.04         0.00         0.04       0.000241    
5      CYP3A5:99270538→M              0.04         0.00         0.04       0.000241    
6      CYP3A5:99270538→A              0.04         0.00         0.04       0.000240    
7      CYP3A5:99270538→C              55.27        75.00        -19.73     0.000002    
New best model with final loss: 82.93

=== Multi-Seed VAE Results ===
Best model had seed 42 with final loss: 82.93
All seeds final losses:
  Seed 42: Total=82.93 (Recon=27.68, A_KL=11.57, B_KL=14443.93) <- Best

[Raw]:
CYP3A5*3: Normalized=1.0000, Unnormalized=1.00

[Alleles]
CYP3A5*3
CYP3A5*3
	Command being timed: "python cyp.py CYP3A5 /project/shared/aldy-data/wgs/NA18952.wgs.cram 42"
	User time (seconds): 51.98
	System time (seconds): 11.47
	Percent of CPU this job got: 99%
	Elapsed (wall clock) time (h:mm:ss or m:ss): 1:03.85
	Average shared text size (kbytes): 0
	Average unshared data size (kbytes): 0
	Average stack size (kbytes): 0
	Average total size (kbytes): 0
	Maximum resident set size (kbytes): 1891540
	Average resident set size (kbytes): 0
	Major (requiring I/O) page faults: 0
	Minor (reclaiming a frame) page faults: 604471
	Voluntary context switches: 11499
	Involuntary context switches: 1440
	Swaps: 0
	File system inputs: 0
	File system outputs: 24
	Socket messages sent: 0
	Socket messages received: 0
	Signals delivered: 0
	Page size (bytes): 4096
	Exit status: 0
