[info] total indices 175
[info] total variants 175
3.001 was filtered out as 99270538 T>C needs C but not covered
3.012 was filtered out as 99270538 T>C needs C but not covered
3.013 was filtered out as 99270538 T>C needs C but not covered
3.014 was filtered out as 99270538 T>C needs C but not covered
3.015 was filtered out as 99270538 T>C needs C but not covered
3.016 was filtered out as 99270538 T>C needs C but not covered
3.002 was filtered out as 99270538 T>C needs C but not covered
3.003 was filtered out as 99270538 T>C needs C but not covered
3.004 was filtered out as 99270538 T>C needs C but not covered
3.005 was filtered out as 99270538 T>C needs C but not covered
3.006 was filtered out as 99270538 T>C needs C but not covered
3.007 was filtered out as 99270538 T>C needs C but not covered
3.008 was filtered out as 99270538 T>C needs C but not covered
3.009 was filtered out as 99270538 T>C needs C but not covered
3.010 was filtered out as 99270538 T>C needs C but not covered
3.017 was filtered out as 99270538 T>C needs C but not covered
6.001 was filtered out as 99262834 C>T needs T but not covered
8.001 was filtered out as 99273820 G>A needs A but not covered
9.001 was filtered out as 99258138 C>T needs T but not covered
[filter] CYP3A5 1 => 1.001; 1.002; 1.003; 1.004; 1.005
[filter] CYP3A5 7 => 7.001
[filter] valid_alleles=6
Step 0: Loss=0.2490, CN=[2.0999167]
Step 100: Loss=0.0415, CN=[2.7386346]
Step 200: Loss=0.0415, CN=[2.7357633]
Step 300: Loss=0.0415, CN=[2.735781]
Step 400: Loss=0.0415, CN=[2.7357807]

=== Fit ===
Region 0: obs=2.733, exp=2.736, diff=-0.003 
Region 1: obs=2.753, exp=2.736, diff=+0.018 
Region 2: obs=1.919, exp=2.736, diff=-0.817 *
Region 3: obs=2.575, exp=2.736, diff=-0.160 
Region 4: obs=2.629, exp=2.736, diff=-0.107 
Region 5: obs=2.145, exp=2.736, diff=-0.591 *
Region 6: obs=2.608, exp=2.736, diff=-0.128 
Region 7: obs=2.769, exp=2.736, diff=+0.033 
Region 8: obs=3.074, exp=2.736, diff=+0.338 
Region 9: obs=2.842, exp=2.736, diff=+0.106 
Region 10: obs=3.529, exp=2.736, diff=+0.793 *
Region 11: obs=2.758, exp=2.736, diff=+0.022 
Region 12: obs=3.137, exp=2.736, diff=+0.401 
Region 13: obs=2.629, exp=2.736, diff=-0.107 
Region 14: obs=2.759, exp=2.736, diff=+0.023 
Region 15: obs=2.808, exp=2.736, diff=+0.072 
Region 16: obs=2.933, exp=2.736, diff=+0.197 
Region 17: obs=2.810, exp=2.736, diff=+0.074 
Region 18: obs=2.519, exp=2.736, diff=-0.217 
Region 19: obs=2.594, exp=2.736, diff=-0.142 
Region 20: obs=3.050, exp=2.736, diff=+0.314 
Region 21: obs=2.774, exp=2.736, diff=+0.038 
Region 22: obs=3.203, exp=2.736, diff=+0.467 
Region 23: obs=2.767, exp=2.736, diff=+0.031 
Region 24: obs=2.477, exp=2.736, diff=-0.259 
Region 25: obs=2.457, exp=2.736, diff=-0.278 
Region 26: obs=2.680, exp=2.736, diff=-0.055 
Region 27: obs=2.614, exp=2.736, diff=-0.122 
Region 28: obs=2.676, exp=2.736, diff=-0.060 

[Gene CN Results]
  CYP3A5: 2.74 → 2.735780715942383
Using device: cuda

CYP3A5*1.001:

CYP3A5*1.002:

CYP3A5*1.003:

CYP3A5*1.004:

CYP3A5*1.005:

CYP3A5*7.001:

=== Running VAE with seed 42 ===
Global Pooled JS: 0.072207
functional kld weight 0.0
Seed 42, Step    0: Loss = 145.40 (Recon: 123.80, Allele KL: 3.01, Base KL: 70.01, Functional KL: 0.07
Global Pooled JS: 0.006510
functional kld weight 27.77777777777777
Seed 42, Step  500: Loss = 65.26 (Recon: 43.31, Allele KL: 4.77, Base KL: 2695.32, Functional KL: 0.01
Global Pooled JS: 0.002797
functional kld weight 222.22222222222217
Seed 42, Step 1000: Loss = 58.49 (Recon: 35.01, Allele KL: 5.94, Base KL: 2846.83, Functional KL: 0.00
Global Pooled JS: 0.002067
functional kld weight 750.0
Seed 42, Step 1500: Loss = 59.06 (Recon: 33.04, Allele KL: 7.09, Base KL: 3379.00, Functional KL: 0.00
Global Pooled JS: 0.002767
functional kld weight 1777.7777777777774
Seed 42, Step 2000: Loss = 62.99 (Recon: 32.07, Allele KL: 7.82, Base KL: 4228.95, Functional KL: 0.00
Global Pooled JS: 0.002079
functional kld weight 3472.222222222223
Seed 42, Step 2500: Loss = 64.89 (Recon: 30.88, Allele KL: 7.72, Base KL: 5247.95, Functional KL: 0.00

Top Variants with Coverage Mismatches:
Rank   Variant                        Expected     Observed     Diff       |Div|       
------------------------------------------------------------------------------------------
1      CYP3A5:99250392→C              0.02         0.00         0.02       0.000145    
2      CYP3A5:99250392→M              0.02         0.00         0.02       0.000144    
3      CYP3A5:99250392→N              0.02         0.00         0.02       0.000143    
4      CYP3A5:99250392→G              0.02         0.00         0.02       0.000140    
5      CYP3A5:99250392→A              0.02         0.00         0.02       0.000138    
6      CYP3A5:99250392→P              14.44        22.00        -7.56      0.000016    
7      CYP3A5:99250392→T              35.06        52.00        -16.94     0.000003    
New best model with final loss: 74.77

=== Multi-Seed VAE Results ===
Best model had seed 42 with final loss: 74.77
All seeds final losses:
  Seed 42: Total=74.77 (Recon=35.15, A_KL=8.30, B_KL=6490.26) <- Best

[Raw]:
CYP3A5*1: Normalized=0.7063, Unnormalized=0.71
CYP3A5*7: Normalized=0.2937, Unnormalized=0.29

[Alleles]
CYP3A5*1
CYP3A5*7
	Command being timed: "python cyp.py CYP3A5 /project/shared/aldy-data/wgs/NA18484.wgs.cram 42"
	User time (seconds): 51.39
	System time (seconds): 10.81
	Percent of CPU this job got: 98%
	Elapsed (wall clock) time (h:mm:ss or m:ss): 1:02.99
	Average shared text size (kbytes): 0
	Average unshared data size (kbytes): 0
	Average stack size (kbytes): 0
	Average total size (kbytes): 0
	Maximum resident set size (kbytes): 1887660
	Average resident set size (kbytes): 0
	Major (requiring I/O) page faults: 0
	Minor (reclaiming a frame) page faults: 624302
	Voluntary context switches: 9952
	Involuntary context switches: 126
	Swaps: 0
	File system inputs: 0
	File system outputs: 24
	Socket messages sent: 0
	Socket messages received: 0
	Signals delivered: 0
	Page size (bytes): 4096
	Exit status: 0
