[info] total indices 175
[info] total variants 175
3.001 was filtered out as 99270538 T>C needs C but not covered
3.012 was filtered out as 99270538 T>C needs C but not covered
3.013 was filtered out as 99270538 T>C needs C but not covered
3.014 was filtered out as 99270538 T>C needs C but not covered
3.015 was filtered out as 99270538 T>C needs C but not covered
3.016 was filtered out as 99270538 T>C needs C but not covered
3.002 was filtered out as 99270538 T>C needs C but not covered
3.003 was filtered out as 99270538 T>C needs C but not covered
3.004 was filtered out as 99270538 T>C needs C but not covered
3.005 was filtered out as 99270538 T>C needs C but not covered
3.006 was filtered out as 99270538 T>C needs C but not covered
3.007 was filtered out as 99270538 T>C needs C but not covered
3.008 was filtered out as 99270538 T>C needs C but not covered
3.009 was filtered out as 99270538 T>C needs C but not covered
3.010 was filtered out as 99270538 T>C needs C but not covered
3.017 was filtered out as 99270538 T>C needs C but not covered
6.001 was filtered out as 99262834 C>T needs T but not covered
7.001 was filtered out as 99250392 insA needs P but not covered
8.001 was filtered out as 99273820 G>A needs A but not covered
9.001 was filtered out as 99258138 C>T needs T but not covered
[filter] CYP3A5 1 => 1.001; 1.002; 1.003; 1.004; 1.005
[filter] valid_alleles=5
Step 0: Loss=0.1323, CN=[2.0999167]
Step 100: Loss=0.0502, CN=[2.4456556]
Step 200: Loss=0.0502, CN=[2.4452481]
Step 300: Loss=0.0502, CN=[2.4452543]
Step 400: Loss=0.0502, CN=[2.445254]

=== Fit ===
Region 0: obs=2.466, exp=2.445, diff=+0.021 
Region 1: obs=1.804, exp=2.445, diff=-0.641 *
Region 2: obs=1.638, exp=2.445, diff=-0.808 *
Region 3: obs=2.433, exp=2.445, diff=-0.012 
Region 4: obs=2.422, exp=2.445, diff=-0.023 
Region 5: obs=2.410, exp=2.445, diff=-0.035 
Region 6: obs=2.137, exp=2.445, diff=-0.308 
Region 7: obs=2.528, exp=2.445, diff=+0.083 
Region 8: obs=2.491, exp=2.445, diff=+0.046 
Region 9: obs=2.575, exp=2.445, diff=+0.130 
Region 10: obs=2.381, exp=2.445, diff=-0.064 
Region 11: obs=2.515, exp=2.445, diff=+0.070 
Region 12: obs=2.249, exp=2.445, diff=-0.196 
Region 13: obs=2.471, exp=2.445, diff=+0.026 
Region 14: obs=2.162, exp=2.445, diff=-0.283 
Region 15: obs=2.638, exp=2.445, diff=+0.193 
Region 16: obs=3.262, exp=2.445, diff=+0.817 *
Region 17: obs=2.350, exp=2.445, diff=-0.095 
Region 18: obs=3.080, exp=2.445, diff=+0.635 *
Region 19: obs=2.618, exp=2.445, diff=+0.173 
Region 20: obs=2.520, exp=2.445, diff=+0.075 
Region 21: obs=2.393, exp=2.445, diff=-0.052 
Region 22: obs=1.994, exp=2.445, diff=-0.451 
Region 23: obs=2.641, exp=2.445, diff=+0.196 
Region 24: obs=2.439, exp=2.445, diff=-0.006 
Region 25: obs=2.367, exp=2.445, diff=-0.078 
Region 26: obs=3.010, exp=2.445, diff=+0.564 *
Region 27: obs=2.256, exp=2.445, diff=-0.189 
Region 28: obs=2.727, exp=2.445, diff=+0.281 

[Gene CN Results]
  CYP3A5: 2.45 → 2.445254325866699
Using device: cuda

CYP3A5*1.001:

CYP3A5*1.002:

CYP3A5*1.003:

CYP3A5*1.004:

CYP3A5*1.005:

=== Running VAE with seed 42 ===
Global Pooled JS: 0.000000
functional kld weight 0.0
Seed 42, Step    0: Loss = 119.21 (Recon: 95.88, Allele KL: 2.85, Base KL: 43.74, Functional KL: 0.00
Global Pooled JS: 0.000000
functional kld weight 27.77777777777777
Seed 42, Step  500: Loss = 42.89 (Recon: 11.61, Allele KL: 14.58, Base KL: 3328.73, Functional KL: 0.00
Global Pooled JS: 0.000000
functional kld weight 222.22222222222217
Seed 42, Step 1000: Loss = 44.21 (Recon: 16.86, Allele KL: 10.14, Base KL: 3352.38, Functional KL: 0.00
Global Pooled JS: 0.000000
functional kld weight 750.0
Seed 42, Step 1500: Loss = 78.33 (Recon: 49.44, Allele KL: 10.44, Base KL: 3302.56, Functional KL: 0.00
Global Pooled JS: 0.000000
functional kld weight 1777.7777777777774
Seed 42, Step 2000: Loss = 42.87 (Recon: 19.50, Allele KL: 6.08, Base KL: 3240.77, Functional KL: 0.00
Global Pooled JS: 0.000000
functional kld weight 3472.222222222223
Seed 42, Step 2500: Loss = 39.10 (Recon: 12.31, Allele KL: 10.05, Base KL: 3320.58, Functional KL: 0.00

Top Variants with Coverage Mismatches:
Rank   Variant                        Expected     Observed     Diff       |Div|       
------------------------------------------------------------------------------------------
New best model with final loss: 43.51

=== Multi-Seed VAE Results ===
Best model had seed 42 with final loss: 43.51
All seeds final losses:
  Seed 42: Total=43.51 (Recon=19.12, A_KL=6.91, B_KL=3333.79) <- Best

[Raw]:
CYP3A5*1: Normalized=1.0000, Unnormalized=1.00

[Alleles]
CYP3A5*1
CYP3A5*1
	Command being timed: "python cyp.py CYP3A5 /project/shared/aldy-data/wgs/NA18861.wgs.cram 42"
	User time (seconds): 51.93
	System time (seconds): 11.36
	Percent of CPU this job got: 99%
	Elapsed (wall clock) time (h:mm:ss or m:ss): 1:03.62
	Average shared text size (kbytes): 0
	Average unshared data size (kbytes): 0
	Average stack size (kbytes): 0
	Average total size (kbytes): 0
	Maximum resident set size (kbytes): 1884676
	Average resident set size (kbytes): 0
	Major (requiring I/O) page faults: 0
	Minor (reclaiming a frame) page faults: 599862
	Voluntary context switches: 9875
	Involuntary context switches: 330
	Swaps: 0
	File system inputs: 0
	File system outputs: 24
	Socket messages sent: 0
	Socket messages received: 0
	Signals delivered: 0
	Page size (bytes): 4096
	Exit status: 0
