[info] total indices 175
[info] total variants 175
3.001 was filtered out as 99270538 T>C needs C but not covered
3.012 was filtered out as 99270538 T>C needs C but not covered
3.013 was filtered out as 99270538 T>C needs C but not covered
3.014 was filtered out as 99270538 T>C needs C but not covered
3.015 was filtered out as 99270538 T>C needs C but not covered
3.016 was filtered out as 99270538 T>C needs C but not covered
3.002 was filtered out as 99270538 T>C needs C but not covered
3.003 was filtered out as 99270538 T>C needs C but not covered
3.004 was filtered out as 99270538 T>C needs C but not covered
3.005 was filtered out as 99270538 T>C needs C but not covered
3.006 was filtered out as 99270538 T>C needs C but not covered
3.007 was filtered out as 99270538 T>C needs C but not covered
3.008 was filtered out as 99270538 T>C needs C but not covered
3.009 was filtered out as 99270538 T>C needs C but not covered
3.010 was filtered out as 99270538 T>C needs C but not covered
3.017 was filtered out as 99270538 T>C needs C but not covered
6.001 was filtered out as 99262834 C>T needs T but not covered
8.001 was filtered out as 99273820 G>A needs A but not covered
9.001 was filtered out as 99258138 C>T needs T but not covered
[filter] CYP3A5 1 => 1.001; 1.002; 1.003; 1.004; 1.005
[filter] CYP3A5 7 => 7.001
[filter] valid_alleles=6
Step 0: Loss=0.1175, CN=[2.0999167]
Step 100: Loss=0.0584, CN=[2.38543]
Step 200: Loss=0.0584, CN=[2.3862803]
Step 300: Loss=0.0584, CN=[2.386284]
Step 400: Loss=0.0584, CN=[2.386284]

=== Fit ===
Region 0: obs=2.414, exp=2.386, diff=+0.028 
Region 1: obs=2.292, exp=2.386, diff=-0.094 
Region 2: obs=2.438, exp=2.386, diff=+0.051 
Region 3: obs=2.442, exp=2.386, diff=+0.056 
Region 4: obs=2.414, exp=2.386, diff=+0.028 
Region 5: obs=2.094, exp=2.386, diff=-0.292 
Region 6: obs=2.921, exp=2.386, diff=+0.535 *
Region 7: obs=2.076, exp=2.386, diff=-0.310 
Region 8: obs=2.464, exp=2.386, diff=+0.078 
Region 9: obs=2.530, exp=2.386, diff=+0.144 
Region 10: obs=2.082, exp=2.386, diff=-0.304 
Region 11: obs=2.076, exp=2.386, diff=-0.311 
Region 12: obs=2.351, exp=2.386, diff=-0.036 
Region 13: obs=2.336, exp=2.386, diff=-0.050 
Region 14: obs=2.421, exp=2.386, diff=+0.035 
Region 15: obs=2.368, exp=2.386, diff=-0.018 
Region 16: obs=3.067, exp=2.386, diff=+0.680 *
Region 17: obs=2.844, exp=2.386, diff=+0.458 
Region 18: obs=3.003, exp=2.386, diff=+0.617 *
Region 19: obs=2.158, exp=2.386, diff=-0.229 
Region 20: obs=1.165, exp=2.386, diff=-1.222 *
Region 21: obs=2.262, exp=2.386, diff=-0.124 
Region 22: obs=2.327, exp=2.386, diff=-0.059 
Region 23: obs=2.349, exp=2.386, diff=-0.037 
Region 24: obs=1.836, exp=2.386, diff=-0.550 *
Region 25: obs=2.243, exp=2.386, diff=-0.144 
Region 26: obs=2.358, exp=2.386, diff=-0.029 
Region 27: obs=2.924, exp=2.386, diff=+0.538 *
Region 28: obs=2.546, exp=2.386, diff=+0.159 

[Gene CN Results]
  CYP3A5: 2.39 → 2.386284112930298
Using device: cuda

CYP3A5*1.001:

CYP3A5*1.002:

CYP3A5*1.003:

CYP3A5*1.004:

CYP3A5*1.005:

CYP3A5*7.001:

=== Running VAE with seed 42 ===
Global Pooled JS: 0.176942
functional kld weight 0.0
Seed 42, Step    0: Loss = 248.71 (Recon: 225.66, Allele KL: 5.06, Base KL: 108.61, Functional KL: 0.18
Global Pooled JS: 0.003719
functional kld weight 27.77777777777777
Seed 42, Step  500: Loss = 76.11 (Recon: 41.05, Allele KL: 18.39, Base KL: 3365.50, Functional KL: 0.00
Global Pooled JS: 0.003227
functional kld weight 222.22222222222217
Seed 42, Step 1000: Loss = 76.07 (Recon: 44.34, Allele KL: 13.93, Base KL: 3668.40, Functional KL: 0.00
Global Pooled JS: 0.007508
functional kld weight 750.0
Seed 42, Step 1500: Loss = 85.32 (Recon: 48.79, Allele KL: 13.11, Base KL: 4305.14, Functional KL: 0.01
Global Pooled JS: 0.002437
functional kld weight 1777.7777777777774
Seed 42, Step 2000: Loss = 85.71 (Recon: 53.08, Allele KL: 9.20, Base KL: 5407.81, Functional KL: 0.00
Global Pooled JS: 0.001283
functional kld weight 3472.222222222223
Seed 42, Step 2500: Loss = 77.34 (Recon: 42.62, Allele KL: 10.27, Base KL: 6931.55, Functional KL: 0.00

Top Variants with Coverage Mismatches:
Rank   Variant                        Expected     Observed     Diff       |Div|       
------------------------------------------------------------------------------------------
1      CYP3A5:99250392→C              0.03         0.00         0.03       0.000165    
2      CYP3A5:99250392→M              0.03         0.00         0.03       0.000165    
3      CYP3A5:99250392→N              0.03         0.00         0.03       0.000163    
4      CYP3A5:99250392→G              0.03         0.00         0.03       0.000160    
5      CYP3A5:99250392→A              0.03         0.00         0.03       0.000158    
6      CYP3A5:99250392→P              30.48        54.00        -23.52     0.000068    
7      CYP3A5:99250392→T              34.76        58.00        -23.24     0.000045    
New best model with final loss: 96.44

=== Multi-Seed VAE Results ===
Best model had seed 42 with final loss: 96.44
All seeds final losses:
  Seed 42: Total=96.44 (Recon=48.68, A_KL=11.00, B_KL=8565.60) <- Best

[Raw]:
CYP3A5*1: Normalized=0.5309, Unnormalized=0.53
CYP3A5*7: Normalized=0.4691, Unnormalized=0.47

[Alleles]
CYP3A5*1
CYP3A5*7
	Command being timed: "python cyp.py CYP3A5 /project/shared/aldy-data/wgs/NA19920.wgs.cram 42"
	User time (seconds): 40.75
	System time (seconds): 6.83
	Percent of CPU this job got: 98%
	Elapsed (wall clock) time (h:mm:ss or m:ss): 0:48.09
	Average shared text size (kbytes): 0
	Average unshared data size (kbytes): 0
	Average stack size (kbytes): 0
	Average total size (kbytes): 0
	Maximum resident set size (kbytes): 1894720
	Average resident set size (kbytes): 0
	Major (requiring I/O) page faults: 0
	Minor (reclaiming a frame) page faults: 576287
	Voluntary context switches: 9955
	Involuntary context switches: 228
	Swaps: 0
	File system inputs: 0
	File system outputs: 24
	Socket messages sent: 0
	Socket messages received: 0
	Signals delivered: 0
	Page size (bytes): 4096
	Exit status: 0
