[info] total indices 175
[info] total variants 175
1.001 was filtered out as 99270538 T>C needs T but not covered
1.002 was filtered out as 99270538 T>C needs T but not covered
1.003 was filtered out as 99270538 T>C needs T but not covered
1.004 was filtered out as 99270538 T>C needs T but not covered
1.005 was filtered out as 99270538 T>C needs T but not covered
3.002 was filtered out as 99273814 G>A needs A but not covered
3.003 was filtered out as 99270275 A>C needs C but not covered
3.004 was filtered out as 99245973 A>G needs G but not covered
3.005 was filtered out as 99264572 A>G needs G but not covered
3.006 was filtered out as 99247742 T>C needs C but not covered
3.007 was filtered out as 99247771 A>G needs G but not covered
3.008 was filtered out as 99273744 T>C needs C but not covered
3.009 was filtered out as 99262859 T>C needs C but not covered
3.010 was filtered out as 99250235 G>T needs T but not covered
3.017 was filtered out as 99262850 A>C needs C but not covered
6.001 was filtered out as 99270538 T>C needs T but not covered
7.001 was filtered out as 99270538 T>C needs T but not covered
8.001 was filtered out as 99270538 T>C needs T but not covered
9.001 was filtered out as 99270538 T>C needs T but not covered
[filter] CYP3A5 3 => 3.001; 3.012; 3.013; 3.014; 3.015; 3.016
[filter] valid_alleles=6
Step 0: Loss=0.1338, CN=[2.0999167]
Step 100: Loss=0.0795, CN=[2.381431]
Step 200: Loss=0.0795, CN=[2.380561]
Step 300: Loss=0.0795, CN=[2.3805583]
Step 400: Loss=0.0795, CN=[2.3805583]

=== Fit ===
Region 0: obs=2.683, exp=2.381, diff=+0.303 
Region 1: obs=1.724, exp=2.381, diff=-0.656 *
Region 2: obs=1.636, exp=2.381, diff=-0.744 *
Region 3: obs=2.440, exp=2.381, diff=+0.059 
Region 4: obs=3.361, exp=2.381, diff=+0.980 *
Region 5: obs=1.947, exp=2.381, diff=-0.433 
Region 6: obs=2.270, exp=2.381, diff=-0.111 
Region 7: obs=2.463, exp=2.381, diff=+0.082 
Region 8: obs=2.336, exp=2.381, diff=-0.045 
Region 9: obs=2.540, exp=2.381, diff=+0.160 
Region 10: obs=1.821, exp=2.381, diff=-0.559 *
Region 11: obs=1.927, exp=2.381, diff=-0.454 
Region 12: obs=1.467, exp=2.381, diff=-0.913 *
Region 13: obs=2.524, exp=2.381, diff=+0.144 
Region 14: obs=2.262, exp=2.381, diff=-0.119 
Region 15: obs=2.274, exp=2.381, diff=-0.106 
Region 16: obs=2.793, exp=2.381, diff=+0.412 
Region 17: obs=2.458, exp=2.381, diff=+0.077 
Region 18: obs=2.671, exp=2.381, diff=+0.290 
Region 19: obs=2.770, exp=2.381, diff=+0.389 
Region 20: obs=1.980, exp=2.381, diff=-0.400 
Region 21: obs=2.397, exp=2.381, diff=+0.016 
Region 22: obs=2.341, exp=2.381, diff=-0.040 
Region 23: obs=2.404, exp=2.381, diff=+0.024 
Region 24: obs=2.386, exp=2.381, diff=+0.006 
Region 25: obs=2.542, exp=2.381, diff=+0.161 
Region 26: obs=3.215, exp=2.381, diff=+0.835 *
Region 27: obs=2.858, exp=2.381, diff=+0.478 
Region 28: obs=2.487, exp=2.381, diff=+0.107 

[Gene CN Results]
  CYP3A5: 2.38 → 2.3805580139160156
Using device: cuda

CYP3A5*3.001:

CYP3A5*3.012:

CYP3A5*3.013:

CYP3A5*3.014:

CYP3A5*3.015:

CYP3A5*3.016:

=== Running VAE with seed 42 ===
Global Pooled JS: 0.017212
functional kld weight 0.0
Seed 42, Step    0: Loss = 112.46 (Recon: 82.94, Allele KL: 2.89, Base KL: 99.01, Functional KL: 0.02
Global Pooled JS: 0.010643
functional kld weight 27.77777777777777
Seed 42, Step  500: Loss = 75.58 (Recon: 45.11, Allele KL: 4.36, Base KL: 4691.57, Functional KL: 0.01
Global Pooled JS: 0.007384
functional kld weight 222.22222222222217
Seed 42, Step 1000: Loss = 65.70 (Recon: 32.52, Allele KL: 5.87, Base KL: 5376.95, Functional KL: 0.01
Global Pooled JS: 0.004232
functional kld weight 750.0
Seed 42, Step 1500: Loss = 61.55 (Recon: 25.13, Allele KL: 7.03, Base KL: 6842.02, Functional KL: 0.00
Global Pooled JS: 0.002742
functional kld weight 1777.7777777777774
Seed 42, Step 2000: Loss = 68.41 (Recon: 24.40, Allele KL: 11.12, Base KL: 8998.97, Functional KL: 0.00
Global Pooled JS: 0.001832
functional kld weight 3472.222222222223
Seed 42, Step 2500: Loss = 77.86 (Recon: 24.27, Allele KL: 16.91, Base KL: 11562.41, Functional KL: 0.00

Top Variants with Coverage Mismatches:
Rank   Variant                        Expected     Observed     Diff       |Div|       
------------------------------------------------------------------------------------------
1      CYP3A5:99270538→P              0.03         0.00         0.03       0.000248    
2      CYP3A5:99270538→T              0.03         0.00         0.03       0.000247    
3      CYP3A5:99270538→N              0.03         0.00         0.03       0.000246    
4      CYP3A5:99270538→G              0.03         0.00         0.03       0.000243    
5      CYP3A5:99270538→M              0.03         0.00         0.03       0.000242    
6      CYP3A5:99270538→A              0.03         0.00         0.03       0.000241    
7      CYP3A5:99270538→C              48.29        60.00        -11.71     0.000002    
New best model with final loss: 81.34

=== Multi-Seed VAE Results ===
Best model had seed 42 with final loss: 81.34
All seeds final losses:
  Seed 42: Total=81.34 (Recon=26.37, A_KL=11.43, B_KL=14177.11) <- Best

[Raw]:
CYP3A5*3: Normalized=1.0000, Unnormalized=1.00

[Alleles]
CYP3A5*3
CYP3A5*3
	Command being timed: "python cyp.py CYP3A5 /project/shared/aldy-data/wgs/NA19003.wgs.cram 42"
	User time (seconds): 52.26
	System time (seconds): 10.71
	Percent of CPU this job got: 98%
	Elapsed (wall clock) time (h:mm:ss or m:ss): 1:03.82
	Average shared text size (kbytes): 0
	Average unshared data size (kbytes): 0
	Average stack size (kbytes): 0
	Average total size (kbytes): 0
	Maximum resident set size (kbytes): 1907736
	Average resident set size (kbytes): 0
	Major (requiring I/O) page faults: 0
	Minor (reclaiming a frame) page faults: 669158
	Voluntary context switches: 11514
	Involuntary context switches: 1350
	Swaps: 0
	File system inputs: 0
	File system outputs: 24
	Socket messages sent: 0
	Socket messages received: 0
	Signals delivered: 0
	Page size (bytes): 4096
	Exit status: 0
