[info] total indices 175
[info] total variants 175
3.001 was filtered out as 99270538 T>C needs C but not covered
3.012 was filtered out as 99270538 T>C needs C but not covered
3.013 was filtered out as 99270538 T>C needs C but not covered
3.014 was filtered out as 99270538 T>C needs C but not covered
3.015 was filtered out as 99270538 T>C needs C but not covered
3.016 was filtered out as 99270538 T>C needs C but not covered
3.002 was filtered out as 99270538 T>C needs C but not covered
3.003 was filtered out as 99270538 T>C needs C but not covered
3.004 was filtered out as 99270538 T>C needs C but not covered
3.005 was filtered out as 99270538 T>C needs C but not covered
3.006 was filtered out as 99270538 T>C needs C but not covered
3.007 was filtered out as 99270538 T>C needs C but not covered
3.008 was filtered out as 99270538 T>C needs C but not covered
3.009 was filtered out as 99270538 T>C needs C but not covered
3.010 was filtered out as 99270538 T>C needs C but not covered
3.017 was filtered out as 99270538 T>C needs C but not covered
7.001 was filtered out as 99250392 insA needs P but not covered
8.001 was filtered out as 99273820 G>A needs A but not covered
9.001 was filtered out as 99258138 C>T needs T but not covered
[filter] CYP3A5 1 => 1.001; 1.002; 1.003; 1.004; 1.005
[filter] CYP3A5 6 => 6.001
[filter] valid_alleles=6
Step 0: Loss=0.0730, CN=[2.0999167]
Step 100: Loss=0.0369, CN=[2.2831216]
Step 200: Loss=0.0369, CN=[2.2826998]
Step 300: Loss=0.0369, CN=[2.2826936]
Step 400: Loss=0.0369, CN=[2.2826934]

=== Fit ===
Region 0: obs=2.226, exp=2.283, diff=-0.056 
Region 1: obs=1.851, exp=2.283, diff=-0.432 
Region 2: obs=1.528, exp=2.283, diff=-0.755 *
Region 3: obs=2.216, exp=2.283, diff=-0.067 
Region 4: obs=2.669, exp=2.283, diff=+0.386 
Region 5: obs=2.216, exp=2.283, diff=-0.067 
Region 6: obs=2.285, exp=2.283, diff=+0.002 
Region 7: obs=2.526, exp=2.283, diff=+0.243 
Region 8: obs=2.504, exp=2.283, diff=+0.222 
Region 9: obs=2.430, exp=2.283, diff=+0.148 
Region 10: obs=2.449, exp=2.283, diff=+0.166 
Region 11: obs=2.686, exp=2.283, diff=+0.404 
Region 12: obs=2.083, exp=2.283, diff=-0.200 
Region 13: obs=2.432, exp=2.283, diff=+0.149 
Region 14: obs=1.927, exp=2.283, diff=-0.356 
Region 15: obs=2.483, exp=2.283, diff=+0.201 
Region 16: obs=2.818, exp=2.283, diff=+0.535 *
Region 17: obs=2.201, exp=2.283, diff=-0.081 
Region 18: obs=1.871, exp=2.283, diff=-0.411 
Region 19: obs=2.293, exp=2.283, diff=+0.010 
Region 20: obs=1.813, exp=2.283, diff=-0.470 
Region 21: obs=2.229, exp=2.283, diff=-0.054 
Region 22: obs=2.290, exp=2.283, diff=+0.007 
Region 23: obs=2.335, exp=2.283, diff=+0.053 
Region 24: obs=2.313, exp=2.283, diff=+0.030 
Region 25: obs=2.270, exp=2.283, diff=-0.013 
Region 26: obs=2.252, exp=2.283, diff=-0.030 
Region 27: obs=2.276, exp=2.283, diff=-0.007 
Region 28: obs=2.506, exp=2.283, diff=+0.223 

[Gene CN Results]
  CYP3A5: 2.28 → 2.28269362449646
Using device: cuda

CYP3A5*1.001:

CYP3A5*1.002:

CYP3A5*1.003:

CYP3A5*1.004:

CYP3A5*1.005:

CYP3A5*6.001:

=== Running VAE with seed 42 ===
Global Pooled JS: 0.196078
functional kld weight 0.0
Seed 42, Step    0: Loss = 131.32 (Recon: 109.74, Allele KL: 3.46, Base KL: 96.10, Functional KL: 0.20
Global Pooled JS: 0.008482
functional kld weight 27.77777777777777
Seed 42, Step  500: Loss = 53.22 (Recon: 21.49, Allele KL: 15.11, Base KL: 3058.22, Functional KL: 0.01
Global Pooled JS: 0.004157
functional kld weight 222.22222222222217
Seed 42, Step 1000: Loss = 55.93 (Recon: 28.49, Allele KL: 9.40, Base KL: 3366.04, Functional KL: 0.00
Global Pooled JS: 0.012588
functional kld weight 750.0
Seed 42, Step 1500: Loss = 67.07 (Recon: 27.45, Allele KL: 12.66, Base KL: 4181.33, Functional KL: 0.01
Global Pooled JS: 0.005784
functional kld weight 1777.7777777777774
Seed 42, Step 2000: Loss = 73.80 (Recon: 36.66, Allele KL: 7.50, Base KL: 5514.00, Functional KL: 0.01
Global Pooled JS: 0.001456
functional kld weight 3472.222222222223
Seed 42, Step 2500: Loss = 58.80 (Recon: 22.06, Allele KL: 11.47, Base KL: 7246.30, Functional KL: 0.00

Top Variants with Coverage Mismatches:
Rank   Variant                        Expected     Observed     Diff       |Div|       
------------------------------------------------------------------------------------------
1      CYP3A5:99262834→P              0.03         0.00         0.03       0.000178    
2      CYP3A5:99262834→G              0.02         0.00         0.02       0.000174    
3      CYP3A5:99262834→N              0.02         0.00         0.02       0.000173    
4      CYP3A5:99262834→A              0.02         0.00         0.02       0.000170    
5      CYP3A5:99262834→M              0.02         0.00         0.02       0.000168    
6      CYP3A5:99262834→T              26.48        23.00        3.48       0.000044    
7      CYP3A5:99262834→C              23.00        19.00        4.00       0.000035    
New best model with final loss: 72.59

=== Multi-Seed VAE Results ===
Best model had seed 42 with final loss: 72.59
All seeds final losses:
  Seed 42: Total=72.59 (Recon=26.53, A_KL=12.69, B_KL=8889.02) <- Best

[Raw]:
CYP3A5*6: Normalized=0.5370, Unnormalized=0.54
CYP3A5*1: Normalized=0.4630, Unnormalized=0.46

[Alleles]
CYP3A5*6
CYP3A5*1
	Command being timed: "python cyp.py CYP3A5 /project/shared/aldy-data/wgs/NA20296.wgs.cram 42"
	User time (seconds): 41.23
	System time (seconds): 6.96
	Percent of CPU this job got: 97%
	Elapsed (wall clock) time (h:mm:ss or m:ss): 0:49.29
	Average shared text size (kbytes): 0
	Average unshared data size (kbytes): 0
	Average stack size (kbytes): 0
	Average total size (kbytes): 0
	Maximum resident set size (kbytes): 1901112
	Average resident set size (kbytes): 0
	Major (requiring I/O) page faults: 0
	Minor (reclaiming a frame) page faults: 609140
	Voluntary context switches: 11090
	Involuntary context switches: 1479
	Swaps: 0
	File system inputs: 0
	File system outputs: 24
	Socket messages sent: 0
	Socket messages received: 0
	Signals delivered: 0
	Page size (bytes): 4096
	Exit status: 0
