[info] total indices 441
[info] total variants 441
2.001 was filtered out as 41497273 C>T needs T but not covered
2.002 was filtered out as 41497273 C>T needs T but not covered
3.001 was filtered out as 41515254 C>A needs A but not covered
5.001 was filtered out as 41522714 C>T needs T but not covered
5.002 was filtered out as 41522714 C>T needs T but not covered
5.003 was filtered out as 41522714 C>T needs T but not covered
7.001 was filtered out as 41522714 C>T needs T but not covered
8.001 was filtered out as 41510281 A>G needs G but not covered
10.001 was filtered out as 41497273 C>T needs T but not covered
11.001 was filtered out as 41497345 A>G needs G but not covered
12.001 was filtered out as 41510029 G>A needs A but not covered
13.001 was filtered out as 41510281 A>G needs G but not covered
14.001 was filtered out as 41510285 G>A needs A but not covered
15.001 was filtered out as 41518597 T>A needs A but not covered
17.001 was filtered out as 41497285 A>T needs T but not covered
17.002 was filtered out as 41497285 A>T needs T but not covered
18.001 was filtered out as 41518220 T>C needs C but not covered
18.002 was filtered out as 41518220 T>C needs C but not covered
19.001 was filtered out as 41518243 C>T needs T but not covered
20.001 was filtered out as 41512827 C>T needs T but not covered
21.001 was filtered out as 41518707 C>A needs A but not covered
22.001 was filtered out as 41497128 T>C needs C but not covered
23.001 was filtered out as 41522630 A>G needs G but not covered
24.001 was filtered out as 41522682 G>A needs A but not covered
25.001 was filtered out as 41522709 A>T needs T but not covered
26.001 was filtered out as 41512823 C>G needs G but not covered
27.001 was filtered out as 41512917 T>C needs C but not covered
28.001 was filtered out as 41515992 C>G needs G but not covered
31.001 was filtered out as 41516012 C>A needs A but not covered
32.001 was filtered out as 41518644 G>A needs A but not covered
33.001 was filtered out as 41522714 C>A needs A but not covered
34.001 was filtered out as 41497128 T>C needs C but not covered
35.001 was filtered out as 41497128 T>C needs C but not covered
36.001 was filtered out as 41497128 T>C needs C but not covered
37.001 was filtered out as 41512872 T>G needs G but not covered
38.001 was filtered out as 41509919 T>A needs A but not covered
[filter] CYP2B6 1 => 1.001; 1.002; 1.003; 1.004; 1.005; 1.006; 1.007; 1.008; 1.009; 1.010; 1.011; 1.012; 1.013; 1.014; 1.015
[filter] CYP2B6 4 => 4.001; 4.002
[filter] CYP2B6 6 => 6.001; 6.002; 6.003; 6.004
[filter] CYP2B6 9 => 9.001
[filter] valid_alleles=22
Step 0: Loss=0.0594, CN=[1.9000832]
Step 100: Loss=0.0168, CN=[1.7035186]
Step 200: Loss=0.0168, CN=[1.7028741]
Step 300: Loss=0.0168, CN=[1.7028689]
Step 400: Loss=0.0168, CN=[1.7028686]

=== Fit ===
Region 0: obs=1.809, exp=1.703, diff=+0.106 
Region 1: obs=1.327, exp=1.703, diff=-0.376 
Region 2: obs=1.347, exp=1.703, diff=-0.356 
Region 3: obs=1.715, exp=1.703, diff=+0.012 
Region 4: obs=2.129, exp=1.703, diff=+0.427 
Region 5: obs=1.695, exp=1.703, diff=-0.008 
Region 6: obs=1.828, exp=1.703, diff=+0.125 
Region 7: obs=1.744, exp=1.703, diff=+0.041 
Region 8: obs=1.721, exp=1.703, diff=+0.018 
Region 9: obs=1.776, exp=1.703, diff=+0.073 
Region 10: obs=1.768, exp=1.703, diff=+0.065 
Region 11: obs=1.744, exp=1.703, diff=+0.041 
Region 12: obs=1.472, exp=1.703, diff=-0.231 
Region 13: obs=1.816, exp=1.703, diff=+0.113 
Region 14: obs=1.682, exp=1.703, diff=-0.021 
Region 15: obs=1.929, exp=1.703, diff=+0.226 
Region 16: obs=1.736, exp=1.703, diff=+0.033 
Region 17: obs=1.684, exp=1.703, diff=-0.019 
Region 18: obs=1.394, exp=1.703, diff=-0.308 
Region 19: obs=1.730, exp=1.703, diff=+0.027 
Region 20: obs=1.716, exp=1.703, diff=+0.013 

[Gene CN Results]
  CYP2B6: 1.70 → 1.702868938446045
Using device: cuda

CYP2B6*1.001:

CYP2B6*1.002:

CYP2B6*1.003:

CYP2B6*1.004:

CYP2B6*1.005:

CYP2B6*1.006:

CYP2B6*1.007:

CYP2B6*1.008:

CYP2B6*1.009:

CYP2B6*1.010:

CYP2B6*1.011:

CYP2B6*1.012:

CYP2B6*1.013:

CYP2B6*1.014:

CYP2B6*1.015:

CYP2B6*4.001:

CYP2B6*4.002:

CYP2B6*6.001:

CYP2B6*6.002:

CYP2B6*6.003:

CYP2B6*6.004:

CYP2B6*9.001:

=== Running VAE with seed 123 ===
Global Pooled JS: 0.010281
functional kld weight 0.0
Seed 123, Step    0: Loss = 398.55 (Recon: 339.70, Allele KL: 29.21, Base KL: 3134.72, Functional KL: 0.01
Global Pooled JS: 0.027015
functional kld weight 27.77777777777777
Seed 123, Step  500: Loss = 243.83 (Recon: 180.11, Allele KL: 35.46, Base KL: 3957.48, Functional KL: 0.03
Global Pooled JS: 0.006043
functional kld weight 222.22222222222217
Seed 123, Step 1000: Loss = 248.13 (Recon: 184.22, Allele KL: 34.99, Base KL: 4035.51, Functional KL: 0.01
Global Pooled JS: 0.004699
functional kld weight 750.0
Seed 123, Step 1500: Loss = 252.96 (Recon: 196.03, Allele KL: 24.38, Base KL: 4802.72, Functional KL: 0.00
Global Pooled JS: 0.004168
functional kld weight 1777.7777777777774
Seed 123, Step 2000: Loss = 249.11 (Recon: 182.28, Allele KL: 29.53, Base KL: 6088.30, Functional KL: 0.00
Global Pooled JS: 0.003091
functional kld weight 3472.222222222223
Seed 123, Step 2500: Loss = 273.81 (Recon: 204.76, Allele KL: 26.30, Base KL: 7857.11, Functional KL: 0.00

Top Variants with Coverage Mismatches:
Rank   Variant                        Expected     Observed     Diff       |Div|       
------------------------------------------------------------------------------------------
1      CYP2B6:41515262→A              24.10        26.00        -1.90      0.001749    
2      CYP2B6:41515262→G              25.05        19.00        6.05       0.000472    
3      CYP2B6:41512840→T              24.96        19.00        5.96       0.000446    
4      CYP2B6:41515262→T              0.05         0.00         0.05       0.000178    
5      CYP2B6:41515262→M              0.05         0.00         0.05       0.000177    
6      CYP2B6:41515262→C              0.05         0.00         0.05       0.000174    
7      CYP2B6:41515262→P              0.05         0.00         0.05       0.000173    
8      CYP2B6:41515262→N              0.05         0.00         0.05       0.000172    
9      CYP2B6:41512840→C              0.05         0.00         0.05       0.000169    
10     CYP2B6:41512840→M              0.05         0.00         0.05       0.000168    
11     CYP2B6:41512840→A              0.05         0.00         0.05       0.000166    
12     CYP2B6:41512840→N              0.05         0.00         0.05       0.000166    
13     CYP2B6:41512840→P              0.05         0.00         0.05       0.000163    
14     CYP2B6:41512840→G              24.20        21.00        3.20       0.000002    
New best model with final loss: 304.87

=== Multi-Seed VAE Results ===
Best model had seed 123 with final loss: 304.87
All seeds final losses:
  Seed 123: Total=304.87 (Recon=189.41, A_KL=23.08, B_KL=10481.61) <- Best

[Raw]:
CYP2B6*6: Normalized=0.5067, Unnormalized=0.51
CYP2B6*1: Normalized=0.4819, Unnormalized=0.48

[Alleles]
CYP2B6*6
CYP2B6*1
	Command being timed: "python cyp.py CYP2B6 /project/shared/aldy-data/wgs/NA19109.wgs.cram 123"
	User time (seconds): 52.80
	System time (seconds): 11.54
	Percent of CPU this job got: 99%
	Elapsed (wall clock) time (h:mm:ss or m:ss): 1:04.91
	Average shared text size (kbytes): 0
	Average unshared data size (kbytes): 0
	Average stack size (kbytes): 0
	Average total size (kbytes): 0
	Maximum resident set size (kbytes): 1880040
	Average resident set size (kbytes): 0
	Major (requiring I/O) page faults: 0
	Minor (reclaiming a frame) page faults: 523355
	Voluntary context switches: 9931
	Involuntary context switches: 193
	Swaps: 0
	File system inputs: 0
	File system outputs: 24
	Socket messages sent: 0
	Socket messages received: 0
	Signals delivered: 0
	Page size (bytes): 4096
	Exit status: 0
