[info] total indices 175
[info] total variants 175
1.001 was filtered out as 99270538 T>C needs T but not covered
1.002 was filtered out as 99270538 T>C needs T but not covered
1.003 was filtered out as 99270538 T>C needs T but not covered
1.004 was filtered out as 99270538 T>C needs T but not covered
1.005 was filtered out as 99270538 T>C needs T but not covered
3.002 was filtered out as 99273814 G>A needs A but not covered
3.003 was filtered out as 99270275 A>C needs C but not covered
3.004 was filtered out as 99245973 A>G needs G but not covered
3.005 was filtered out as 99264572 A>G needs G but not covered
3.006 was filtered out as 99247742 T>C needs C but not covered
3.007 was filtered out as 99247771 A>G needs G but not covered
3.008 was filtered out as 99273744 T>C needs C but not covered
3.009 was filtered out as 99262859 T>C needs C but not covered
3.010 was filtered out as 99250235 G>T needs T but not covered
3.017 was filtered out as 99262850 A>C needs C but not covered
6.001 was filtered out as 99270538 T>C needs T but not covered
7.001 was filtered out as 99270538 T>C needs T but not covered
8.001 was filtered out as 99270538 T>C needs T but not covered
9.001 was filtered out as 99270538 T>C needs T but not covered
[filter] CYP3A5 3 => 3.001; 3.012; 3.013; 3.014; 3.015; 3.016
[filter] valid_alleles=6
Step 0: Loss=0.1203, CN=[2.0999167]
Step 100: Loss=0.0459, CN=[2.4222016]
Step 200: Loss=0.0459, CN=[2.4239342]
Step 300: Loss=0.0459, CN=[2.4239264]
Step 400: Loss=0.0459, CN=[2.423926]

=== Fit ===
Region 0: obs=2.416, exp=2.424, diff=-0.008 
Region 1: obs=2.349, exp=2.424, diff=-0.075 
Region 2: obs=2.397, exp=2.424, diff=-0.027 
Region 3: obs=2.265, exp=2.424, diff=-0.159 
Region 4: obs=2.629, exp=2.424, diff=+0.205 
Region 5: obs=2.175, exp=2.424, diff=-0.249 
Region 6: obs=2.826, exp=2.424, diff=+0.403 
Region 7: obs=2.573, exp=2.424, diff=+0.149 
Region 8: obs=2.168, exp=2.424, diff=-0.256 
Region 9: obs=2.560, exp=2.424, diff=+0.136 
Region 10: obs=1.891, exp=2.424, diff=-0.533 *
Region 11: obs=2.436, exp=2.424, diff=+0.013 
Region 12: obs=2.091, exp=2.424, diff=-0.332 
Region 13: obs=2.767, exp=2.424, diff=+0.343 
Region 14: obs=2.818, exp=2.424, diff=+0.395 
Region 15: obs=2.532, exp=2.424, diff=+0.108 
Region 16: obs=2.731, exp=2.424, diff=+0.307 
Region 17: obs=2.458, exp=2.424, diff=+0.034 
Region 18: obs=1.714, exp=2.424, diff=-0.710 *
Region 19: obs=2.629, exp=2.424, diff=+0.205 
Region 20: obs=1.541, exp=2.424, diff=-0.883 *
Region 21: obs=2.358, exp=2.424, diff=-0.066 
Region 22: obs=2.446, exp=2.424, diff=+0.022 
Region 23: obs=2.333, exp=2.424, diff=-0.091 
Region 24: obs=2.536, exp=2.424, diff=+0.112 
Region 25: obs=2.283, exp=2.424, diff=-0.141 
Region 26: obs=2.971, exp=2.424, diff=+0.547 *
Region 27: obs=2.465, exp=2.424, diff=+0.041 
Region 28: obs=2.356, exp=2.424, diff=-0.068 

[Gene CN Results]
  CYP3A5: 2.42 → 2.4239261150360107
Using device: cuda

CYP3A5*3.001:

CYP3A5*3.012:

CYP3A5*3.013:

CYP3A5*3.014:

CYP3A5*3.015:

CYP3A5*3.016:

=== Running VAE with seed 123 ===
Global Pooled JS: 0.017431
functional kld weight 0.0
Seed 123, Step    0: Loss = 149.76 (Recon: 121.82, Allele KL: 2.44, Base KL: 138.22, Functional KL: 0.02
Global Pooled JS: 0.009179
functional kld weight 27.77777777777777
Seed 123, Step  500: Loss = 59.54 (Recon: 26.40, Allele KL: 8.54, Base KL: 4489.68, Functional KL: 0.01
Global Pooled JS: 0.007524
functional kld weight 222.22222222222217
Seed 123, Step 1000: Loss = 63.05 (Recon: 28.18, Allele KL: 8.00, Base KL: 5144.08, Functional KL: 0.01
Global Pooled JS: 0.004832
functional kld weight 750.0
Seed 123, Step 1500: Loss = 65.20 (Recon: 26.41, Allele KL: 8.74, Base KL: 6641.26, Functional KL: 0.00
Global Pooled JS: 0.002820
functional kld weight 1777.7777777777774
Seed 123, Step 2000: Loss = 70.26 (Recon: 24.11, Allele KL: 13.00, Base KL: 8899.88, Functional KL: 0.00
Global Pooled JS: 0.001928
functional kld weight 3472.222222222223
Seed 123, Step 2500: Loss = 73.13 (Recon: 23.92, Allele KL: 12.14, Base KL: 11381.51, Functional KL: 0.00

Top Variants with Coverage Mismatches:
Rank   Variant                        Expected     Observed     Diff       |Div|       
------------------------------------------------------------------------------------------
1      CYP3A5:99270538→A              0.04         0.00         0.04       0.000278    
2      CYP3A5:99270538→G              0.04         0.00         0.04       0.000277    
3      CYP3A5:99270538→T              0.04         0.00         0.04       0.000275    
4      CYP3A5:99270538→P              0.04         0.00         0.04       0.000275    
5      CYP3A5:99270538→N              0.04         0.00         0.04       0.000275    
6      CYP3A5:99270538→M              0.04         0.00         0.04       0.000269    
7      CYP3A5:99270538→C              45.12        47.00        -1.88      0.000003    
New best model with final loss: 78.51

=== Multi-Seed VAE Results ===
Best model had seed 123 with final loss: 78.51
All seeds final losses:
  Seed 123: Total=78.51 (Recon=25.27, A_KL=9.71, B_KL=14034.46) <- Best

[Raw]:
CYP3A5*3: Normalized=1.0000, Unnormalized=1.00

[Alleles]
CYP3A5*3
CYP3A5*3
	Command being timed: "python cyp.py CYP3A5 /project/shared/aldy-data/wgs/NA07348.wgs.cram 123"
	User time (seconds): 52.23
	System time (seconds): 10.72
	Percent of CPU this job got: 99%
	Elapsed (wall clock) time (h:mm:ss or m:ss): 1:03.56
	Average shared text size (kbytes): 0
	Average unshared data size (kbytes): 0
	Average stack size (kbytes): 0
	Average total size (kbytes): 0
	Maximum resident set size (kbytes): 1889728
	Average resident set size (kbytes): 0
	Major (requiring I/O) page faults: 0
	Minor (reclaiming a frame) page faults: 660728
	Voluntary context switches: 9993
	Involuntary context switches: 108
	Swaps: 0
	File system inputs: 0
	File system outputs: 24
	Socket messages sent: 0
	Socket messages received: 0
	Signals delivered: 0
	Page size (bytes): 4096
	Exit status: 0
