[info] total indices 441
[info] total variants 441
2.001 was filtered out as 41497273 C>T needs T but not covered
2.002 was filtered out as 41497273 C>T needs T but not covered
3.001 was filtered out as 41515254 C>A needs A but not covered
5.001 was filtered out as 41522714 C>T needs T but not covered
5.002 was filtered out as 41522714 C>T needs T but not covered
5.003 was filtered out as 41522714 C>T needs T but not covered
7.001 was filtered out as 41522714 C>T needs T but not covered
8.001 was filtered out as 41510281 A>G needs G but not covered
10.001 was filtered out as 41497273 C>T needs T but not covered
11.001 was filtered out as 41497345 A>G needs G but not covered
12.001 was filtered out as 41510029 G>A needs A but not covered
13.001 was filtered out as 41510281 A>G needs G but not covered
14.001 was filtered out as 41510285 G>A needs A but not covered
15.001 was filtered out as 41518597 T>A needs A but not covered
17.001 was filtered out as 41497285 A>T needs T but not covered
17.002 was filtered out as 41497285 A>T needs T but not covered
18.001 was filtered out as 41518220 T>C needs C but not covered
18.002 was filtered out as 41518220 T>C needs C but not covered
19.001 was filtered out as 41518243 C>T needs T but not covered
20.001 was filtered out as 41512827 C>T needs T but not covered
21.001 was filtered out as 41518707 C>A needs A but not covered
22.001 was filtered out as 41497128 T>C needs C but not covered
23.001 was filtered out as 41522630 A>G needs G but not covered
24.001 was filtered out as 41522682 G>A needs A but not covered
25.001 was filtered out as 41522709 A>T needs T but not covered
26.001 was filtered out as 41512823 C>G needs G but not covered
27.001 was filtered out as 41512917 T>C needs C but not covered
28.001 was filtered out as 41515992 C>G needs G but not covered
31.001 was filtered out as 41516012 C>A needs A but not covered
32.001 was filtered out as 41518644 G>A needs A but not covered
33.001 was filtered out as 41522714 C>A needs A but not covered
34.001 was filtered out as 41497128 T>C needs C but not covered
35.001 was filtered out as 41497128 T>C needs C but not covered
36.001 was filtered out as 41497128 T>C needs C but not covered
37.001 was filtered out as 41512872 T>G needs G but not covered
38.001 was filtered out as 41509919 T>A needs A but not covered
[filter] CYP2B6 1 => 1.001; 1.002; 1.003; 1.004; 1.005; 1.006; 1.007; 1.008; 1.009; 1.010; 1.011; 1.012; 1.013; 1.014; 1.015
[filter] CYP2B6 4 => 4.001; 4.002
[filter] CYP2B6 6 => 6.001; 6.002; 6.003; 6.004
[filter] CYP2B6 9 => 9.001
[filter] valid_alleles=22
Step 0: Loss=0.0187, CN=[1.9000834]
Step 100: Loss=0.0184, CN=[1.9746697]
Step 200: Loss=0.0184, CN=[1.9750235]
Step 300: Loss=0.0184, CN=[1.9750223]
Step 400: Loss=0.0184, CN=[1.9750226]

=== Fit ===
Region 0: obs=2.194, exp=1.975, diff=+0.219 
Region 1: obs=2.389, exp=1.975, diff=+0.414 
Region 2: obs=1.973, exp=1.975, diff=-0.002 
Region 3: obs=2.170, exp=1.975, diff=+0.195 
Region 4: obs=1.890, exp=1.975, diff=-0.085 
Region 5: obs=1.658, exp=1.975, diff=-0.317 
Region 6: obs=1.942, exp=1.975, diff=-0.033 
Region 7: obs=1.809, exp=1.975, diff=-0.166 
Region 8: obs=1.790, exp=1.975, diff=-0.185 
Region 9: obs=1.981, exp=1.975, diff=+0.006 
Region 10: obs=2.095, exp=1.975, diff=+0.120 
Region 11: obs=2.222, exp=1.975, diff=+0.247 
Region 12: obs=1.766, exp=1.975, diff=-0.209 
Region 13: obs=1.973, exp=1.975, diff=-0.002 
Region 14: obs=1.918, exp=1.975, diff=-0.057 
Region 15: obs=1.889, exp=1.975, diff=-0.086 
Region 16: obs=1.765, exp=1.975, diff=-0.211 
Region 17: obs=1.998, exp=1.975, diff=+0.023 
Region 18: obs=1.701, exp=1.975, diff=-0.274 
Region 19: obs=2.096, exp=1.975, diff=+0.121 
Region 20: obs=2.256, exp=1.975, diff=+0.281 

[Gene CN Results]
  CYP2B6: 1.98 → 1.975022792816162
Using device: cuda

CYP2B6*1.001:

CYP2B6*1.002:

CYP2B6*1.003:

CYP2B6*1.004:

CYP2B6*1.005:

CYP2B6*1.006:

CYP2B6*1.007:

CYP2B6*1.008:

CYP2B6*1.009:

CYP2B6*1.010:

CYP2B6*1.011:

CYP2B6*1.012:

CYP2B6*1.013:

CYP2B6*1.014:

CYP2B6*1.015:

CYP2B6*4.001:

CYP2B6*4.002:

CYP2B6*6.001:

CYP2B6*6.002:

CYP2B6*6.003:

CYP2B6*6.004:

CYP2B6*9.001:

=== Running VAE with seed 789 ===
Global Pooled JS: 0.094694
functional kld weight 0.0
Seed 789, Step    0: Loss = 326.02 (Recon: 267.44, Allele KL: 28.79, Base KL: 3013.70, Functional KL: 0.09
Global Pooled JS: 0.007884
functional kld weight 27.77777777777777
Seed 789, Step  500: Loss = 185.84 (Recon: 136.80, Allele KL: 21.02, Base KL: 2720.87, Functional KL: 0.01
Global Pooled JS: 0.007126
functional kld weight 222.22222222222217
Seed 789, Step 1000: Loss = 198.53 (Recon: 151.82, Allele KL: 16.73, Base KL: 2980.21, Functional KL: 0.01
Global Pooled JS: 0.005337
functional kld weight 750.0
Seed 789, Step 1500: Loss = 196.45 (Recon: 140.34, Allele KL: 23.99, Base KL: 3427.32, Functional KL: 0.01
Global Pooled JS: 0.005061
functional kld weight 1777.7777777777774
Seed 789, Step 2000: Loss = 202.70 (Recon: 142.37, Allele KL: 21.07, Base KL: 5355.64, Functional KL: 0.01
Global Pooled JS: 0.008296
functional kld weight 3472.222222222223
Seed 789, Step 2500: Loss = 230.82 (Recon: 147.96, Allele KL: 21.29, Base KL: 7734.56, Functional KL: 0.01

Top Variants with Coverage Mismatches:
Rank   Variant                        Expected     Observed     Diff       |Div|       
------------------------------------------------------------------------------------------
1      CYP2B6:41512840→P              0.08         0.00         0.08       0.000285    
2      CYP2B6:41512840→N              0.08         0.00         0.08       0.000284    
3      CYP2B6:41512840→C              0.08         0.00         0.08       0.000283    
4      CYP2B6:41512840→A              0.08         0.00         0.08       0.000281    
5      CYP2B6:41512840→M              0.07         0.00         0.07       0.000276    
6      CYP2B6:41515262→P              0.07         0.00         0.07       0.000243    
7      CYP2B6:41515262→M              0.07         0.00         0.07       0.000243    
8      CYP2B6:41515262→T              0.06         0.00         0.06       0.000240    
9      CYP2B6:41515262→N              0.06         0.00         0.06       0.000239    
10     CYP2B6:41515262→C              0.06         0.00         0.06       0.000237    
11     CYP2B6:41515262→G              23.02        19.00        4.02       0.000076    
12     CYP2B6:41512840→T              26.27        20.00        6.27       0.000034    
13     CYP2B6:41512840→G              19.81        16.00        3.81       0.000021    
14     CYP2B6:41515262→A              23.10        18.00        5.10       0.000002    
New best model with final loss: 221.52

=== Multi-Seed VAE Results ===
Best model had seed 789 with final loss: 221.52
All seeds final losses:
  Seed 789: Total=221.52 (Recon=147.26, A_KL=21.87, B_KL=10727.92) <- Best

[Raw]:
CYP2B6*6: Normalized=0.4661, Unnormalized=0.47
CYP2B6*1: Normalized=0.3863, Unnormalized=0.39

[Alleles]
CYP2B6*6
CYP2B6*1
	Command being timed: "python cyp.py CYP2B6 /project/shared/aldy-data/wgs/NA07029.wgs.cram 789"
	User time (seconds): 53.91
	System time (seconds): 11.42
	Percent of CPU this job got: 99%
	Elapsed (wall clock) time (h:mm:ss or m:ss): 1:05.89
	Average shared text size (kbytes): 0
	Average unshared data size (kbytes): 0
	Average stack size (kbytes): 0
	Average total size (kbytes): 0
	Maximum resident set size (kbytes): 1863756
	Average resident set size (kbytes): 0
	Major (requiring I/O) page faults: 0
	Minor (reclaiming a frame) page faults: 578070
	Voluntary context switches: 9800
	Involuntary context switches: 132
	Swaps: 0
	File system inputs: 0
	File system outputs: 24
	Socket messages sent: 0
	Socket messages received: 0
	Signals delivered: 0
	Page size (bytes): 4096
	Exit status: 0
