[info] total indices 441
[info] total variants 441
2.001 was filtered out as 41497273 C>T needs T but not covered
2.002 was filtered out as 41497273 C>T needs T but not covered
3.001 was filtered out as 41515254 C>A needs A but not covered
5.001 was filtered out as 41522714 C>T needs T but not covered
5.002 was filtered out as 41522714 C>T needs T but not covered
5.003 was filtered out as 41522714 C>T needs T but not covered
7.001 was filtered out as 41522714 C>T needs T but not covered
8.001 was filtered out as 41510281 A>G needs G but not covered
10.001 was filtered out as 41497273 C>T needs T but not covered
11.001 was filtered out as 41497345 A>G needs G but not covered
12.001 was filtered out as 41510029 G>A needs A but not covered
13.001 was filtered out as 41510281 A>G needs G but not covered
14.001 was filtered out as 41510285 G>A needs A but not covered
15.001 was filtered out as 41518597 T>A needs A but not covered
17.001 was filtered out as 41497285 A>T needs T but not covered
17.002 was filtered out as 41497285 A>T needs T but not covered
18.001 was filtered out as 41518220 T>C needs C but not covered
18.002 was filtered out as 41518220 T>C needs C but not covered
19.001 was filtered out as 41518243 C>T needs T but not covered
20.001 was filtered out as 41512827 C>T needs T but not covered
21.001 was filtered out as 41518707 C>A needs A but not covered
22.001 was filtered out as 41497128 T>C needs C but not covered
23.001 was filtered out as 41522630 A>G needs G but not covered
24.001 was filtered out as 41522682 G>A needs A but not covered
25.001 was filtered out as 41522709 A>T needs T but not covered
26.001 was filtered out as 41512823 C>G needs G but not covered
27.001 was filtered out as 41512917 T>C needs C but not covered
28.001 was filtered out as 41515992 C>G needs G but not covered
31.001 was filtered out as 41516012 C>A needs A but not covered
32.001 was filtered out as 41518644 G>A needs A but not covered
33.001 was filtered out as 41522714 C>A needs A but not covered
34.001 was filtered out as 41497128 T>C needs C but not covered
35.001 was filtered out as 41497128 T>C needs C but not covered
36.001 was filtered out as 41497128 T>C needs C but not covered
37.001 was filtered out as 41512872 T>G needs G but not covered
38.001 was filtered out as 41509919 T>A needs A but not covered
[filter] CYP2B6 1 => 1.001; 1.002; 1.003; 1.004; 1.005; 1.006; 1.007; 1.008; 1.009; 1.010; 1.011; 1.012; 1.013; 1.014; 1.015
[filter] CYP2B6 4 => 4.001; 4.002
[filter] CYP2B6 6 => 6.001; 6.002; 6.003; 6.004
[filter] CYP2B6 9 => 9.001
[filter] valid_alleles=22
Step 0: Loss=0.0377, CN=[1.9000832]
Step 100: Loss=0.0197, CN=[1.8046362]
Step 200: Loss=0.0197, CN=[1.8052874]
Step 300: Loss=0.0197, CN=[1.8052902]
Step 400: Loss=0.0197, CN=[1.8052905]

=== Fit ===
Region 0: obs=1.909, exp=1.805, diff=+0.103 
Region 1: obs=1.997, exp=1.805, diff=+0.191 
Region 2: obs=1.885, exp=1.805, diff=+0.080 
Region 3: obs=1.799, exp=1.805, diff=-0.006 
Region 4: obs=1.825, exp=1.805, diff=+0.020 
Region 5: obs=1.923, exp=1.805, diff=+0.118 
Region 6: obs=1.997, exp=1.805, diff=+0.192 
Region 7: obs=1.968, exp=1.805, diff=+0.163 
Region 8: obs=2.026, exp=1.805, diff=+0.221 
Region 9: obs=1.807, exp=1.805, diff=+0.002 
Region 10: obs=2.050, exp=1.805, diff=+0.245 
Region 11: obs=1.712, exp=1.805, diff=-0.093 
Region 12: obs=1.669, exp=1.805, diff=-0.136 
Region 13: obs=1.698, exp=1.805, diff=-0.107 
Region 14: obs=1.178, exp=1.805, diff=-0.627 *
Region 15: obs=1.557, exp=1.805, diff=-0.249 
Region 16: obs=1.619, exp=1.805, diff=-0.186 
Region 17: obs=1.897, exp=1.805, diff=+0.092 
Region 18: obs=1.569, exp=1.805, diff=-0.236 
Region 19: obs=1.908, exp=1.805, diff=+0.103 
Region 20: obs=1.791, exp=1.805, diff=-0.015 

[Gene CN Results]
  CYP2B6: 1.81 → 1.8052902221679688
Using device: cuda

CYP2B6*1.001:

CYP2B6*1.002:

CYP2B6*1.003:

CYP2B6*1.004:

CYP2B6*1.005:

CYP2B6*1.006:

CYP2B6*1.007:

CYP2B6*1.008:

CYP2B6*1.009:

CYP2B6*1.010:

CYP2B6*1.011:

CYP2B6*1.012:

CYP2B6*1.013:

CYP2B6*1.014:

CYP2B6*1.015:

CYP2B6*4.001:

CYP2B6*4.002:

CYP2B6*6.001:

CYP2B6*6.002:

CYP2B6*6.003:

CYP2B6*6.004:

CYP2B6*9.001:

=== Running VAE with seed 789 ===
Global Pooled JS: 0.114170
functional kld weight 0.0
Seed 789, Step    0: Loss = 640.17 (Recon: 577.99, Allele KL: 32.63, Base KL: 3338.54, Functional KL: 0.11
Global Pooled JS: 0.009265
functional kld weight 27.77777777777777
Seed 789, Step  500: Loss = 224.74 (Recon: 178.49, Allele KL: 17.64, Base KL: 3772.81, Functional KL: 0.01
Global Pooled JS: 0.005063
functional kld weight 222.22222222222217
Seed 789, Step 1000: Loss = 243.65 (Recon: 189.18, Allele KL: 25.25, Base KL: 3952.83, Functional KL: 0.01
Global Pooled JS: 0.008955
functional kld weight 750.0
Seed 789, Step 1500: Loss = 228.39 (Recon: 168.68, Allele KL: 24.20, Base KL: 4709.61, Functional KL: 0.01
Global Pooled JS: 0.008125
functional kld weight 1777.7777777777774
Seed 789, Step 2000: Loss = 238.05 (Recon: 162.46, Allele KL: 31.55, Base KL: 5827.32, Functional KL: 0.01
Global Pooled JS: 0.004045
functional kld weight 3472.222222222223
Seed 789, Step 2500: Loss = 257.85 (Recon: 190.44, Allele KL: 20.81, Base KL: 7834.99, Functional KL: 0.00

Top Variants with Coverage Mismatches:
Rank   Variant                        Expected     Observed     Diff       |Div|       
------------------------------------------------------------------------------------------
1      CYP2B6:41515262→A              24.76        27.00        -2.24      0.000256    
2      CYP2B6:41515262→N              0.04         0.00         0.04       0.000162    
3      CYP2B6:41515262→T              0.04         0.00         0.04       0.000161    
4      CYP2B6:41512840→N              0.04         0.00         0.04       0.000159    
5      CYP2B6:41515262→P              0.04         0.00         0.04       0.000159    
6      CYP2B6:41515262→C              0.04         0.00         0.04       0.000159    
7      CYP2B6:41515262→M              0.04         0.00         0.04       0.000158    
8      CYP2B6:41512840→C              0.04         0.00         0.04       0.000158    
9      CYP2B6:41512840→P              0.04         0.00         0.04       0.000157    
10     CYP2B6:41512840→A              0.04         0.00         0.04       0.000155    
11     CYP2B6:41512840→M              0.04         0.00         0.04       0.000155    
12     CYP2B6:41512840→T              22.34        21.00        1.34       0.000110    
13     CYP2B6:41515262→G              22.52        22.00        0.52       0.000016    
14     CYP2B6:41512840→G              24.94        25.00        -0.06      0.000000    
New best model with final loss: 254.09

=== Multi-Seed VAE Results ===
Best model had seed 789 with final loss: 254.09
All seeds final losses:
  Seed 789: Total=254.09 (Recon=184.36, A_KL=24.02, B_KL=10168.89) <- Best

[Raw]:
CYP2B6*1: Normalized=0.5154, Unnormalized=0.52
CYP2B6*6: Normalized=0.4716, Unnormalized=0.47

[Alleles]
CYP2B6*1
CYP2B6*6
	Command being timed: "python cyp.py CYP2B6 /project/shared/aldy-data/wgs/NA19207.wgs.cram 789"
	User time (seconds): 52.68
	System time (seconds): 10.72
	Percent of CPU this job got: 99%
	Elapsed (wall clock) time (h:mm:ss or m:ss): 1:03.95
	Average shared text size (kbytes): 0
	Average unshared data size (kbytes): 0
	Average stack size (kbytes): 0
	Average total size (kbytes): 0
	Maximum resident set size (kbytes): 1870616
	Average resident set size (kbytes): 0
	Major (requiring I/O) page faults: 0
	Minor (reclaiming a frame) page faults: 597163
	Voluntary context switches: 9928
	Involuntary context switches: 181
	Swaps: 0
	File system inputs: 0
	File system outputs: 24
	Socket messages sent: 0
	Socket messages received: 0
	Signals delivered: 0
	Page size (bytes): 4096
	Exit status: 0
