[info] total indices 224
[info] total variants 224
2.001 was filtered out as 96818105 T>A needs A but not covered
2.002 was filtered out as 96818105 T>A needs A but not covered
4.001 was filtered out as 96818118 G>C needs C but not covered
4.002 was filtered out as 96818118 G>C needs C but not covered
5.001 was filtered out as 96826970 delT needs N but not covered
6.001 was filtered out as 96824687 C>T needs T but not covered
7.001 was filtered out as 96824642 G>A needs A but not covered
8.001 was filtered out as 96824642 G>C needs C but not covered
9.001 was filtered out as 96818170 T>C needs C but not covered
10.001 was filtered out as 96802646 C>A needs A but not covered
11.001 was filtered out as 96805707 C>A needs A but not covered
12.001 was filtered out as 96796973 delCAA needs N but not covered
13.001 was filtered out as 96818241 A>C needs C but not covered
14.001 was filtered out as 96818198 C>G needs G but not covered
15.001 was filtered out as 96824657 C>T needs T but not covered
16.001 was filtered out as 96802803 A>G needs G but not covered
17.001 was filtered out as 96818180 T>C needs C but not covered
18.001 was filtered out as 96802714 G>A needs A but not covered
[filter] CYP2C8 1.001 => 1.001; 1.002; 1.003; 1.004; 1.005; 1.006; 1.007; 1.008; 1.009; 1.010; 1.011; 1.012; 1.013; 1.014; 1.015; 1.016; 1.017; 1.018
[filter] CYP2C8 3.001 => 3.001; 3.002
[filter] valid_alleles=20
Step 0: Loss=0.1592, CN=[2.0999167]
Step 100: Loss=0.0255, CN=[2.5454206]
Step 200: Loss=0.0255, CN=[2.5471416]
Step 300: Loss=0.0255, CN=[2.5471284]
Step 400: Loss=0.0255, CN=[2.5471282]

=== Fit ===
Region 0: obs=2.443, exp=2.547, diff=-0.104 
Region 1: obs=2.601, exp=2.547, diff=+0.054 
Region 2: obs=2.336, exp=2.547, diff=-0.211 
Region 3: obs=2.585, exp=2.547, diff=+0.038 
Region 4: obs=1.911, exp=2.547, diff=-0.636 *
Region 5: obs=3.203, exp=2.547, diff=+0.656 *
Region 6: obs=2.657, exp=2.547, diff=+0.110 
Region 7: obs=2.556, exp=2.547, diff=+0.009 
Region 8: obs=2.572, exp=2.547, diff=+0.025 
Region 9: obs=2.447, exp=2.547, diff=-0.101 
Region 10: obs=2.331, exp=2.547, diff=-0.216 
Region 11: obs=2.580, exp=2.547, diff=+0.033 
Region 12: obs=2.758, exp=2.547, diff=+0.211 
Region 13: obs=2.385, exp=2.547, diff=-0.162 
Region 14: obs=2.557, exp=2.547, diff=+0.010 
Region 15: obs=2.610, exp=2.547, diff=+0.063 
Region 16: obs=2.779, exp=2.547, diff=+0.232 
Region 17: obs=2.444, exp=2.547, diff=-0.103 
Region 18: obs=2.520, exp=2.547, diff=-0.027 
Region 19: obs=2.601, exp=2.547, diff=+0.053 
Region 20: obs=2.634, exp=2.547, diff=+0.087 

[Gene CN Results]
  CYP2C8: 2.55 → 2.547128200531006
Using device: cuda

CYP2C8*1.001:

CYP2C8*1.002:

CYP2C8*1.003:

CYP2C8*1.004:

CYP2C8*1.005:

CYP2C8*1.006:

CYP2C8*1.007:

CYP2C8*1.008:

CYP2C8*1.009:

CYP2C8*1.010:

CYP2C8*1.011:

CYP2C8*1.012:

CYP2C8*1.013:

CYP2C8*1.014:

CYP2C8*1.015:

CYP2C8*1.016:

CYP2C8*1.017:

CYP2C8*1.018:

CYP2C8*3.001:

CYP2C8*3.002:

=== Running VAE with seed 123 ===
Global Pooled JS: 0.170231
functional kld weight 0.0
Seed 123, Step    0: Loss = 353.08 (Recon: 302.08, Allele KL: 23.07, Base KL: 2724.32, Functional KL: 0.17
Global Pooled JS: 0.016505
functional kld weight 27.77777777777777
Seed 123, Step  500: Loss = 135.31 (Recon: 93.60, Allele KL: 14.08, Base KL: 4136.44, Functional KL: 0.02
Global Pooled JS: 0.012481
functional kld weight 222.22222222222217
Seed 123, Step 1000: Loss = 139.04 (Recon: 84.98, Allele KL: 24.42, Base KL: 4360.54, Functional KL: 0.01
Global Pooled JS: 0.019460
functional kld weight 750.0
Seed 123, Step 1500: Loss = 153.68 (Recon: 86.69, Allele KL: 24.83, Base KL: 5194.02, Functional KL: 0.02
Global Pooled JS: 0.010255
functional kld weight 1777.7777777777774
Seed 123, Step 2000: Loss = 155.58 (Recon: 88.54, Allele KL: 19.58, Base KL: 6447.83, Functional KL: 0.01
Global Pooled JS: 0.014440
functional kld weight 3472.222222222223
Seed 123, Step 2500: Loss = 191.85 (Recon: 93.52, Allele KL: 16.71, Base KL: 8444.46, Functional KL: 0.01

Top Variants with Coverage Mismatches:
Rank   Variant                        Expected     Observed     Diff       |Div|       
------------------------------------------------------------------------------------------
1      CYP2C8:96798748→T              25.22        36.00        -10.78     0.003053    
2      CYP2C8:96827029→C              25.19        20.00        5.19       0.002485    
3      CYP2C8:96798748→C              23.54        20.00        3.54       0.001441    
4      CYP2C8:96827029→T              23.64        29.00        -5.36      0.000591    
5      CYP2C8:96798748→N              0.05         0.00         0.05       0.000167    
6      CYP2C8:96798748→A              0.05         0.00         0.05       0.000166    
7      CYP2C8:96798748→G              0.05         0.00         0.05       0.000164    
8      CYP2C8:96798748→M              0.05         0.00         0.05       0.000163    
9      CYP2C8:96798748→P              0.05         0.00         0.05       0.000161    
10     CYP2C8:96827029→N              0.03         0.00         0.03       0.000121    
11     CYP2C8:96827029→A              0.03         0.00         0.03       0.000121    
12     CYP2C8:96827029→G              0.03         0.00         0.03       0.000119    
13     CYP2C8:96827029→M              0.03         0.00         0.03       0.000118    
14     CYP2C8:96827029→P              0.03         0.00         0.03       0.000118    
New best model with final loss: 201.28

=== Multi-Seed VAE Results ===
Best model had seed 123 with final loss: 201.28
All seeds final losses:
  Seed 123: Total=201.28 (Recon=84.93, A_KL=26.59, B_KL=10716.97) <- Best

[Raw]:
CYP2C8*1: Normalized=0.5132, Unnormalized=0.51
CYP2C8*3: Normalized=0.4868, Unnormalized=0.49

[Alleles]
CYP2C8*1
CYP2C8*3
	Command being timed: "python cyp.py CYP2C8 /project/shared/aldy-data/wgs/NA11839.wgs.cram 123"
	User time (seconds): 97.15
	System time (seconds): 20.03
	Percent of CPU this job got: 99%
	Elapsed (wall clock) time (h:mm:ss or m:ss): 1:57.67
	Average shared text size (kbytes): 0
	Average unshared data size (kbytes): 0
	Average stack size (kbytes): 0
	Average total size (kbytes): 0
	Maximum resident set size (kbytes): 1904736
	Average resident set size (kbytes): 0
	Major (requiring I/O) page faults: 0
	Minor (reclaiming a frame) page faults: 645883
	Voluntary context switches: 9926
	Involuntary context switches: 233
	Swaps: 0
	File system inputs: 0
	File system outputs: 24
	Socket messages sent: 0
	Socket messages received: 0
	Signals delivered: 0
	Page size (bytes): 4096
	Exit status: 0
