[info] total indices 175
[info] total variants 175
3.002 was filtered out as 99273814 G>A needs A but not covered
3.003 was filtered out as 99270275 A>C needs C but not covered
3.004 was filtered out as 99245973 A>G needs G but not covered
3.005 was filtered out as 99264572 A>G needs G but not covered
3.006 was filtered out as 99247742 T>C needs C but not covered
3.007 was filtered out as 99247771 A>G needs G but not covered
3.008 was filtered out as 99273744 T>C needs C but not covered
3.009 was filtered out as 99262859 T>C needs C but not covered
3.010 was filtered out as 99250235 G>T needs T but not covered
3.017 was filtered out as 99262850 A>C needs C but not covered
6.001 was filtered out as 99262834 C>T needs T but not covered
7.001 was filtered out as 99250392 insA needs P but not covered
8.001 was filtered out as 99273820 G>A needs A but not covered
9.001 was filtered out as 99258138 C>T needs T but not covered
[filter] CYP3A5 1 => 1.001; 1.002; 1.003; 1.004; 1.005
[filter] CYP3A5 3 => 3.001; 3.012; 3.013; 3.014; 3.015; 3.016
[filter] valid_alleles=11
Step 0: Loss=0.0658, CN=[2.0999167]
Step 100: Loss=0.0354, CN=[2.25555]
Step 200: Loss=0.0354, CN=[2.254457]
Step 300: Loss=0.0354, CN=[2.2544608]
Step 400: Loss=0.0354, CN=[2.2544608]

=== Fit ===
Region 0: obs=2.404, exp=2.254, diff=+0.149 
Region 1: obs=1.636, exp=2.254, diff=-0.619 *
Region 2: obs=1.987, exp=2.254, diff=-0.268 
Region 3: obs=2.516, exp=2.254, diff=+0.262 
Region 4: obs=2.034, exp=2.254, diff=-0.221 
Region 5: obs=2.169, exp=2.254, diff=-0.085 
Region 6: obs=1.730, exp=2.254, diff=-0.525 *
Region 7: obs=2.052, exp=2.254, diff=-0.203 
Region 8: obs=2.281, exp=2.254, diff=+0.027 
Region 9: obs=2.545, exp=2.254, diff=+0.291 
Region 10: obs=2.436, exp=2.254, diff=+0.182 
Region 11: obs=2.295, exp=2.254, diff=+0.041 
Region 12: obs=2.234, exp=2.254, diff=-0.020 
Region 13: obs=2.467, exp=2.254, diff=+0.212 
Region 14: obs=2.660, exp=2.254, diff=+0.406 
Region 15: obs=2.646, exp=2.254, diff=+0.391 
Region 16: obs=2.197, exp=2.254, diff=-0.057 
Region 17: obs=2.511, exp=2.254, diff=+0.256 
Region 18: obs=1.936, exp=2.254, diff=-0.318 
Region 19: obs=2.403, exp=2.254, diff=+0.149 
Region 20: obs=2.311, exp=2.254, diff=+0.057 
Region 21: obs=2.203, exp=2.254, diff=-0.052 
Region 22: obs=2.286, exp=2.254, diff=+0.032 
Region 23: obs=2.511, exp=2.254, diff=+0.257 
Region 24: obs=2.163, exp=2.254, diff=-0.091 
Region 25: obs=2.480, exp=2.254, diff=+0.225 
Region 26: obs=2.014, exp=2.254, diff=-0.241 
Region 27: obs=1.732, exp=2.254, diff=-0.523 *
Region 28: obs=2.375, exp=2.254, diff=+0.120 

[Gene CN Results]
  CYP3A5: 2.25 → 2.254460573196411
Using device: cuda

CYP3A5*1.001:

CYP3A5*1.002:

CYP3A5*1.003:

CYP3A5*1.004:

CYP3A5*1.005:

CYP3A5*3.001:

CYP3A5*3.012:

CYP3A5*3.013:

CYP3A5*3.014:

CYP3A5*3.015:

CYP3A5*3.016:

=== Running VAE with seed 5555 ===
Global Pooled JS: 0.047072
functional kld weight 0.0
Seed 5555, Step    0: Loss = 158.92 (Recon: 129.14, Allele KL: 2.77, Base KL: 258.56, Functional KL: 0.05
Global Pooled JS: 0.009751
functional kld weight 27.77777777777777
Seed 5555, Step  500: Loss = 100.64 (Recon: 67.28, Allele KL: 6.26, Base KL: 2061.52, Functional KL: 0.01
Global Pooled JS: 0.005471
functional kld weight 222.22222222222217
Seed 5555, Step 1000: Loss = 103.22 (Recon: 68.59, Allele KL: 6.52, Base KL: 2213.91, Functional KL: 0.01
Global Pooled JS: 0.003778
functional kld weight 750.0
Seed 5555, Step 1500: Loss = 104.68 (Recon: 61.02, Allele KL: 13.82, Base KL: 3080.25, Functional KL: 0.00
Global Pooled JS: 0.004699
functional kld weight 1777.7777777777774
Seed 5555, Step 2000: Loss = 114.29 (Recon: 64.16, Allele KL: 13.48, Base KL: 4486.89, Functional KL: 0.00
Global Pooled JS: 0.003262
functional kld weight 3472.222222222223
Seed 5555, Step 2500: Loss = 116.35 (Recon: 62.34, Allele KL: 12.92, Base KL: 6086.98, Functional KL: 0.00

Top Variants with Coverage Mismatches:
Rank   Variant                        Expected     Observed     Diff       |Div|       
------------------------------------------------------------------------------------------
1      CYP3A5:99270538→C              16.03        24.00        -7.97      0.000787    
2      CYP3A5:99270538→T              18.23        22.00        -3.77      0.000665    
3      CYP3A5:99270538→G              0.03         0.00         0.03       0.000277    
4      CYP3A5:99270538→M              0.03         0.00         0.03       0.000276    
5      CYP3A5:99270538→A              0.03         0.00         0.03       0.000273    
6      CYP3A5:99270538→N              0.03         0.00         0.03       0.000273    
7      CYP3A5:99270538→P              0.03         0.00         0.03       0.000271    
New best model with final loss: 115.02

=== Multi-Seed VAE Results ===
Best model had seed 5555 with final loss: 115.02
All seeds final losses:
  Seed 5555: Total=115.02 (Recon=58.89, A_KL=14.21, B_KL=8032.06) <- Best

[Raw]:
CYP3A5*1: Normalized=0.5291, Unnormalized=0.53
CYP3A5*3: Normalized=0.4709, Unnormalized=0.47

[Alleles]
CYP3A5*1
CYP3A5*3
	Command being timed: "python cyp.py CYP3A5 /project/shared/aldy-data/wgs/NA18868.wgs.cram 5555"
	User time (seconds): 51.81
	System time (seconds): 10.61
	Percent of CPU this job got: 99%
	Elapsed (wall clock) time (h:mm:ss or m:ss): 1:02.95
	Average shared text size (kbytes): 0
	Average unshared data size (kbytes): 0
	Average stack size (kbytes): 0
	Average total size (kbytes): 0
	Maximum resident set size (kbytes): 1879996
	Average resident set size (kbytes): 0
	Major (requiring I/O) page faults: 0
	Minor (reclaiming a frame) page faults: 591997
	Voluntary context switches: 9817
	Involuntary context switches: 73
	Swaps: 0
	File system inputs: 0
	File system outputs: 24
	Socket messages sent: 0
	Socket messages received: 0
	Signals delivered: 0
	Page size (bytes): 4096
	Exit status: 0
