[info] total indices 175
[info] total variants 175
1.001 was filtered out as 99270538 T>C needs T but not covered
1.002 was filtered out as 99270538 T>C needs T but not covered
1.003 was filtered out as 99270538 T>C needs T but not covered
1.004 was filtered out as 99270538 T>C needs T but not covered
1.005 was filtered out as 99270538 T>C needs T but not covered
3.002 was filtered out as 99273814 G>A needs A but not covered
3.003 was filtered out as 99270275 A>C needs C but not covered
3.004 was filtered out as 99245973 A>G needs G but not covered
3.005 was filtered out as 99264572 A>G needs G but not covered
3.006 was filtered out as 99247742 T>C needs C but not covered
3.007 was filtered out as 99247771 A>G needs G but not covered
3.008 was filtered out as 99273744 T>C needs C but not covered
3.009 was filtered out as 99262859 T>C needs C but not covered
3.010 was filtered out as 99250235 G>T needs T but not covered
3.017 was filtered out as 99262850 A>C needs C but not covered
6.001 was filtered out as 99270538 T>C needs T but not covered
7.001 was filtered out as 99270538 T>C needs T but not covered
8.001 was filtered out as 99270538 T>C needs T but not covered
9.001 was filtered out as 99270538 T>C needs T but not covered
[filter] CYP3A5 3 => 3.001; 3.012; 3.013; 3.014; 3.015; 3.016
[filter] valid_alleles=6
Step 0: Loss=0.2891, CN=[2.0999167]
Step 100: Loss=0.0335, CN=[2.829396]
Step 200: Loss=0.0335, CN=[2.8305533]
Step 300: Loss=0.0335, CN=[2.830534]
Step 400: Loss=0.0335, CN=[2.830534]

=== Fit ===
Region 0: obs=2.767, exp=2.831, diff=-0.063 
Region 1: obs=2.431, exp=2.831, diff=-0.399 
Region 2: obs=2.094, exp=2.831, diff=-0.737 *
Region 3: obs=2.776, exp=2.831, diff=-0.055 
Region 4: obs=3.020, exp=2.831, diff=+0.189 
Region 5: obs=2.769, exp=2.831, diff=-0.062 
Region 6: obs=3.288, exp=2.831, diff=+0.457 
Region 7: obs=3.006, exp=2.831, diff=+0.175 
Region 8: obs=2.909, exp=2.831, diff=+0.079 
Region 9: obs=2.846, exp=2.831, diff=+0.016 
Region 10: obs=2.540, exp=2.831, diff=-0.290 
Region 11: obs=2.822, exp=2.831, diff=-0.009 
Region 12: obs=2.472, exp=2.831, diff=-0.359 
Region 13: obs=2.720, exp=2.831, diff=-0.111 
Region 14: obs=2.641, exp=2.831, diff=-0.190 
Region 15: obs=3.312, exp=2.831, diff=+0.482 
Region 16: obs=3.166, exp=2.831, diff=+0.335 
Region 17: obs=3.153, exp=2.831, diff=+0.322 
Region 18: obs=2.869, exp=2.831, diff=+0.038 
Region 19: obs=3.031, exp=2.831, diff=+0.200 
Region 20: obs=2.661, exp=2.831, diff=-0.169 
Region 21: obs=2.796, exp=2.831, diff=-0.035 
Region 22: obs=2.562, exp=2.831, diff=-0.268 
Region 23: obs=2.898, exp=2.831, diff=+0.068 
Region 24: obs=2.690, exp=2.831, diff=-0.140 
Region 25: obs=2.705, exp=2.831, diff=-0.126 
Region 26: obs=2.934, exp=2.831, diff=+0.104 
Region 27: obs=2.826, exp=2.831, diff=-0.005 
Region 28: obs=3.146, exp=2.831, diff=+0.315 

[Gene CN Results]
  CYP3A5: 2.83 → 2.830533981323242
Using device: cuda

CYP3A5*3.001:

CYP3A5*3.012:

CYP3A5*3.013:

CYP3A5*3.014:

CYP3A5*3.015:

CYP3A5*3.016:

=== Running VAE with seed 5555 ===
Global Pooled JS: 0.017268
functional kld weight 0.0
Seed 5555, Step    0: Loss = 86.56 (Recon: 56.42, Allele KL: 3.12, Base KL: 127.20, Functional KL: 0.02
Global Pooled JS: 0.009071
functional kld weight 27.77777777777777
Seed 5555, Step  500: Loss = 56.22 (Recon: 22.36, Allele KL: 9.47, Base KL: 4285.05, Functional KL: 0.01
Global Pooled JS: 0.007088
functional kld weight 222.22222222222217
Seed 5555, Step 1000: Loss = 59.98 (Recon: 24.01, Allele KL: 9.38, Base KL: 5037.42, Functional KL: 0.01
Global Pooled JS: 0.004640
functional kld weight 750.0
Seed 5555, Step 1500: Loss = 64.55 (Recon: 22.73, Allele KL: 12.39, Base KL: 6480.43, Functional KL: 0.00
Global Pooled JS: 0.003495
functional kld weight 1777.7777777777774
Seed 5555, Step 2000: Loss = 69.67 (Recon: 24.12, Allele KL: 10.90, Base KL: 8762.97, Functional KL: 0.00
Global Pooled JS: 0.002573
functional kld weight 3472.222222222223
Seed 5555, Step 2500: Loss = 73.47 (Recon: 23.70, Allele KL: 10.03, Base KL: 11299.89, Functional KL: 0.00

Top Variants with Coverage Mismatches:
Rank   Variant                        Expected     Observed     Diff       |Div|       
------------------------------------------------------------------------------------------
1      CYP3A5:99270538→T              0.03         0.00         0.03       0.000247    
2      CYP3A5:99270538→N              0.03         0.00         0.03       0.000244    
3      CYP3A5:99270538→P              0.03         0.00         0.03       0.000244    
4      CYP3A5:99270538→A              0.03         0.00         0.03       0.000243    
5      CYP3A5:99270538→M              0.03         0.00         0.03       0.000242    
6      CYP3A5:99270538→G              0.03         0.00         0.03       0.000242    
7      CYP3A5:99270538→C              43.32        47.00        -3.68      0.000002    
New best model with final loss: 74.81

=== Multi-Seed VAE Results ===
Best model had seed 5555 with final loss: 74.81
All seeds final losses:
  Seed 5555: Total=74.81 (Recon=21.17, A_KL=11.75, B_KL=14025.72) <- Best

[Raw]:
CYP3A5*3: Normalized=1.0000, Unnormalized=1.00

[Alleles]
CYP3A5*3
CYP3A5*3
	Command being timed: "python cyp.py CYP3A5 /project/shared/aldy-data/wgs/NA18942.wgs.cram 5555"
	User time (seconds): 52.24
	System time (seconds): 9.76
	Percent of CPU this job got: 99%
	Elapsed (wall clock) time (h:mm:ss or m:ss): 1:02.37
	Average shared text size (kbytes): 0
	Average unshared data size (kbytes): 0
	Average stack size (kbytes): 0
	Average total size (kbytes): 0
	Maximum resident set size (kbytes): 1876516
	Average resident set size (kbytes): 0
	Major (requiring I/O) page faults: 0
	Minor (reclaiming a frame) page faults: 565327
	Voluntary context switches: 9400
	Involuntary context switches: 87
	Swaps: 0
	File system inputs: 0
	File system outputs: 32
	Socket messages sent: 0
	Socket messages received: 0
	Signals delivered: 0
	Page size (bytes): 4096
	Exit status: 0
