[info] total indices 441
[info] total variants 441
2.001 was filtered out as 41497273 C>T needs T but not covered
2.002 was filtered out as 41497273 C>T needs T but not covered
3.001 was filtered out as 41515254 C>A needs A but not covered
5.001 was filtered out as 41522714 C>T needs T but not covered
5.002 was filtered out as 41522714 C>T needs T but not covered
5.003 was filtered out as 41522714 C>T needs T but not covered
7.001 was filtered out as 41522714 C>T needs T but not covered
8.001 was filtered out as 41510281 A>G needs G but not covered
10.001 was filtered out as 41497273 C>T needs T but not covered
11.001 was filtered out as 41497345 A>G needs G but not covered
12.001 was filtered out as 41510029 G>A needs A but not covered
13.001 was filtered out as 41510281 A>G needs G but not covered
14.001 was filtered out as 41510285 G>A needs A but not covered
15.001 was filtered out as 41518597 T>A needs A but not covered
17.001 was filtered out as 41497285 A>T needs T but not covered
17.002 was filtered out as 41497285 A>T needs T but not covered
18.001 was filtered out as 41518220 T>C needs C but not covered
18.002 was filtered out as 41518220 T>C needs C but not covered
19.001 was filtered out as 41518243 C>T needs T but not covered
20.001 was filtered out as 41512827 C>T needs T but not covered
21.001 was filtered out as 41518707 C>A needs A but not covered
22.001 was filtered out as 41497128 T>C needs C but not covered
23.001 was filtered out as 41522630 A>G needs G but not covered
24.001 was filtered out as 41522682 G>A needs A but not covered
25.001 was filtered out as 41522709 A>T needs T but not covered
26.001 was filtered out as 41512823 C>G needs G but not covered
27.001 was filtered out as 41512917 T>C needs C but not covered
28.001 was filtered out as 41515992 C>G needs G but not covered
31.001 was filtered out as 41516012 C>A needs A but not covered
32.001 was filtered out as 41518644 G>A needs A but not covered
33.001 was filtered out as 41522714 C>A needs A but not covered
34.001 was filtered out as 41497128 T>C needs C but not covered
35.001 was filtered out as 41497128 T>C needs C but not covered
36.001 was filtered out as 41497128 T>C needs C but not covered
37.001 was filtered out as 41512872 T>G needs G but not covered
38.001 was filtered out as 41509919 T>A needs A but not covered
[filter] CYP2B6 1 => 1.001; 1.002; 1.003; 1.004; 1.005; 1.006; 1.007; 1.008; 1.009; 1.010; 1.011; 1.012; 1.013; 1.014; 1.015
[filter] CYP2B6 4 => 4.001; 4.002
[filter] CYP2B6 6 => 6.001; 6.002; 6.003; 6.004
[filter] CYP2B6 9 => 9.001
[filter] valid_alleles=22
Step 0: Loss=0.0592, CN=[2.0999167]
Step 100: Loss=0.0384, CN=[2.2110147]
Step 200: Loss=0.0384, CN=[2.210381]
Step 300: Loss=0.0384, CN=[2.2103841]
Step 400: Loss=0.0384, CN=[2.210384]

=== Fit ===
Region 0: obs=2.299, exp=2.210, diff=+0.089 
Region 1: obs=1.843, exp=2.210, diff=-0.367 
Region 2: obs=1.331, exp=2.210, diff=-0.879 *
Region 3: obs=2.161, exp=2.210, diff=-0.049 
Region 4: obs=1.772, exp=2.210, diff=-0.438 
Region 5: obs=2.114, exp=2.210, diff=-0.096 
Region 6: obs=2.027, exp=2.210, diff=-0.183 
Region 7: obs=2.266, exp=2.210, diff=+0.056 
Region 8: obs=2.335, exp=2.210, diff=+0.125 
Region 9: obs=2.179, exp=2.210, diff=-0.032 
Region 10: obs=2.413, exp=2.210, diff=+0.202 
Region 11: obs=2.308, exp=2.210, diff=+0.098 
Region 12: obs=2.458, exp=2.210, diff=+0.248 
Region 13: obs=2.315, exp=2.210, diff=+0.104 
Region 14: obs=2.068, exp=2.210, diff=-0.143 
Region 15: obs=2.573, exp=2.210, diff=+0.363 
Region 16: obs=2.505, exp=2.210, diff=+0.294 
Region 17: obs=2.315, exp=2.210, diff=+0.104 
Region 18: obs=1.931, exp=2.210, diff=-0.280 
Region 19: obs=2.251, exp=2.210, diff=+0.041 
Region 20: obs=2.574, exp=2.210, diff=+0.364 

[Gene CN Results]
  CYP2B6: 2.21 → 2.210383892059326
Using device: cuda

CYP2B6*1.001:

CYP2B6*1.002:

CYP2B6*1.003:

CYP2B6*1.004:

CYP2B6*1.005:

CYP2B6*1.006:

CYP2B6*1.007:

CYP2B6*1.008:

CYP2B6*1.009:

CYP2B6*1.010:

CYP2B6*1.011:

CYP2B6*1.012:

CYP2B6*1.013:

CYP2B6*1.014:

CYP2B6*1.015:

CYP2B6*4.001:

CYP2B6*4.002:

CYP2B6*6.001:

CYP2B6*6.002:

CYP2B6*6.003:

CYP2B6*6.004:

CYP2B6*9.001:

=== Running VAE with seed 456 ===
Global Pooled JS: 0.122408
functional kld weight 0.0
Seed 456, Step    0: Loss = 1665.26 (Recon: 1596.90, Allele KL: 39.30, Base KL: 5819.10, Functional KL: 0.12
Global Pooled JS: 0.024516
functional kld weight 27.77777777777777
Seed 456, Step  500: Loss = 253.12 (Recon: 200.60, Allele KL: 23.66, Base KL: 3745.27, Functional KL: 0.02
Global Pooled JS: 0.062828
functional kld weight 222.22222222222217
Seed 456, Step 1000: Loss = 241.32 (Recon: 175.94, Allele KL: 23.80, Base KL: 3693.70, Functional KL: 0.06
Global Pooled JS: 0.021756
functional kld weight 750.0
Seed 456, Step 1500: Loss = 264.33 (Recon: 196.75, Allele KL: 23.13, Base KL: 3891.01, Functional KL: 0.02
Global Pooled JS: 0.019926
functional kld weight 1777.7777777777774
Seed 456, Step 2000: Loss = 285.03 (Recon: 193.95, Allele KL: 26.46, Base KL: 5070.97, Functional KL: 0.02
Global Pooled JS: 0.007963
functional kld weight 3472.222222222223
Seed 456, Step 2500: Loss = 303.22 (Recon: 218.45, Allele KL: 26.59, Base KL: 6568.64, Functional KL: 0.01

Top Variants with Coverage Mismatches:
Rank   Variant                        Expected     Observed     Diff       |Div|       
------------------------------------------------------------------------------------------
1      CYP2B6:41515262→G              17.62        12.00        5.62       0.004861    
2      CYP2B6:41512840→G              25.25        35.00        -9.75      0.001935    
3      CYP2B6:41515262→T              0.05         0.00         0.05       0.000189    
4      CYP2B6:41515262→N              0.05         0.00         0.05       0.000184    
5      CYP2B6:41515262→C              0.04         0.00         0.04       0.000181    
6      CYP2B6:41515262→P              0.04         0.00         0.04       0.000181    
7      CYP2B6:41515262→M              0.04         0.00         0.04       0.000178    
8      CYP2B6:41512840→A              0.04         0.00         0.04       0.000141    
9      CYP2B6:41512840→C              0.03         0.00         0.03       0.000141    
10     CYP2B6:41512840→N              0.03         0.00         0.03       0.000140    
11     CYP2B6:41512840→M              0.03         0.00         0.03       0.000139    
12     CYP2B6:41512840→P              0.03         0.00         0.03       0.000138    
13     CYP2B6:41512840→T              17.62        21.00        -3.38      0.000117    
14     CYP2B6:41515262→A              25.20        28.00        -2.80      0.000000    
New best model with final loss: 326.77

=== Multi-Seed VAE Results ===
Best model had seed 456 with final loss: 326.77
All seeds final losses:
  Seed 456: Total=326.77 (Recon=229.16, A_KL=26.98, B_KL=8844.34) <- Best

[Raw]:
CYP2B6*1: Normalized=0.5795, Unnormalized=0.58
CYP2B6*6: Normalized=0.4100, Unnormalized=0.41

[Alleles]
CYP2B6*1
CYP2B6*6
	Command being timed: "python cyp.py CYP2B6 /project/shared/aldy-data/wgs/NA10847.wgs.cram 456"
	User time (seconds): 52.00
	System time (seconds): 11.48
	Percent of CPU this job got: 99%
	Elapsed (wall clock) time (h:mm:ss or m:ss): 1:03.85
	Average shared text size (kbytes): 0
	Average unshared data size (kbytes): 0
	Average stack size (kbytes): 0
	Average total size (kbytes): 0
	Maximum resident set size (kbytes): 1868752
	Average resident set size (kbytes): 0
	Major (requiring I/O) page faults: 0
	Minor (reclaiming a frame) page faults: 477094
	Voluntary context switches: 10035
	Involuntary context switches: 986
	Swaps: 0
	File system inputs: 0
	File system outputs: 24
	Socket messages sent: 0
	Socket messages received: 0
	Signals delivered: 0
	Page size (bytes): 4096
	Exit status: 0
