[info] total indices 441
[info] total variants 441
2.001 was filtered out as 41497273 C>T needs T but not covered
2.002 was filtered out as 41497273 C>T needs T but not covered
3.001 was filtered out as 41515254 C>A needs A but not covered
5.001 was filtered out as 41522714 C>T needs T but not covered
5.002 was filtered out as 41522714 C>T needs T but not covered
5.003 was filtered out as 41522714 C>T needs T but not covered
7.001 was filtered out as 41522714 C>T needs T but not covered
8.001 was filtered out as 41510281 A>G needs G but not covered
10.001 was filtered out as 41497273 C>T needs T but not covered
11.001 was filtered out as 41497345 A>G needs G but not covered
12.001 was filtered out as 41510029 G>A needs A but not covered
13.001 was filtered out as 41510281 A>G needs G but not covered
14.001 was filtered out as 41510285 G>A needs A but not covered
15.001 was filtered out as 41518597 T>A needs A but not covered
17.001 was filtered out as 41497285 A>T needs T but not covered
17.002 was filtered out as 41497285 A>T needs T but not covered
18.001 was filtered out as 41518220 T>C needs C but not covered
18.002 was filtered out as 41518220 T>C needs C but not covered
19.001 was filtered out as 41518243 C>T needs T but not covered
20.001 was filtered out as 41512827 C>T needs T but not covered
21.001 was filtered out as 41518707 C>A needs A but not covered
22.001 was filtered out as 41497128 T>C needs C but not covered
23.001 was filtered out as 41522630 A>G needs G but not covered
24.001 was filtered out as 41522682 G>A needs A but not covered
25.001 was filtered out as 41522709 A>T needs T but not covered
26.001 was filtered out as 41512823 C>G needs G but not covered
27.001 was filtered out as 41512917 T>C needs C but not covered
28.001 was filtered out as 41515992 C>G needs G but not covered
31.001 was filtered out as 41516012 C>A needs A but not covered
32.001 was filtered out as 41518644 G>A needs A but not covered
33.001 was filtered out as 41522714 C>A needs A but not covered
34.001 was filtered out as 41497128 T>C needs C but not covered
35.001 was filtered out as 41497128 T>C needs C but not covered
36.001 was filtered out as 41497128 T>C needs C but not covered
37.001 was filtered out as 41512872 T>G needs G but not covered
38.001 was filtered out as 41509919 T>A needs A but not covered
[filter] CYP2B6 1 => 1.001; 1.002; 1.003; 1.004; 1.005; 1.006; 1.007; 1.008; 1.009; 1.010; 1.011; 1.012; 1.013; 1.014; 1.015
[filter] CYP2B6 4 => 4.001; 4.002
[filter] CYP2B6 6 => 6.001; 6.002; 6.003; 6.004
[filter] CYP2B6 9 => 9.001
[filter] valid_alleles=22
Step 0: Loss=0.0635, CN=[2.0999167]
Step 100: Loss=0.0375, CN=[2.2404437]
Step 200: Loss=0.0375, CN=[2.2411633]
Step 300: Loss=0.0375, CN=[2.2411609]
Step 400: Loss=0.0375, CN=[2.2411606]

=== Fit ===
Region 0: obs=2.159, exp=2.241, diff=-0.082 
Region 1: obs=2.154, exp=2.241, diff=-0.087 
Region 2: obs=1.787, exp=2.241, diff=-0.454 
Region 3: obs=2.248, exp=2.241, diff=+0.006 
Region 4: obs=1.737, exp=2.241, diff=-0.504 *
Region 5: obs=2.156, exp=2.241, diff=-0.086 
Region 6: obs=2.563, exp=2.241, diff=+0.322 
Region 7: obs=2.205, exp=2.241, diff=-0.036 
Region 8: obs=2.690, exp=2.241, diff=+0.448 
Region 9: obs=1.905, exp=2.241, diff=-0.336 
Region 10: obs=2.507, exp=2.241, diff=+0.266 
Region 11: obs=2.797, exp=2.241, diff=+0.555 *
Region 12: obs=2.673, exp=2.241, diff=+0.431 
Region 13: obs=2.253, exp=2.241, diff=+0.012 
Region 14: obs=2.073, exp=2.241, diff=-0.168 
Region 15: obs=2.360, exp=2.241, diff=+0.119 
Region 16: obs=2.200, exp=2.241, diff=-0.041 
Region 17: obs=2.290, exp=2.241, diff=+0.049 
Region 18: obs=2.014, exp=2.241, diff=-0.228 
Region 19: obs=2.224, exp=2.241, diff=-0.017 
Region 20: obs=2.122, exp=2.241, diff=-0.119 

[Gene CN Results]
  CYP2B6: 2.24 → 2.2411606311798096
Using device: cuda

CYP2B6*1.001:

CYP2B6*1.002:

CYP2B6*1.003:

CYP2B6*1.004:

CYP2B6*1.005:

CYP2B6*1.006:

CYP2B6*1.007:

CYP2B6*1.008:

CYP2B6*1.009:

CYP2B6*1.010:

CYP2B6*1.011:

CYP2B6*1.012:

CYP2B6*1.013:

CYP2B6*1.014:

CYP2B6*1.015:

CYP2B6*4.001:

CYP2B6*4.002:

CYP2B6*6.001:

CYP2B6*6.002:

CYP2B6*6.003:

CYP2B6*6.004:

CYP2B6*9.001:

=== Running VAE with seed 456 ===
Global Pooled JS: 0.187316
functional kld weight 0.0
Seed 456, Step    0: Loss = 1155.59 (Recon: 1096.39, Allele KL: 31.14, Base KL: 4405.38, Functional KL: 0.19
Global Pooled JS: 0.031501
functional kld weight 27.77777777777777
Seed 456, Step  500: Loss = 311.52 (Recon: 255.79, Allele KL: 27.70, Base KL: 1898.68, Functional KL: 0.03
Global Pooled JS: 0.011582
functional kld weight 222.22222222222217
Seed 456, Step 1000: Loss = 303.57 (Recon: 237.01, Allele KL: 37.16, Base KL: 2104.20, Functional KL: 0.01
Global Pooled JS: 0.005839
functional kld weight 750.0
Seed 456, Step 1500: Loss = 298.22 (Recon: 231.59, Allele KL: 34.62, Base KL: 2840.71, Functional KL: 0.01
Global Pooled JS: 0.003847
functional kld weight 1777.7777777777774
Seed 456, Step 2000: Loss = 315.61 (Recon: 233.12, Allele KL: 46.78, Base KL: 4338.93, Functional KL: 0.00
Global Pooled JS: 0.005197
functional kld weight 3472.222222222223
Seed 456, Step 2500: Loss = 316.54 (Recon: 230.64, Allele KL: 36.79, Base KL: 6327.65, Functional KL: 0.01

Top Variants with Coverage Mismatches:
Rank   Variant                        Expected     Observed     Diff       |Div|       
------------------------------------------------------------------------------------------
1      CYP2B6:41512840→G              23.60        25.00        -1.40      0.000302    
2      CYP2B6:41515262→T              0.05         0.00         0.05       0.000222    
3      CYP2B6:41515262→P              0.05         0.00         0.05       0.000218    
4      CYP2B6:41515262→C              0.05         0.00         0.05       0.000216    
5      CYP2B6:41515262→N              0.05         0.00         0.05       0.000215    
6      CYP2B6:41515262→M              0.05         0.00         0.05       0.000213    
7      CYP2B6:41512840→A              0.03         0.00         0.03       0.000143    
8      CYP2B6:41512840→C              0.03         0.00         0.03       0.000142    
9      CYP2B6:41512840→N              0.03         0.00         0.03       0.000141    
10     CYP2B6:41512840→M              0.03         0.00         0.03       0.000141    
11     CYP2B6:41512840→P              0.03         0.00         0.03       0.000139    
12     CYP2B6:41515262→A              18.70        23.00        -4.30      0.000087    
13     CYP2B6:41512840→T              17.88        22.00        -4.12      0.000083    
14     CYP2B6:41515262→G              22.69        27.00        -4.31      0.000016    
New best model with final loss: 325.60

=== Multi-Seed VAE Results ===
Best model had seed 456 with final loss: 325.60
All seeds final losses:
  Seed 456: Total=325.60 (Recon=237.53, A_KL=41.77, B_KL=9368.43) <- Best

[Raw]:
CYP2B6*1: Normalized=0.4436, Unnormalized=0.44
CYP2B6*6: Normalized=0.4307, Unnormalized=0.43

[Alleles]
CYP2B6*1
CYP2B6*6
	Command being timed: "python cyp.py CYP2B6 /project/shared/aldy-data/wgs/NA18509.wgs.cram 456"
	User time (seconds): 53.73
	System time (seconds): 11.12
	Percent of CPU this job got: 98%
	Elapsed (wall clock) time (h:mm:ss or m:ss): 1:06.03
	Average shared text size (kbytes): 0
	Average unshared data size (kbytes): 0
	Average stack size (kbytes): 0
	Average total size (kbytes): 0
	Maximum resident set size (kbytes): 1874344
	Average resident set size (kbytes): 0
	Major (requiring I/O) page faults: 0
	Minor (reclaiming a frame) page faults: 589044
	Voluntary context switches: 9891
	Involuntary context switches: 85
	Swaps: 0
	File system inputs: 0
	File system outputs: 24
	Socket messages sent: 0
	Socket messages received: 0
	Signals delivered: 0
	Page size (bytes): 4096
	Exit status: 0
