[info] total indices 441
[info] total variants 441
2.001 was filtered out as 41497273 C>T needs T but not covered
2.002 was filtered out as 41497273 C>T needs T but not covered
3.001 was filtered out as 41515254 C>A needs A but not covered
5.001 was filtered out as 41522714 C>T needs T but not covered
5.002 was filtered out as 41522714 C>T needs T but not covered
5.003 was filtered out as 41522714 C>T needs T but not covered
7.001 was filtered out as 41522714 C>T needs T but not covered
8.001 was filtered out as 41510281 A>G needs G but not covered
10.001 was filtered out as 41497273 C>T needs T but not covered
11.001 was filtered out as 41497345 A>G needs G but not covered
12.001 was filtered out as 41510029 G>A needs A but not covered
13.001 was filtered out as 41510281 A>G needs G but not covered
14.001 was filtered out as 41510285 G>A needs A but not covered
15.001 was filtered out as 41518597 T>A needs A but not covered
18.001 was filtered out as 41518220 T>C needs C but not covered
18.002 was filtered out as 41518220 T>C needs C but not covered
19.001 was filtered out as 41518243 C>T needs T but not covered
20.001 was filtered out as 41512827 C>T needs T but not covered
21.001 was filtered out as 41518707 C>A needs A but not covered
22.001 was filtered out as 41497128 T>C needs C but not covered
23.001 was filtered out as 41522630 A>G needs G but not covered
24.001 was filtered out as 41522682 G>A needs A but not covered
25.001 was filtered out as 41522709 A>T needs T but not covered
26.001 was filtered out as 41512823 C>G needs G but not covered
27.001 was filtered out as 41512917 T>C needs C but not covered
28.001 was filtered out as 41515992 C>G needs G but not covered
31.001 was filtered out as 41516012 C>A needs A but not covered
32.001 was filtered out as 41518644 G>A needs A but not covered
33.001 was filtered out as 41522714 C>A needs A but not covered
34.001 was filtered out as 41497128 T>C needs C but not covered
35.001 was filtered out as 41497128 T>C needs C but not covered
36.001 was filtered out as 41497128 T>C needs C but not covered
37.001 was filtered out as 41512872 T>G needs G but not covered
38.001 was filtered out as 41509919 T>A needs A but not covered
[filter] CYP2B6 1 => 1.001; 1.002; 1.003; 1.004; 1.005; 1.006; 1.007; 1.008; 1.009; 1.010; 1.011; 1.012; 1.013; 1.014; 1.015
[filter] CYP2B6 4 => 4.001; 4.002
[filter] CYP2B6 6 => 6.001; 6.002; 6.003; 6.004
[filter] CYP2B6 9 => 9.001
[filter] CYP2B6 17 => 17.001; 17.002
[filter] valid_alleles=24
Step 0: Loss=0.0600, CN=[2.0999167]
Step 100: Loss=0.0256, CN=[2.2727354]
Step 200: Loss=0.0256, CN=[2.2717187]
Step 300: Loss=0.0256, CN=[2.2717168]
Step 400: Loss=0.0256, CN=[2.2717166]

=== Fit ===
Region 0: obs=2.271, exp=2.272, diff=-0.001 
Region 1: obs=2.277, exp=2.272, diff=+0.006 
Region 2: obs=2.388, exp=2.272, diff=+0.116 
Region 3: obs=2.390, exp=2.272, diff=+0.119 
Region 4: obs=1.884, exp=2.272, diff=-0.388 
Region 5: obs=1.948, exp=2.272, diff=-0.324 
Region 6: obs=2.110, exp=2.272, diff=-0.162 
Region 7: obs=2.335, exp=2.272, diff=+0.063 
Region 8: obs=2.671, exp=2.272, diff=+0.399 
Region 9: obs=2.227, exp=2.272, diff=-0.045 
Region 10: obs=2.135, exp=2.272, diff=-0.137 
Region 11: obs=2.040, exp=2.272, diff=-0.232 
Region 12: obs=2.232, exp=2.272, diff=-0.040 
Region 13: obs=2.561, exp=2.272, diff=+0.289 
Region 14: obs=1.985, exp=2.272, diff=-0.287 
Region 15: obs=2.859, exp=2.272, diff=+0.587 *
Region 16: obs=2.272, exp=2.272, diff=+0.000 
Region 17: obs=2.384, exp=2.272, diff=+0.112 
Region 18: obs=2.341, exp=2.272, diff=+0.069 
Region 19: obs=2.298, exp=2.272, diff=+0.026 
Region 20: obs=2.188, exp=2.272, diff=-0.083 

[Gene CN Results]
  CYP2B6: 2.27 → 2.271717071533203
Using device: cuda

CYP2B6*1.001:

CYP2B6*1.002:

CYP2B6*1.003:

CYP2B6*1.004:

CYP2B6*1.005:

CYP2B6*1.006:

CYP2B6*1.007:

CYP2B6*1.008:

CYP2B6*1.009:

CYP2B6*1.010:

CYP2B6*1.011:

CYP2B6*1.012:

CYP2B6*1.013:

CYP2B6*1.014:

CYP2B6*1.015:

CYP2B6*4.001:

CYP2B6*4.002:

CYP2B6*6.001:

CYP2B6*6.002:

CYP2B6*6.003:

CYP2B6*6.004:

CYP2B6*9.001:

CYP2B6*17.001:

CYP2B6*17.002:

=== Running VAE with seed 456 ===
Global Pooled JS: 0.062893
functional kld weight 0.0
Seed 456, Step    0: Loss = 513.89 (Recon: 447.74, Allele KL: 36.37, Base KL: 6622.25, Functional KL: 0.06
Global Pooled JS: 0.005491
functional kld weight 27.77777777777777
Seed 456, Step  500: Loss = 268.56 (Recon: 218.59, Allele KL: 24.70, Base KL: 2691.44, Functional KL: 0.01
Global Pooled JS: 0.011197
functional kld weight 222.22222222222217
Seed 456, Step 1000: Loss = 269.43 (Recon: 220.28, Allele KL: 21.72, Base KL: 2794.18, Functional KL: 0.01
Global Pooled JS: 0.006484
functional kld weight 750.0
Seed 456, Step 1500: Loss = 263.04 (Recon: 203.71, Allele KL: 29.59, Base KL: 3067.32, Functional KL: 0.01
Global Pooled JS: 0.005198
functional kld weight 1777.7777777777774
Seed 456, Step 2000: Loss = 267.31 (Recon: 198.22, Allele KL: 34.48, Base KL: 3902.80, Functional KL: 0.01
Global Pooled JS: 0.003773
functional kld weight 3472.222222222223
Seed 456, Step 2500: Loss = 279.30 (Recon: 215.76, Allele KL: 22.75, Base KL: 5699.91, Functional KL: 0.00

Top Variants with Coverage Mismatches:
Rank   Variant                        Expected     Observed     Diff       |Div|       
------------------------------------------------------------------------------------------
1      CYP2B6:41512840→G              20.55        26.00        -5.45      0.000498    
2      CYP2B6:41515262→A              20.35        18.00        2.35       0.000237    
3      CYP2B6:41515262→G              18.74        17.00        1.74       0.000155    
4      CYP2B6:41512840→T              18.54        17.00        1.54       0.000129    
5      CYP2B6:41515262→M              0.06         0.00         0.06       0.000094    
6      CYP2B6:41512840→A              0.06         0.00         0.06       0.000093    
7      CYP2B6:41515262→P              0.06         0.00         0.06       0.000092    
8      CYP2B6:41512840→N              0.06         0.00         0.06       0.000092    
9      CYP2B6:41512840→P              0.06         0.00         0.06       0.000091    
10     CYP2B6:41515262→N              0.06         0.00         0.06       0.000091    
11     CYP2B6:41515262→C              0.06         0.00         0.06       0.000091    
12     CYP2B6:41512840→C              0.06         0.00         0.06       0.000090    
13     CYP2B6:41515262→T              0.06         0.00         0.06       0.000089    
14     CYP2B6:41512840→M              0.06         0.00         0.06       0.000088    
15     CYP2B6:41497285→N              0.05         0.00         0.05       0.000067    
16     CYP2B6:41497295→T              0.05         0.00         0.05       0.000066    
17     CYP2B6:41497294→N              0.05         0.00         0.05       0.000066    
18     CYP2B6:41497292→M              0.04         0.00         0.04       0.000066    
19     CYP2B6:41497292→P              0.04         0.00         0.04       0.000066    
20     CYP2B6:41497294→G              0.04         0.00         0.04       0.000065    
21     CYP2B6:41497294→M              0.04         0.00         0.04       0.000065    
22     CYP2B6:41497295→P              0.04         0.00         0.04       0.000065    
23     CYP2B6:41497295→N              0.04         0.00         0.04       0.000065    
24     CYP2B6:41497294→P              0.04         0.00         0.04       0.000065    
25     CYP2B6:41497292→C              0.04         0.00         0.04       0.000064    
26     CYP2B6:41497295→A              0.04         0.00         0.04       0.000064    
27     CYP2B6:41497285→M              0.04         0.00         0.04       0.000064    
28     CYP2B6:41497292→N              0.04         0.00         0.04       0.000064    
29     CYP2B6:41497295→M              0.04         0.00         0.04       0.000064    
30     CYP2B6:41497285→G              0.04         0.00         0.04       0.000064    
31     CYP2B6:41497285→P              0.04         0.00         0.04       0.000064    
32     CYP2B6:41497292→T              0.04         0.00         0.04       0.000063    
33     CYP2B6:41497285→C              0.04         0.00         0.04       0.000062    
34     CYP2B6:41497294→T              0.04         0.00         0.04       0.000062    
35     CYP2B6:41497285→A              28.28        31.00        -2.72      0.000056    
36     CYP2B6:41497295→G              28.28        31.00        -2.72      0.000056    
37     CYP2B6:41497294→C              28.28        31.00        -2.72      0.000056    
38     CYP2B6:41497285→T              10.90        11.00        -0.10      0.000003    
39     CYP2B6:41497292→G              10.90        11.00        -0.10      0.000003    
40     CYP2B6:41497294→A              10.90        11.00        -0.10      0.000003    
41     CYP2B6:41497295→C              10.90        11.00        -0.10      0.000003    
42     CYP2B6:41497292→A              28.28        29.00        -0.72      0.000001    
New best model with final loss: 289.58

=== Multi-Seed VAE Results ===
Best model had seed 456 with final loss: 289.58
All seeds final losses:
  Seed 456: Total=289.58 (Recon=203.96, A_KL=29.73, B_KL=7808.15) <- Best

[Raw]:
CYP2B6*6: Normalized=0.4771, Unnormalized=0.48
CYP2B6*17: Normalized=0.2835, Unnormalized=0.28
CYP2B6*1: Normalized=0.2280, Unnormalized=0.23

[Alleles]
CYP2B6*6
CYP2B6*17
	Command being timed: "python cyp.py CYP2B6 /project/shared/aldy-data/wgs/NA18519.wgs.cram 456"
	User time (seconds): 53.45
	System time (seconds): 11.29
	Percent of CPU this job got: 99%
	Elapsed (wall clock) time (h:mm:ss or m:ss): 1:05.07
	Average shared text size (kbytes): 0
	Average unshared data size (kbytes): 0
	Average stack size (kbytes): 0
	Average total size (kbytes): 0
	Maximum resident set size (kbytes): 1858724
	Average resident set size (kbytes): 0
	Major (requiring I/O) page faults: 0
	Minor (reclaiming a frame) page faults: 601264
	Voluntary context switches: 10356
	Involuntary context switches: 140
	Swaps: 0
	File system inputs: 0
	File system outputs: 32
	Socket messages sent: 0
	Socket messages received: 0
	Signals delivered: 0
	Page size (bytes): 4096
	Exit status: 0
