[info] total indices 2506
[info] total variants 2506
2.001 was filtered out as 42523942 G>A needs A but not covered
2.002 was filtered out as 42523942 G>A needs A but not covered
2.003 was filtered out as 42523942 G>A needs A but not covered
2.004 was filtered out as 42523942 G>A needs A but not covered
2.005 was filtered out as 42523942 G>A needs A but not covered
2.006 was filtered out as 42523942 G>A needs A but not covered
2.007 was filtered out as 42523942 G>A needs A but not covered
2.008 was filtered out as 42523942 G>A needs A but not covered
2.009 was filtered out as 42523942 G>A needs A but not covered
2.010 was filtered out as 42523942 G>A needs A but not covered
2.011 was filtered out as 42523942 G>A needs A but not covered
2.012 was filtered out as 42523942 G>A needs A but not covered
2.013 was filtered out as 42523942 G>A needs A but not covered
2.014 was filtered out as 42523942 G>A needs A but not covered
2.015 was filtered out as 42523942 G>A needs A but not covered
2.016 was filtered out as 42523942 G>A needs A but not covered
2.017 was filtered out as 42523942 G>A needs A but not covered
2.018 was filtered out as 42523942 G>A needs A but not covered
2.019 was filtered out as 42523942 G>A needs A but not covered
2.020 was filtered out as 42523942 G>A needs A but not covered
2.021 was filtered out as 42523942 G>A needs A but not covered
2.022 was filtered out as 42523942 G>A needs A but not covered
2.023 was filtered out as 42523942 G>A needs A but not covered
2.024 was filtered out as 42523942 G>A needs A but not covered
2.025 was filtered out as 42523942 G>A needs A but not covered
2.026 was filtered out as 42523942 G>A needs A but not covered
2.027 was filtered out as 42523942 G>A needs A but not covered
2.028 was filtered out as 42523942 G>A needs A but not covered
2.030 was filtered out as 42523942 G>A needs A but not covered
3.001 was filtered out as 42524243 delT needs N but not covered
3.002 was filtered out as 42524243 delT needs N but not covered
4.007 was filtered out as 42523854 G>A needs A but not covered
4.010 was filtered out as 42523942 G>A needs A but not covered
4.013 was filtered out as 42522664 G>C needs C but not covered
4.027 was filtered out as 42524212 C>T needs T but not covered
4.028 was filtered out as 42522723 G>T needs T but not covered
6.001 was filtered out as 42525085 delA needs N but not covered
6.002 was filtered out as 42525085 delA needs N but not covered
6.005 was filtered out as 42525085 delA needs N but not covered
6.006 was filtered out as 42525085 delA needs N but not covered
6.003 was filtered out as 42525085 delA needs N but not covered
6.004 was filtered out as 42525085 delA needs N but not covered
7.001 was filtered out as 42523857 T>G needs G but not covered
8.001 was filtered out as 42523942 G>A needs A but not covered
9.001 was filtered out as 42524175 delCTT needs N but not covered
9.002 was filtered out as 42524175 delCTT needs N but not covered
11.001 was filtered out as 42523942 G>A needs A but not covered
12.001 was filtered out as 42523942 G>A needs A but not covered
12.002 was filtered out as 42523942 G>A needs A but not covered
14.001 was filtered out as 42523942 G>A needs A but not covered
15.001 was filtered out as 42526655 insA needs P but not covered
15.002 was filtered out as 42526655 insA needs P but not covered
15.003 was filtered out as 42526655 insA needs P but not covered
17.001 was filtered out as 42523942 G>A needs A but not covered
17.002 was filtered out as 42523942 G>A needs A but not covered
17.003 was filtered out as 42523942 G>A needs A but not covered
17.004 was filtered out as 42523942 G>A needs A but not covered
17.005 was filtered out as 42523942 G>A needs A but not covered
17.006 was filtered out as 42523942 G>A needs A but not covered
18.001 was filtered out as 42522657 insCAGTGGGCA needs P but not covered
19.001 was filtered out as 42523942 G>A needs A but not covered
20.001 was filtered out as 42523942 G>A needs A but not covered
21.001 was filtered out as 42523942 G>A needs A but not covered
21.002 was filtered out as 42523942 G>A needs A but not covered
22.001 was filtered out as 42526711 G>A needs A but not covered
23.001 was filtered out as 42525837 G>A needs A but not covered
24.001 was filtered out as 42523939 T>G needs G but not covered
25.001 was filtered out as 42523594 G>C needs C but not covered
26.001 was filtered out as 42523515 A>G needs G but not covered
27.001 was filtered out as 42522939 C>T needs T but not covered
28.001 was filtered out as 42523942 G>A needs A but not covered
28.002 was filtered out as 42523942 G>A needs A but not covered
29.001 was filtered out as 42523942 G>A needs A but not covered
30.001 was filtered out as 42523942 G>A needs A but not covered
31.001 was filtered out as 42523942 G>A needs A but not covered
32.001 was filtered out as 42523942 G>A needs A but not covered
33.001 was filtered out as 42524309 C>A needs A but not covered
33.002 was filtered out as 42524309 C>A needs A but not covered
34.001 was filtered out as 42523942 G>A needs A but not covered
35.001 was filtered out as 42523942 G>A needs A but not covered
35.002 was filtered out as 42523942 G>A needs A but not covered
35.003 was filtered out as 42523942 G>A needs A but not covered
35.004 was filtered out as 42523942 G>A needs A but not covered
35.005 was filtered out as 42523942 G>A needs A but not covered
35.006 was filtered out as 42523942 G>A needs A but not covered
35.007 was filtered out as 42523942 G>A needs A but not covered
36.001 was filtered out as 42522664 G>C needs C but not covered
36.002 was filtered out as 42522664 G>C needs C but not covered
36.003 was filtered out as 42522664 G>C needs C but not covered
36.004 was filtered out as 42522664 G>C needs C but not covered
37.001 was filtered out as 42524849 C>T needs T but not covered
38.001 was filtered out as 42524200 delTCAG needs N but not covered
40.001 was filtered out as 42523942 G>A needs A but not covered
41.001 was filtered out as 42523942 G>A needs A but not covered
41.002 was filtered out as 42523942 G>A needs A but not covered
41.003 was filtered out as 42523942 G>A needs A but not covered
41.004 was filtered out as 42523942 G>A needs A but not covered
41.005 was filtered out as 42523942 G>A needs A but not covered
42.001 was filtered out as 42523942 G>A needs A but not covered
43.001 was filtered out as 42526716 C>T needs T but not covered
43.002 was filtered out as 42526716 C>T needs T but not covered
44.001 was filtered out as 42526711 G>A needs A but not covered
45.001 was filtered out as 42523942 G>A needs A but not covered
45.002 was filtered out as 42523942 G>A needs A but not covered
45.003 was filtered out as 42523942 G>A needs A but not covered
45.004 was filtered out as 42523942 G>A needs A but not covered
46.001 was filtered out as 42523942 G>A needs A but not covered
46.002 was filtered out as 42523942 G>A needs A but not covered
46.003 was filtered out as 42523942 G>A needs A but not covered
47.001 was filtered out as 42526720 G>A needs A but not covered
48.001 was filtered out as 42525822 G>A needs A but not covered
49.001 was filtered out as 42525181 A>T needs T but not covered
50.001 was filtered out as 42525072 T>G needs G but not covered
51.001 was filtered out as 42523942 G>A needs A but not covered
52.001 was filtered out as 42522915 C>T needs T but not covered
52.002 was filtered out as 42522915 C>T needs T but not covered
53.001 was filtered out as 42525181 A>T needs T but not covered
54.001 was filtered out as 42524236 G>A needs A but not covered
55.001 was filtered out as 42523942 G>A needs A but not covered
56.001 was filtered out as 42523942 G>A needs A but not covered
56.002 was filtered out as 42523591 G>A needs A but not covered
56.003 was filtered out as 42523591 G>A needs A but not covered
57.001 was filtered out as 42522664 G>C needs C but not covered
57.1001 was filtered out as 42525907 G>A needs A but not covered
58.001 was filtered out as 42523942 G>A needs A but not covered
59.001 was filtered out as 42523942 G>A needs A but not covered
60.001 was filtered out as 42524904 insTA needs P but not covered
62.001 was filtered out as 42522748 G>A needs A but not covered
63.001 was filtered out as 42523942 G>A needs A but not covered
64.001 was filtered out as 42525771 G>A needs A but not covered
65.001 was filtered out as 42523942 G>A needs A but not covered
69.001 was filtered out as 42523942 G>A needs A but not covered
70.001 was filtered out as 42525131 C.C>G.T needs M but not covered
71.001 was filtered out as 42526668 C>T needs T but not covered
71.002 was filtered out as 42526668 C>T needs T but not covered
71.003 was filtered out as 42526668 C>T needs T but not covered
72.001 was filtered out as 42523474 C>T needs T but not covered
73.001 was filtered out as 42523942 G>A needs A but not covered
75.001 was filtered out as 42522747 C>T needs T but not covered
75.002 was filtered out as 42522747 C>T needs T but not covered
81.001 was filtered out as 42524213 G>A needs A but not covered
82.001 was filtered out as 42525780 A>G needs G but not covered
83.001 was filtered out as 42522664 G>C needs C but not covered
83.002 was filtered out as 42522664 G>C needs C but not covered
83.003 was filtered out as 42522664 G>C needs C but not covered
84.001 was filtered out as 42523942 G>A needs A but not covered
84.002 was filtered out as 42523942 G>A needs A but not covered
85.001 was filtered out as 42523942 G>A needs A but not covered
86.001 was filtered out as 42524186 C>T needs T but not covered
87.001 was filtered out as 42526779 G>A needs A but not covered
88.001 was filtered out as 42525780 A>G needs G but not covered
89.001 was filtered out as 42525114 A>G needs G but not covered
90.001 was filtered out as 42525099 T>C needs C but not covered
91.001 was filtered out as 42523942 G>A needs A but not covered
92.001 was filtered out as 42524797 delG needs N but not covered
93.001 was filtered out as 42524273 T>G needs G but not covered
94.001 was filtered out as 42523611 T>C needs C but not covered
94.002 was filtered out as 42523611 T>C needs C but not covered
95.001 was filtered out as 42523458 C>T needs T but not covered
96.001 was filtered out as 42522897 G>A needs A but not covered
97.001 was filtered out as 42522698 G>T needs T but not covered
98.001 was filtered out as 42523942 G>A needs A but not covered
99.001 was filtered out as 42525828 C>G needs G but not covered
100.001 was filtered out as 42523964 delG needs N but not covered
101.001 was filtered out as 42523847 delCACATCCGGATGTAGGATC needs N but not covered
102.001 was filtered out as 42523942 G>A needs A but not covered
103.001 was filtered out as 42523942 G>A needs A but not covered
104.001 was filtered out as 42523942 G>A needs A but not covered
105.001 was filtered out as 42523942 G>A needs A but not covered
106.001 was filtered out as 42522915 C>T needs T but not covered
106.002 was filtered out as 42522915 C>T needs T but not covered
106.003 was filtered out as 42522915 C>T needs T but not covered
107.001 was filtered out as 42525133 C>T needs T but not covered
108.001 was filtered out as 42523566 T>C needs C but not covered
109.001 was filtered out as 42524175 delCTT needs N but not covered
110.001 was filtered out as 42522736 C>T needs T but not covered
111.001 was filtered out as 42523942 G>A needs A but not covered
111.002 was filtered out as 42523942 G>A needs A but not covered
112.001 was filtered out as 42522606 G>A needs A but not covered
113.001 was filtered out as 42522753 C>T needs T but not covered
114.001 was filtered out as 42523942 G>A needs A but not covered
115.001 was filtered out as 42524175 delCTT needs N but not covered
116.001 was filtered out as 42523632 C>G needs G but not covered
117.001 was filtered out as 42523942 G>A needs A but not covered
118.001 was filtered out as 42523900 T>C needs C but not covered
119.001 was filtered out as 42523804 C>T needs T but not covered
120.001 was filtered out as 42526729 delG needs N but not covered
121.001 was filtered out as 42523942 G>A needs A but not covered
122.001 was filtered out as 42523513 C>T needs T but not covered
123.001 was filtered out as 42523942 G>A needs A but not covered
124.001 was filtered out as 42522982 delGA needs N but not covered
124.002 was filtered out as 42522982 delGA needs N but not covered
125.001 was filtered out as 42523942 G>A needs A but not covered
126.001 was filtered out as 42523942 G>A needs A but not covered
127.001 was filtered out as 42523557 T>C needs C but not covered
128.001 was filtered out as 42523942 G>A needs A but not covered
129.001 was filtered out as 42523942 G>A needs A but not covered
130.001 was filtered out as 42524879 CA>AG needs A but not covered
131.001 was filtered out as 42524326 A>G needs G but not covered
132.001 was filtered out as 42523974 T>C needs C but not covered
133.001 was filtered out as 42523942 G>A needs A but not covered
134.001 was filtered out as 42523590 C>T needs T but not covered
135.001 was filtered out as 42523942 G>A needs A but not covered
136.001 was filtered out as 42523942 G>A needs A but not covered
137.001 was filtered out as 42522579 C>T needs T but not covered
138.001 was filtered out as 42523942 G>A needs A but not covered
140.001 was filtered out as 42524330 G>A needs A but not covered
141.001 was filtered out as 42523942 G>A needs A but not covered
141.1001 was filtered out as 42523942 G>A needs A but not covered
142.001 was filtered out as 42526711 G>A needs A but not covered
143.001 was filtered out as 42526762 C>T needs T but not covered
144.001 was filtered out as 42524352 C>T needs T but not covered
145.001 was filtered out as 42524928 insGGGGCGAAA not covered (cov=0)
146.001 was filtered out as 42523942 G>A needs A but not covered
147.001 was filtered out as 42524928 insGGGGCGAAA not covered (cov=0)
148.001 was filtered out as 42523942 G>A needs A but not covered
149.001 was filtered out as 42523942 G>A needs A but not covered
152.001 was filtered out as 42524341 G>A needs A but not covered
153.001 was filtered out as 42524808 C>T needs T but not covered
154.001 was filtered out as 42523942 G>A needs A but not covered
155.001 was filtered out as 42523942 G>A needs A but not covered
156.001 was filtered out as 42523942 G>A needs A but not covered
157.001 was filtered out as 42523942 G>A needs A but not covered
158.001 was filtered out as 42523942 G>A needs A but not covered
159.001 was filtered out as 42523942 G>A needs A but not covered
160.001 was filtered out as 42523942 G>A needs A but not covered
161.001 was filtered out as 42523942 G>A needs A but not covered
162.001 was filtered out as 42523942 G>A needs A but not covered
163.001 was filtered out as 42523942 G>A needs A but not covered
[filter] CYP2D6 1.001 => 1.001; 1.002; 1.003; 1.004; 1.005; 1.006; 1.007; 1.008; 1.009; 1.010; 1.011; 1.012; 1.013; 1.014; 1.015; 1.016; 1.017; 1.018; 1.019; 1.020; 1.021; 1.022; 1.023; 1.024; 1.025; 1.026; 1.027; 1.028; 1.029; 1.030; 1.031; 1.032; 1.033; 1.034; 1.035; 1.036; 1.037; 1.038; 1.039; 1.040; 1.041; 1.042; 1.043; 1.044; 1.045; 1.046; 1.047; 1.048; 1.049
[filter] CYP2D6 4.001 => 4.001; 4.002; 4.006; 4.008; 4.014; 4.015; 4.016; 4.017; 4.018; 4.020; 4.022; 4.023; 4.024; 4.025; 4.026; 4.029; 4.030
[filter] CYP2D6 4.003 => 4.003; 4.004; 4.005; 4.011; 4.019
[filter] CYP2D6 4.009 => 4.009
[filter] CYP2D6 4.012 => 4.012
[filter] CYP2D6 4.021 => 4.021
[filter] CYP2D6 4.1013 => 4.1013
[filter] CYP2D6 4.1021 => 4.1021
[filter] CYP2D6 4.2021 => 4.2021
[filter] CYP2D6 5.001 => 5.001
[filter] CYP2D6 10.001 => 10.001; 10.002; 10.003; 10.004; 10.005; 10.006; 10.007; 10.1004
[filter] CYP2D6 36.1001 => 36.1001
[filter] CYP2D6 39.001 => 39.001; 39.002
[filter] CYP2D6 61.001 => 61.001
[filter] CYP2D6 68.001 => 68.001
[filter] CYP2D6 68.002 => 68.002
[filter] CYP2D6 74.001 => 74.001
[filter] CYP2D6 83.1003 => 83.1003
[filter] CYP2D6 139.001 => 139.001
[filter] valid_alleles=95
Step 0: Loss=0.1864, CN=[2.0999167]
Step 100: Loss=0.1239, CN=[2.4094255]
Step 200: Loss=0.1239, CN=[2.4108264]
Step 300: Loss=0.1239, CN=[2.410824]
Step 400: Loss=0.1239, CN=[2.410824]

=== Fit ===
Region 0: obs=2.982, exp=2.411, diff=+0.571 *
Region 1: obs=2.096, exp=2.411, diff=-0.315 
Region 2: obs=2.117, exp=2.411, diff=-0.293 
Region 3: obs=2.335, exp=2.411, diff=-0.075 
Region 4: obs=2.233, exp=2.411, diff=-0.178 
Region 5: obs=2.204, exp=2.411, diff=-0.206 
Region 6: obs=2.292, exp=2.411, diff=-0.119 
Region 7: obs=2.536, exp=2.411, diff=+0.126 
Region 8: obs=3.084, exp=2.411, diff=+0.674 *
Region 9: obs=1.978, exp=2.411, diff=-0.433 
Region 10: obs=2.254, exp=2.411, diff=-0.157 
Region 11: obs=2.458, exp=2.411, diff=+0.047 
Region 12: obs=2.792, exp=2.411, diff=+0.381 
Region 13: obs=2.549, exp=2.411, diff=+0.138 
Region 14: obs=3.720, exp=2.411, diff=+1.309 *
Region 15: obs=3.293, exp=2.411, diff=+0.882 *
Region 16: obs=2.682, exp=2.411, diff=+0.271 
Region 17: obs=2.700, exp=2.411, diff=+0.289 
Region 18: obs=2.110, exp=2.411, diff=-0.301 
Region 19: obs=2.292, exp=2.411, diff=-0.119 
Region 20: obs=2.047, exp=2.411, diff=-0.364 
Region 21: obs=0.000, exp=2.411, diff=-2.411 *
Region 22: obs=2.219, exp=2.411, diff=-0.191 

[Gene CN Results]
  CYP2D6: 2.41 → 2.4108240604400635

=== CYP2D6 Fusion Template CN Estimation ===

Using CN configs: ['1', '68.001', '141.1001']

Region coverage:
  up: 3.0
  utr5: 2.1
  e1: 2.1
  i1: 2.3
  e2: 2.2
  i2: 2.2
  e3: 2.3
  i3: 2.5
  e4: 3.1
  i4: 2.0
  e5: 2.3
  i5: 2.5
  e6: 2.8
  i6: 2.5
  e7: 3.7
  i7: 3.3
  e8: 2.7
  i8: 2.7
  e9: 2.1
  utr3: 2.3
  ins: 2.0
  pce: 0.0
  rep: 2.2
  e1_2d7: 0.0
  e2_2d7: 0.9
  e3_2d7: 0.3
  e5_2d7: 0.2
  e6_2d7: 1.1
  e9_2d7: 0.0
  pce_2d7: 0.1

CN configs: ['1', '68.001', '141.1001']
PCE contributions: {'1': tensor(0.), '68.001': tensor(1.), '141.1001': tensor(1.)}
Gene CN: 2.41 → required total: 2
Respect gene CN constraint: True
Enumerating configurations that sum to 2...
Evaluated 6 configurations

Top 5 configurations:
  1. loss=8.09: 1:2
  2. loss=13.77: 1:1, 141.1001:1
  3. loss=29.96: 141.1001:2
  4. loss=35.39: 1:1, 68.001:1
  5. loss=51.58: 68.001:1, 141.1001:1

Best CN assignment (loss=8.09):
  1: 2
  Total: 2

Fit comparison:
  up: obs=3.0, exp=2.0, diff=+1.0
  utr5: obs=2.1, exp=2.0, diff=+0.1
  e1: obs=2.1, exp=2.0, diff=+0.1
  i1: obs=2.3, exp=2.0, diff=+0.3
  e2: obs=2.2, exp=2.0, diff=+0.2
  i2: obs=2.2, exp=2.0, diff=+0.2
  e3: obs=2.3, exp=2.0, diff=+0.3
  i3: obs=2.5, exp=2.0, diff=+0.5
  e4: obs=3.1, exp=2.0, diff=+1.1
  i4: obs=2.0, exp=2.0, diff=-0.0
  e5: obs=2.3, exp=2.0, diff=+0.3
  i5: obs=2.5, exp=2.0, diff=+0.5
  e6: obs=2.8, exp=2.0, diff=+0.8
  i6: obs=2.5, exp=2.0, diff=+0.5
  e7: obs=3.7, exp=2.0, diff=+1.7
  i7: obs=3.3, exp=2.0, diff=+1.3
  e8: obs=2.7, exp=2.0, diff=+0.7
  i8: obs=2.7, exp=2.0, diff=+0.7
  e9: obs=2.1, exp=2.0, diff=+0.1
  utr3: obs=2.3, exp=2.0, diff=+0.3
  ins: obs=2.0, exp=2.0, diff=+0.0
  pce: obs=0.0, exp=0.0, diff=+0.0
  rep: obs=2.2, exp=2.0, diff=+0.2
  e1_2d7: obs=0.0, exp=0.0, diff=+0.0
  e2_2d7: obs=0.9, exp=0.0, diff=+0.9
  e3_2d7: obs=0.3, exp=0.0, diff=+0.3
  e5_2d7: obs=0.2, exp=0.0, diff=+0.2
  e6_2d7: obs=1.1, exp=0.0, diff=+1.1
  e9_2d7: obs=0.0, exp=0.0, diff=+0.0
  pce_2d7: obs=0.1, exp=0.0, diff=+0.1

[Selected CN Configs] 1:2
  Total CYP2D6 CN: 2

[Filtering alleles by cn_config]

Kept alleles by cn_config:
  1: 11 major alleles
    *1.001, *10.001, *139.001, *39.001, *4.001, *4.003, *4.009, *4.012, *4.021, *4.2021 ... +1 more

  Filtered: 8 alleles
  Kept: 87 alleles

[Updating N variant counts for deleted regions]
  Total updated: 0 positions

[Rebuilding allele vectors for fusion cn_configs]
Using device: cuda

CYP2D6*1.001:

CYP2D6*1.002:

CYP2D6*1.003:

CYP2D6*1.004:

CYP2D6*1.005:

CYP2D6*1.006:

CYP2D6*1.007:

CYP2D6*1.008:

CYP2D6*1.009:

CYP2D6*1.010:

CYP2D6*1.011:

CYP2D6*1.012:

CYP2D6*1.013:

CYP2D6*1.014:

CYP2D6*1.015:

CYP2D6*1.016:

CYP2D6*1.017:

CYP2D6*1.018:

CYP2D6*1.019:

CYP2D6*1.020:

CYP2D6*1.021:

CYP2D6*1.022:

CYP2D6*1.023:

CYP2D6*1.024:

CYP2D6*1.025:

CYP2D6*1.026:

CYP2D6*1.027:

CYP2D6*1.028:

CYP2D6*1.029:

CYP2D6*1.030:

CYP2D6*1.031:

CYP2D6*1.032:

CYP2D6*1.033:

CYP2D6*1.034:

CYP2D6*1.035:

CYP2D6*1.036:

CYP2D6*1.037:

CYP2D6*1.038:

CYP2D6*1.039:

CYP2D6*1.040:

CYP2D6*1.041:

CYP2D6*1.042:

CYP2D6*1.043:

CYP2D6*1.044:

CYP2D6*1.045:

CYP2D6*1.046:

CYP2D6*1.047:

CYP2D6*1.048:

CYP2D6*1.049:

CYP2D6*4.001:

CYP2D6*4.002:

CYP2D6*4.006:

CYP2D6*4.008:

CYP2D6*4.014:

CYP2D6*4.015:

CYP2D6*4.016:

CYP2D6*4.017:

CYP2D6*4.018:

CYP2D6*4.020:

CYP2D6*4.022:

CYP2D6*4.023:

CYP2D6*4.024:

CYP2D6*4.025:

CYP2D6*4.026:

CYP2D6*4.029:

CYP2D6*4.030:

CYP2D6*4.003:

CYP2D6*4.004:

CYP2D6*4.005:

CYP2D6*4.011:

CYP2D6*4.019:

CYP2D6*4.009:

CYP2D6*4.012:

CYP2D6*4.021:

CYP2D6*4.2021:

CYP2D6*10.001:

CYP2D6*10.002:

CYP2D6*10.003:

CYP2D6*10.004:

CYP2D6*10.005:

CYP2D6*10.006:

CYP2D6*10.007:

CYP2D6*10.1004:

CYP2D6*39.001:

CYP2D6*39.002:

CYP2D6*74.001:

CYP2D6*139.001:

=== Running VAE with seed 1024 ===
Global Pooled JS: 0.151983
functional kld weight 0.0
Seed 1024, Step    0: Loss = 2024.16 (Recon: 1481.30, Allele KL: 275.03, Base KL: 235297.91, Functional KL: 0.15
Global Pooled JS: 0.015670
functional kld weight 27.77777777777777
Seed 1024, Step  500: Loss = 842.09 (Recon: 685.08, Allele KL: 71.46, Base KL: 16023.12, Functional KL: 0.02
Global Pooled JS: 0.012586
functional kld weight 222.22222222222217
Seed 1024, Step 1000: Loss = 825.84 (Recon: 675.04, Allele KL: 54.59, Base KL: 15814.53, Functional KL: 0.01
Global Pooled JS: 0.012481
functional kld weight 750.0
Seed 1024, Step 1500: Loss = 842.47 (Recon: 678.76, Allele KL: 63.97, Base KL: 16011.04, Functional KL: 0.01
Global Pooled JS: 0.012380
functional kld weight 1777.7777777777774
Seed 1024, Step 2000: Loss = 851.95 (Recon: 677.44, Allele KL: 45.38, Base KL: 17603.99, Functional KL: 0.01
Global Pooled JS: 0.012013
functional kld weight 3472.222222222223
Seed 1024, Step 2500: Loss = 864.72 (Recon: 671.56, Allele KL: 51.06, Base KL: 19749.91, Functional KL: 0.01

Top Variants with Coverage Mismatches:
Rank   Variant                        Expected     Observed     Diff       |Div|       
------------------------------------------------------------------------------------------
1      CYP2D6:42523527→T              16.00        28.00        -12.00     0.002207    
2      CYP2D6:42523527→C              28.79        41.00        -12.21     0.001400    
3      CYP2D6:42524946→C              22.39        31.00        -8.61      0.000905    
4      CYP2D6:42526693→A              22.29        17.00        5.29       0.000530    
5      CYP2D6:42525131→C              22.00        17.00        5.00       0.000479    
6      CYP2D6:42522612→C              22.16        18.00        4.16       0.000328    
7      CYP2D6:42525810→T              22.52        19.00        3.52       0.000231    
8      CYP2D6:42525820→G              22.51        19.00        3.51       0.000231    
9      CYP2D6:42525820→T              22.01        19.00        3.01       0.000174    
10     CYP2D6:42526693→C              0.11         0.00         0.11       0.000108    
11     CYP2D6:42526693→T              0.11         0.00         0.11       0.000108    
12     CYP2D6:42526693→M              0.11         0.00         0.11       0.000108    
13     CYP2D6:42526693→P              0.11         0.00         0.11       0.000107    
14     CYP2D6:42526693→N              0.11         0.00         0.11       0.000107    
15     CYP2D6:42524946→G              0.11         0.00         0.11       0.000103    
16     CYP2D6:42522612→M              0.11         0.00         0.11       0.000102    
17     CYP2D6:42524946→M              0.11         0.00         0.11       0.000102    
18     CYP2D6:42522612→P              0.11         0.00         0.11       0.000102    
19     CYP2D6:42525820→A              0.11         0.00         0.11       0.000101    
20     CYP2D6:42525820→P              0.11         0.00         0.11       0.000101    
21     CYP2D6:42522612→A              0.10         0.00         0.10       0.000101    
22     CYP2D6:42524946→P              0.10         0.00         0.10       0.000101    
23     CYP2D6:42522612→T              0.10         0.00         0.10       0.000101    
24     CYP2D6:42525820→M              0.10         0.00         0.10       0.000101    
25     CYP2D6:42525810→G              0.10         0.00         0.10       0.000101    
26     CYP2D6:42524946→N              0.10         0.00         0.10       0.000101    
27     CYP2D6:42525810→A              0.10         0.00         0.10       0.000100    
28     CYP2D6:42525810→P              0.10         0.00         0.10       0.000100    
29     CYP2D6:42524946→A              0.10         0.00         0.10       0.000100    
30     CYP2D6:42522612→N              0.10         0.00         0.10       0.000099    
31     CYP2D6:42525820→N              0.10         0.00         0.10       0.000099    
32     CYP2D6:42525820→C              0.10         0.00         0.10       0.000099    
33     CYP2D6:42525810→N              0.10         0.00         0.10       0.000098    
34     CYP2D6:42525810→M              0.10         0.00         0.10       0.000096    
35     CYP2D6:42525810→C              22.01        20.00        2.01       0.000081    
36     CYP2D6:42523527→G              0.05         0.00         0.05       0.000051    
37     CYP2D6:42523527→A              0.05         0.00         0.05       0.000050    
38     CYP2D6:42523527→M              0.05         0.00         0.05       0.000050    
39     CYP2D6:42523527→N              0.05         0.00         0.05       0.000050    
40     CYP2D6:42523527→P              0.05         0.00         0.05       0.000048    
41     CYP2D6:42522915→C              45.03        48.00        -2.97      0.000047    
42     CYP2D6:42522612→G              22.36        21.00        1.36       0.000040    
43     CYP2D6:42526693→G              22.19        21.00        1.19       0.000032    
44     CYP2D6:42522915→G              0.02         0.00         0.02       0.000018    
45     CYP2D6:42524946→T              22.13        22.00        0.13       0.000002    
46     CYP2D6:42525131→G              23.04        23.00        0.04       0.000001    
47     CYP2D6:42522915→A              0.00         0.00         0.00       0.000000    
48     CYP2D6:42522915→M              0.00         0.00         0.00       0.000000    
49     CYP2D6:42522915→N              0.00         0.00         0.00       0.000000    
50     CYP2D6:42522915→P              0.00         0.00         0.00       0.000000    
51     CYP2D6:42522915→T              0.00         0.00         0.00       0.000000    
52     CYP2D6:42525131→A              0.00         0.00         0.00       0.000000    
53     CYP2D6:42525131→M              0.00         0.00         0.00       0.000000    
54     CYP2D6:42525131→N              0.00         0.00         0.00       0.000000    
55     CYP2D6:42525131→P              0.00         0.00         0.00       0.000000    
56     CYP2D6:42525131→T              0.00         0.00         0.00       0.000000    
New best model with final loss: 897.93

=== Multi-Seed VAE Results ===
Best model had seed 1024 with final loss: 897.93
All seeds final losses:
  Seed 1024: Total=897.93 (Recon=684.83, A_KL=63.88, B_KL=21319.16) <- Best

[Raw]:
CYP2D6*4: Normalized=0.5057, Unnormalized=0.51
CYP2D6*1: Normalized=0.4868, Unnormalized=0.49

Allocating by cn_config:

[Alleles]
CYP2D6*4
CYP2D6*1
	Command being timed: "python cyp.py CYP2D6 /project/shared/aldy-data/wgs/NA06991.wgs.cram 1024"
	User time (seconds): 118.30
	System time (seconds): 24.06
	Percent of CPU this job got: 100%
	Elapsed (wall clock) time (h:mm:ss or m:ss): 2:21.71
	Average shared text size (kbytes): 0
	Average unshared data size (kbytes): 0
	Average stack size (kbytes): 0
	Average total size (kbytes): 0
	Maximum resident set size (kbytes): 2094504
	Average resident set size (kbytes): 0
	Major (requiring I/O) page faults: 0
	Minor (reclaiming a frame) page faults: 762480
	Voluntary context switches: 13189
	Involuntary context switches: 247
	Swaps: 0
	File system inputs: 0
	File system outputs: 64
	Socket messages sent: 0
	Socket messages received: 0
	Signals delivered: 0
	Page size (bytes): 4096
	Exit status: 0
