[info] total indices 224
[info] total variants 224
2.001 was filtered out as 96818105 T>A needs A but not covered
2.002 was filtered out as 96818105 T>A needs A but not covered
4.001 was filtered out as 96818118 G>C needs C but not covered
4.002 was filtered out as 96818118 G>C needs C but not covered
5.001 was filtered out as 96826970 delT needs N but not covered
6.001 was filtered out as 96824687 C>T needs T but not covered
7.001 was filtered out as 96824642 G>A needs A but not covered
8.001 was filtered out as 96824642 G>C needs C but not covered
9.001 was filtered out as 96818170 T>C needs C but not covered
10.001 was filtered out as 96802646 C>A needs A but not covered
11.001 was filtered out as 96805707 C>A needs A but not covered
12.001 was filtered out as 96796973 delCAA needs N but not covered
13.001 was filtered out as 96818241 A>C needs C but not covered
14.001 was filtered out as 96818198 C>G needs G but not covered
15.001 was filtered out as 96824657 C>T needs T but not covered
16.001 was filtered out as 96802803 A>G needs G but not covered
17.001 was filtered out as 96818180 T>C needs C but not covered
18.001 was filtered out as 96802714 G>A needs A but not covered
[filter] CYP2C8 1.001 => 1.001; 1.002; 1.003; 1.004; 1.005; 1.006; 1.007; 1.008; 1.009; 1.010; 1.011; 1.012; 1.013; 1.014; 1.015; 1.016; 1.017; 1.018
[filter] CYP2C8 3.001 => 3.001; 3.002
[filter] valid_alleles=20
Step 0: Loss=0.0646, CN=[2.0999167]
Step 100: Loss=0.0154, CN=[2.3155546]
Step 200: Loss=0.0154, CN=[2.3165472]
Step 300: Loss=0.0154, CN=[2.3165395]
Step 400: Loss=0.0154, CN=[2.3165398]

=== Fit ===
Region 0: obs=2.375, exp=2.317, diff=+0.058 
Region 1: obs=2.502, exp=2.317, diff=+0.186 
Region 2: obs=2.686, exp=2.317, diff=+0.369 
Region 3: obs=2.249, exp=2.317, diff=-0.068 
Region 4: obs=2.234, exp=2.317, diff=-0.083 
Region 5: obs=2.237, exp=2.317, diff=-0.080 
Region 6: obs=2.419, exp=2.317, diff=+0.102 
Region 7: obs=2.321, exp=2.317, diff=+0.004 
Region 8: obs=1.865, exp=2.317, diff=-0.451 
Region 9: obs=2.136, exp=2.317, diff=-0.181 
Region 10: obs=2.543, exp=2.317, diff=+0.227 
Region 11: obs=2.330, exp=2.317, diff=+0.014 
Region 12: obs=2.070, exp=2.317, diff=-0.246 
Region 13: obs=2.502, exp=2.317, diff=+0.185 
Region 14: obs=2.360, exp=2.317, diff=+0.043 
Region 15: obs=2.492, exp=2.317, diff=+0.176 
Region 16: obs=2.217, exp=2.317, diff=-0.100 
Region 17: obs=2.300, exp=2.317, diff=-0.017 
Region 18: obs=2.239, exp=2.317, diff=-0.078 
Region 19: obs=2.219, exp=2.317, diff=-0.098 
Region 20: obs=2.353, exp=2.317, diff=+0.036 

[Gene CN Results]
  CYP2C8: 2.32 → 2.3165395259857178
Using device: cuda

CYP2C8*1.001:

CYP2C8*1.002:

CYP2C8*1.003:

CYP2C8*1.004:

CYP2C8*1.005:

CYP2C8*1.006:

CYP2C8*1.007:

CYP2C8*1.008:

CYP2C8*1.009:

CYP2C8*1.010:

CYP2C8*1.011:

CYP2C8*1.012:

CYP2C8*1.013:

CYP2C8*1.014:

CYP2C8*1.015:

CYP2C8*1.016:

CYP2C8*1.017:

CYP2C8*1.018:

CYP2C8*3.001:

CYP2C8*3.002:

=== Running VAE with seed 3141 ===
Global Pooled JS: 0.131243
functional kld weight 0.0
Seed 3141, Step    0: Loss = 268.77 (Recon: 213.13, Allele KL: 28.69, Base KL: 2121.49, Functional KL: 0.13
Global Pooled JS: 0.007100
functional kld weight 27.77777777777777
Seed 3141, Step  500: Loss = 144.92 (Recon: 92.16, Allele KL: 25.94, Base KL: 3997.58, Functional KL: 0.01
Global Pooled JS: 0.008506
functional kld weight 222.22222222222217
Seed 3141, Step 1000: Loss = 147.39 (Recon: 100.00, Allele KL: 18.07, Base KL: 4103.05, Functional KL: 0.01
Global Pooled JS: 0.010714
functional kld weight 750.0
Seed 3141, Step 1500: Loss = 155.44 (Recon: 96.22, Allele KL: 23.26, Base KL: 5157.32, Functional KL: 0.01
Global Pooled JS: 0.004816
functional kld weight 1777.7777777777774
Seed 3141, Step 2000: Loss = 153.85 (Recon: 90.04, Allele KL: 26.44, Base KL: 6385.50, Functional KL: 0.00
Global Pooled JS: 0.006300
functional kld weight 3472.222222222223
Seed 3141, Step 2500: Loss = 166.75 (Recon: 91.09, Allele KL: 22.80, Base KL: 8548.13, Functional KL: 0.01

Top Variants with Coverage Mismatches:
Rank   Variant                        Expected     Observed     Diff       |Div|       
------------------------------------------------------------------------------------------
1      CYP2C8:96827029→C              27.15        27.00        0.15       0.000664    
2      CYP2C8:96798748→C              23.95        18.00        5.95       0.000556    
3      CYP2C8:96798748→T              27.15        21.00        6.15       0.000409    
4      CYP2C8:96827029→T              23.97        23.00        0.97       0.000313    
5      CYP2C8:96798748→M              0.04         0.00         0.04       0.000145    
6      CYP2C8:96798748→P              0.04         0.00         0.04       0.000145    
7      CYP2C8:96798748→A              0.04         0.00         0.04       0.000145    
8      CYP2C8:96798748→G              0.04         0.00         0.04       0.000143    
9      CYP2C8:96798748→N              0.04         0.00         0.04       0.000140    
10     CYP2C8:96827029→N              0.04         0.00         0.04       0.000129    
11     CYP2C8:96827029→G              0.04         0.00         0.04       0.000129    
12     CYP2C8:96827029→M              0.04         0.00         0.04       0.000128    
13     CYP2C8:96827029→P              0.04         0.00         0.04       0.000128    
14     CYP2C8:96827029→A              0.04         0.00         0.04       0.000127    
New best model with final loss: 167.32

=== Multi-Seed VAE Results ===
Best model had seed 3141 with final loss: 167.32
All seeds final losses:
  Seed 3141: Total=167.32 (Recon=91.66, A_KL=22.49, B_KL=10646.36) <- Best

[Raw]:
CYP2C8*1: Normalized=0.5281, Unnormalized=0.53
CYP2C8*3: Normalized=0.4719, Unnormalized=0.47

[Alleles]
CYP2C8*1
CYP2C8*3
	Command being timed: "python cyp.py CYP2C8 /project/shared/aldy-data/wgs/HG01190.wgs.cram 3141"
	User time (seconds): 82.91
	System time (seconds): 17.19
	Percent of CPU this job got: 99%
	Elapsed (wall clock) time (h:mm:ss or m:ss): 1:40.35
	Average shared text size (kbytes): 0
	Average unshared data size (kbytes): 0
	Average stack size (kbytes): 0
	Average total size (kbytes): 0
	Maximum resident set size (kbytes): 1915616
	Average resident set size (kbytes): 0
	Major (requiring I/O) page faults: 0
	Minor (reclaiming a frame) page faults: 583980
	Voluntary context switches: 10185
	Involuntary context switches: 180
	Swaps: 0
	File system inputs: 0
	File system outputs: 24
	Socket messages sent: 0
	Socket messages received: 0
	Signals delivered: 0
	Page size (bytes): 4096
	Exit status: 0
