[info] total indices 224
[info] total variants 224
2.001 was filtered out as 96818105 T>A needs A but not covered
2.002 was filtered out as 96818105 T>A needs A but not covered
3.001 was filtered out as 96827029 C>T needs T but not covered
3.002 was filtered out as 96827029 C>T needs T but not covered
4.001 was filtered out as 96818118 G>C needs C but not covered
4.002 was filtered out as 96818118 G>C needs C but not covered
5.001 was filtered out as 96826970 delT needs N but not covered
6.001 was filtered out as 96824687 C>T needs T but not covered
7.001 was filtered out as 96824642 G>A needs A but not covered
8.001 was filtered out as 96824642 G>C needs C but not covered
9.001 was filtered out as 96818170 T>C needs C but not covered
10.001 was filtered out as 96802646 C>A needs A but not covered
11.001 was filtered out as 96805707 C>A needs A but not covered
12.001 was filtered out as 96796973 delCAA needs N but not covered
13.001 was filtered out as 96818241 A>C needs C but not covered
14.001 was filtered out as 96818198 C>G needs G but not covered
15.001 was filtered out as 96824657 C>T needs T but not covered
16.001 was filtered out as 96802803 A>G needs G but not covered
17.001 was filtered out as 96818180 T>C needs C but not covered
18.001 was filtered out as 96802714 G>A needs A but not covered
[filter] CYP2C8 1.001 => 1.001; 1.002; 1.003; 1.004; 1.005; 1.006; 1.007; 1.008; 1.009; 1.010; 1.011; 1.012; 1.013; 1.014; 1.015; 1.016; 1.017; 1.018
[filter] valid_alleles=18
Step 0: Loss=0.3619, CN=[2.0999167]
Step 100: Loss=0.0847, CN=[2.9733222]
Step 200: Loss=0.0847, CN=[2.9689558]
Step 300: Loss=0.0847, CN=[2.9689724]
Step 400: Loss=0.0847, CN=[2.9689724]

=== Fit ===
Region 0: obs=3.023, exp=2.969, diff=+0.054 
Region 1: obs=3.492, exp=2.969, diff=+0.523 *
Region 2: obs=3.394, exp=2.969, diff=+0.425 
Region 3: obs=2.833, exp=2.969, diff=-0.136 
Region 4: obs=2.326, exp=2.969, diff=-0.643 *
Region 5: obs=2.323, exp=2.969, diff=-0.645 *
Region 6: obs=2.345, exp=2.969, diff=-0.624 *
Region 7: obs=2.887, exp=2.969, diff=-0.082 
Region 8: obs=2.700, exp=2.969, diff=-0.269 
Region 9: obs=2.781, exp=2.969, diff=-0.188 
Region 10: obs=2.403, exp=2.969, diff=-0.566 *
Region 11: obs=2.922, exp=2.969, diff=-0.047 
Region 12: obs=2.940, exp=2.969, diff=-0.029 
Region 13: obs=3.266, exp=2.969, diff=+0.297 
Region 14: obs=3.130, exp=2.969, diff=+0.161 
Region 15: obs=3.116, exp=2.969, diff=+0.147 
Region 16: obs=3.475, exp=2.969, diff=+0.506 *
Region 17: obs=2.524, exp=2.969, diff=-0.445 
Region 18: obs=3.314, exp=2.969, diff=+0.345 
Region 19: obs=3.923, exp=2.969, diff=+0.954 *
Region 20: obs=3.237, exp=2.969, diff=+0.268 

[Gene CN Results]
  CYP2C8: 2.97 → 2.9689724445343018
Using device: cuda

CYP2C8*1.001:

CYP2C8*1.002:

CYP2C8*1.003:

CYP2C8*1.004:

CYP2C8*1.005:

CYP2C8*1.006:

CYP2C8*1.007:

CYP2C8*1.008:

CYP2C8*1.009:

CYP2C8*1.010:

CYP2C8*1.011:

CYP2C8*1.012:

CYP2C8*1.013:

CYP2C8*1.014:

CYP2C8*1.015:

CYP2C8*1.016:

CYP2C8*1.017:

CYP2C8*1.018:

=== Running VAE with seed 3141 ===
Global Pooled JS: 0.000000
functional kld weight 0.0
Seed 3141, Step    0: Loss = 206.18 (Recon: 165.71, Allele KL: 11.69, Base KL: 1180.66, Functional KL: 0.00
Global Pooled JS: 0.000000
functional kld weight 27.77777777777777
Seed 3141, Step  500: Loss = 131.36 (Recon: 83.87, Allele KL: 18.85, Base KL: 3998.04, Functional KL: 0.00
Global Pooled JS: 0.000000
functional kld weight 222.22222222222217
Seed 3141, Step 1000: Loss = 121.58 (Recon: 76.06, Allele KL: 16.64, Base KL: 3977.35, Functional KL: 0.00
Global Pooled JS: 0.000000
functional kld weight 750.0
Seed 3141, Step 1500: Loss = 123.96 (Recon: 78.86, Allele KL: 16.64, Base KL: 3909.11, Functional KL: 0.00
Global Pooled JS: 0.000000
functional kld weight 1777.7777777777774
Seed 3141, Step 2000: Loss = 121.15 (Recon: 72.42, Allele KL: 20.06, Base KL: 3988.45, Functional KL: 0.00
Global Pooled JS: 0.000000
functional kld weight 3472.222222222223
Seed 3141, Step 2500: Loss = 120.84 (Recon: 75.26, Allele KL: 16.69, Base KL: 3964.56, Functional KL: 0.00

Top Variants with Coverage Mismatches:
Rank   Variant                        Expected     Observed     Diff       |Div|       
------------------------------------------------------------------------------------------
New best model with final loss: 126.70

=== Multi-Seed VAE Results ===
Best model had seed 3141 with final loss: 126.70
All seeds final losses:
  Seed 3141: Total=126.70 (Recon=78.03, A_KL=19.84, B_KL=3987.48) <- Best

[Raw]:
CYP2C8*1: Normalized=1.0000, Unnormalized=1.00

[Alleles]
CYP2C8*1
CYP2C8*1
	Command being timed: "python cyp.py CYP2C8 /project/shared/aldy-data/wgs/NA07000.wgs.cram 3141"
	User time (seconds): 81.86
	System time (seconds): 17.53
	Percent of CPU this job got: 99%
	Elapsed (wall clock) time (h:mm:ss or m:ss): 1:39.67
	Average shared text size (kbytes): 0
	Average unshared data size (kbytes): 0
	Average stack size (kbytes): 0
	Average total size (kbytes): 0
	Maximum resident set size (kbytes): 1911000
	Average resident set size (kbytes): 0
	Major (requiring I/O) page faults: 0
	Minor (reclaiming a frame) page faults: 618732
	Voluntary context switches: 10311
	Involuntary context switches: 196
	Swaps: 0
	File system inputs: 0
	File system outputs: 24
	Socket messages sent: 0
	Socket messages received: 0
	Signals delivered: 0
	Page size (bytes): 4096
	Exit status: 0
