[info] total indices 224
[info] total variants 224
2.001 was filtered out as 96818105 T>A needs A but not covered
2.002 was filtered out as 96818105 T>A needs A but not covered
3.001 was filtered out as 96827029 C>T needs T but not covered
3.002 was filtered out as 96827029 C>T needs T but not covered
4.001 was filtered out as 96818118 G>C needs C but not covered
4.002 was filtered out as 96818118 G>C needs C but not covered
5.001 was filtered out as 96826970 delT needs N but not covered
6.001 was filtered out as 96824687 C>T needs T but not covered
7.001 was filtered out as 96824642 G>A needs A but not covered
8.001 was filtered out as 96824642 G>C needs C but not covered
9.001 was filtered out as 96818170 T>C needs C but not covered
10.001 was filtered out as 96802646 C>A needs A but not covered
11.001 was filtered out as 96805707 C>A needs A but not covered
12.001 was filtered out as 96796973 delCAA needs N but not covered
13.001 was filtered out as 96818241 A>C needs C but not covered
14.001 was filtered out as 96818198 C>G needs G but not covered
15.001 was filtered out as 96824657 C>T needs T but not covered
16.001 was filtered out as 96802803 A>G needs G but not covered
17.001 was filtered out as 96818180 T>C needs C but not covered
18.001 was filtered out as 96802714 G>A needs A but not covered
[filter] CYP2C8 1.001 => 1.001; 1.002; 1.003; 1.004; 1.005; 1.006; 1.007; 1.008; 1.009; 1.010; 1.011; 1.012; 1.013; 1.014; 1.015; 1.016; 1.017; 1.018
[filter] valid_alleles=18
Step 0: Loss=0.3039, CN=[2.0999167]
Step 100: Loss=0.0682, CN=[2.8223352]
Step 200: Loss=0.0682, CN=[2.8256364]
Step 300: Loss=0.0682, CN=[2.8256452]
Step 400: Loss=0.0682, CN=[2.8256454]

=== Fit ===
Region 0: obs=2.930, exp=2.826, diff=+0.104 
Region 1: obs=2.480, exp=2.826, diff=-0.346 
Region 2: obs=2.683, exp=2.826, diff=-0.143 
Region 3: obs=2.854, exp=2.826, diff=+0.028 
Region 4: obs=2.635, exp=2.826, diff=-0.190 
Region 5: obs=2.900, exp=2.826, diff=+0.074 
Region 6: obs=3.756, exp=2.826, diff=+0.930 *
Region 7: obs=2.924, exp=2.826, diff=+0.098 
Region 8: obs=2.798, exp=2.826, diff=-0.028 
Region 9: obs=2.864, exp=2.826, diff=+0.039 
Region 10: obs=2.368, exp=2.826, diff=-0.458 
Region 11: obs=2.668, exp=2.826, diff=-0.157 
Region 12: obs=2.092, exp=2.826, diff=-0.734 *
Region 13: obs=3.100, exp=2.826, diff=+0.274 
Region 14: obs=2.513, exp=2.826, diff=-0.313 
Region 15: obs=3.153, exp=2.826, diff=+0.327 
Region 16: obs=2.396, exp=2.826, diff=-0.430 
Region 17: obs=2.831, exp=2.826, diff=+0.006 
Region 18: obs=3.591, exp=2.826, diff=+0.766 *
Region 19: obs=3.343, exp=2.826, diff=+0.517 *
Region 20: obs=2.940, exp=2.826, diff=+0.115 

[Gene CN Results]
  CYP2C8: 2.83 → 2.8256454467773438
Using device: cuda

CYP2C8*1.001:

CYP2C8*1.002:

CYP2C8*1.003:

CYP2C8*1.004:

CYP2C8*1.005:

CYP2C8*1.006:

CYP2C8*1.007:

CYP2C8*1.008:

CYP2C8*1.009:

CYP2C8*1.010:

CYP2C8*1.011:

CYP2C8*1.012:

CYP2C8*1.013:

CYP2C8*1.014:

CYP2C8*1.015:

CYP2C8*1.016:

CYP2C8*1.017:

CYP2C8*1.018:

=== Running VAE with seed 3141 ===
Global Pooled JS: 0.000000
functional kld weight 0.0
Seed 3141, Step    0: Loss = 293.54 (Recon: 253.88, Allele KL: 11.17, Base KL: 979.55, Functional KL: 0.00
Global Pooled JS: 0.000000
functional kld weight 27.77777777777777
Seed 3141, Step  500: Loss = 123.21 (Recon: 74.57, Allele KL: 19.41, Base KL: 5345.96, Functional KL: 0.00
Global Pooled JS: 0.000000
functional kld weight 222.22222222222217
Seed 3141, Step 1000: Loss = 119.19 (Recon: 69.70, Allele KL: 20.69, Base KL: 5350.27, Functional KL: 0.00
Global Pooled JS: 0.000000
functional kld weight 750.0
Seed 3141, Step 1500: Loss = 116.61 (Recon: 68.44, Allele KL: 19.51, Base KL: 5313.83, Functional KL: 0.00
Global Pooled JS: 0.000000
functional kld weight 1777.7777777777774
Seed 3141, Step 2000: Loss = 126.79 (Recon: 79.12, Allele KL: 18.22, Base KL: 5350.43, Functional KL: 0.00
Global Pooled JS: 0.000000
functional kld weight 3472.222222222223
Seed 3141, Step 2500: Loss = 115.93 (Recon: 71.63, Allele KL: 15.26, Base KL: 5401.47, Functional KL: 0.00

Top Variants with Coverage Mismatches:
Rank   Variant                        Expected     Observed     Diff       |Div|       
------------------------------------------------------------------------------------------
New best model with final loss: 117.71

=== Multi-Seed VAE Results ===
Best model had seed 3141 with final loss: 117.71
All seeds final losses:
  Seed 3141: Total=117.71 (Recon=72.18, A_KL=16.62, B_KL=5295.74) <- Best

[Raw]:
CYP2C8*1: Normalized=1.0000, Unnormalized=1.00

[Alleles]
CYP2C8*1
CYP2C8*1
	Command being timed: "python cyp.py CYP2C8 /project/shared/aldy-data/wgs/NA18540.wgs.cram 3141"
	User time (seconds): 96.71
	System time (seconds): 19.91
	Percent of CPU this job got: 99%
	Elapsed (wall clock) time (h:mm:ss or m:ss): 1:56.89
	Average shared text size (kbytes): 0
	Average unshared data size (kbytes): 0
	Average stack size (kbytes): 0
	Average total size (kbytes): 0
	Maximum resident set size (kbytes): 1897612
	Average resident set size (kbytes): 0
	Major (requiring I/O) page faults: 0
	Minor (reclaiming a frame) page faults: 618780
	Voluntary context switches: 9932
	Involuntary context switches: 220
	Swaps: 0
	File system inputs: 0
	File system outputs: 24
	Socket messages sent: 0
	Socket messages received: 0
	Signals delivered: 0
	Page size (bytes): 4096
	Exit status: 0
