[info] total indices 224
[info] total variants 224
2.001 was filtered out as 96818105 T>A needs A but not covered
2.002 was filtered out as 96818105 T>A needs A but not covered
3.001 was filtered out as 96827029 C>T needs T but not covered
3.002 was filtered out as 96827029 C>T needs T but not covered
4.001 was filtered out as 96818118 G>C needs C but not covered
4.002 was filtered out as 96818118 G>C needs C but not covered
5.001 was filtered out as 96826970 delT needs N but not covered
6.001 was filtered out as 96824687 C>T needs T but not covered
7.001 was filtered out as 96824642 G>A needs A but not covered
8.001 was filtered out as 96824642 G>C needs C but not covered
9.001 was filtered out as 96818170 T>C needs C but not covered
10.001 was filtered out as 96802646 C>A needs A but not covered
11.001 was filtered out as 96805707 C>A needs A but not covered
12.001 was filtered out as 96796973 delCAA needs N but not covered
13.001 was filtered out as 96818241 A>C needs C but not covered
14.001 was filtered out as 96818198 C>G needs G but not covered
15.001 was filtered out as 96824657 C>T needs T but not covered
16.001 was filtered out as 96802803 A>G needs G but not covered
17.001 was filtered out as 96818180 T>C needs C but not covered
18.001 was filtered out as 96802714 G>A needs A but not covered
[filter] CYP2C8 1.001 => 1.001; 1.002; 1.003; 1.004; 1.005; 1.006; 1.007; 1.008; 1.009; 1.010; 1.011; 1.012; 1.013; 1.014; 1.015; 1.016; 1.017; 1.018
[filter] valid_alleles=18
Step 0: Loss=0.0991, CN=[2.0999167]
Step 100: Loss=0.0255, CN=[2.4024975]
Step 200: Loss=0.0255, CN=[2.4025345]
Step 300: Loss=0.0255, CN=[2.4025435]
Step 400: Loss=0.0255, CN=[2.4025435]

=== Fit ===
Region 0: obs=2.306, exp=2.403, diff=-0.097 
Region 1: obs=2.212, exp=2.403, diff=-0.190 
Region 2: obs=2.729, exp=2.403, diff=+0.327 
Region 3: obs=2.401, exp=2.403, diff=-0.001 
Region 4: obs=2.450, exp=2.403, diff=+0.047 
Region 5: obs=2.652, exp=2.403, diff=+0.249 
Region 6: obs=2.565, exp=2.403, diff=+0.163 
Region 7: obs=2.329, exp=2.403, diff=-0.074 
Region 8: obs=2.141, exp=2.403, diff=-0.262 
Region 9: obs=2.280, exp=2.403, diff=-0.122 
Region 10: obs=2.562, exp=2.403, diff=+0.159 
Region 11: obs=2.443, exp=2.403, diff=+0.040 
Region 12: obs=2.036, exp=2.403, diff=-0.367 
Region 13: obs=2.430, exp=2.403, diff=+0.028 
Region 14: obs=2.072, exp=2.403, diff=-0.331 
Region 15: obs=2.304, exp=2.403, diff=-0.098 
Region 16: obs=2.126, exp=2.403, diff=-0.277 
Region 17: obs=2.366, exp=2.403, diff=-0.036 
Region 18: obs=2.805, exp=2.403, diff=+0.402 
Region 19: obs=2.868, exp=2.403, diff=+0.466 
Region 20: obs=2.378, exp=2.403, diff=-0.025 

[Gene CN Results]
  CYP2C8: 2.40 → 2.402543544769287
Using device: cuda

CYP2C8*1.001:

CYP2C8*1.002:

CYP2C8*1.003:

CYP2C8*1.004:

CYP2C8*1.005:

CYP2C8*1.006:

CYP2C8*1.007:

CYP2C8*1.008:

CYP2C8*1.009:

CYP2C8*1.010:

CYP2C8*1.011:

CYP2C8*1.012:

CYP2C8*1.013:

CYP2C8*1.014:

CYP2C8*1.015:

CYP2C8*1.016:

CYP2C8*1.017:

CYP2C8*1.018:

=== Running VAE with seed 3141 ===
Global Pooled JS: 0.000000
functional kld weight 0.0
Seed 3141, Step    0: Loss = 238.65 (Recon: 196.47, Allele KL: 13.34, Base KL: 1138.18, Functional KL: 0.00
Global Pooled JS: 0.000000
functional kld weight 27.77777777777777
Seed 3141, Step  500: Loss = 138.42 (Recon: 94.03, Allele KL: 15.31, Base KL: 3800.83, Functional KL: 0.00
Global Pooled JS: 0.000000
functional kld weight 222.22222222222217
Seed 3141, Step 1000: Loss = 132.23 (Recon: 87.90, Allele KL: 15.83, Base KL: 3532.16, Functional KL: 0.00
Global Pooled JS: 0.000000
functional kld weight 750.0
Seed 3141, Step 1500: Loss = 138.80 (Recon: 92.98, Allele KL: 17.12, Base KL: 3516.10, Functional KL: 0.00
Global Pooled JS: 0.000000
functional kld weight 1777.7777777777774
Seed 3141, Step 2000: Loss = 139.73 (Recon: 91.42, Allele KL: 19.60, Base KL: 3494.82, Functional KL: 0.00
Global Pooled JS: 0.000000
functional kld weight 3472.222222222223
Seed 3141, Step 2500: Loss = 137.83 (Recon: 93.21, Allele KL: 15.83, Base KL: 3592.11, Functional KL: 0.00

Top Variants with Coverage Mismatches:
Rank   Variant                        Expected     Observed     Diff       |Div|       
------------------------------------------------------------------------------------------
New best model with final loss: 138.19

=== Multi-Seed VAE Results ===
Best model had seed 3141 with final loss: 138.19
All seeds final losses:
  Seed 3141: Total=138.19 (Recon=92.39, A_KL=17.05, B_KL=3782.95) <- Best

[Raw]:
CYP2C8*1: Normalized=1.0000, Unnormalized=1.00

[Alleles]
CYP2C8*1
CYP2C8*1
	Command being timed: "python cyp.py CYP2C8 /project/shared/aldy-data/wgs/NA18617.wgs.cram 3141"
	User time (seconds): 95.79
	System time (seconds): 20.70
	Percent of CPU this job got: 99%
	Elapsed (wall clock) time (h:mm:ss or m:ss): 1:56.75
	Average shared text size (kbytes): 0
	Average unshared data size (kbytes): 0
	Average stack size (kbytes): 0
	Average total size (kbytes): 0
	Maximum resident set size (kbytes): 1910380
	Average resident set size (kbytes): 0
	Major (requiring I/O) page faults: 0
	Minor (reclaiming a frame) page faults: 479721
	Voluntary context switches: 9914
	Involuntary context switches: 147
	Swaps: 0
	File system inputs: 0
	File system outputs: 24
	Socket messages sent: 0
	Socket messages received: 0
	Signals delivered: 0
	Page size (bytes): 4096
	Exit status: 0
