[info] total indices 224
[info] total variants 224
2.001 was filtered out as 96818105 T>A needs A but not covered
2.002 was filtered out as 96818105 T>A needs A but not covered
3.001 was filtered out as 96827029 C>T needs T but not covered
3.002 was filtered out as 96827029 C>T needs T but not covered
4.001 was filtered out as 96818118 G>C needs C but not covered
4.002 was filtered out as 96818118 G>C needs C but not covered
5.001 was filtered out as 96826970 delT needs N but not covered
6.001 was filtered out as 96824687 C>T needs T but not covered
7.001 was filtered out as 96824642 G>A needs A but not covered
8.001 was filtered out as 96824642 G>C needs C but not covered
9.001 was filtered out as 96818170 T>C needs C but not covered
10.001 was filtered out as 96802646 C>A needs A but not covered
11.001 was filtered out as 96805707 C>A needs A but not covered
12.001 was filtered out as 96796973 delCAA needs N but not covered
13.001 was filtered out as 96818241 A>C needs C but not covered
14.001 was filtered out as 96818198 C>G needs G but not covered
15.001 was filtered out as 96824657 C>T needs T but not covered
17.001 was filtered out as 96818180 T>C needs C but not covered
18.001 was filtered out as 96802714 G>A needs A but not covered
[filter] CYP2C8 1.001 => 1.001; 1.002; 1.003; 1.004; 1.005; 1.006; 1.007; 1.008; 1.009; 1.010; 1.011; 1.012; 1.013; 1.014; 1.015; 1.016; 1.017; 1.018
[filter] CYP2C8 16.001 => 16.001
[filter] valid_alleles=19
Step 0: Loss=0.0397, CN=[2.0999167]
Step 100: Loss=0.0382, CN=[2.057949]
Step 200: Loss=0.0382, CN=[2.0582511]
Step 300: Loss=0.0382, CN=[2.0582516]
Step 400: Loss=0.0382, CN=[2.0582516]

=== Fit ===
Region 0: obs=2.167, exp=2.058, diff=+0.109 
Region 1: obs=1.290, exp=2.058, diff=-0.768 *
Region 2: obs=2.169, exp=2.058, diff=+0.111 
Region 3: obs=2.514, exp=2.058, diff=+0.456 
Region 4: obs=2.266, exp=2.058, diff=+0.208 
Region 5: obs=1.995, exp=2.058, diff=-0.063 
Region 6: obs=1.848, exp=2.058, diff=-0.210 
Region 7: obs=2.101, exp=2.058, diff=+0.043 
Region 8: obs=2.771, exp=2.058, diff=+0.713 *
Region 9: obs=1.957, exp=2.058, diff=-0.101 
Region 10: obs=1.982, exp=2.058, diff=-0.076 
Region 11: obs=2.056, exp=2.058, diff=-0.002 
Region 12: obs=2.059, exp=2.058, diff=+0.001 
Region 13: obs=2.223, exp=2.058, diff=+0.165 
Region 14: obs=1.919, exp=2.058, diff=-0.139 
Region 15: obs=2.123, exp=2.058, diff=+0.065 
Region 16: obs=2.110, exp=2.058, diff=+0.052 
Region 17: obs=1.858, exp=2.058, diff=-0.200 
Region 18: obs=1.627, exp=2.058, diff=-0.431 
Region 19: obs=2.104, exp=2.058, diff=+0.046 
Region 20: obs=2.026, exp=2.058, diff=-0.032 

[Gene CN Results]
  CYP2C8: 2.06 → 2.0582516193389893
Using device: cuda

CYP2C8*1.001:

CYP2C8*1.002:

CYP2C8*1.003:

CYP2C8*1.004:

CYP2C8*1.005:

CYP2C8*1.006:

CYP2C8*1.007:

CYP2C8*1.008:

CYP2C8*1.009:

CYP2C8*1.010:

CYP2C8*1.011:

CYP2C8*1.012:

CYP2C8*1.013:

CYP2C8*1.014:

CYP2C8*1.015:

CYP2C8*1.016:

CYP2C8*1.017:

CYP2C8*1.018:

CYP2C8*16.001:

=== Running VAE with seed 3141 ===
Global Pooled JS: 0.110974
functional kld weight 0.0
Seed 3141, Step    0: Loss = 288.40 (Recon: 245.08, Allele KL: 14.81, Base KL: 1704.50, Functional KL: 0.11
Global Pooled JS: 0.064801
functional kld weight 27.77777777777777
Seed 3141, Step  500: Loss = 168.49 (Recon: 115.29, Allele KL: 23.53, Base KL: 3925.06, Functional KL: 0.06
Global Pooled JS: 0.010672
functional kld weight 222.22222222222217
Seed 3141, Step 1000: Loss = 160.29 (Recon: 103.88, Allele KL: 26.37, Base KL: 4083.80, Functional KL: 0.01
Global Pooled JS: 0.003487
functional kld weight 750.0
Seed 3141, Step 1500: Loss = 171.91 (Recon: 118.70, Allele KL: 21.88, Base KL: 4986.69, Functional KL: 0.00
Global Pooled JS: 0.002757
functional kld weight 1777.7777777777774
Seed 3141, Step 2000: Loss = 177.37 (Recon: 115.04, Allele KL: 27.71, Base KL: 6117.35, Functional KL: 0.00
Global Pooled JS: 0.001280
functional kld weight 3472.222222222223
Seed 3141, Step 2500: Loss = 171.23 (Recon: 108.93, Allele KL: 26.47, Base KL: 7890.67, Functional KL: 0.00

Top Variants with Coverage Mismatches:
Rank   Variant                        Expected     Observed     Diff       |Div|       
------------------------------------------------------------------------------------------
1      CYP2C8:96802803→A              16.32        15.00        1.32       0.001266    
2      CYP2C8:96802803→G              24.12        17.00        7.12       0.000892    
3      CYP2C8:96802803→P              0.03         0.00         0.03       0.000214    
4      CYP2C8:96802803→C              0.02         0.00         0.02       0.000210    
5      CYP2C8:96802803→T              0.02         0.00         0.02       0.000207    
6      CYP2C8:96802803→M              0.02         0.00         0.02       0.000205    
7      CYP2C8:96802803→N              0.02         0.00         0.02       0.000204    
New best model with final loss: 190.55

=== Multi-Seed VAE Results ===
Best model had seed 3141 with final loss: 190.55
All seeds final losses:
  Seed 3141: Total=190.55 (Recon=106.83, A_KL=42.44, B_KL=9586.16) <- Best

[Raw]:
CYP2C8*16: Normalized=0.5985, Unnormalized=0.60
CYP2C8*1: Normalized=0.4015, Unnormalized=0.40

[Alleles]
CYP2C8*16
CYP2C8*1
	Command being timed: "python cyp.py CYP2C8 /project/shared/aldy-data/wgs/NA19917.wgs.cram 3141"
	User time (seconds): 93.89
	System time (seconds): 18.94
	Percent of CPU this job got: 99%
	Elapsed (wall clock) time (h:mm:ss or m:ss): 1:53.08
	Average shared text size (kbytes): 0
	Average unshared data size (kbytes): 0
	Average stack size (kbytes): 0
	Average total size (kbytes): 0
	Maximum resident set size (kbytes): 1873452
	Average resident set size (kbytes): 0
	Major (requiring I/O) page faults: 0
	Minor (reclaiming a frame) page faults: 499729
	Voluntary context switches: 9903
	Involuntary context switches: 186
	Swaps: 0
	File system inputs: 0
	File system outputs: 24
	Socket messages sent: 0
	Socket messages received: 0
	Signals delivered: 0
	Page size (bytes): 4096
	Exit status: 0
