[info] total indices 224
[info] total variants 224
2.001 was filtered out as 96818105 T>A needs A but not covered
2.002 was filtered out as 96818105 T>A needs A but not covered
3.001 was filtered out as 96827029 C>T needs T but not covered
3.002 was filtered out as 96827029 C>T needs T but not covered
4.001 was filtered out as 96818118 G>C needs C but not covered
4.002 was filtered out as 96818118 G>C needs C but not covered
5.001 was filtered out as 96826970 delT needs N but not covered
6.001 was filtered out as 96824687 C>T needs T but not covered
7.001 was filtered out as 96824642 G>A needs A but not covered
8.001 was filtered out as 96824642 G>C needs C but not covered
9.001 was filtered out as 96818170 T>C needs C but not covered
10.001 was filtered out as 96802646 C>A needs A but not covered
11.001 was filtered out as 96805707 C>A needs A but not covered
12.001 was filtered out as 96796973 delCAA needs N but not covered
13.001 was filtered out as 96818241 A>C needs C but not covered
14.001 was filtered out as 96818198 C>G needs G but not covered
15.001 was filtered out as 96824657 C>T needs T but not covered
16.001 was filtered out as 96802803 A>G needs G but not covered
17.001 was filtered out as 96818180 T>C needs C but not covered
18.001 was filtered out as 96802714 G>A needs A but not covered
[filter] CYP2C8 1.001 => 1.001; 1.002; 1.003; 1.004; 1.005; 1.006; 1.007; 1.008; 1.009; 1.010; 1.011; 1.012; 1.013; 1.014; 1.015; 1.016; 1.017; 1.018
[filter] valid_alleles=18
Step 0: Loss=0.0456, CN=[2.0999165]
Step 100: Loss=0.0456, CN=[2.0056422]
Step 200: Loss=0.0456, CN=[2.0060897]
Step 300: Loss=0.0456, CN=[2.0060878]
Step 400: Loss=0.0456, CN=[2.0060873]

=== Fit ===
Region 0: obs=1.933, exp=2.006, diff=-0.073 
Region 1: obs=1.230, exp=2.006, diff=-0.776 *
Region 2: obs=1.675, exp=2.006, diff=-0.331 
Region 3: obs=2.054, exp=2.006, diff=+0.048 
Region 4: obs=2.644, exp=2.006, diff=+0.638 *
Region 5: obs=2.553, exp=2.006, diff=+0.547 *
Region 6: obs=2.143, exp=2.006, diff=+0.137 
Region 7: obs=1.761, exp=2.006, diff=-0.245 
Region 8: obs=2.200, exp=2.006, diff=+0.194 
Region 9: obs=1.953, exp=2.006, diff=-0.053 
Region 10: obs=2.262, exp=2.006, diff=+0.255 
Region 11: obs=1.995, exp=2.006, diff=-0.011 
Region 12: obs=2.123, exp=2.006, diff=+0.117 
Region 13: obs=1.893, exp=2.006, diff=-0.113 
Region 14: obs=1.830, exp=2.006, diff=-0.176 
Region 15: obs=1.959, exp=2.006, diff=-0.047 
Region 16: obs=2.171, exp=2.006, diff=+0.165 
Region 17: obs=1.869, exp=2.006, diff=-0.137 
Region 18: obs=1.499, exp=2.006, diff=-0.507 *
Region 19: obs=2.178, exp=2.006, diff=+0.172 
Region 20: obs=2.105, exp=2.006, diff=+0.099 

[Gene CN Results]
  CYP2C8: 2.01 → 2.006087303161621
Using device: cuda

CYP2C8*1.001:

CYP2C8*1.002:

CYP2C8*1.003:

CYP2C8*1.004:

CYP2C8*1.005:

CYP2C8*1.006:

CYP2C8*1.007:

CYP2C8*1.008:

CYP2C8*1.009:

CYP2C8*1.010:

CYP2C8*1.011:

CYP2C8*1.012:

CYP2C8*1.013:

CYP2C8*1.014:

CYP2C8*1.015:

CYP2C8*1.016:

CYP2C8*1.017:

CYP2C8*1.018:

=== Running VAE with seed 2048 ===
Global Pooled JS: 0.000000
functional kld weight 0.0
Seed 2048, Step    0: Loss = 158.50 (Recon: 108.10, Allele KL: 21.55, Base KL: 1679.29, Functional KL: 0.00
Global Pooled JS: 0.000000
functional kld weight 27.77777777777777
Seed 2048, Step  500: Loss = 125.20 (Recon: 81.41, Allele KL: 15.05, Base KL: 3433.04, Functional KL: 0.00
Global Pooled JS: 0.000000
functional kld weight 222.22222222222217
Seed 2048, Step 1000: Loss = 127.09 (Recon: 79.49, Allele KL: 19.24, Base KL: 3478.83, Functional KL: 0.00
Global Pooled JS: 0.000000
functional kld weight 750.0
Seed 2048, Step 1500: Loss = 117.46 (Recon: 72.18, Allele KL: 17.28, Base KL: 3501.55, Functional KL: 0.00
Global Pooled JS: 0.000000
functional kld weight 1777.7777777777774
Seed 2048, Step 2000: Loss = 120.99 (Recon: 75.50, Allele KL: 16.87, Base KL: 3473.31, Functional KL: 0.00
Global Pooled JS: 0.000000
functional kld weight 3472.222222222223
Seed 2048, Step 2500: Loss = 123.84 (Recon: 79.08, Allele KL: 16.09, Base KL: 3441.54, Functional KL: 0.00

Top Variants with Coverage Mismatches:
Rank   Variant                        Expected     Observed     Diff       |Div|       
------------------------------------------------------------------------------------------
New best model with final loss: 123.19

=== Multi-Seed VAE Results ===
Best model had seed 2048 with final loss: 123.19
All seeds final losses:
  Seed 2048: Total=123.19 (Recon=77.89, A_KL=16.76, B_KL=3496.49) <- Best

[Raw]:
CYP2C8*1: Normalized=1.0000, Unnormalized=1.00

[Alleles]
CYP2C8*1
CYP2C8*1
	Command being timed: "python cyp.py CYP2C8 /project/shared/aldy-data/wgs/NA19174.wgs.cram 2048"
	User time (seconds): 94.96
	System time (seconds): 19.98
	Percent of CPU this job got: 99%
	Elapsed (wall clock) time (h:mm:ss or m:ss): 1:55.23
	Average shared text size (kbytes): 0
	Average unshared data size (kbytes): 0
	Average stack size (kbytes): 0
	Average total size (kbytes): 0
	Maximum resident set size (kbytes): 1903280
	Average resident set size (kbytes): 0
	Major (requiring I/O) page faults: 0
	Minor (reclaiming a frame) page faults: 613127
	Voluntary context switches: 9939
	Involuntary context switches: 207
	Swaps: 0
	File system inputs: 0
	File system outputs: 24
	Socket messages sent: 0
	Socket messages received: 0
	Signals delivered: 0
	Page size (bytes): 4096
	Exit status: 0
