[info] total indices 175
[info] total variants 175
3.002 was filtered out as 99273814 G>A needs A but not covered
3.003 was filtered out as 99270275 A>C needs C but not covered
3.004 was filtered out as 99245973 A>G needs G but not covered
3.005 was filtered out as 99264572 A>G needs G but not covered
3.006 was filtered out as 99247742 T>C needs C but not covered
3.007 was filtered out as 99247771 A>G needs G but not covered
3.008 was filtered out as 99273744 T>C needs C but not covered
3.009 was filtered out as 99262859 T>C needs C but not covered
3.010 was filtered out as 99250235 G>T needs T but not covered
3.017 was filtered out as 99262850 A>C needs C but not covered
6.001 was filtered out as 99262834 C>T needs T but not covered
7.001 was filtered out as 99250392 insA needs P but not covered
8.001 was filtered out as 99273820 G>A needs A but not covered
9.001 was filtered out as 99258138 C>T needs T but not covered
[filter] CYP3A5 1 => 1.001; 1.002; 1.003; 1.004; 1.005
[filter] CYP3A5 3 => 3.001; 3.012; 3.013; 3.014; 3.015; 3.016
[filter] valid_alleles=11
Step 0: Loss=0.0456, CN=[1.9000832]
Step 100: Loss=0.0337, CN=[1.8400557]
Step 200: Loss=0.0337, CN=[1.8402015]
Step 300: Loss=0.0337, CN=[1.840198]
Step 400: Loss=0.0337, CN=[1.8401983]

=== Fit ===
Region 0: obs=1.864, exp=1.840, diff=+0.024 
Region 1: obs=1.947, exp=1.840, diff=+0.107 
Region 2: obs=1.526, exp=1.840, diff=-0.315 
Region 3: obs=1.637, exp=1.840, diff=-0.203 
Region 4: obs=1.809, exp=1.840, diff=-0.031 
Region 5: obs=1.672, exp=1.840, diff=-0.168 
Region 6: obs=1.488, exp=1.840, diff=-0.352 
Region 7: obs=1.934, exp=1.840, diff=+0.094 
Region 8: obs=2.384, exp=1.840, diff=+0.543 *
Region 9: obs=1.870, exp=1.840, diff=+0.029 
Region 10: obs=1.715, exp=1.840, diff=-0.125 
Region 11: obs=1.996, exp=1.840, diff=+0.156 
Region 12: obs=2.075, exp=1.840, diff=+0.234 
Region 13: obs=1.714, exp=1.840, diff=-0.126 
Region 14: obs=1.555, exp=1.840, diff=-0.285 
Region 15: obs=1.827, exp=1.840, diff=-0.013 
Region 16: obs=2.396, exp=1.840, diff=+0.556 *
Region 17: obs=1.815, exp=1.840, diff=-0.026 
Region 18: obs=1.676, exp=1.840, diff=-0.164 
Region 19: obs=1.821, exp=1.840, diff=-0.019 
Region 20: obs=1.522, exp=1.840, diff=-0.319 
Region 21: obs=1.778, exp=1.840, diff=-0.062 
Region 22: obs=1.649, exp=1.840, diff=-0.191 
Region 23: obs=1.863, exp=1.840, diff=+0.023 
Region 24: obs=1.695, exp=1.840, diff=-0.146 
Region 25: obs=1.937, exp=1.840, diff=+0.097 
Region 26: obs=2.582, exp=1.840, diff=+0.742 *
Region 27: obs=2.223, exp=1.840, diff=+0.382 
Region 28: obs=1.738, exp=1.840, diff=-0.103 

[Gene CN Results]
  CYP3A5: 1.84 → 1.840198278427124
Using device: cuda

CYP3A5*1.001:

CYP3A5*1.002:

CYP3A5*1.003:

CYP3A5*1.004:

CYP3A5*1.005:

CYP3A5*3.001:

CYP3A5*3.012:

CYP3A5*3.013:

CYP3A5*3.014:

CYP3A5*3.015:

CYP3A5*3.016:

=== Running VAE with seed 5555 ===
Global Pooled JS: 0.011973
functional kld weight 0.0
Seed 5555, Step    0: Loss = 126.08 (Recon: 94.01, Allele KL: 4.47, Base KL: 504.27, Functional KL: 0.01
Global Pooled JS: 0.017353
functional kld weight 27.77777777777777
Seed 5555, Step  500: Loss = 99.96 (Recon: 58.87, Allele KL: 13.70, Base KL: 3835.55, Functional KL: 0.02
Global Pooled JS: 0.004516
functional kld weight 222.22222222222217
Seed 5555, Step 1000: Loss = 98.95 (Recon: 60.79, Allele KL: 9.41, Base KL: 4094.04, Functional KL: 0.00
Global Pooled JS: 0.003524
functional kld weight 750.0
Seed 5555, Step 1500: Loss = 103.67 (Recon: 61.47, Allele KL: 11.02, Base KL: 4878.16, Functional KL: 0.00
Global Pooled JS: 0.007194
functional kld weight 1777.7777777777774
Seed 5555, Step 2000: Loss = 119.90 (Recon: 62.97, Allele KL: 14.70, Base KL: 6005.27, Functional KL: 0.01
Global Pooled JS: 0.003853
functional kld weight 3472.222222222223
Seed 5555, Step 2500: Loss = 116.85 (Recon: 57.16, Allele KL: 15.72, Base KL: 7496.96, Functional KL: 0.00

Top Variants with Coverage Mismatches:
Rank   Variant                        Expected     Observed     Diff       |Div|       
------------------------------------------------------------------------------------------
1      CYP3A5:99270538→M              0.04         0.00         0.04       0.000238    
2      CYP3A5:99270538→G              0.04         0.00         0.04       0.000237    
3      CYP3A5:99270538→A              0.04         0.00         0.04       0.000236    
4      CYP3A5:99270538→N              0.04         0.00         0.04       0.000234    
5      CYP3A5:99270538→P              0.04         0.00         0.04       0.000233    
6      CYP3A5:99270538→C              22.84        23.00        -0.16      0.000177    
7      CYP3A5:99270538→T              30.58        28.00        2.58       0.000103    
New best model with final loss: 114.46

=== Multi-Seed VAE Results ===
Best model had seed 5555 with final loss: 114.46
All seeds final losses:
  Seed 5555: Total=114.46 (Recon=54.24, A_KL=18.10, B_KL=9484.08) <- Best

[Raw]:
CYP3A5*1: Normalized=0.5697, Unnormalized=0.57
CYP3A5*3: Normalized=0.4303, Unnormalized=0.43

[Alleles]
CYP3A5*1
CYP3A5*3
	Command being timed: "python cyp.py CYP3A5 /project/shared/aldy-data/wgs/NA19109.wgs.cram 5555"
	User time (seconds): 52.02
	System time (seconds): 10.35
	Percent of CPU this job got: 98%
	Elapsed (wall clock) time (h:mm:ss or m:ss): 1:03.59
	Average shared text size (kbytes): 0
	Average unshared data size (kbytes): 0
	Average stack size (kbytes): 0
	Average total size (kbytes): 0
	Maximum resident set size (kbytes): 1880196
	Average resident set size (kbytes): 0
	Major (requiring I/O) page faults: 0
	Minor (reclaiming a frame) page faults: 604422
	Voluntary context switches: 11732
	Involuntary context switches: 755
	Swaps: 0
	File system inputs: 0
	File system outputs: 24
	Socket messages sent: 0
	Socket messages received: 0
	Signals delivered: 0
	Page size (bytes): 4096
	Exit status: 0
