[info] total indices 441
[info] total variants 441
2.001 was filtered out as 41497273 C>T needs T but not covered
2.002 was filtered out as 41497273 C>T needs T but not covered
3.001 was filtered out as 41515254 C>A needs A but not covered
5.001 was filtered out as 41522714 C>T needs T but not covered
5.002 was filtered out as 41522714 C>T needs T but not covered
5.003 was filtered out as 41522714 C>T needs T but not covered
7.001 was filtered out as 41522714 C>T needs T but not covered
8.001 was filtered out as 41510281 A>G needs G but not covered
10.001 was filtered out as 41497273 C>T needs T but not covered
11.001 was filtered out as 41497345 A>G needs G but not covered
12.001 was filtered out as 41510029 G>A needs A but not covered
13.001 was filtered out as 41510281 A>G needs G but not covered
14.001 was filtered out as 41510285 G>A needs A but not covered
15.001 was filtered out as 41518597 T>A needs A but not covered
17.001 was filtered out as 41497285 A>T needs T but not covered
17.002 was filtered out as 41497285 A>T needs T but not covered
18.001 was filtered out as 41518220 T>C needs C but not covered
18.002 was filtered out as 41518220 T>C needs C but not covered
19.001 was filtered out as 41518243 C>T needs T but not covered
20.001 was filtered out as 41512827 C>T needs T but not covered
21.001 was filtered out as 41518707 C>A needs A but not covered
22.001 was filtered out as 41497128 T>C needs C but not covered
23.001 was filtered out as 41522630 A>G needs G but not covered
24.001 was filtered out as 41522682 G>A needs A but not covered
25.001 was filtered out as 41522709 A>T needs T but not covered
26.001 was filtered out as 41512823 C>G needs G but not covered
27.001 was filtered out as 41512917 T>C needs C but not covered
28.001 was filtered out as 41515992 C>G needs G but not covered
31.001 was filtered out as 41516012 C>A needs A but not covered
32.001 was filtered out as 41518644 G>A needs A but not covered
33.001 was filtered out as 41522714 C>A needs A but not covered
34.001 was filtered out as 41497128 T>C needs C but not covered
35.001 was filtered out as 41497128 T>C needs C but not covered
36.001 was filtered out as 41497128 T>C needs C but not covered
37.001 was filtered out as 41512872 T>G needs G but not covered
38.001 was filtered out as 41509919 T>A needs A but not covered
[filter] CYP2B6 1 => 1.001; 1.002; 1.003; 1.004; 1.005; 1.006; 1.007; 1.008; 1.009; 1.010; 1.011; 1.012; 1.013; 1.014; 1.015
[filter] CYP2B6 4 => 4.001; 4.002
[filter] CYP2B6 6 => 6.001; 6.002; 6.003; 6.004
[filter] CYP2B6 9 => 9.001
[filter] valid_alleles=22
Step 0: Loss=0.0554, CN=[1.9000832]
Step 100: Loss=0.0485, CN=[1.8733734]
Step 200: Loss=0.0485, CN=[1.8739266]
Step 300: Loss=0.0485, CN=[1.8739266]
Step 400: Loss=0.0485, CN=[1.8739268]

=== Fit ===
Region 0: obs=1.858, exp=1.874, diff=-0.016 
Region 1: obs=2.958, exp=1.874, diff=+1.084 *
Region 2: obs=2.301, exp=1.874, diff=+0.427 
Region 3: obs=1.814, exp=1.874, diff=-0.060 
Region 4: obs=1.899, exp=1.874, diff=+0.026 
Region 5: obs=1.738, exp=1.874, diff=-0.136 
Region 6: obs=2.189, exp=1.874, diff=+0.315 
Region 7: obs=1.815, exp=1.874, diff=-0.059 
Region 8: obs=1.288, exp=1.874, diff=-0.586 *
Region 9: obs=1.687, exp=1.874, diff=-0.187 
Region 10: obs=2.037, exp=1.874, diff=+0.163 
Region 11: obs=2.151, exp=1.874, diff=+0.277 
Region 12: obs=1.764, exp=1.874, diff=-0.110 
Region 13: obs=2.001, exp=1.874, diff=+0.127 
Region 14: obs=1.569, exp=1.874, diff=-0.305 
Region 15: obs=1.962, exp=1.874, diff=+0.088 
Region 16: obs=2.071, exp=1.874, diff=+0.197 
Region 17: obs=1.757, exp=1.874, diff=-0.116 
Region 18: obs=1.397, exp=1.874, diff=-0.477 
Region 19: obs=1.788, exp=1.874, diff=-0.086 
Region 20: obs=1.808, exp=1.874, diff=-0.066 

[Gene CN Results]
  CYP2B6: 1.87 → 1.8739266395568848
Using device: cuda

CYP2B6*1.001:

CYP2B6*1.002:

CYP2B6*1.003:

CYP2B6*1.004:

CYP2B6*1.005:

CYP2B6*1.006:

CYP2B6*1.007:

CYP2B6*1.008:

CYP2B6*1.009:

CYP2B6*1.010:

CYP2B6*1.011:

CYP2B6*1.012:

CYP2B6*1.013:

CYP2B6*1.014:

CYP2B6*1.015:

CYP2B6*4.001:

CYP2B6*4.002:

CYP2B6*6.001:

CYP2B6*6.002:

CYP2B6*6.003:

CYP2B6*6.004:

CYP2B6*9.001:

=== Running VAE with seed 4096 ===
Global Pooled JS: 0.017600
functional kld weight 0.0
Seed 4096, Step    0: Loss = 207.64 (Recon: 156.32, Allele KL: 22.72, Base KL: 2178.07, Functional KL: 0.02
Global Pooled JS: 0.025250
functional kld weight 27.77777777777777
Seed 4096, Step  500: Loss = 179.85 (Recon: 130.98, Allele KL: 21.38, Base KL: 1951.71, Functional KL: 0.03
Global Pooled JS: 0.016343
functional kld weight 222.22222222222217
Seed 4096, Step 1000: Loss = 182.36 (Recon: 129.62, Allele KL: 22.02, Base KL: 2106.89, Functional KL: 0.02
Global Pooled JS: 0.015665
functional kld weight 750.0
Seed 4096, Step 1500: Loss = 201.12 (Recon: 143.39, Allele KL: 18.29, Base KL: 2580.52, Functional KL: 0.02
Global Pooled JS: 0.012634
functional kld weight 1777.7777777777774
Seed 4096, Step 2000: Loss = 202.65 (Recon: 126.77, Allele KL: 25.33, Base KL: 3459.34, Functional KL: 0.01
Global Pooled JS: 0.010074
functional kld weight 3472.222222222223
Seed 4096, Step 2500: Loss = 223.64 (Recon: 129.45, Allele KL: 30.28, Base KL: 4365.38, Functional KL: 0.01

Top Variants with Coverage Mismatches:
Rank   Variant                        Expected     Observed     Diff       |Div|       
------------------------------------------------------------------------------------------
1      CYP2B6:41512840→G              25.16        15.00        10.16      0.003879    
2      CYP2B6:41515262→A              26.93        29.00        -2.07      0.003394    
3      CYP2B6:41512840→T              12.54        9.00         3.54       0.000414    
4      CYP2B6:41515262→G              10.82        10.00        0.82       0.000211    
5      CYP2B6:41512840→A              0.04         0.00         0.04       0.000187    
6      CYP2B6:41512840→P              0.04         0.00         0.04       0.000185    
7      CYP2B6:41512840→N              0.04         0.00         0.04       0.000183    
8      CYP2B6:41512840→C              0.04         0.00         0.04       0.000181    
9      CYP2B6:41512840→M              0.04         0.00         0.04       0.000180    
10     CYP2B6:41515262→T              0.03         0.00         0.03       0.000141    
11     CYP2B6:41515262→C              0.03         0.00         0.03       0.000138    
12     CYP2B6:41515262→M              0.03         0.00         0.03       0.000138    
13     CYP2B6:41515262→N              0.03         0.00         0.03       0.000137    
14     CYP2B6:41515262→P              0.03         0.00         0.03       0.000134    
New best model with final loss: 307.41

=== Multi-Seed VAE Results ===
Best model had seed 4096 with final loss: 307.41
All seeds final losses:
  Seed 4096: Total=307.41 (Recon=153.76, A_KL=23.01, B_KL=6593.76) <- Best

[Raw]:
CYP2B6*1: Normalized=0.6538, Unnormalized=0.65
CYP2B6*6: Normalized=0.2817, Unnormalized=0.28

[Alleles]
CYP2B6*1
CYP2B6*6
	Command being timed: "python cyp.py CYP2B6 /project/shared/aldy-data/wgs/NA18966.wgs.cram 4096"
	User time (seconds): 53.35
	System time (seconds): 10.68
	Percent of CPU this job got: 99%
	Elapsed (wall clock) time (h:mm:ss or m:ss): 1:04.68
	Average shared text size (kbytes): 0
	Average unshared data size (kbytes): 0
	Average stack size (kbytes): 0
	Average total size (kbytes): 0
	Maximum resident set size (kbytes): 1843004
	Average resident set size (kbytes): 0
	Major (requiring I/O) page faults: 0
	Minor (reclaiming a frame) page faults: 583663
	Voluntary context switches: 10162
	Involuntary context switches: 188
	Swaps: 0
	File system inputs: 0
	File system outputs: 24
	Socket messages sent: 0
	Socket messages received: 0
	Signals delivered: 0
	Page size (bytes): 4096
	Exit status: 0
