[info] total indices 441
[info] total variants 441
2.001 was filtered out as 41497273 C>T needs T but not covered
2.002 was filtered out as 41497273 C>T needs T but not covered
3.001 was filtered out as 41515254 C>A needs A but not covered
5.001 was filtered out as 41522714 C>T needs T but not covered
5.002 was filtered out as 41522714 C>T needs T but not covered
5.003 was filtered out as 41522714 C>T needs T but not covered
7.001 was filtered out as 41522714 C>T needs T but not covered
8.001 was filtered out as 41510281 A>G needs G but not covered
10.001 was filtered out as 41497273 C>T needs T but not covered
11.001 was filtered out as 41497345 A>G needs G but not covered
12.001 was filtered out as 41510029 G>A needs A but not covered
13.001 was filtered out as 41510281 A>G needs G but not covered
14.001 was filtered out as 41510285 G>A needs A but not covered
15.001 was filtered out as 41518597 T>A needs A but not covered
18.001 was filtered out as 41518220 T>C needs C but not covered
18.002 was filtered out as 41518220 T>C needs C but not covered
19.001 was filtered out as 41518243 C>T needs T but not covered
20.001 was filtered out as 41512827 C>T needs T but not covered
21.001 was filtered out as 41518707 C>A needs A but not covered
22.001 was filtered out as 41497128 T>C needs C but not covered
23.001 was filtered out as 41522630 A>G needs G but not covered
24.001 was filtered out as 41522682 G>A needs A but not covered
25.001 was filtered out as 41522709 A>T needs T but not covered
26.001 was filtered out as 41512823 C>G needs G but not covered
27.001 was filtered out as 41512917 T>C needs C but not covered
28.001 was filtered out as 41515992 C>G needs G but not covered
31.001 was filtered out as 41516012 C>A needs A but not covered
32.001 was filtered out as 41518644 G>A needs A but not covered
33.001 was filtered out as 41522714 C>A needs A but not covered
34.001 was filtered out as 41497128 T>C needs C but not covered
35.001 was filtered out as 41497128 T>C needs C but not covered
36.001 was filtered out as 41497128 T>C needs C but not covered
37.001 was filtered out as 41512872 T>G needs G but not covered
38.001 was filtered out as 41509919 T>A needs A but not covered
[filter] CYP2B6 1 => 1.001; 1.002; 1.003; 1.004; 1.005; 1.006; 1.007; 1.008; 1.009; 1.010; 1.011; 1.012; 1.013; 1.014; 1.015
[filter] CYP2B6 4 => 4.001; 4.002
[filter] CYP2B6 6 => 6.001; 6.002; 6.003; 6.004
[filter] CYP2B6 9 => 9.001
[filter] CYP2B6 17 => 17.001; 17.002
[filter] valid_alleles=24
Step 0: Loss=0.0600, CN=[2.0999167]
Step 100: Loss=0.0256, CN=[2.2727354]
Step 200: Loss=0.0256, CN=[2.2717187]
Step 300: Loss=0.0256, CN=[2.2717168]
Step 400: Loss=0.0256, CN=[2.2717166]

=== Fit ===
Region 0: obs=2.271, exp=2.272, diff=-0.001 
Region 1: obs=2.277, exp=2.272, diff=+0.006 
Region 2: obs=2.388, exp=2.272, diff=+0.116 
Region 3: obs=2.390, exp=2.272, diff=+0.119 
Region 4: obs=1.884, exp=2.272, diff=-0.388 
Region 5: obs=1.948, exp=2.272, diff=-0.324 
Region 6: obs=2.110, exp=2.272, diff=-0.162 
Region 7: obs=2.335, exp=2.272, diff=+0.063 
Region 8: obs=2.671, exp=2.272, diff=+0.399 
Region 9: obs=2.227, exp=2.272, diff=-0.045 
Region 10: obs=2.135, exp=2.272, diff=-0.137 
Region 11: obs=2.040, exp=2.272, diff=-0.232 
Region 12: obs=2.232, exp=2.272, diff=-0.040 
Region 13: obs=2.561, exp=2.272, diff=+0.289 
Region 14: obs=1.985, exp=2.272, diff=-0.287 
Region 15: obs=2.859, exp=2.272, diff=+0.587 *
Region 16: obs=2.272, exp=2.272, diff=+0.000 
Region 17: obs=2.384, exp=2.272, diff=+0.112 
Region 18: obs=2.341, exp=2.272, diff=+0.069 
Region 19: obs=2.298, exp=2.272, diff=+0.026 
Region 20: obs=2.188, exp=2.272, diff=-0.083 

[Gene CN Results]
  CYP2B6: 2.27 → 2.271717071533203
Using device: cuda

CYP2B6*1.001:

CYP2B6*1.002:

CYP2B6*1.003:

CYP2B6*1.004:

CYP2B6*1.005:

CYP2B6*1.006:

CYP2B6*1.007:

CYP2B6*1.008:

CYP2B6*1.009:

CYP2B6*1.010:

CYP2B6*1.011:

CYP2B6*1.012:

CYP2B6*1.013:

CYP2B6*1.014:

CYP2B6*1.015:

CYP2B6*4.001:

CYP2B6*4.002:

CYP2B6*6.001:

CYP2B6*6.002:

CYP2B6*6.003:

CYP2B6*6.004:

CYP2B6*9.001:

CYP2B6*17.001:

CYP2B6*17.002:

=== Running VAE with seed 4096 ===
Global Pooled JS: 0.032657
functional kld weight 0.0
Seed 4096, Step    0: Loss = 473.97 (Recon: 420.52, Allele KL: 27.85, Base KL: 2514.21, Functional KL: 0.03
Global Pooled JS: 0.022146
functional kld weight 27.77777777777777
Seed 4096, Step  500: Loss = 275.95 (Recon: 221.93, Allele KL: 29.45, Base KL: 2644.14, Functional KL: 0.02
Global Pooled JS: 0.005238
functional kld weight 222.22222222222217
Seed 4096, Step 1000: Loss = 259.99 (Recon: 203.12, Allele KL: 31.20, Base KL: 2746.85, Functional KL: 0.01
Global Pooled JS: 0.005542
functional kld weight 750.0
Seed 4096, Step 1500: Loss = 267.63 (Recon: 209.52, Allele KL: 28.94, Base KL: 3132.54, Functional KL: 0.01
Global Pooled JS: 0.004115
functional kld weight 1777.7777777777774
Seed 4096, Step 2000: Loss = 263.86 (Recon: 206.45, Allele KL: 24.17, Base KL: 4061.41, Functional KL: 0.00
Global Pooled JS: 0.003412
functional kld weight 3472.222222222223
Seed 4096, Step 2500: Loss = 273.68 (Recon: 206.49, Allele KL: 27.98, Base KL: 5640.80, Functional KL: 0.00

Top Variants with Coverage Mismatches:
Rank   Variant                        Expected     Observed     Diff       |Div|       
------------------------------------------------------------------------------------------
1      CYP2B6:41512840→G              19.84        26.00        -6.16      0.000675    
2      CYP2B6:41515262→G              19.38        17.00        2.38       0.000251    
3      CYP2B6:41512840→T              19.23        17.00        2.23       0.000226    
4      CYP2B6:41515262→A              19.69        18.00        1.69       0.000144    
5      CYP2B6:41512840→N              0.07         0.00         0.07       0.000101    
6      CYP2B6:41515262→P              0.07         0.00         0.07       0.000099    
7      CYP2B6:41512840→C              0.07         0.00         0.07       0.000098    
8      CYP2B6:41512840→M              0.07         0.00         0.07       0.000098    
9      CYP2B6:41512840→P              0.07         0.00         0.07       0.000097    
10     CYP2B6:41515262→C              0.07         0.00         0.07       0.000097    
11     CYP2B6:41512840→A              0.07         0.00         0.07       0.000096    
12     CYP2B6:41515262→N              0.06         0.00         0.06       0.000095    
13     CYP2B6:41515262→M              0.06         0.00         0.06       0.000094    
14     CYP2B6:41515262→T              0.06         0.00         0.06       0.000093    
15     CYP2B6:41497294→G              0.04         0.00         0.04       0.000062    
16     CYP2B6:41497285→N              0.04         0.00         0.04       0.000062    
17     CYP2B6:41497294→T              0.04         0.00         0.04       0.000061    
18     CYP2B6:41497295→P              0.04         0.00         0.04       0.000061    
19     CYP2B6:41497285→G              0.04         0.00         0.04       0.000061    
20     CYP2B6:41497295→M              0.04         0.00         0.04       0.000061    
21     CYP2B6:41497285→P              0.04         0.00         0.04       0.000061    
22     CYP2B6:41497294→M              0.04         0.00         0.04       0.000061    
23     CYP2B6:41497294→N              0.04         0.00         0.04       0.000061    
24     CYP2B6:41497295→N              0.04         0.00         0.04       0.000060    
25     CYP2B6:41497285→C              0.04         0.00         0.04       0.000060    
26     CYP2B6:41497285→M              0.04         0.00         0.04       0.000060    
27     CYP2B6:41497295→A              0.04         0.00         0.04       0.000059    
28     CYP2B6:41497295→T              0.04         0.00         0.04       0.000059    
29     CYP2B6:41497294→P              0.04         0.00         0.04       0.000058    
30     CYP2B6:41497292→N              0.04         0.00         0.04       0.000058    
31     CYP2B6:41497292→C              0.04         0.00         0.04       0.000058    
32     CYP2B6:41497292→T              0.04         0.00         0.04       0.000057    
33     CYP2B6:41497292→M              0.04         0.00         0.04       0.000057    
34     CYP2B6:41497292→P              0.04         0.00         0.04       0.000056    
35     CYP2B6:41497292→A              29.10        29.00        0.10       0.000019    
36     CYP2B6:41497294→A              10.09        11.00        -0.91      0.000016    
37     CYP2B6:41497285→T              10.09        11.00        -0.91      0.000016    
38     CYP2B6:41497295→C              10.09        11.00        -0.91      0.000016    
39     CYP2B6:41497295→G              29.10        31.00        -1.90      0.000016    
40     CYP2B6:41497285→A              29.10        31.00        -1.90      0.000016    
41     CYP2B6:41497294→C              29.10        31.00        -1.90      0.000016    
42     CYP2B6:41497292→G              10.11        11.00        -0.89      0.000015    
New best model with final loss: 296.90

=== Multi-Seed VAE Results ===
Best model had seed 4096 with final loss: 296.90
All seeds final losses:
  Seed 4096: Total=296.90 (Recon=211.16, A_KL=32.43, B_KL=7796.92) <- Best

[Raw]:
CYP2B6*6: Normalized=0.4966, Unnormalized=0.50
CYP2B6*17: Normalized=0.2626, Unnormalized=0.26
CYP2B6*1: Normalized=0.2332, Unnormalized=0.23

[Alleles]
CYP2B6*6
CYP2B6*17
	Command being timed: "python cyp.py CYP2B6 /project/shared/aldy-data/wgs/NA18519.wgs.cram 4096"
	User time (seconds): 54.33
	System time (seconds): 11.36
	Percent of CPU this job got: 98%
	Elapsed (wall clock) time (h:mm:ss or m:ss): 1:06.41
	Average shared text size (kbytes): 0
	Average unshared data size (kbytes): 0
	Average stack size (kbytes): 0
	Average total size (kbytes): 0
	Maximum resident set size (kbytes): 1875100
	Average resident set size (kbytes): 0
	Major (requiring I/O) page faults: 0
	Minor (reclaiming a frame) page faults: 594959
	Voluntary context switches: 10070
	Involuntary context switches: 82
	Swaps: 0
	File system inputs: 0
	File system outputs: 32
	Socket messages sent: 0
	Socket messages received: 0
	Signals delivered: 0
	Page size (bytes): 4096
	Exit status: 0
