[info] total indices 224
[info] total variants 224
2.001 was filtered out as 96818105 T>A needs A but not covered
2.002 was filtered out as 96818105 T>A needs A but not covered
4.001 was filtered out as 96818118 G>C needs C but not covered
4.002 was filtered out as 96818118 G>C needs C but not covered
5.001 was filtered out as 96826970 delT needs N but not covered
6.001 was filtered out as 96824687 C>T needs T but not covered
7.001 was filtered out as 96824642 G>A needs A but not covered
8.001 was filtered out as 96824642 G>C needs C but not covered
9.001 was filtered out as 96818170 T>C needs C but not covered
10.001 was filtered out as 96802646 C>A needs A but not covered
11.001 was filtered out as 96805707 C>A needs A but not covered
12.001 was filtered out as 96796973 delCAA needs N but not covered
13.001 was filtered out as 96818241 A>C needs C but not covered
14.001 was filtered out as 96818198 C>G needs G but not covered
15.001 was filtered out as 96824657 C>T needs T but not covered
16.001 was filtered out as 96802803 A>G needs G but not covered
17.001 was filtered out as 96818180 T>C needs C but not covered
18.001 was filtered out as 96802714 G>A needs A but not covered
[filter] CYP2C8 1.001 => 1.001; 1.002; 1.003; 1.004; 1.005; 1.006; 1.007; 1.008; 1.009; 1.010; 1.011; 1.012; 1.013; 1.014; 1.015; 1.016; 1.017; 1.018
[filter] CYP2C8 3.001 => 3.001; 3.002
[filter] valid_alleles=20
Step 0: Loss=0.0329, CN=[1.9000832]
Step 100: Loss=0.0281, CN=[1.9013724]
Step 200: Loss=0.0281, CN=[1.9017731]
Step 300: Loss=0.0281, CN=[1.9017731]
Step 400: Loss=0.0281, CN=[1.9017733]

=== Fit ===
Region 0: obs=2.013, exp=1.902, diff=+0.111 
Region 1: obs=1.902, exp=1.902, diff=+0.000 
Region 2: obs=2.192, exp=1.902, diff=+0.290 
Region 3: obs=1.965, exp=1.902, diff=+0.063 
Region 4: obs=1.740, exp=1.902, diff=-0.162 
Region 5: obs=1.808, exp=1.902, diff=-0.094 
Region 6: obs=2.401, exp=1.902, diff=+0.499 
Region 7: obs=2.080, exp=1.902, diff=+0.178 
Region 8: obs=1.485, exp=1.902, diff=-0.417 
Region 9: obs=1.727, exp=1.902, diff=-0.175 
Region 10: obs=1.580, exp=1.902, diff=-0.321 
Region 11: obs=1.906, exp=1.902, diff=+0.004 
Region 12: obs=2.015, exp=1.902, diff=+0.113 
Region 13: obs=1.871, exp=1.902, diff=-0.030 
Region 14: obs=2.021, exp=1.902, diff=+0.120 
Region 15: obs=1.820, exp=1.902, diff=-0.082 
Region 16: obs=2.209, exp=1.902, diff=+0.307 
Region 17: obs=1.925, exp=1.902, diff=+0.023 
Region 18: obs=1.451, exp=1.902, diff=-0.450 
Region 19: obs=1.663, exp=1.902, diff=-0.239 
Region 20: obs=2.162, exp=1.902, diff=+0.261 

[Gene CN Results]
  CYP2C8: 1.90 → 1.9017728567123413
Using device: cuda

CYP2C8*1.001:

CYP2C8*1.002:

CYP2C8*1.003:

CYP2C8*1.004:

CYP2C8*1.005:

CYP2C8*1.006:

CYP2C8*1.007:

CYP2C8*1.008:

CYP2C8*1.009:

CYP2C8*1.010:

CYP2C8*1.011:

CYP2C8*1.012:

CYP2C8*1.013:

CYP2C8*1.014:

CYP2C8*1.015:

CYP2C8*1.016:

CYP2C8*1.017:

CYP2C8*1.018:

CYP2C8*3.001:

CYP2C8*3.002:

=== Running VAE with seed 9999 ===
Global Pooled JS: 0.216392
functional kld weight 0.0
Seed 9999, Step    0: Loss = 460.90 (Recon: 412.00, Allele KL: 20.95, Base KL: 2318.91, Functional KL: 0.22
Global Pooled JS: 0.006825
functional kld weight 27.77777777777777
Seed 9999, Step  500: Loss = 148.67 (Recon: 92.71, Allele KL: 29.69, Base KL: 3810.38, Functional KL: 0.01
Global Pooled JS: 0.018973
functional kld weight 222.22222222222217
Seed 9999, Step 1000: Loss = 156.18 (Recon: 106.86, Allele KL: 17.60, Base KL: 4239.77, Functional KL: 0.02
Global Pooled JS: 0.019011
functional kld weight 750.0
Seed 9999, Step 1500: Loss = 167.79 (Recon: 100.04, Allele KL: 25.74, Base KL: 5228.64, Functional KL: 0.02
Global Pooled JS: 0.004689
functional kld weight 1777.7777777777774
Seed 9999, Step 2000: Loss = 157.68 (Recon: 95.13, Allele KL: 24.93, Base KL: 6698.31, Functional KL: 0.00
Global Pooled JS: 0.004035
functional kld weight 3472.222222222223
Seed 9999, Step 2500: Loss = 167.20 (Recon: 94.95, Allele KL: 27.16, Base KL: 8772.17, Functional KL: 0.00

Top Variants with Coverage Mismatches:
Rank   Variant                        Expected     Observed     Diff       |Div|       
------------------------------------------------------------------------------------------
1      CYP2C8:96827029→C              20.17        29.00        -8.83      0.000395    
2      CYP2C8:96798748→T              20.17        23.00        -2.83      0.000314    
3      CYP2C8:96798748→C              27.81        33.00        -5.19      0.000184    
4      CYP2C8:96827029→T              27.82        38.00        -10.18     0.000173    
5      CYP2C8:96798748→P              0.04         0.00         0.04       0.000157    
6      CYP2C8:96798748→A              0.04         0.00         0.04       0.000155    
7      CYP2C8:96827029→G              0.04         0.00         0.04       0.000152    
8      CYP2C8:96798748→G              0.04         0.00         0.04       0.000150    
9      CYP2C8:96798748→N              0.04         0.00         0.04       0.000150    
10     CYP2C8:96827029→M              0.04         0.00         0.04       0.000147    
11     CYP2C8:96798748→M              0.04         0.00         0.04       0.000147    
12     CYP2C8:96827029→A              0.04         0.00         0.04       0.000145    
13     CYP2C8:96827029→P              0.04         0.00         0.04       0.000145    
14     CYP2C8:96827029→N              0.04         0.00         0.04       0.000142    
New best model with final loss: 167.10

=== Multi-Seed VAE Results ===
Best model had seed 9999 with final loss: 167.10
All seeds final losses:
  Seed 9999: Total=167.10 (Recon=90.23, A_KL=27.20, B_KL=11424.42) <- Best

[Raw]:
CYP2C8*3: Normalized=0.5826, Unnormalized=0.58
CYP2C8*1: Normalized=0.4174, Unnormalized=0.42

[Alleles]
CYP2C8*3
CYP2C8*1
	Command being timed: "python cyp.py CYP2C8 /project/shared/aldy-data/wgs/HG00276.wgs.cram 9999"
	User time (seconds): 92.13
	System time (seconds): 18.88
	Percent of CPU this job got: 99%
	Elapsed (wall clock) time (h:mm:ss or m:ss): 1:51.28
	Average shared text size (kbytes): 0
	Average unshared data size (kbytes): 0
	Average stack size (kbytes): 0
	Average total size (kbytes): 0
	Maximum resident set size (kbytes): 1895148
	Average resident set size (kbytes): 0
	Major (requiring I/O) page faults: 0
	Minor (reclaiming a frame) page faults: 521111
	Voluntary context switches: 11310
	Involuntary context switches: 159
	Swaps: 0
	File system inputs: 0
	File system outputs: 24
	Socket messages sent: 0
	Socket messages received: 0
	Signals delivered: 0
	Page size (bytes): 4096
	Exit status: 0
