[info] total indices 224
[info] total variants 224
2.001 was filtered out as 96818105 T>A needs A but not covered
2.002 was filtered out as 96818105 T>A needs A but not covered
3.001 was filtered out as 96827029 C>T needs T but not covered
3.002 was filtered out as 96827029 C>T needs T but not covered
4.001 was filtered out as 96818118 G>C needs C but not covered
4.002 was filtered out as 96818118 G>C needs C but not covered
5.001 was filtered out as 96826970 delT needs N but not covered
6.001 was filtered out as 96824687 C>T needs T but not covered
7.001 was filtered out as 96824642 G>A needs A but not covered
8.001 was filtered out as 96824642 G>C needs C but not covered
9.001 was filtered out as 96818170 T>C needs C but not covered
10.001 was filtered out as 96802646 C>A needs A but not covered
11.001 was filtered out as 96805707 C>A needs A but not covered
12.001 was filtered out as 96796973 delCAA needs N but not covered
13.001 was filtered out as 96818241 A>C needs C but not covered
14.001 was filtered out as 96818198 C>G needs G but not covered
15.001 was filtered out as 96824657 C>T needs T but not covered
16.001 was filtered out as 96802803 A>G needs G but not covered
17.001 was filtered out as 96818180 T>C needs C but not covered
18.001 was filtered out as 96802714 G>A needs A but not covered
[filter] CYP2C8 1.001 => 1.001; 1.002; 1.003; 1.004; 1.005; 1.006; 1.007; 1.008; 1.009; 1.010; 1.011; 1.012; 1.013; 1.014; 1.015; 1.016; 1.017; 1.018
[filter] valid_alleles=18
Step 0: Loss=0.0883, CN=[2.0999167]
Step 100: Loss=0.0243, CN=[2.3716652]
Step 200: Loss=0.0243, CN=[2.3706698]
Step 300: Loss=0.0243, CN=[2.3706672]
Step 400: Loss=0.0243, CN=[2.370667]

=== Fit ===
Region 0: obs=2.626, exp=2.371, diff=+0.255 
Region 1: obs=2.463, exp=2.371, diff=+0.093 
Region 2: obs=2.083, exp=2.371, diff=-0.288 
Region 3: obs=2.205, exp=2.371, diff=-0.165 
Region 4: obs=2.008, exp=2.371, diff=-0.363 
Region 5: obs=2.304, exp=2.371, diff=-0.067 
Region 6: obs=2.305, exp=2.371, diff=-0.065 
Region 7: obs=2.442, exp=2.371, diff=+0.071 
Region 8: obs=2.582, exp=2.371, diff=+0.211 
Region 9: obs=2.147, exp=2.371, diff=-0.223 
Region 10: obs=2.158, exp=2.371, diff=-0.213 
Region 11: obs=2.387, exp=2.371, diff=+0.016 
Region 12: obs=2.257, exp=2.371, diff=-0.114 
Region 13: obs=2.283, exp=2.371, diff=-0.088 
Region 14: obs=2.964, exp=2.371, diff=+0.593 *
Region 15: obs=2.543, exp=2.371, diff=+0.173 
Region 16: obs=2.499, exp=2.371, diff=+0.128 
Region 17: obs=2.171, exp=2.371, diff=-0.200 
Region 18: obs=2.402, exp=2.371, diff=+0.032 
Region 19: obs=2.687, exp=2.371, diff=+0.316 
Region 20: obs=2.362, exp=2.371, diff=-0.008 

[Gene CN Results]
  CYP2C8: 2.37 → 2.370666980743408
Using device: cuda

CYP2C8*1.001:

CYP2C8*1.002:

CYP2C8*1.003:

CYP2C8*1.004:

CYP2C8*1.005:

CYP2C8*1.006:

CYP2C8*1.007:

CYP2C8*1.008:

CYP2C8*1.009:

CYP2C8*1.010:

CYP2C8*1.011:

CYP2C8*1.012:

CYP2C8*1.013:

CYP2C8*1.014:

CYP2C8*1.015:

CYP2C8*1.016:

CYP2C8*1.017:

CYP2C8*1.018:

=== Running VAE with seed 9999 ===
Global Pooled JS: 0.000000
functional kld weight 0.0
Seed 9999, Step    0: Loss = 192.83 (Recon: 137.89, Allele KL: 25.84, Base KL: 1780.80, Functional KL: 0.00
Global Pooled JS: 0.000000
functional kld weight 27.77777777777777
Seed 9999, Step  500: Loss = 125.20 (Recon: 79.27, Allele KL: 17.25, Base KL: 3641.41, Functional KL: 0.00
Global Pooled JS: 0.000000
functional kld weight 222.22222222222217
Seed 9999, Step 1000: Loss = 126.66 (Recon: 83.77, Allele KL: 13.87, Base KL: 3700.65, Functional KL: 0.00
Global Pooled JS: 0.000000
functional kld weight 750.0
Seed 9999, Step 1500: Loss = 132.67 (Recon: 82.44, Allele KL: 21.36, Base KL: 3764.98, Functional KL: 0.00
Global Pooled JS: 0.000000
functional kld weight 1777.7777777777774
Seed 9999, Step 2000: Loss = 125.85 (Recon: 75.46, Allele KL: 22.11, Base KL: 3649.82, Functional KL: 0.00
Global Pooled JS: 0.000000
functional kld weight 3472.222222222223
Seed 9999, Step 2500: Loss = 126.63 (Recon: 80.30, Allele KL: 17.69, Base KL: 3696.35, Functional KL: 0.00

Top Variants with Coverage Mismatches:
Rank   Variant                        Expected     Observed     Diff       |Div|       
------------------------------------------------------------------------------------------
New best model with final loss: 129.14

=== Multi-Seed VAE Results ===
Best model had seed 9999 with final loss: 129.14
All seeds final losses:
  Seed 9999: Total=129.14 (Recon=80.93, A_KL=20.26, B_KL=3652.29) <- Best

[Raw]:
CYP2C8*1: Normalized=1.0000, Unnormalized=1.00

[Alleles]
CYP2C8*1
CYP2C8*1
	Command being timed: "python cyp.py CYP2C8 /project/shared/aldy-data/wgs/NA07019.wgs.cram 9999"
	User time (seconds): 97.45
	System time (seconds): 20.63
	Percent of CPU this job got: 99%
	Elapsed (wall clock) time (h:mm:ss or m:ss): 1:58.35
	Average shared text size (kbytes): 0
	Average unshared data size (kbytes): 0
	Average stack size (kbytes): 0
	Average total size (kbytes): 0
	Maximum resident set size (kbytes): 1881976
	Average resident set size (kbytes): 0
	Major (requiring I/O) page faults: 0
	Minor (reclaiming a frame) page faults: 612298
	Voluntary context switches: 9995
	Involuntary context switches: 181
	Swaps: 0
	File system inputs: 0
	File system outputs: 24
	Socket messages sent: 0
	Socket messages received: 0
	Signals delivered: 0
	Page size (bytes): 4096
	Exit status: 0
