[info] total indices 224
[info] total variants 224
2.001 was filtered out as 96818105 T>A needs A but not covered
2.002 was filtered out as 96818105 T>A needs A but not covered
4.001 was filtered out as 96818118 G>C needs C but not covered
4.002 was filtered out as 96818118 G>C needs C but not covered
5.001 was filtered out as 96826970 delT needs N but not covered
6.001 was filtered out as 96824687 C>T needs T but not covered
7.001 was filtered out as 96824642 G>A needs A but not covered
8.001 was filtered out as 96824642 G>C needs C but not covered
9.001 was filtered out as 96818170 T>C needs C but not covered
10.001 was filtered out as 96802646 C>A needs A but not covered
11.001 was filtered out as 96805707 C>A needs A but not covered
12.001 was filtered out as 96796973 delCAA needs N but not covered
13.001 was filtered out as 96818241 A>C needs C but not covered
14.001 was filtered out as 96818198 C>G needs G but not covered
15.001 was filtered out as 96824657 C>T needs T but not covered
16.001 was filtered out as 96802803 A>G needs G but not covered
17.001 was filtered out as 96818180 T>C needs C but not covered
18.001 was filtered out as 96802714 G>A needs A but not covered
[filter] CYP2C8 1.001 => 1.001; 1.002; 1.003; 1.004; 1.005; 1.006; 1.007; 1.008; 1.009; 1.010; 1.011; 1.012; 1.013; 1.014; 1.015; 1.016; 1.017; 1.018
[filter] CYP2C8 3.001 => 3.001; 3.002
[filter] valid_alleles=20
Step 0: Loss=0.0257, CN=[2.0999167]
Step 100: Loss=0.0100, CN=[2.176313]
Step 200: Loss=0.0100, CN=[2.1770716]
Step 300: Loss=0.0100, CN=[2.1770718]
Step 400: Loss=0.0100, CN=[2.1770723]

=== Fit ===
Region 0: obs=2.183, exp=2.177, diff=+0.006 
Region 1: obs=2.271, exp=2.177, diff=+0.094 
Region 2: obs=1.768, exp=2.177, diff=-0.409 
Region 3: obs=2.368, exp=2.177, diff=+0.191 
Region 4: obs=2.029, exp=2.177, diff=-0.148 
Region 5: obs=2.156, exp=2.177, diff=-0.021 
Region 6: obs=2.034, exp=2.177, diff=-0.143 
Region 7: obs=2.339, exp=2.177, diff=+0.162 
Region 8: obs=2.099, exp=2.177, diff=-0.078 
Region 9: obs=2.212, exp=2.177, diff=+0.035 
Region 10: obs=2.299, exp=2.177, diff=+0.122 
Region 11: obs=2.176, exp=2.177, diff=-0.001 
Region 12: obs=2.363, exp=2.177, diff=+0.186 
Region 13: obs=2.274, exp=2.177, diff=+0.097 
Region 14: obs=1.994, exp=2.177, diff=-0.184 
Region 15: obs=2.274, exp=2.177, diff=+0.097 
Region 16: obs=2.160, exp=2.177, diff=-0.017 
Region 17: obs=2.326, exp=2.177, diff=+0.149 
Region 18: obs=2.114, exp=2.177, diff=-0.063 
Region 19: obs=2.164, exp=2.177, diff=-0.013 
Region 20: obs=2.118, exp=2.177, diff=-0.059 

[Gene CN Results]
  CYP2C8: 2.18 → 2.177072048187256
Using device: cuda

CYP2C8*1.001:

CYP2C8*1.002:

CYP2C8*1.003:

CYP2C8*1.004:

CYP2C8*1.005:

CYP2C8*1.006:

CYP2C8*1.007:

CYP2C8*1.008:

CYP2C8*1.009:

CYP2C8*1.010:

CYP2C8*1.011:

CYP2C8*1.012:

CYP2C8*1.013:

CYP2C8*1.014:

CYP2C8*1.015:

CYP2C8*1.016:

CYP2C8*1.017:

CYP2C8*1.018:

CYP2C8*3.001:

CYP2C8*3.002:

=== Running VAE with seed 9999 ===
Global Pooled JS: 0.139664
functional kld weight 0.0
Seed 9999, Step    0: Loss = 279.05 (Recon: 227.99, Allele KL: 23.28, Base KL: 2222.22, Functional KL: 0.14
Global Pooled JS: 0.009231
functional kld weight 27.77777777777777
Seed 9999, Step  500: Loss = 136.45 (Recon: 83.93, Allele KL: 26.36, Base KL: 3494.24, Functional KL: 0.01
Global Pooled JS: 0.012580
functional kld weight 222.22222222222217
Seed 9999, Step 1000: Loss = 140.37 (Recon: 90.88, Allele KL: 20.18, Base KL: 3758.80, Functional KL: 0.01
Global Pooled JS: 0.011603
functional kld weight 750.0
Seed 9999, Step 1500: Loss = 155.69 (Recon: 98.37, Allele KL: 21.16, Base KL: 4371.22, Functional KL: 0.01
Global Pooled JS: 0.013071
functional kld weight 1777.7777777777774
Seed 9999, Step 2000: Loss = 165.56 (Recon: 94.83, Allele KL: 18.78, Base KL: 5766.11, Functional KL: 0.01
Global Pooled JS: 0.002309
functional kld weight 3472.222222222223
Seed 9999, Step 2500: Loss = 145.09 (Recon: 83.18, Allele KL: 23.89, Base KL: 7559.88, Functional KL: 0.00

Top Variants with Coverage Mismatches:
Rank   Variant                        Expected     Observed     Diff       |Div|       
------------------------------------------------------------------------------------------
1      CYP2C8:96827029→T              20.76        18.00        2.76       0.000439    
2      CYP2C8:96798748→T              22.79        25.00        -2.21      0.000414    
3      CYP2C8:96827029→G              0.04         0.00         0.04       0.000157    
4      CYP2C8:96827029→M              0.04         0.00         0.04       0.000154    
5      CYP2C8:96827029→P              0.04         0.00         0.04       0.000150    
6      CYP2C8:96827029→A              0.04         0.00         0.04       0.000150    
7      CYP2C8:96798748→P              0.04         0.00         0.04       0.000149    
8      CYP2C8:96827029→N              0.04         0.00         0.04       0.000148    
9      CYP2C8:96798748→A              0.04         0.00         0.04       0.000146    
10     CYP2C8:96798748→N              0.04         0.00         0.04       0.000142    
11     CYP2C8:96798748→G              0.04         0.00         0.04       0.000142    
12     CYP2C8:96798748→M              0.04         0.00         0.04       0.000140    
13     CYP2C8:96827029→C              22.79        23.00        -0.21      0.000023    
14     CYP2C8:96798748→C              20.77        20.00        0.77       0.000013    
New best model with final loss: 148.28

=== Multi-Seed VAE Results ===
Best model had seed 9999 with final loss: 148.28
All seeds final losses:
  Seed 9999: Total=148.28 (Recon=81.39, A_KL=24.87, B_KL=9676.10) <- Best

[Raw]:
CYP2C8*1: Normalized=0.5199, Unnormalized=0.52
CYP2C8*3: Normalized=0.4801, Unnormalized=0.48

[Alleles]
CYP2C8*1
CYP2C8*3
	Command being timed: "python cyp.py CYP2C8 /project/shared/aldy-data/wgs/NA07029.wgs.cram 9999"
	User time (seconds): 98.28
	System time (seconds): 20.32
	Percent of CPU this job got: 99%
	Elapsed (wall clock) time (h:mm:ss or m:ss): 1:58.88
	Average shared text size (kbytes): 0
	Average unshared data size (kbytes): 0
	Average stack size (kbytes): 0
	Average total size (kbytes): 0
	Maximum resident set size (kbytes): 1884476
	Average resident set size (kbytes): 0
	Major (requiring I/O) page faults: 0
	Minor (reclaiming a frame) page faults: 681768
	Voluntary context switches: 10976
	Involuntary context switches: 201
	Swaps: 0
	File system inputs: 0
	File system outputs: 24
	Socket messages sent: 0
	Socket messages received: 0
	Signals delivered: 0
	Page size (bytes): 4096
	Exit status: 0
