[info] total indices 224
[info] total variants 224
1.001 was filtered out as 96827029 C>T needs C but not covered
1.002 was filtered out as 96827029 C>T needs C but not covered
1.003 was filtered out as 96827029 C>T needs C but not covered
1.004 was filtered out as 96827029 C>T needs C but not covered
1.005 was filtered out as 96827029 C>T needs C but not covered
1.006 was filtered out as 96827029 C>T needs C but not covered
1.007 was filtered out as 96827029 C>T needs C but not covered
1.008 was filtered out as 96827029 C>T needs C but not covered
1.009 was filtered out as 96827029 C>T needs C but not covered
1.010 was filtered out as 96827029 C>T needs C but not covered
1.011 was filtered out as 96827029 C>T needs C but not covered
1.012 was filtered out as 96827029 C>T needs C but not covered
1.013 was filtered out as 96827029 C>T needs C but not covered
1.014 was filtered out as 96827029 C>T needs C but not covered
1.015 was filtered out as 96827029 C>T needs C but not covered
1.016 was filtered out as 96827029 C>T needs C but not covered
1.017 was filtered out as 96827029 C>T needs C but not covered
1.018 was filtered out as 96827029 C>T needs C but not covered
2.001 was filtered out as 96818105 T>A needs A but not covered
2.002 was filtered out as 96818105 T>A needs A but not covered
4.001 was filtered out as 96827029 C>T needs C but not covered
4.002 was filtered out as 96827029 C>T needs C but not covered
5.001 was filtered out as 96827029 C>T needs C but not covered
6.001 was filtered out as 96827029 C>T needs C but not covered
7.001 was filtered out as 96827029 C>T needs C but not covered
8.001 was filtered out as 96827029 C>T needs C but not covered
9.001 was filtered out as 96827029 C>T needs C but not covered
10.001 was filtered out as 96827029 C>T needs C but not covered
11.001 was filtered out as 96827029 C>T needs C but not covered
12.001 was filtered out as 96827029 C>T needs C but not covered
13.001 was filtered out as 96827029 C>T needs C but not covered
14.001 was filtered out as 96827029 C>T needs C but not covered
15.001 was filtered out as 96827029 C>T needs C but not covered
16.001 was filtered out as 96827029 C>T needs C but not covered
17.001 was filtered out as 96827029 C>T needs C but not covered
18.001 was filtered out as 96827029 C>T needs C but not covered
[filter] CYP2C8 3.001 => 3.001; 3.002
[filter] valid_alleles=2
Step 0: Loss=0.0495, CN=[2.0999167]
Step 100: Loss=0.0370, CN=[2.1665125]
Step 200: Loss=0.0370, CN=[2.1659727]
Step 300: Loss=0.0370, CN=[2.165974]
Step 400: Loss=0.0370, CN=[2.165974]

=== Fit ===
Region 0: obs=2.441, exp=2.166, diff=+0.275 
Region 1: obs=1.971, exp=2.166, diff=-0.195 
Region 2: obs=2.659, exp=2.166, diff=+0.493 
Region 3: obs=2.093, exp=2.166, diff=-0.073 
Region 4: obs=1.864, exp=2.166, diff=-0.302 
Region 5: obs=1.977, exp=2.166, diff=-0.189 
Region 6: obs=2.091, exp=2.166, diff=-0.075 
Region 7: obs=2.319, exp=2.166, diff=+0.153 
Region 8: obs=1.870, exp=2.166, diff=-0.296 
Region 9: obs=2.165, exp=2.166, diff=-0.001 
Region 10: obs=1.713, exp=2.166, diff=-0.453 
Region 11: obs=2.153, exp=2.166, diff=-0.013 
Region 12: obs=2.200, exp=2.166, diff=+0.034 
Region 13: obs=2.107, exp=2.166, diff=-0.059 
Region 14: obs=1.579, exp=2.166, diff=-0.587 *
Region 15: obs=2.378, exp=2.166, diff=+0.212 
Region 16: obs=2.587, exp=2.166, diff=+0.421 
Region 17: obs=2.454, exp=2.166, diff=+0.288 
Region 18: obs=2.059, exp=2.166, diff=-0.107 
Region 19: obs=2.429, exp=2.166, diff=+0.263 
Region 20: obs=2.288, exp=2.166, diff=+0.122 

[Gene CN Results]
  CYP2C8: 2.17 → 2.1659739017486572
Using device: cuda

CYP2C8*3.001:

CYP2C8*3.002:

=== Running VAE with seed 9999 ===
Global Pooled JS: 0.019241
functional kld weight 0.0
Seed 9999, Step    0: Loss = 97.86 (Recon: 75.07, Allele KL: 0.65, Base KL: 25.99, Functional KL: 0.02
Global Pooled JS: 0.009183
functional kld weight 27.77777777777777
Seed 9999, Step  500: Loss = 38.55 (Recon: 17.45, Allele KL: 4.10, Base KL: 5173.48, Functional KL: 0.01
Global Pooled JS: 0.008191
functional kld weight 222.22222222222217
Seed 9999, Step 1000: Loss = 32.95 (Recon: 12.40, Allele KL: 2.08, Base KL: 5802.12, Functional KL: 0.01
Global Pooled JS: 0.006968
functional kld weight 750.0
Seed 9999, Step 1500: Loss = 40.12 (Recon: 11.82, Allele KL: 5.42, Base KL: 7469.01, Functional KL: 0.01
Global Pooled JS: 0.006419
functional kld weight 1777.7777777777774
Seed 9999, Step 2000: Loss = 61.73 (Recon: 27.40, Allele KL: 2.84, Base KL: 9851.09, Functional KL: 0.01
Global Pooled JS: 0.004678
functional kld weight 3472.222222222223
Seed 9999, Step 2500: Loss = 54.35 (Recon: 11.95, Allele KL: 4.02, Base KL: 13034.22, Functional KL: 0.00

Top Variants with Coverage Mismatches:
Rank   Variant                        Expected     Observed     Diff       |Div|       
------------------------------------------------------------------------------------------
1      CYP2C8:96798748→C              48.26        56.00        -7.74      0.001093    
2      CYP2C8:96827029→T              48.22        43.00        5.22       0.001060    
3      CYP2C8:96827029→M              0.05         0.00         0.05       0.000168    
4      CYP2C8:96827029→C              0.05         0.00         0.05       0.000167    
5      CYP2C8:96827029→N              0.05         0.00         0.05       0.000166    
6      CYP2C8:96827029→G              0.05         0.00         0.05       0.000162    
7      CYP2C8:96827029→P              0.05         0.00         0.05       0.000161    
8      CYP2C8:96827029→A              0.04         0.00         0.04       0.000160    
9      CYP2C8:96798748→A              0.04         0.00         0.04       0.000146    
10     CYP2C8:96798748→G              0.04         0.00         0.04       0.000145    
11     CYP2C8:96798748→T              0.04         0.00         0.04       0.000144    
12     CYP2C8:96798748→M              0.04         0.00         0.04       0.000144    
13     CYP2C8:96798748→P              0.04         0.00         0.04       0.000144    
14     CYP2C8:96798748→N              0.04         0.00         0.04       0.000144    
New best model with final loss: 65.40

=== Multi-Seed VAE Results ===
Best model had seed 9999 with final loss: 65.40
All seeds final losses:
  Seed 9999: Total=65.40 (Recon=11.25, A_KL=4.57, B_KL=16891.35) <- Best

[Raw]:
CYP2C8*3: Normalized=1.0000, Unnormalized=1.00

[Alleles]
CYP2C8*3
CYP2C8*3
	Command being timed: "python cyp.py CYP2C8 /project/shared/aldy-data/wgs/NA10854.wgs.cram 9999"
	User time (seconds): 96.21
	System time (seconds): 21.05
	Percent of CPU this job got: 99%
	Elapsed (wall clock) time (h:mm:ss or m:ss): 1:57.53
	Average shared text size (kbytes): 0
	Average unshared data size (kbytes): 0
	Average stack size (kbytes): 0
	Average total size (kbytes): 0
	Maximum resident set size (kbytes): 1915296
	Average resident set size (kbytes): 0
	Major (requiring I/O) page faults: 0
	Minor (reclaiming a frame) page faults: 533209
	Voluntary context switches: 9924
	Involuntary context switches: 176
	Swaps: 0
	File system inputs: 0
	File system outputs: 24
	Socket messages sent: 0
	Socket messages received: 0
	Signals delivered: 0
	Page size (bytes): 4096
	Exit status: 0
