[info] total indices 224
[info] total variants 224
3.001 was filtered out as 96827029 C>T needs T but not covered
3.002 was filtered out as 96827029 C>T needs T but not covered
4.001 was filtered out as 96818118 G>C needs C but not covered
4.002 was filtered out as 96818118 G>C needs C but not covered
5.001 was filtered out as 96826970 delT needs N but not covered
6.001 was filtered out as 96824687 C>T needs T but not covered
7.001 was filtered out as 96824642 G>A needs A but not covered
8.001 was filtered out as 96824642 G>C needs C but not covered
9.001 was filtered out as 96818170 T>C needs C but not covered
10.001 was filtered out as 96802646 C>A needs A but not covered
11.001 was filtered out as 96805707 C>A needs A but not covered
12.001 was filtered out as 96796973 delCAA needs N but not covered
13.001 was filtered out as 96818241 A>C needs C but not covered
14.001 was filtered out as 96818198 C>G needs G but not covered
15.001 was filtered out as 96824657 C>T needs T but not covered
16.001 was filtered out as 96802803 A>G needs G but not covered
17.001 was filtered out as 96818180 T>C needs C but not covered
18.001 was filtered out as 96802714 G>A needs A but not covered
[filter] CYP2C8 1.001 => 1.001; 1.002; 1.003; 1.004; 1.005; 1.006; 1.007; 1.008; 1.009; 1.010; 1.011; 1.012; 1.013; 1.014; 1.015; 1.016; 1.017; 1.018
[filter] CYP2C8 2.001 => 2.001; 2.002
[filter] valid_alleles=20
Step 0: Loss=0.1635, CN=[2.0999167]
Step 100: Loss=0.0412, CN=[2.5473862]
Step 200: Loss=0.0412, CN=[2.5486143]
Step 300: Loss=0.0412, CN=[2.5486038]
Step 400: Loss=0.0412, CN=[2.548604]

=== Fit ===
Region 0: obs=2.559, exp=2.549, diff=+0.010 
Region 1: obs=2.608, exp=2.549, diff=+0.059 
Region 2: obs=2.191, exp=2.549, diff=-0.358 
Region 3: obs=2.489, exp=2.549, diff=-0.060 
Region 4: obs=2.511, exp=2.549, diff=-0.038 
Region 5: obs=2.377, exp=2.549, diff=-0.171 
Region 6: obs=1.860, exp=2.549, diff=-0.688 *
Region 7: obs=2.406, exp=2.549, diff=-0.142 
Region 8: obs=3.102, exp=2.549, diff=+0.553 *
Region 9: obs=2.705, exp=2.549, diff=+0.156 
Region 10: obs=1.998, exp=2.549, diff=-0.550 *
Region 11: obs=2.516, exp=2.549, diff=-0.033 
Region 12: obs=3.006, exp=2.549, diff=+0.457 
Region 13: obs=2.595, exp=2.549, diff=+0.046 
Region 14: obs=2.559, exp=2.549, diff=+0.011 
Region 15: obs=2.493, exp=2.549, diff=-0.056 
Region 16: obs=2.988, exp=2.549, diff=+0.439 
Region 17: obs=2.499, exp=2.549, diff=-0.050 
Region 18: obs=2.781, exp=2.549, diff=+0.233 
Region 19: obs=2.623, exp=2.549, diff=+0.074 
Region 20: obs=2.470, exp=2.549, diff=-0.078 

[Gene CN Results]
  CYP2C8: 2.55 → 2.5486037731170654
Using device: cuda

CYP2C8*1.001:

CYP2C8*1.002:

CYP2C8*1.003:

CYP2C8*1.004:

CYP2C8*1.005:

CYP2C8*1.006:

CYP2C8*1.007:

CYP2C8*1.008:

CYP2C8*1.009:

CYP2C8*1.010:

CYP2C8*1.011:

CYP2C8*1.012:

CYP2C8*1.013:

CYP2C8*1.014:

CYP2C8*1.015:

CYP2C8*1.016:

CYP2C8*1.017:

CYP2C8*1.018:

CYP2C8*2.001:

CYP2C8*2.002:

=== Running VAE with seed 9999 ===
Global Pooled JS: 0.219828
functional kld weight 0.0
Seed 9999, Step    0: Loss = 316.07 (Recon: 269.83, Allele KL: 17.74, Base KL: 2565.94, Functional KL: 0.22
Global Pooled JS: 0.016682
functional kld weight 27.77777777777777
Seed 9999, Step  500: Loss = 138.41 (Recon: 85.69, Allele KL: 25.30, Base KL: 3294.46, Functional KL: 0.02
Global Pooled JS: 0.041058
functional kld weight 222.22222222222217
Seed 9999, Step 1000: Loss = 147.88 (Recon: 92.78, Allele KL: 18.02, Base KL: 3790.84, Functional KL: 0.04
Global Pooled JS: 0.016053
functional kld weight 750.0
Seed 9999, Step 1500: Loss = 160.63 (Recon: 97.36, Allele KL: 22.27, Base KL: 4765.93, Functional KL: 0.02
Global Pooled JS: 0.007814
functional kld weight 1777.7777777777774
Seed 9999, Step 2000: Loss = 157.78 (Recon: 91.18, Allele KL: 22.61, Base KL: 6273.50, Functional KL: 0.01
Global Pooled JS: 0.004035
functional kld weight 3472.222222222223
Seed 9999, Step 2500: Loss = 155.50 (Recon: 86.54, Allele KL: 23.42, Base KL: 8040.95, Functional KL: 0.00

Top Variants with Coverage Mismatches:
Rank   Variant                        Expected     Observed     Diff       |Div|       
------------------------------------------------------------------------------------------
1      CYP2C8:96818105→N              0.03         0.00         0.03       0.000200    
2      CYP2C8:96818105→G              0.03         0.00         0.03       0.000199    
3      CYP2C8:96818105→P              0.03         0.00         0.03       0.000198    
4      CYP2C8:96818105→M              0.03         0.00         0.03       0.000197    
5      CYP2C8:96818105→C              0.02         0.00         0.02       0.000197    
6      CYP2C8:96818105→T              16.09        13.00        3.09       0.000092    
7      CYP2C8:96818105→A              27.78        21.00        6.78       0.000038    
New best model with final loss: 160.22

=== Multi-Seed VAE Results ===
Best model had seed 9999 with final loss: 160.22
All seeds final losses:
  Seed 9999: Total=160.22 (Recon=91.98, A_KL=27.93, B_KL=10067.90) <- Best

[Raw]:
CYP2C8*2: Normalized=0.6351, Unnormalized=0.64
CYP2C8*1: Normalized=0.3649, Unnormalized=0.36

[Alleles]
CYP2C8*2
CYP2C8*1
	Command being timed: "python cyp.py CYP2C8 /project/shared/aldy-data/wgs/NA18519.wgs.cram 9999"
	User time (seconds): 96.75
	System time (seconds): 20.95
	Percent of CPU this job got: 99%
	Elapsed (wall clock) time (h:mm:ss or m:ss): 1:57.98
	Average shared text size (kbytes): 0
	Average unshared data size (kbytes): 0
	Average stack size (kbytes): 0
	Average total size (kbytes): 0
	Maximum resident set size (kbytes): 1898408
	Average resident set size (kbytes): 0
	Major (requiring I/O) page faults: 0
	Minor (reclaiming a frame) page faults: 520824
	Voluntary context switches: 9947
	Involuntary context switches: 179
	Swaps: 0
	File system inputs: 0
	File system outputs: 24
	Socket messages sent: 0
	Socket messages received: 0
	Signals delivered: 0
	Page size (bytes): 4096
	Exit status: 0
