[info] total indices 224
[info] total variants 224
3.001 was filtered out as 96827029 C>T needs T but not covered
3.002 was filtered out as 96827029 C>T needs T but not covered
4.001 was filtered out as 96818118 G>C needs C but not covered
4.002 was filtered out as 96818118 G>C needs C but not covered
5.001 was filtered out as 96826970 delT needs N but not covered
6.001 was filtered out as 96824687 C>T needs T but not covered
7.001 was filtered out as 96824642 G>A needs A but not covered
8.001 was filtered out as 96824642 G>C needs C but not covered
9.001 was filtered out as 96818170 T>C needs C but not covered
10.001 was filtered out as 96802646 C>A needs A but not covered
11.001 was filtered out as 96805707 C>A needs A but not covered
12.001 was filtered out as 96796973 delCAA needs N but not covered
13.001 was filtered out as 96818241 A>C needs C but not covered
14.001 was filtered out as 96818198 C>G needs G but not covered
15.001 was filtered out as 96824657 C>T needs T but not covered
16.001 was filtered out as 96802803 A>G needs G but not covered
17.001 was filtered out as 96818180 T>C needs C but not covered
18.001 was filtered out as 96802714 G>A needs A but not covered
[filter] CYP2C8 1.001 => 1.001; 1.002; 1.003; 1.004; 1.005; 1.006; 1.007; 1.008; 1.009; 1.010; 1.011; 1.012; 1.013; 1.014; 1.015; 1.016; 1.017; 1.018
[filter] CYP2C8 2.001 => 2.001; 2.002
[filter] valid_alleles=20
Step 0: Loss=0.0616, CN=[2.0999167]
Step 100: Loss=0.0329, CN=[2.2525826]
Step 200: Loss=0.0329, CN=[2.2527697]
Step 300: Loss=0.0329, CN=[2.2527635]
Step 400: Loss=0.0329, CN=[2.252764]

=== Fit ===
Region 0: obs=2.271, exp=2.253, diff=+0.018 
Region 1: obs=2.331, exp=2.253, diff=+0.079 
Region 2: obs=2.708, exp=2.253, diff=+0.455 
Region 3: obs=2.248, exp=2.253, diff=-0.005 
Region 4: obs=2.231, exp=2.253, diff=-0.021 
Region 5: obs=1.601, exp=2.253, diff=-0.652 *
Region 6: obs=2.174, exp=2.253, diff=-0.079 
Region 7: obs=1.923, exp=2.253, diff=-0.330 
Region 8: obs=2.039, exp=2.253, diff=-0.214 
Region 9: obs=2.350, exp=2.253, diff=+0.097 
Region 10: obs=2.653, exp=2.253, diff=+0.401 
Region 11: obs=2.270, exp=2.253, diff=+0.017 
Region 12: obs=2.346, exp=2.253, diff=+0.093 
Region 13: obs=2.375, exp=2.253, diff=+0.123 
Region 14: obs=2.095, exp=2.253, diff=-0.158 
Region 15: obs=2.193, exp=2.253, diff=-0.060 
Region 16: obs=1.873, exp=2.253, diff=-0.380 
Region 17: obs=2.462, exp=2.253, diff=+0.209 
Region 18: obs=2.032, exp=2.253, diff=-0.220 
Region 19: obs=2.362, exp=2.253, diff=+0.109 
Region 20: obs=2.619, exp=2.253, diff=+0.366 

[Gene CN Results]
  CYP2C8: 2.25 → 2.2527637481689453
Using device: cuda

CYP2C8*1.001:

CYP2C8*1.002:

CYP2C8*1.003:

CYP2C8*1.004:

CYP2C8*1.005:

CYP2C8*1.006:

CYP2C8*1.007:

CYP2C8*1.008:

CYP2C8*1.009:

CYP2C8*1.010:

CYP2C8*1.011:

CYP2C8*1.012:

CYP2C8*1.013:

CYP2C8*1.014:

CYP2C8*1.015:

CYP2C8*1.016:

CYP2C8*1.017:

CYP2C8*1.018:

CYP2C8*2.001:

CYP2C8*2.002:

=== Running VAE with seed 9999 ===
Global Pooled JS: 0.182105
functional kld weight 0.0
Seed 9999, Step    0: Loss = 306.78 (Recon: 264.31, Allele KL: 14.74, Base KL: 1893.13, Functional KL: 0.18
Global Pooled JS: 0.015861
functional kld weight 27.77777777777777
Seed 9999, Step  500: Loss = 122.45 (Recon: 71.27, Allele KL: 24.49, Base KL: 2950.24, Functional KL: 0.02
Global Pooled JS: 0.022730
functional kld weight 222.22222222222217
Seed 9999, Step 1000: Loss = 134.59 (Recon: 84.01, Allele KL: 17.98, Base KL: 3234.15, Functional KL: 0.02
Global Pooled JS: 0.004547
functional kld weight 750.0
Seed 9999, Step 1500: Loss = 134.33 (Recon: 77.13, Allele KL: 25.83, Base KL: 4088.27, Functional KL: 0.00
Global Pooled JS: 0.006881
functional kld weight 1777.7777777777774
Seed 9999, Step 2000: Loss = 151.25 (Recon: 91.51, Allele KL: 17.43, Base KL: 5561.73, Functional KL: 0.01
Global Pooled JS: 0.004225
functional kld weight 3472.222222222223
Seed 9999, Step 2500: Loss = 144.25 (Recon: 73.02, Allele KL: 25.85, Base KL: 7216.55, Functional KL: 0.00

Top Variants with Coverage Mismatches:
Rank   Variant                        Expected     Observed     Diff       |Div|       
------------------------------------------------------------------------------------------
1      CYP2C8:96818105→T              14.76        16.00        -1.24      0.000747    
2      CYP2C8:96818105→A              23.65        21.00        2.65       0.000453    
3      CYP2C8:96818105→N              0.02         0.00         0.02       0.000216    
4      CYP2C8:96818105→G              0.02         0.00         0.02       0.000215    
5      CYP2C8:96818105→P              0.02         0.00         0.02       0.000214    
6      CYP2C8:96818105→M              0.02         0.00         0.02       0.000213    
7      CYP2C8:96818105→C              0.02         0.00         0.02       0.000213    
New best model with final loss: 143.73

=== Multi-Seed VAE Results ===
Best model had seed 9999 with final loss: 143.73
All seeds final losses:
  Seed 9999: Total=143.73 (Recon=70.91, A_KL=27.10, B_KL=8829.17) <- Best

[Raw]:
CYP2C8*2: Normalized=0.6178, Unnormalized=0.62
CYP2C8*1: Normalized=0.3822, Unnormalized=0.38

[Alleles]
CYP2C8*2
CYP2C8*1
	Command being timed: "python cyp.py CYP2C8 /project/shared/aldy-data/wgs/NA18518.wgs.cram 9999"
	User time (seconds): 96.96
	System time (seconds): 20.31
	Percent of CPU this job got: 99%
	Elapsed (wall clock) time (h:mm:ss or m:ss): 1:57.55
	Average shared text size (kbytes): 0
	Average unshared data size (kbytes): 0
	Average stack size (kbytes): 0
	Average total size (kbytes): 0
	Maximum resident set size (kbytes): 1870388
	Average resident set size (kbytes): 0
	Major (requiring I/O) page faults: 0
	Minor (reclaiming a frame) page faults: 467359
	Voluntary context switches: 9938
	Involuntary context switches: 201
	Swaps: 0
	File system inputs: 0
	File system outputs: 24
	Socket messages sent: 0
	Socket messages received: 0
	Signals delivered: 0
	Page size (bytes): 4096
	Exit status: 0
