[info] total indices 224
[info] total variants 224
2.001 was filtered out as 96818105 T>A needs A but not covered
2.002 was filtered out as 96818105 T>A needs A but not covered
3.001 was filtered out as 96827029 C>T needs T but not covered
3.002 was filtered out as 96827029 C>T needs T but not covered
4.001 was filtered out as 96818118 G>C needs C but not covered
4.002 was filtered out as 96818118 G>C needs C but not covered
5.001 was filtered out as 96826970 delT needs N but not covered
6.001 was filtered out as 96824687 C>T needs T but not covered
7.001 was filtered out as 96824642 G>A needs A but not covered
8.001 was filtered out as 96824642 G>C needs C but not covered
9.001 was filtered out as 96818170 T>C needs C but not covered
10.001 was filtered out as 96802646 C>A needs A but not covered
11.001 was filtered out as 96805707 C>A needs A but not covered
12.001 was filtered out as 96796973 delCAA needs N but not covered
13.001 was filtered out as 96818241 A>C needs C but not covered
14.001 was filtered out as 96818198 C>G needs G but not covered
15.001 was filtered out as 96824657 C>T needs T but not covered
16.001 was filtered out as 96802803 A>G needs G but not covered
17.001 was filtered out as 96818180 T>C needs C but not covered
18.001 was filtered out as 96802714 G>A needs A but not covered
[filter] CYP2C8 1.001 => 1.001; 1.002; 1.003; 1.004; 1.005; 1.006; 1.007; 1.008; 1.009; 1.010; 1.011; 1.012; 1.013; 1.014; 1.015; 1.016; 1.017; 1.018
[filter] valid_alleles=18
Step 0: Loss=0.0255, CN=[2.0999167]
Step 100: Loss=0.0178, CN=[2.1260123]
Step 200: Loss=0.0178, CN=[2.125457]
Step 300: Loss=0.0178, CN=[2.1254554]
Step 400: Loss=0.0178, CN=[2.1254554]

=== Fit ===
Region 0: obs=2.114, exp=2.125, diff=-0.012 
Region 1: obs=2.048, exp=2.125, diff=-0.077 
Region 2: obs=1.899, exp=2.125, diff=-0.226 
Region 3: obs=2.273, exp=2.125, diff=+0.147 
Region 4: obs=2.058, exp=2.125, diff=-0.068 
Region 5: obs=1.995, exp=2.125, diff=-0.130 
Region 6: obs=1.728, exp=2.125, diff=-0.397 
Region 7: obs=1.946, exp=2.125, diff=-0.180 
Region 8: obs=2.050, exp=2.125, diff=-0.075 
Region 9: obs=2.211, exp=2.125, diff=+0.086 
Region 10: obs=1.973, exp=2.125, diff=-0.153 
Region 11: obs=2.174, exp=2.125, diff=+0.049 
Region 12: obs=2.509, exp=2.125, diff=+0.384 
Region 13: obs=2.244, exp=2.125, diff=+0.118 
Region 14: obs=2.167, exp=2.125, diff=+0.042 
Region 15: obs=2.213, exp=2.125, diff=+0.088 
Region 16: obs=2.576, exp=2.125, diff=+0.451 
Region 17: obs=2.275, exp=2.125, diff=+0.150 
Region 18: obs=2.016, exp=2.125, diff=-0.109 
Region 19: obs=2.034, exp=2.125, diff=-0.092 
Region 20: obs=2.129, exp=2.125, diff=+0.004 

[Gene CN Results]
  CYP2C8: 2.13 → 2.125455856323242
Using device: cuda

CYP2C8*1.001:

CYP2C8*1.002:

CYP2C8*1.003:

CYP2C8*1.004:

CYP2C8*1.005:

CYP2C8*1.006:

CYP2C8*1.007:

CYP2C8*1.008:

CYP2C8*1.009:

CYP2C8*1.010:

CYP2C8*1.011:

CYP2C8*1.012:

CYP2C8*1.013:

CYP2C8*1.014:

CYP2C8*1.015:

CYP2C8*1.016:

CYP2C8*1.017:

CYP2C8*1.018:

=== Running VAE with seed 9999 ===
Global Pooled JS: 0.000000
functional kld weight 0.0
Seed 9999, Step    0: Loss = 184.13 (Recon: 132.44, Allele KL: 22.96, Base KL: 1475.91, Functional KL: 0.00
Global Pooled JS: 0.000000
functional kld weight 27.77777777777777
Seed 9999, Step  500: Loss = 126.27 (Recon: 74.15, Allele KL: 23.82, Base KL: 3561.37, Functional KL: 0.00
Global Pooled JS: 0.000000
functional kld weight 222.22222222222217
Seed 9999, Step 1000: Loss = 124.61 (Recon: 80.54, Allele KL: 15.23, Base KL: 3669.22, Functional KL: 0.00
Global Pooled JS: 0.000000
functional kld weight 750.0
Seed 9999, Step 1500: Loss = 133.58 (Recon: 88.88, Allele KL: 15.58, Base KL: 3701.92, Functional KL: 0.00
Global Pooled JS: 0.000000
functional kld weight 1777.7777777777774
Seed 9999, Step 2000: Loss = 130.71 (Recon: 85.48, Allele KL: 16.46, Base KL: 3503.11, Functional KL: 0.00
Global Pooled JS: 0.000000
functional kld weight 3472.222222222223
Seed 9999, Step 2500: Loss = 121.44 (Recon: 74.23, Allele KL: 19.03, Base KL: 3567.04, Functional KL: 0.00

Top Variants with Coverage Mismatches:
Rank   Variant                        Expected     Observed     Diff       |Div|       
------------------------------------------------------------------------------------------
New best model with final loss: 122.98

=== Multi-Seed VAE Results ===
Best model had seed 9999 with final loss: 122.98
All seeds final losses:
  Seed 9999: Total=122.98 (Recon=76.39, A_KL=18.37, B_KL=3747.28) <- Best

[Raw]:
CYP2C8*1: Normalized=1.0000, Unnormalized=1.00

[Alleles]
CYP2C8*1
CYP2C8*1
	Command being timed: "python cyp.py CYP2C8 /project/shared/aldy-data/wgs/NA18552.wgs.cram 9999"
	User time (seconds): 95.72
	System time (seconds): 20.23
	Percent of CPU this job got: 99%
	Elapsed (wall clock) time (h:mm:ss or m:ss): 1:56.23
	Average shared text size (kbytes): 0
	Average unshared data size (kbytes): 0
	Average stack size (kbytes): 0
	Average total size (kbytes): 0
	Maximum resident set size (kbytes): 1896096
	Average resident set size (kbytes): 0
	Major (requiring I/O) page faults: 0
	Minor (reclaiming a frame) page faults: 610021
	Voluntary context switches: 9975
	Involuntary context switches: 189
	Swaps: 0
	File system inputs: 0
	File system outputs: 24
	Socket messages sent: 0
	Socket messages received: 0
	Signals delivered: 0
	Page size (bytes): 4096
	Exit status: 0
