[info] total indices 224
[info] total variants 224
3.001 was filtered out as 96827029 C>T needs T but not covered
3.002 was filtered out as 96827029 C>T needs T but not covered
4.001 was filtered out as 96818118 G>C needs C but not covered
4.002 was filtered out as 96818118 G>C needs C but not covered
5.001 was filtered out as 96826970 delT needs N but not covered
6.001 was filtered out as 96824687 C>T needs T but not covered
7.001 was filtered out as 96824642 G>A needs A but not covered
8.001 was filtered out as 96824642 G>C needs C but not covered
9.001 was filtered out as 96818170 T>C needs C but not covered
10.001 was filtered out as 96802646 C>A needs A but not covered
11.001 was filtered out as 96805707 C>A needs A but not covered
12.001 was filtered out as 96796973 delCAA needs N but not covered
13.001 was filtered out as 96818241 A>C needs C but not covered
14.001 was filtered out as 96818198 C>G needs G but not covered
15.001 was filtered out as 96824657 C>T needs T but not covered
16.001 was filtered out as 96802803 A>G needs G but not covered
17.001 was filtered out as 96818180 T>C needs C but not covered
18.001 was filtered out as 96802714 G>A needs A but not covered
[filter] CYP2C8 1.001 => 1.001; 1.002; 1.003; 1.004; 1.005; 1.006; 1.007; 1.008; 1.009; 1.010; 1.011; 1.012; 1.013; 1.014; 1.015; 1.016; 1.017; 1.018
[filter] CYP2C8 2.001 => 2.001; 2.002
[filter] valid_alleles=20
Step 0: Loss=0.1974, CN=[2.0999167]
Step 100: Loss=0.0435, CN=[2.621637]
Step 200: Loss=0.0435, CN=[2.62398]
Step 300: Loss=0.0435, CN=[2.6239655]
Step 400: Loss=0.0435, CN=[2.6239655]

=== Fit ===
Region 0: obs=2.549, exp=2.624, diff=-0.074 
Region 1: obs=2.157, exp=2.624, diff=-0.467 
Region 2: obs=2.192, exp=2.624, diff=-0.432 
Region 3: obs=2.453, exp=2.624, diff=-0.171 
Region 4: obs=3.071, exp=2.624, diff=+0.447 
Region 5: obs=3.068, exp=2.624, diff=+0.444 
Region 6: obs=2.991, exp=2.624, diff=+0.367 
Region 7: obs=2.731, exp=2.624, diff=+0.107 
Region 8: obs=2.527, exp=2.624, diff=-0.097 
Region 9: obs=2.585, exp=2.624, diff=-0.039 
Region 10: obs=2.483, exp=2.624, diff=-0.141 
Region 11: obs=2.657, exp=2.624, diff=+0.033 
Region 12: obs=2.828, exp=2.624, diff=+0.204 
Region 13: obs=2.777, exp=2.624, diff=+0.153 
Region 14: obs=2.878, exp=2.624, diff=+0.254 
Region 15: obs=2.433, exp=2.624, diff=-0.191 
Region 16: obs=3.085, exp=2.624, diff=+0.461 
Region 17: obs=2.196, exp=2.624, diff=-0.428 
Region 18: obs=2.143, exp=2.624, diff=-0.481 
Region 19: obs=2.555, exp=2.624, diff=-0.069 
Region 20: obs=2.743, exp=2.624, diff=+0.119 

[Gene CN Results]
  CYP2C8: 2.62 → 2.6239655017852783
Using device: cuda

CYP2C8*1.001:

CYP2C8*1.002:

CYP2C8*1.003:

CYP2C8*1.004:

CYP2C8*1.005:

CYP2C8*1.006:

CYP2C8*1.007:

CYP2C8*1.008:

CYP2C8*1.009:

CYP2C8*1.010:

CYP2C8*1.011:

CYP2C8*1.012:

CYP2C8*1.013:

CYP2C8*1.014:

CYP2C8*1.015:

CYP2C8*1.016:

CYP2C8*1.017:

CYP2C8*1.018:

CYP2C8*2.001:

CYP2C8*2.002:

=== Running VAE with seed 9999 ===
Global Pooled JS: 0.101565
functional kld weight 0.0
Seed 9999, Step    0: Loss = 266.90 (Recon: 219.57, Allele KL: 18.83, Base KL: 2618.61, Functional KL: 0.10
Global Pooled JS: 0.005647
functional kld weight 27.77777777777777
Seed 9999, Step  500: Loss = 140.87 (Recon: 90.14, Allele KL: 22.77, Base KL: 4156.16, Functional KL: 0.01
Global Pooled JS: 0.003807
functional kld weight 222.22222222222217
Seed 9999, Step 1000: Loss = 139.47 (Recon: 93.81, Allele KL: 16.50, Base KL: 4286.00, Functional KL: 0.00
Global Pooled JS: 0.009824
functional kld weight 750.0
Seed 9999, Step 1500: Loss = 162.03 (Recon: 109.65, Allele KL: 15.48, Base KL: 4836.90, Functional KL: 0.01
Global Pooled JS: 0.002615
functional kld weight 1777.7777777777774
Seed 9999, Step 2000: Loss = 145.23 (Recon: 90.04, Allele KL: 20.69, Base KL: 6238.86, Functional KL: 0.00
Global Pooled JS: 0.001251
functional kld weight 3472.222222222223
Seed 9999, Step 2500: Loss = 147.76 (Recon: 88.96, Allele KL: 23.31, Base KL: 7607.65, Functional KL: 0.00

Top Variants with Coverage Mismatches:
Rank   Variant                        Expected     Observed     Diff       |Div|       
------------------------------------------------------------------------------------------
1      CYP2C8:96818105→M              0.03         0.00         0.03       0.000174    
2      CYP2C8:96818105→P              0.02         0.00         0.02       0.000172    
3      CYP2C8:96818105→N              0.02         0.00         0.02       0.000170    
4      CYP2C8:96818105→C              0.02         0.00         0.02       0.000170    
5      CYP2C8:96818105→G              0.02         0.00         0.02       0.000168    
6      CYP2C8:96818105→A              20.00        19.00        1.00       0.000052    
7      CYP2C8:96818105→T              29.88        27.00        2.88       0.000024    
New best model with final loss: 150.97

=== Multi-Seed VAE Results ===
Best model had seed 9999 with final loss: 150.97
All seeds final losses:
  Seed 9999: Total=150.97 (Recon=87.13, A_KL=22.15, B_KL=9020.12) <- Best

[Raw]:
CYP2C8*1: Normalized=0.5968, Unnormalized=0.60
CYP2C8*2: Normalized=0.4032, Unnormalized=0.40

[Alleles]
CYP2C8*1
CYP2C8*2
	Command being timed: "python cyp.py CYP2C8 /project/shared/aldy-data/wgs/NA19239.wgs.cram 9999"
	User time (seconds): 90.25
	System time (seconds): 18.91
	Percent of CPU this job got: 99%
	Elapsed (wall clock) time (h:mm:ss or m:ss): 1:49.44
	Average shared text size (kbytes): 0
	Average unshared data size (kbytes): 0
	Average stack size (kbytes): 0
	Average total size (kbytes): 0
	Maximum resident set size (kbytes): 1910488
	Average resident set size (kbytes): 0
	Major (requiring I/O) page faults: 0
	Minor (reclaiming a frame) page faults: 531005
	Voluntary context switches: 9880
	Involuntary context switches: 183
	Swaps: 0
	File system inputs: 0
	File system outputs: 24
	Socket messages sent: 0
	Socket messages received: 0
	Signals delivered: 0
	Page size (bytes): 4096
	Exit status: 0
