[info] total indices 224
[info] total variants 224
2.001 was filtered out as 96818105 T>A needs A but not covered
2.002 was filtered out as 96818105 T>A needs A but not covered
3.001 was filtered out as 96827029 C>T needs T but not covered
3.002 was filtered out as 96827029 C>T needs T but not covered
4.001 was filtered out as 96818118 G>C needs C but not covered
4.002 was filtered out as 96818118 G>C needs C but not covered
5.001 was filtered out as 96826970 delT needs N but not covered
6.001 was filtered out as 96824687 C>T needs T but not covered
7.001 was filtered out as 96824642 G>A needs A but not covered
8.001 was filtered out as 96824642 G>C needs C but not covered
9.001 was filtered out as 96818170 T>C needs C but not covered
10.001 was filtered out as 96802646 C>A needs A but not covered
11.001 was filtered out as 96805707 C>A needs A but not covered
12.001 was filtered out as 96796973 delCAA needs N but not covered
13.001 was filtered out as 96818241 A>C needs C but not covered
14.001 was filtered out as 96818198 C>G needs G but not covered
15.001 was filtered out as 96824657 C>T needs T but not covered
16.001 was filtered out as 96802803 A>G needs G but not covered
17.001 was filtered out as 96818180 T>C needs C but not covered
18.001 was filtered out as 96802714 G>A needs A but not covered
[filter] CYP2C8 1.001 => 1.001; 1.002; 1.003; 1.004; 1.005; 1.006; 1.007; 1.008; 1.009; 1.010; 1.011; 1.012; 1.013; 1.014; 1.015; 1.016; 1.017; 1.018
[filter] valid_alleles=18
Step 0: Loss=0.1269, CN=[2.0999167]
Step 100: Loss=0.0336, CN=[2.4642956]
Step 200: Loss=0.0336, CN=[2.4633567]
Step 300: Loss=0.0336, CN=[2.4633565]
Step 400: Loss=0.0336, CN=[2.4633565]

=== Fit ===
Region 0: obs=2.471, exp=2.463, diff=+0.008 
Region 1: obs=2.283, exp=2.463, diff=-0.180 
Region 2: obs=2.438, exp=2.463, diff=-0.025 
Region 3: obs=2.257, exp=2.463, diff=-0.207 
Region 4: obs=2.453, exp=2.463, diff=-0.011 
Region 5: obs=2.412, exp=2.463, diff=-0.051 
Region 6: obs=2.540, exp=2.463, diff=+0.077 
Region 7: obs=2.342, exp=2.463, diff=-0.121 
Region 8: obs=3.034, exp=2.463, diff=+0.570 *
Region 9: obs=2.348, exp=2.463, diff=-0.115 
Region 10: obs=2.069, exp=2.463, diff=-0.394 
Region 11: obs=2.377, exp=2.463, diff=-0.086 
Region 12: obs=2.172, exp=2.463, diff=-0.292 
Region 13: obs=2.652, exp=2.463, diff=+0.189 
Region 14: obs=3.089, exp=2.463, diff=+0.626 *
Region 15: obs=2.530, exp=2.463, diff=+0.066 
Region 16: obs=2.844, exp=2.463, diff=+0.380 
Region 17: obs=2.393, exp=2.463, diff=-0.070 
Region 18: obs=2.092, exp=2.463, diff=-0.372 
Region 19: obs=2.512, exp=2.463, diff=+0.049 
Region 20: obs=2.618, exp=2.463, diff=+0.155 

[Gene CN Results]
  CYP2C8: 2.46 → 2.4633562564849854
Using device: cuda

CYP2C8*1.001:

CYP2C8*1.002:

CYP2C8*1.003:

CYP2C8*1.004:

CYP2C8*1.005:

CYP2C8*1.006:

CYP2C8*1.007:

CYP2C8*1.008:

CYP2C8*1.009:

CYP2C8*1.010:

CYP2C8*1.011:

CYP2C8*1.012:

CYP2C8*1.013:

CYP2C8*1.014:

CYP2C8*1.015:

CYP2C8*1.016:

CYP2C8*1.017:

CYP2C8*1.018:

=== Running VAE with seed 9999 ===
Global Pooled JS: 0.000000
functional kld weight 0.0
Seed 9999, Step    0: Loss = 252.32 (Recon: 198.63, Allele KL: 24.44, Base KL: 1831.87, Functional KL: 0.00
Global Pooled JS: 0.000000
functional kld weight 27.77777777777777
Seed 9999, Step  500: Loss = 129.99 (Recon: 80.09, Allele KL: 21.78, Base KL: 3438.47, Functional KL: 0.00
Global Pooled JS: 0.000000
functional kld weight 222.22222222222217
Seed 9999, Step 1000: Loss = 128.34 (Recon: 79.83, Allele KL: 20.45, Base KL: 3448.69, Functional KL: 0.00
Global Pooled JS: 0.000000
functional kld weight 750.0
Seed 9999, Step 1500: Loss = 138.74 (Recon: 86.18, Allele KL: 24.73, Base KL: 3430.95, Functional KL: 0.00
Global Pooled JS: 0.000000
functional kld weight 1777.7777777777774
Seed 9999, Step 2000: Loss = 137.52 (Recon: 88.53, Allele KL: 20.29, Base KL: 3592.73, Functional KL: 0.00
Global Pooled JS: 0.000000
functional kld weight 3472.222222222223
Seed 9999, Step 2500: Loss = 127.95 (Recon: 79.53, Allele KL: 20.19, Base KL: 3527.20, Functional KL: 0.00

Top Variants with Coverage Mismatches:
Rank   Variant                        Expected     Observed     Diff       |Div|       
------------------------------------------------------------------------------------------
New best model with final loss: 125.87

=== Multi-Seed VAE Results ===
Best model had seed 9999 with final loss: 125.87
All seeds final losses:
  Seed 9999: Total=125.87 (Recon=79.92, A_KL=17.79, B_KL=3602.60) <- Best

[Raw]:
CYP2C8*1: Normalized=1.0000, Unnormalized=1.00

[Alleles]
CYP2C8*1
CYP2C8*1
	Command being timed: "python cyp.py CYP2C8 /project/shared/aldy-data/wgs/NA21781.wgs.cram 9999"
	User time (seconds): 77.07
	System time (seconds): 14.82
	Percent of CPU this job got: 99%
	Elapsed (wall clock) time (h:mm:ss or m:ss): 1:32.12
	Average shared text size (kbytes): 0
	Average unshared data size (kbytes): 0
	Average stack size (kbytes): 0
	Average total size (kbytes): 0
	Maximum resident set size (kbytes): 1923044
	Average resident set size (kbytes): 0
	Major (requiring I/O) page faults: 0
	Minor (reclaiming a frame) page faults: 633219
	Voluntary context switches: 9672
	Involuntary context switches: 174
	Swaps: 0
	File system inputs: 0
	File system outputs: 24
	Socket messages sent: 0
	Socket messages received: 0
	Signals delivered: 0
	Page size (bytes): 4096
	Exit status: 0
