[info] total indices 497
[info] total variants 497
1.002 was filtered out as 96535123 A>G needs A but not covered
1.003 was filtered out as 96535123 A>G needs A but not covered
1.004 was filtered out as 96535123 A>G needs A but not covered
1.005 was filtered out as 96535123 A>G needs A but not covered
1.006 was filtered out as 96535123 A>G needs A but not covered
1.007 was filtered out as 96535123 A>G needs A but not covered
1.008 was filtered out as 96535123 A>G needs A but not covered
1.009 was filtered out as 96535123 A>G needs A but not covered
1.010 was filtered out as 96535123 A>G needs A but not covered
2.002 was filtered out as 96534921 G>C needs C but not covered
2.003 was filtered out as 96535295 G>C needs C but not covered
2.010 was filtered out as 96534921 G>C needs C but not covered
3.001 was filtered out as 96535123 A>G needs A but not covered
3.004 was filtered out as 96535123 A>G needs A but not covered
3.002 was filtered out as 96535123 A>G needs A but not covered
3.003 was filtered out as 96535123 A>G needs A but not covered
4.001 was filtered out as 96535123 A>G needs A but not covered
4.002 was filtered out as 96535123 A>G needs A but not covered
5.001 was filtered out as 96602622 A>G needs A but not covered
5.002 was filtered out as 96535123 A>G needs A but not covered
6.001 was filtered out as 96535123 A>G needs A but not covered
7.001 was filtered out as 96602622 A>G needs A but not covered
8.001 was filtered out as 96602622 A>G needs A but not covered
8.002 was filtered out as 96535123 A>G needs A but not covered
9.001 was filtered out as 96535123 A>G needs A but not covered
9.002 was filtered out as 96535123 A>G needs A but not covered
10.001 was filtered out as 96535123 A>G needs A but not covered
11.001 was filtered out as 96535123 A>G needs A but not covered
12.001 was filtered out as 96535123 A>G needs A but not covered
13.001 was filtered out as 96535123 A>G needs A but not covered
13.002 was filtered out as 96535123 A>G needs A but not covered
14.001 was filtered out as 96535123 A>G needs A but not covered
15.001 was filtered out as 96535123 A>G needs A but not covered
15.002 was filtered out as 96535123 A>G needs A but not covered
16.001 was filtered out as 96602622 A>G needs A but not covered
17.001 was filtered out as 96535123 A>G needs A but not covered
18.001 was filtered out as 96535123 A>G needs A but not covered
19.001 was filtered out as 96535123 A>G needs A but not covered
22.001 was filtered out as 96535123 A>G needs A but not covered
23.001 was filtered out as 96535123 A>G needs A but not covered
24.001 was filtered out as 96535123 A>G needs A but not covered
25.001 was filtered out as 96535123 A>G needs A but not covered
26.001 was filtered out as 96535123 A>G needs A but not covered
28.001 was filtered out as 96535123 A>G needs A but not covered
29.001 was filtered out as 96535123 A>G needs A but not covered
30.001 was filtered out as 96602622 A>G needs A but not covered
31.001 was filtered out as 96535123 A>G needs A but not covered
32.001 was filtered out as 96535123 A>G needs A but not covered
33.001 was filtered out as 96535123 A>G needs A but not covered
34.001 was filtered out as 96602622 A>G needs A but not covered
38.001 was filtered out as 96602622 A>G needs A but not covered
38.002 was filtered out as 96602622 A>G needs A but not covered
38.003 was filtered out as 96602622 A>G needs A but not covered
39.001 was filtered out as 96535123 A>G needs A but not covered
[filter] CYP2C19 2.001 => 2.001; 2.004; 2.005; 2.006; 2.007; 2.008; 2.009; 2.011
[filter] CYP2C19 35.001 => 35.001
[filter] CYP2C19 35.002 => 35.002
[filter] valid_alleles=10
Step 0: Loss=0.0869, CN=[2.0999167]
Step 100: Loss=0.0346, CN=[2.3464644]
Step 200: Loss=0.0346, CN=[2.3454204]
Step 300: Loss=0.0346, CN=[2.3454256]
Step 400: Loss=0.0346, CN=[2.3454256]

=== Fit ===
Region 0: obs=2.209, exp=2.345, diff=-0.136 
Region 1: obs=2.189, exp=2.345, diff=-0.157 
Region 2: obs=2.335, exp=2.345, diff=-0.010 
Region 3: obs=2.296, exp=2.345, diff=-0.050 
Region 4: obs=2.167, exp=2.345, diff=-0.178 
Region 5: obs=2.374, exp=2.345, diff=+0.029 
Region 6: obs=2.114, exp=2.345, diff=-0.232 
Region 7: obs=2.433, exp=2.345, diff=+0.088 
Region 8: obs=2.887, exp=2.345, diff=+0.542 *
Region 9: obs=2.675, exp=2.345, diff=+0.329 
Region 10: obs=2.593, exp=2.345, diff=+0.248 
Region 11: obs=2.182, exp=2.345, diff=-0.164 
Region 12: obs=2.149, exp=2.345, diff=-0.196 
Region 13: obs=2.114, exp=2.345, diff=-0.231 
Region 14: obs=1.621, exp=2.345, diff=-0.725 *
Region 15: obs=2.408, exp=2.345, diff=+0.063 
Region 16: obs=2.640, exp=2.345, diff=+0.295 
Region 17: obs=2.222, exp=2.345, diff=-0.123 
Region 18: obs=2.623, exp=2.345, diff=+0.278 
Region 19: obs=2.599, exp=2.345, diff=+0.254 
Region 20: obs=2.239, exp=2.345, diff=-0.106 

[Gene CN Results]
  CYP2C19: 2.35 → 2.345425605773926
Using device: cuda

CYP2C19*2.001:

CYP2C19*2.004:

CYP2C19*2.005:

CYP2C19*2.006:

CYP2C19*2.007:

CYP2C19*2.008:

CYP2C19*2.009:

CYP2C19*2.011:

CYP2C19*35.001:

CYP2C19*35.002:

=== Running VAE with seed 123 ===
Global Pooled JS: 0.098614
functional kld weight 0.0
Seed 123, Step    0: Loss = 328.58 (Recon: 297.89, Allele KL: 7.02, Base KL: 766.98, Functional KL: 0.10
Global Pooled JS: 0.021182
functional kld weight 27.77777777777777
Seed 123, Step  500: Loss = 123.77 (Recon: 88.48, Allele KL: 10.95, Base KL: 2398.35, Functional KL: 0.02
Global Pooled JS: 0.018811
functional kld weight 222.22222222222217
Seed 123, Step 1000: Loss = 132.38 (Recon: 90.57, Allele KL: 13.22, Base KL: 2927.46, Functional KL: 0.02
Global Pooled JS: 0.019320
functional kld weight 750.0
Seed 123, Step 1500: Loss = 133.26 (Recon: 82.14, Allele KL: 11.99, Base KL: 3751.07, Functional KL: 0.02
Global Pooled JS: 0.015967
functional kld weight 1777.7777777777774
Seed 123, Step 2000: Loss = 153.95 (Recon: 85.46, Allele KL: 13.12, Base KL: 6202.95, Functional KL: 0.02
Global Pooled JS: 0.013972
functional kld weight 3472.222222222223
Seed 123, Step 2500: Loss = 177.65 (Recon: 84.87, Allele KL: 14.21, Base KL: 9708.64, Functional KL: 0.01

Top Variants with Coverage Mismatches:
Rank   Variant                        Expected     Observed     Diff       |Div|       
------------------------------------------------------------------------------------------
1      CYP2C19:96602622→G             37.09        25.00        12.09      0.004575    
2      CYP2C19:96541615→A             18.49        28.00        -9.51      0.002647    
3      CYP2C19:96541615→G             19.10        23.00        -3.90      0.000382    
4      CYP2C19:96522516→C             14.68        18.00        -3.32      0.000371    
5      CYP2C19:96602622→M             0.13         0.00         0.13       0.000297    
6      CYP2C19:96602622→N             0.13         0.00         0.13       0.000295    
7      CYP2C19:96602622→C             0.13         0.00         0.13       0.000294    
8      CYP2C19:96602622→P             0.13         0.00         0.13       0.000294    
9      CYP2C19:96602622→A             0.13         0.00         0.13       0.000294    
10     CYP2C19:96602622→T             0.13         0.00         0.13       0.000292    
11     CYP2C19:96535123→N             0.11         0.00         0.11       0.000255    
12     CYP2C19:96535123→A             0.11         0.00         0.11       0.000255    
13     CYP2C19:96535123→M             0.11         0.00         0.11       0.000250    
14     CYP2C19:96535123→C             0.11         0.00         0.11       0.000250    
15     CYP2C19:96535123→P             0.11         0.00         0.11       0.000249    
16     CYP2C19:96535123→T             0.11         0.00         0.11       0.000246    
17     CYP2C19:96541615→P             0.05         0.00         0.05       0.000125    
18     CYP2C19:96541615→T             0.05         0.00         0.05       0.000124    
19     CYP2C19:96541615→M             0.05         0.00         0.05       0.000123    
20     CYP2C19:96541615→C             0.05         0.00         0.05       0.000123    
21     CYP2C19:96541615→N             0.05         0.00         0.05       0.000122    
22     CYP2C19:96522516→G             0.04         0.00         0.04       0.000087    
23     CYP2C19:96522516→M             0.04         0.00         0.04       0.000085    
24     CYP2C19:96522516→N             0.04         0.00         0.04       0.000084    
25     CYP2C19:96522516→T             0.04         0.00         0.04       0.000084    
26     CYP2C19:96522516→P             0.04         0.00         0.04       0.000081    
27     CYP2C19:96535123→G             37.20        40.00        -2.80      0.000042    
28     CYP2C19:96522516→A             22.99        23.00        -0.01      0.000024    
New best model with final loss: 215.88

=== Multi-Seed VAE Results ===
Best model had seed 123 with final loss: 215.88
All seeds final losses:
  Seed 123: Total=215.88 (Recon=83.95, A_KL=17.33, B_KL=14912.69) <- Best

[Raw]:
CYP2C19*35: Normalized=0.5028, Unnormalized=0.50
CYP2C19*2: Normalized=0.4972, Unnormalized=0.50

[Alleles]
CYP2C19*35
CYP2C19*2
	Command being timed: "python cyp.py CYP2C19 /project/shared/aldy-data/wgs/NA19122.wgs.cram 123"
	User time (seconds): 102.01
	System time (seconds): 20.79
	Percent of CPU this job got: 99%
	Elapsed (wall clock) time (h:mm:ss or m:ss): 2:03.06
	Average shared text size (kbytes): 0
	Average unshared data size (kbytes): 0
	Average stack size (kbytes): 0
	Average total size (kbytes): 0
	Maximum resident set size (kbytes): 2115572
	Average resident set size (kbytes): 0
	Major (requiring I/O) page faults: 0
	Minor (reclaiming a frame) page faults: 799988
	Voluntary context switches: 9948
	Involuntary context switches: 240
	Swaps: 0
	File system inputs: 0
	File system outputs: 32
	Socket messages sent: 0
	Socket messages received: 0
	Signals delivered: 0
	Page size (bytes): 4096
	Exit status: 0
