[info] total indices 224
[info] total variants 224
2.001 was filtered out as 96818105 T>A needs A but not covered
2.002 was filtered out as 96818105 T>A needs A but not covered
3.001 was filtered out as 96827029 C>T needs T but not covered
3.002 was filtered out as 96827029 C>T needs T but not covered
4.001 was filtered out as 96818118 G>C needs C but not covered
4.002 was filtered out as 96818118 G>C needs C but not covered
5.001 was filtered out as 96826970 delT needs N but not covered
6.001 was filtered out as 96824687 C>T needs T but not covered
7.001 was filtered out as 96824642 G>A needs A but not covered
8.001 was filtered out as 96824642 G>C needs C but not covered
9.001 was filtered out as 96818170 T>C needs C but not covered
10.001 was filtered out as 96802646 C>A needs A but not covered
11.001 was filtered out as 96805707 C>A needs A but not covered
12.001 was filtered out as 96796973 delCAA needs N but not covered
13.001 was filtered out as 96818241 A>C needs C but not covered
14.001 was filtered out as 96818198 C>G needs G but not covered
15.001 was filtered out as 96824657 C>T needs T but not covered
16.001 was filtered out as 96802803 A>G needs G but not covered
17.001 was filtered out as 96818180 T>C needs C but not covered
18.001 was filtered out as 96802714 G>A needs A but not covered
[filter] CYP2C8 1.001 => 1.001; 1.002; 1.003; 1.004; 1.005; 1.006; 1.007; 1.008; 1.009; 1.010; 1.011; 1.012; 1.013; 1.014; 1.015; 1.016; 1.017; 1.018
[filter] valid_alleles=18
Step 0: Loss=0.1391, CN=[2.0999167]
Step 100: Loss=0.0285, CN=[2.5045009]
Step 200: Loss=0.0285, CN=[2.5024378]
Step 300: Loss=0.0285, CN=[2.502429]
Step 400: Loss=0.0285, CN=[2.502429]

=== Fit ===
Region 0: obs=2.268, exp=2.502, diff=-0.234 
Region 1: obs=2.786, exp=2.502, diff=+0.283 
Region 2: obs=2.629, exp=2.502, diff=+0.127 
Region 3: obs=2.560, exp=2.502, diff=+0.057 
Region 4: obs=3.046, exp=2.502, diff=+0.543 *
Region 5: obs=2.883, exp=2.502, diff=+0.381 
Region 6: obs=2.254, exp=2.502, diff=-0.248 
Region 7: obs=2.391, exp=2.502, diff=-0.111 
Region 8: obs=2.597, exp=2.502, diff=+0.094 
Region 9: obs=2.388, exp=2.502, diff=-0.115 
Region 10: obs=2.148, exp=2.502, diff=-0.354 
Region 11: obs=2.394, exp=2.502, diff=-0.108 
Region 12: obs=2.810, exp=2.502, diff=+0.308 
Region 13: obs=2.406, exp=2.502, diff=-0.096 
Region 14: obs=2.208, exp=2.502, diff=-0.294 
Region 15: obs=2.581, exp=2.502, diff=+0.078 
Region 16: obs=2.709, exp=2.502, diff=+0.207 
Region 17: obs=2.358, exp=2.502, diff=-0.144 
Region 18: obs=2.535, exp=2.502, diff=+0.033 
Region 19: obs=2.471, exp=2.502, diff=-0.031 
Region 20: obs=2.171, exp=2.502, diff=-0.332 

[Gene CN Results]
  CYP2C8: 2.50 → 2.502429246902466
Using device: cuda

CYP2C8*1.001:

CYP2C8*1.002:

CYP2C8*1.003:

CYP2C8*1.004:

CYP2C8*1.005:

CYP2C8*1.006:

CYP2C8*1.007:

CYP2C8*1.008:

CYP2C8*1.009:

CYP2C8*1.010:

CYP2C8*1.011:

CYP2C8*1.012:

CYP2C8*1.013:

CYP2C8*1.014:

CYP2C8*1.015:

CYP2C8*1.016:

CYP2C8*1.017:

CYP2C8*1.018:

=== Running VAE with seed 2048 ===
Global Pooled JS: 0.000000
functional kld weight 0.0
Seed 2048, Step    0: Loss = 161.32 (Recon: 109.52, Allele KL: 23.32, Base KL: 1646.28, Functional KL: 0.00
Global Pooled JS: 0.000000
functional kld weight 27.77777777777777
Seed 2048, Step  500: Loss = 127.10 (Recon: 84.17, Allele KL: 14.10, Base KL: 3497.78, Functional KL: 0.00
Global Pooled JS: 0.000000
functional kld weight 222.22222222222217
Seed 2048, Step 1000: Loss = 133.58 (Recon: 88.02, Allele KL: 16.36, Base KL: 3532.24, Functional KL: 0.00
Global Pooled JS: 0.000000
functional kld weight 750.0
Seed 2048, Step 1500: Loss = 118.13 (Recon: 75.76, Allele KL: 14.14, Base KL: 3517.20, Functional KL: 0.00
Global Pooled JS: 0.000000
functional kld weight 1777.7777777777774
Seed 2048, Step 2000: Loss = 120.53 (Recon: 78.42, Allele KL: 13.77, Base KL: 3595.46, Functional KL: 0.00
Global Pooled JS: 0.000000
functional kld weight 3472.222222222223
Seed 2048, Step 2500: Loss = 127.43 (Recon: 85.43, Allele KL: 12.82, Base KL: 3571.34, Functional KL: 0.00

Top Variants with Coverage Mismatches:
Rank   Variant                        Expected     Observed     Diff       |Div|       
------------------------------------------------------------------------------------------
New best model with final loss: 124.05

=== Multi-Seed VAE Results ===
Best model had seed 2048 with final loss: 124.05
All seeds final losses:
  Seed 2048: Total=124.05 (Recon=79.30, A_KL=15.97, B_KL=3536.30) <- Best

[Raw]:
CYP2C8*1: Normalized=1.0000, Unnormalized=1.00

[Alleles]
CYP2C8*1
CYP2C8*1
	Command being timed: "python cyp.py CYP2C8 /project/shared/aldy-data/wgs/NA10831.wgs.cram 2048"
	User time (seconds): 95.73
	System time (seconds): 20.23
	Percent of CPU this job got: 99%
	Elapsed (wall clock) time (h:mm:ss or m:ss): 1:56.31
	Average shared text size (kbytes): 0
	Average unshared data size (kbytes): 0
	Average stack size (kbytes): 0
	Average total size (kbytes): 0
	Maximum resident set size (kbytes): 1903056
	Average resident set size (kbytes): 0
	Major (requiring I/O) page faults: 0
	Minor (reclaiming a frame) page faults: 633984
	Voluntary context switches: 11638
	Involuntary context switches: 1512
	Swaps: 0
	File system inputs: 0
	File system outputs: 24
	Socket messages sent: 0
	Socket messages received: 0
	Signals delivered: 0
	Page size (bytes): 4096
	Exit status: 0
