[info] total indices 224
[info] total variants 224
2.001 was filtered out as 96818105 T>A needs A but not covered
2.002 was filtered out as 96818105 T>A needs A but not covered
3.001 was filtered out as 96827029 C>T needs T but not covered
3.002 was filtered out as 96827029 C>T needs T but not covered
4.001 was filtered out as 96818118 G>C needs C but not covered
4.002 was filtered out as 96818118 G>C needs C but not covered
5.001 was filtered out as 96826970 delT needs N but not covered
6.001 was filtered out as 96824687 C>T needs T but not covered
7.001 was filtered out as 96824642 G>A needs A but not covered
8.001 was filtered out as 96824642 G>C needs C but not covered
9.001 was filtered out as 96818170 T>C needs C but not covered
10.001 was filtered out as 96802646 C>A needs A but not covered
11.001 was filtered out as 96805707 C>A needs A but not covered
12.001 was filtered out as 96796973 delCAA needs N but not covered
13.001 was filtered out as 96818241 A>C needs C but not covered
14.001 was filtered out as 96818198 C>G needs G but not covered
15.001 was filtered out as 96824657 C>T needs T but not covered
16.001 was filtered out as 96802803 A>G needs G but not covered
17.001 was filtered out as 96818180 T>C needs C but not covered
18.001 was filtered out as 96802714 G>A needs A but not covered
[filter] CYP2C8 1.001 => 1.001; 1.002; 1.003; 1.004; 1.005; 1.006; 1.007; 1.008; 1.009; 1.010; 1.011; 1.012; 1.013; 1.014; 1.015; 1.016; 1.017; 1.018
[filter] valid_alleles=18
Step 0: Loss=0.1811, CN=[2.0999167]
Step 100: Loss=0.0788, CN=[2.5291312]
Step 200: Loss=0.0788, CN=[2.5275893]
Step 300: Loss=0.0788, CN=[2.5275998]
Step 400: Loss=0.0788, CN=[2.5275998]

=== Fit ===
Region 0: obs=2.470, exp=2.528, diff=-0.058 
Region 1: obs=2.842, exp=2.528, diff=+0.315 
Region 2: obs=2.842, exp=2.528, diff=+0.314 
Region 3: obs=2.245, exp=2.528, diff=-0.283 
Region 4: obs=1.928, exp=2.528, diff=-0.600 *
Region 5: obs=2.155, exp=2.528, diff=-0.373 
Region 6: obs=2.553, exp=2.528, diff=+0.025 
Region 7: obs=2.658, exp=2.528, diff=+0.131 
Region 8: obs=1.640, exp=2.528, diff=-0.888 *
Region 9: obs=2.314, exp=2.528, diff=-0.214 
Region 10: obs=2.566, exp=2.528, diff=+0.038 
Region 11: obs=2.485, exp=2.528, diff=-0.043 
Region 12: obs=2.174, exp=2.528, diff=-0.353 
Region 13: obs=2.454, exp=2.528, diff=-0.074 
Region 14: obs=2.300, exp=2.528, diff=-0.228 
Region 15: obs=2.665, exp=2.528, diff=+0.138 
Region 16: obs=3.490, exp=2.528, diff=+0.962 *
Region 17: obs=2.418, exp=2.528, diff=-0.109 
Region 18: obs=2.953, exp=2.528, diff=+0.426 
Region 19: obs=3.386, exp=2.528, diff=+0.858 *
Region 20: obs=2.876, exp=2.528, diff=+0.348 

[Gene CN Results]
  CYP2C8: 2.53 → 2.527599811553955
Using device: cuda

CYP2C8*1.001:

CYP2C8*1.002:

CYP2C8*1.003:

CYP2C8*1.004:

CYP2C8*1.005:

CYP2C8*1.006:

CYP2C8*1.007:

CYP2C8*1.008:

CYP2C8*1.009:

CYP2C8*1.010:

CYP2C8*1.011:

CYP2C8*1.012:

CYP2C8*1.013:

CYP2C8*1.014:

CYP2C8*1.015:

CYP2C8*1.016:

CYP2C8*1.017:

CYP2C8*1.018:

=== Running VAE with seed 2048 ===
Global Pooled JS: 0.000000
functional kld weight 0.0
Seed 2048, Step    0: Loss = 176.74 (Recon: 113.40, Allele KL: 35.05, Base KL: 2369.80, Functional KL: 0.00
Global Pooled JS: 0.000000
functional kld weight 27.77777777777777
Seed 2048, Step  500: Loss = 138.09 (Recon: 93.44, Allele KL: 15.06, Base KL: 4589.54, Functional KL: 0.00
Global Pooled JS: 0.000000
functional kld weight 222.22222222222217
Seed 2048, Step 1000: Loss = 143.30 (Recon: 96.16, Allele KL: 17.06, Base KL: 4733.27, Functional KL: 0.00
Global Pooled JS: 0.000000
functional kld weight 750.0
Seed 2048, Step 1500: Loss = 129.94 (Recon: 81.71, Allele KL: 19.29, Base KL: 4565.04, Functional KL: 0.00
Global Pooled JS: 0.000000
functional kld weight 1777.7777777777774
Seed 2048, Step 2000: Loss = 134.03 (Recon: 89.05, Allele KL: 15.56, Base KL: 4764.01, Functional KL: 0.00
Global Pooled JS: 0.000000
functional kld weight 3472.222222222223
Seed 2048, Step 2500: Loss = 139.48 (Recon: 95.25, Allele KL: 14.30, Base KL: 4607.25, Functional KL: 0.00

Top Variants with Coverage Mismatches:
Rank   Variant                        Expected     Observed     Diff       |Div|       
------------------------------------------------------------------------------------------
New best model with final loss: 136.40

=== Multi-Seed VAE Results ===
Best model had seed 2048 with final loss: 136.40
All seeds final losses:
  Seed 2048: Total=136.40 (Recon=89.68, A_KL=17.01, B_KL=4705.13) <- Best

[Raw]:
CYP2C8*1: Normalized=1.0000, Unnormalized=1.00

[Alleles]
CYP2C8*1
CYP2C8*1
	Command being timed: "python cyp.py CYP2C8 /project/shared/aldy-data/wgs/NA12813.wgs.cram 2048"
	User time (seconds): 95.45
	System time (seconds): 19.95
	Percent of CPU this job got: 99%
	Elapsed (wall clock) time (h:mm:ss or m:ss): 1:55.83
	Average shared text size (kbytes): 0
	Average unshared data size (kbytes): 0
	Average stack size (kbytes): 0
	Average total size (kbytes): 0
	Maximum resident set size (kbytes): 1899832
	Average resident set size (kbytes): 0
	Major (requiring I/O) page faults: 0
	Minor (reclaiming a frame) page faults: 636775
	Voluntary context switches: 11638
	Involuntary context switches: 2773
	Swaps: 0
	File system inputs: 0
	File system outputs: 24
	Socket messages sent: 0
	Socket messages received: 0
	Signals delivered: 0
	Page size (bytes): 4096
	Exit status: 0
