[info] total indices 224
[info] total variants 224
1.001 was filtered out as 96818105 T>A needs T but not covered
1.002 was filtered out as 96818105 T>A needs T but not covered
1.003 was filtered out as 96818105 T>A needs T but not covered
1.004 was filtered out as 96818105 T>A needs T but not covered
1.005 was filtered out as 96818105 T>A needs T but not covered
1.006 was filtered out as 96818105 T>A needs T but not covered
1.007 was filtered out as 96818105 T>A needs T but not covered
1.008 was filtered out as 96818105 T>A needs T but not covered
1.009 was filtered out as 96818105 T>A needs T but not covered
1.010 was filtered out as 96818105 T>A needs T but not covered
1.011 was filtered out as 96818105 T>A needs T but not covered
1.012 was filtered out as 96818105 T>A needs T but not covered
1.013 was filtered out as 96818105 T>A needs T but not covered
1.014 was filtered out as 96818105 T>A needs T but not covered
1.015 was filtered out as 96818105 T>A needs T but not covered
1.016 was filtered out as 96818105 T>A needs T but not covered
1.017 was filtered out as 96818105 T>A needs T but not covered
1.018 was filtered out as 96818105 T>A needs T but not covered
3.001 was filtered out as 96818105 T>A needs T but not covered
3.002 was filtered out as 96818105 T>A needs T but not covered
4.001 was filtered out as 96818105 T>A needs T but not covered
4.002 was filtered out as 96818105 T>A needs T but not covered
5.001 was filtered out as 96818105 T>A needs T but not covered
6.001 was filtered out as 96818105 T>A needs T but not covered
7.001 was filtered out as 96818105 T>A needs T but not covered
8.001 was filtered out as 96818105 T>A needs T but not covered
9.001 was filtered out as 96818105 T>A needs T but not covered
10.001 was filtered out as 96818105 T>A needs T but not covered
11.001 was filtered out as 96818105 T>A needs T but not covered
12.001 was filtered out as 96818105 T>A needs T but not covered
13.001 was filtered out as 96818105 T>A needs T but not covered
14.001 was filtered out as 96818105 T>A needs T but not covered
15.001 was filtered out as 96818105 T>A needs T but not covered
16.001 was filtered out as 96818105 T>A needs T but not covered
17.001 was filtered out as 96818105 T>A needs T but not covered
18.001 was filtered out as 96818105 T>A needs T but not covered
[filter] CYP2C8 2.001 => 2.001; 2.002
[filter] valid_alleles=2
Step 0: Loss=0.0518, CN=[1.9000832]
Step 100: Loss=0.0098, CN=[1.7104619]
Step 200: Loss=0.0098, CN=[1.7097026]
Step 300: Loss=0.0098, CN=[1.7096959]
Step 400: Loss=0.0098, CN=[1.7096959]

=== Fit ===
Region 0: obs=1.838, exp=1.710, diff=+0.128 
Region 1: obs=1.561, exp=1.710, diff=-0.148 
Region 2: obs=1.522, exp=1.710, diff=-0.187 
Region 3: obs=1.634, exp=1.710, diff=-0.076 
Region 4: obs=1.532, exp=1.710, diff=-0.177 
Region 5: obs=1.608, exp=1.710, diff=-0.102 
Region 6: obs=1.795, exp=1.710, diff=+0.086 
Region 7: obs=1.742, exp=1.710, diff=+0.032 
Region 8: obs=1.849, exp=1.710, diff=+0.139 
Region 9: obs=1.830, exp=1.710, diff=+0.120 
Region 10: obs=1.413, exp=1.710, diff=-0.297 
Region 11: obs=1.832, exp=1.710, diff=+0.122 
Region 12: obs=1.779, exp=1.710, diff=+0.070 
Region 13: obs=1.760, exp=1.710, diff=+0.050 
Region 14: obs=1.695, exp=1.710, diff=-0.014 
Region 15: obs=1.800, exp=1.710, diff=+0.090 
Region 16: obs=1.985, exp=1.710, diff=+0.275 
Region 17: obs=1.870, exp=1.710, diff=+0.160 
Region 18: obs=1.568, exp=1.710, diff=-0.142 
Region 19: obs=1.641, exp=1.710, diff=-0.069 
Region 20: obs=1.650, exp=1.710, diff=-0.060 

[Gene CN Results]
  CYP2C8: 1.71 → 1.7096961736679077
Using device: cuda

CYP2C8*2.001:

CYP2C8*2.002:

=== Running VAE with seed 2048 ===
Global Pooled JS: 0.017406
functional kld weight 0.0
Seed 2048, Step    0: Loss = 34.18 (Recon: 18.98, Allele KL: 0.24, Base KL: 9.66, Functional KL: 0.02
Global Pooled JS: 0.006323
functional kld weight 27.77777777777777
Seed 2048, Step  500: Loss = 18.86 (Recon: 6.74, Allele KL: 1.88, Base KL: 2936.34, Functional KL: 0.01
Global Pooled JS: 0.005528
functional kld weight 222.22222222222217
Seed 2048, Step 1000: Loss = 25.33 (Recon: 10.47, Allele KL: 2.92, Base KL: 3586.62, Functional KL: 0.01
Global Pooled JS: 0.004524
functional kld weight 750.0
Seed 2048, Step 1500: Loss = 35.82 (Recon: 18.14, Allele KL: 2.36, Base KL: 4989.96, Functional KL: 0.00
Global Pooled JS: 0.003471
functional kld weight 1777.7777777777774
Seed 2048, Step 2000: Loss = 37.93 (Recon: 16.35, Allele KL: 1.94, Base KL: 7000.95, Functional KL: 0.00
Global Pooled JS: 0.001767
functional kld weight 3472.222222222223
Seed 2048, Step 2500: Loss = 31.33 (Recon: 6.72, Allele KL: 3.56, Base KL: 9422.27, Functional KL: 0.00

Top Variants with Coverage Mismatches:
Rank   Variant                        Expected     Observed     Diff       |Div|       
------------------------------------------------------------------------------------------
1      CYP2C8:96818105→N              0.02         0.00         0.02       0.000219    
2      CYP2C8:96818105→M              0.02         0.00         0.02       0.000218    
3      CYP2C8:96818105→T              0.02         0.00         0.02       0.000214    
4      CYP2C8:96818105→P              0.02         0.00         0.02       0.000213    
5      CYP2C8:96818105→G              0.02         0.00         0.02       0.000213    
6      CYP2C8:96818105→C              0.02         0.00         0.02       0.000213    
7      CYP2C8:96818105→A              39.19        35.00        4.19       0.000002    
New best model with final loss: 36.51

=== Multi-Seed VAE Results ===
Best model had seed 2048 with final loss: 36.51
All seeds final losses:
  Seed 2048: Total=36.51 (Recon=8.00, A_KL=2.84, B_KL=11856.07) <- Best

[Raw]:
CYP2C8*2: Normalized=1.0000, Unnormalized=1.00

[Alleles]
CYP2C8*2
CYP2C8*2
	Command being timed: "python cyp.py CYP2C8 /project/shared/aldy-data/wgs/NA19109.wgs.cram 2048"
	User time (seconds): 97.31
	System time (seconds): 19.51
	Percent of CPU this job got: 99%
	Elapsed (wall clock) time (h:mm:ss or m:ss): 1:57.10
	Average shared text size (kbytes): 0
	Average unshared data size (kbytes): 0
	Average stack size (kbytes): 0
	Average total size (kbytes): 0
	Maximum resident set size (kbytes): 1892116
	Average resident set size (kbytes): 0
	Major (requiring I/O) page faults: 0
	Minor (reclaiming a frame) page faults: 615573
	Voluntary context switches: 9992
	Involuntary context switches: 220
	Swaps: 0
	File system inputs: 0
	File system outputs: 24
	Socket messages sent: 0
	Socket messages received: 0
	Signals delivered: 0
	Page size (bytes): 4096
	Exit status: 0
