[info] total indices 224
[info] total variants 224
2.001 was filtered out as 96818105 T>A needs A but not covered
2.002 was filtered out as 96818105 T>A needs A but not covered
3.001 was filtered out as 96827029 C>T needs T but not covered
3.002 was filtered out as 96827029 C>T needs T but not covered
4.001 was filtered out as 96818118 G>C needs C but not covered
4.002 was filtered out as 96818118 G>C needs C but not covered
5.001 was filtered out as 96826970 delT needs N but not covered
6.001 was filtered out as 96824687 C>T needs T but not covered
7.001 was filtered out as 96824642 G>A needs A but not covered
8.001 was filtered out as 96824642 G>C needs C but not covered
9.001 was filtered out as 96818170 T>C needs C but not covered
10.001 was filtered out as 96802646 C>A needs A but not covered
11.001 was filtered out as 96805707 C>A needs A but not covered
12.001 was filtered out as 96796973 delCAA needs N but not covered
13.001 was filtered out as 96818241 A>C needs C but not covered
14.001 was filtered out as 96818198 C>G needs G but not covered
15.001 was filtered out as 96824657 C>T needs T but not covered
16.001 was filtered out as 96802803 A>G needs G but not covered
18.001 was filtered out as 96802714 G>A needs A but not covered
[filter] CYP2C8 1.001 => 1.001; 1.002; 1.003; 1.004; 1.005; 1.006; 1.007; 1.008; 1.009; 1.010; 1.011; 1.012; 1.013; 1.014; 1.015; 1.016; 1.017; 1.018
[filter] CYP2C8 17.001 => 17.001
[filter] valid_alleles=19
Step 0: Loss=0.2354, CN=[2.0999167]
Step 100: Loss=0.0552, CN=[2.7079582]
Step 200: Loss=0.0552, CN=[2.7049375]
Step 300: Loss=0.0552, CN=[2.7049475]
Step 400: Loss=0.0552, CN=[2.7049472]

=== Fit ===
Region 0: obs=2.766, exp=2.705, diff=+0.061 
Region 1: obs=2.787, exp=2.705, diff=+0.082 
Region 2: obs=3.284, exp=2.705, diff=+0.579 *
Region 3: obs=2.833, exp=2.705, diff=+0.128 
Region 4: obs=2.229, exp=2.705, diff=-0.476 
Region 5: obs=2.054, exp=2.705, diff=-0.651 *
Region 6: obs=2.196, exp=2.705, diff=-0.509 *
Region 7: obs=3.042, exp=2.705, diff=+0.337 
Region 8: obs=3.067, exp=2.705, diff=+0.362 
Region 9: obs=2.615, exp=2.705, diff=-0.090 
Region 10: obs=3.006, exp=2.705, diff=+0.301 
Region 11: obs=2.767, exp=2.705, diff=+0.062 
Region 12: obs=2.769, exp=2.705, diff=+0.064 
Region 13: obs=2.570, exp=2.705, diff=-0.135 
Region 14: obs=2.519, exp=2.705, diff=-0.186 
Region 15: obs=2.611, exp=2.705, diff=-0.094 
Region 16: obs=3.184, exp=2.705, diff=+0.480 
Region 17: obs=2.889, exp=2.705, diff=+0.184 
Region 18: obs=2.670, exp=2.705, diff=-0.035 
Region 19: obs=2.057, exp=2.705, diff=-0.647 *
Region 20: obs=2.661, exp=2.705, diff=-0.044 

[Gene CN Results]
  CYP2C8: 2.70 → 2.7049472332000732
Using device: cuda

CYP2C8*1.001:

CYP2C8*1.002:

CYP2C8*1.003:

CYP2C8*1.004:

CYP2C8*1.005:

CYP2C8*1.006:

CYP2C8*1.007:

CYP2C8*1.008:

CYP2C8*1.009:

CYP2C8*1.010:

CYP2C8*1.011:

CYP2C8*1.012:

CYP2C8*1.013:

CYP2C8*1.014:

CYP2C8*1.015:

CYP2C8*1.016:

CYP2C8*1.017:

CYP2C8*1.018:

CYP2C8*17.001:

=== Running VAE with seed 2048 ===
Global Pooled JS: 0.228052
functional kld weight 0.0
Seed 2048, Step    0: Loss = 382.05 (Recon: 328.11, Allele KL: 26.15, Base KL: 2060.24, Functional KL: 0.23
Global Pooled JS: 0.024356
functional kld weight 27.77777777777777
Seed 2048, Step  500: Loss = 142.44 (Recon: 96.85, Allele KL: 17.69, Base KL: 4026.63, Functional KL: 0.02
Global Pooled JS: 0.007692
functional kld weight 222.22222222222217
Seed 2048, Step 1000: Loss = 145.12 (Recon: 92.79, Allele KL: 22.91, Base KL: 4300.85, Functional KL: 0.01
Global Pooled JS: 0.005214
functional kld weight 750.0
Seed 2048, Step 1500: Loss = 143.55 (Recon: 88.91, Allele KL: 22.44, Base KL: 5110.67, Functional KL: 0.01
Global Pooled JS: 0.001901
functional kld weight 1777.7777777777774
Seed 2048, Step 2000: Loss = 148.87 (Recon: 91.92, Allele KL: 23.37, Base KL: 6777.48, Functional KL: 0.00
Global Pooled JS: 0.002493
functional kld weight 3472.222222222223
Seed 2048, Step 2500: Loss = 157.38 (Recon: 88.33, Allele KL: 29.23, Base KL: 7999.41, Functional KL: 0.00

Top Variants with Coverage Mismatches:
Rank   Variant                        Expected     Observed     Diff       |Div|       
------------------------------------------------------------------------------------------
1      CYP2C8:96818180→A              0.02         0.00         0.02       0.000191    
2      CYP2C8:96818180→N              0.02         0.00         0.02       0.000190    
3      CYP2C8:96818180→M              0.02         0.00         0.02       0.000187    
4      CYP2C8:96818180→G              0.02         0.00         0.02       0.000185    
5      CYP2C8:96818180→P              0.02         0.00         0.02       0.000184    
6      CYP2C8:96818180→T              19.96        23.00        -3.04      0.000080    
7      CYP2C8:96818180→C              24.98        27.00        -2.02      0.000047    
New best model with final loss: 154.06

=== Multi-Seed VAE Results ===
Best model had seed 2048 with final loss: 154.06
All seeds final losses:
  Seed 2048: Total=154.06 (Recon=90.52, A_KL=24.89, B_KL=9792.98) <- Best

[Raw]:
CYP2C8*17: Normalized=0.5578, Unnormalized=0.56
CYP2C8*1: Normalized=0.4422, Unnormalized=0.44

[Alleles]
CYP2C8*17
CYP2C8*1
	Command being timed: "python cyp.py CYP2C8 /project/shared/aldy-data/wgs/NA19143.wgs.cram 2048"
	User time (seconds): 96.13
	System time (seconds): 19.77
	Percent of CPU this job got: 99%
	Elapsed (wall clock) time (h:mm:ss or m:ss): 1:56.20
	Average shared text size (kbytes): 0
	Average unshared data size (kbytes): 0
	Average stack size (kbytes): 0
	Average total size (kbytes): 0
	Maximum resident set size (kbytes): 1899584
	Average resident set size (kbytes): 0
	Major (requiring I/O) page faults: 0
	Minor (reclaiming a frame) page faults: 485310
	Voluntary context switches: 9957
	Involuntary context switches: 194
	Swaps: 0
	File system inputs: 0
	File system outputs: 24
	Socket messages sent: 0
	Socket messages received: 0
	Signals delivered: 0
	Page size (bytes): 4096
	Exit status: 0
