[info] total indices 175
[info] total variants 175
3.002 was filtered out as 99273814 G>A needs A but not covered
3.003 was filtered out as 99270275 A>C needs C but not covered
3.004 was filtered out as 99245973 A>G needs G but not covered
3.005 was filtered out as 99264572 A>G needs G but not covered
3.006 was filtered out as 99247742 T>C needs C but not covered
3.007 was filtered out as 99247771 A>G needs G but not covered
3.008 was filtered out as 99273744 T>C needs C but not covered
3.009 was filtered out as 99262859 T>C needs C but not covered
3.010 was filtered out as 99250235 G>T needs T but not covered
3.017 was filtered out as 99262850 A>C needs C but not covered
6.001 was filtered out as 99262834 C>T needs T but not covered
7.001 was filtered out as 99250392 insA needs P but not covered
8.001 was filtered out as 99273820 G>A needs A but not covered
9.001 was filtered out as 99258138 C>T needs T but not covered
[filter] CYP3A5 1 => 1.001; 1.002; 1.003; 1.004; 1.005
[filter] CYP3A5 3 => 3.001; 3.012; 3.013; 3.014; 3.015; 3.016
[filter] valid_alleles=11
Step 0: Loss=0.0896, CN=[2.0999167]
Step 100: Loss=0.0450, CN=[2.326669]
Step 200: Loss=0.0450, CN=[2.3270473]
Step 300: Loss=0.0450, CN=[2.3270454]
Step 400: Loss=0.0450, CN=[2.3270457]

=== Fit ===
Region 0: obs=2.306, exp=2.327, diff=-0.021 
Region 1: obs=1.809, exp=2.327, diff=-0.518 *
Region 2: obs=1.614, exp=2.327, diff=-0.713 *
Region 3: obs=2.268, exp=2.327, diff=-0.059 
Region 4: obs=2.814, exp=2.327, diff=+0.486 
Region 5: obs=2.164, exp=2.327, diff=-0.163 
Region 6: obs=2.411, exp=2.327, diff=+0.084 
Region 7: obs=2.163, exp=2.327, diff=-0.164 
Region 8: obs=2.037, exp=2.327, diff=-0.290 
Region 9: obs=2.285, exp=2.327, diff=-0.042 
Region 10: obs=2.368, exp=2.327, diff=+0.041 
Region 11: obs=2.625, exp=2.327, diff=+0.298 
Region 12: obs=2.563, exp=2.327, diff=+0.236 
Region 13: obs=2.359, exp=2.327, diff=+0.032 
Region 14: obs=2.789, exp=2.327, diff=+0.462 
Region 15: obs=2.395, exp=2.327, diff=+0.068 
Region 16: obs=2.624, exp=2.327, diff=+0.297 
Region 17: obs=2.332, exp=2.327, diff=+0.005 
Region 18: obs=2.068, exp=2.327, diff=-0.259 
Region 19: obs=2.251, exp=2.327, diff=-0.076 
Region 20: obs=1.648, exp=2.327, diff=-0.679 *
Region 21: obs=2.297, exp=2.327, diff=-0.030 
Region 22: obs=2.035, exp=2.327, diff=-0.292 
Region 23: obs=2.305, exp=2.327, diff=-0.022 
Region 24: obs=2.451, exp=2.327, diff=+0.124 
Region 25: obs=2.189, exp=2.327, diff=-0.138 
Region 26: obs=2.530, exp=2.327, diff=+0.203 
Region 27: obs=2.904, exp=2.327, diff=+0.577 *
Region 28: obs=2.548, exp=2.327, diff=+0.221 

[Gene CN Results]
  CYP3A5: 2.33 → 2.3270456790924072
Using device: cuda

CYP3A5*1.001:

CYP3A5*1.002:

CYP3A5*1.003:

CYP3A5*1.004:

CYP3A5*1.005:

CYP3A5*3.001:

CYP3A5*3.012:

CYP3A5*3.013:

CYP3A5*3.014:

CYP3A5*3.015:

CYP3A5*3.016:

=== Running VAE with seed 123 ===
Global Pooled JS: 0.078881
functional kld weight 0.0
Seed 123, Step    0: Loss = 177.44 (Recon: 141.69, Allele KL: 9.11, Base KL: 570.75, Functional KL: 0.08
Global Pooled JS: 0.010760
functional kld weight 27.77777777777777
Seed 123, Step  500: Loss = 102.17 (Recon: 59.42, Allele KL: 15.76, Base KL: 3299.52, Functional KL: 0.01
Global Pooled JS: 0.015337
functional kld weight 222.22222222222217
Seed 123, Step 1000: Loss = 110.64 (Recon: 67.65, Allele KL: 12.04, Base KL: 3687.27, Functional KL: 0.02
Global Pooled JS: 0.004803
functional kld weight 750.0
Seed 123, Step 1500: Loss = 108.70 (Recon: 58.95, Allele KL: 18.53, Base KL: 4335.26, Functional KL: 0.00
Global Pooled JS: 0.003132
functional kld weight 1777.7777777777774
Seed 123, Step 2000: Loss = 109.21 (Recon: 58.63, Allele KL: 16.06, Base KL: 5778.05, Functional KL: 0.00
Global Pooled JS: 0.002152
functional kld weight 3472.222222222223
Seed 123, Step 2500: Loss = 114.38 (Recon: 62.41, Allele KL: 13.47, Base KL: 7509.07, Functional KL: 0.00

Top Variants with Coverage Mismatches:
Rank   Variant                        Expected     Observed     Diff       |Div|       
------------------------------------------------------------------------------------------
1      CYP3A5:99270538→N              0.03         0.00         0.03       0.000250    
2      CYP3A5:99270538→A              0.03         0.00         0.03       0.000248    
3      CYP3A5:99270538→G              0.03         0.00         0.03       0.000248    
4      CYP3A5:99270538→M              0.03         0.00         0.03       0.000247    
5      CYP3A5:99270538→P              0.03         0.00         0.03       0.000245    
6      CYP3A5:99270538→C              25.48        26.00        -0.52      0.000007    
7      CYP3A5:99270538→T              21.85        22.00        -0.15      0.000001    
New best model with final loss: 130.90

=== Multi-Seed VAE Results ===
Best model had seed 123 with final loss: 130.90
All seeds final losses:
  Seed 123: Total=130.90 (Recon=61.40, A_KL=19.42, B_KL=9527.64) <- Best

[Raw]:
CYP3A5*3: Normalized=0.5408, Unnormalized=0.54
CYP3A5*1: Normalized=0.4592, Unnormalized=0.46

[Alleles]
CYP3A5*3
CYP3A5*1
	Command being timed: "python cyp.py CYP3A5 /project/shared/aldy-data/wgs/NA12003.wgs.cram 123"
	User time (seconds): 52.04
	System time (seconds): 11.07
	Percent of CPU this job got: 98%
	Elapsed (wall clock) time (h:mm:ss or m:ss): 1:04.10
	Average shared text size (kbytes): 0
	Average unshared data size (kbytes): 0
	Average stack size (kbytes): 0
	Average total size (kbytes): 0
	Maximum resident set size (kbytes): 1911008
	Average resident set size (kbytes): 0
	Major (requiring I/O) page faults: 0
	Minor (reclaiming a frame) page faults: 640520
	Voluntary context switches: 9830
	Involuntary context switches: 1368
	Swaps: 0
	File system inputs: 0
	File system outputs: 24
	Socket messages sent: 0
	Socket messages received: 0
	Signals delivered: 0
	Page size (bytes): 4096
	Exit status: 0
