[info] total indices 175
[info] total variants 175
1.001 was filtered out as 99270538 T>C needs T but not covered
1.002 was filtered out as 99270538 T>C needs T but not covered
1.003 was filtered out as 99270538 T>C needs T but not covered
1.004 was filtered out as 99270538 T>C needs T but not covered
1.005 was filtered out as 99270538 T>C needs T but not covered
3.002 was filtered out as 99273814 G>A needs A but not covered
3.003 was filtered out as 99270275 A>C needs C but not covered
3.004 was filtered out as 99245973 A>G needs G but not covered
3.005 was filtered out as 99264572 A>G needs G but not covered
3.006 was filtered out as 99247742 T>C needs C but not covered
3.007 was filtered out as 99247771 A>G needs G but not covered
3.008 was filtered out as 99273744 T>C needs C but not covered
3.009 was filtered out as 99262859 T>C needs C but not covered
3.010 was filtered out as 99250235 G>T needs T but not covered
3.017 was filtered out as 99262850 A>C needs C but not covered
6.001 was filtered out as 99270538 T>C needs T but not covered
7.001 was filtered out as 99270538 T>C needs T but not covered
8.001 was filtered out as 99270538 T>C needs T but not covered
9.001 was filtered out as 99270538 T>C needs T but not covered
[filter] CYP3A5 3 => 3.001; 3.012; 3.013; 3.014; 3.015; 3.016
[filter] valid_alleles=6
Step 0: Loss=0.2124, CN=[2.0999167]
Step 100: Loss=0.0611, CN=[2.6354022]
Step 200: Loss=0.0611, CN=[2.6353552]
Step 300: Loss=0.0611, CN=[2.635347]
Step 400: Loss=0.0611, CN=[2.6353467]

=== Fit ===
Region 0: obs=2.582, exp=2.635, diff=-0.054 
Region 1: obs=2.759, exp=2.635, diff=+0.123 
Region 2: obs=2.835, exp=2.635, diff=+0.200 
Region 3: obs=2.501, exp=2.635, diff=-0.135 
Region 4: obs=2.263, exp=2.635, diff=-0.373 
Region 5: obs=2.358, exp=2.635, diff=-0.277 
Region 6: obs=2.041, exp=2.635, diff=-0.594 *
Region 7: obs=2.739, exp=2.635, diff=+0.104 
Region 8: obs=2.869, exp=2.635, diff=+0.234 
Region 9: obs=2.695, exp=2.635, diff=+0.060 
Region 10: obs=2.004, exp=2.635, diff=-0.631 *
Region 11: obs=2.450, exp=2.635, diff=-0.186 
Region 12: obs=1.974, exp=2.635, diff=-0.661 *
Region 13: obs=2.769, exp=2.635, diff=+0.134 
Region 14: obs=2.929, exp=2.635, diff=+0.293 
Region 15: obs=3.045, exp=2.635, diff=+0.409 
Region 16: obs=3.144, exp=2.635, diff=+0.509 *
Region 17: obs=2.781, exp=2.635, diff=+0.146 
Region 18: obs=3.591, exp=2.635, diff=+0.956 *
Region 19: obs=2.869, exp=2.635, diff=+0.234 
Region 20: obs=2.627, exp=2.635, diff=-0.008 
Region 21: obs=2.579, exp=2.635, diff=-0.056 
Region 22: obs=2.359, exp=2.635, diff=-0.277 
Region 23: obs=2.475, exp=2.635, diff=-0.161 
Region 24: obs=2.348, exp=2.635, diff=-0.287 
Region 25: obs=2.637, exp=2.635, diff=+0.002 
Region 26: obs=3.342, exp=2.635, diff=+0.706 *
Region 27: obs=2.421, exp=2.635, diff=-0.214 
Region 28: obs=2.724, exp=2.635, diff=+0.089 

[Gene CN Results]
  CYP3A5: 2.64 → 2.6353466510772705
Using device: cuda

CYP3A5*3.001:

CYP3A5*3.012:

CYP3A5*3.013:

CYP3A5*3.014:

CYP3A5*3.015:

CYP3A5*3.016:

=== Running VAE with seed 123 ===
Global Pooled JS: 0.017471
functional kld weight 0.0
Seed 123, Step    0: Loss = 175.89 (Recon: 147.61, Allele KL: 2.92, Base KL: 164.47, Functional KL: 0.02
Global Pooled JS: 0.008346
functional kld weight 27.77777777777777
Seed 123, Step  500: Loss = 59.74 (Recon: 25.92, Allele KL: 9.09, Base KL: 4802.13, Functional KL: 0.01
Global Pooled JS: 0.007070
functional kld weight 222.22222222222217
Seed 123, Step 1000: Loss = 64.02 (Recon: 28.64, Allele KL: 8.32, Base KL: 5513.29, Functional KL: 0.01
Global Pooled JS: 0.004710
functional kld weight 750.0
Seed 123, Step 1500: Loss = 65.55 (Recon: 26.96, Allele KL: 8.42, Base KL: 6886.18, Functional KL: 0.00
Global Pooled JS: 0.002854
functional kld weight 1777.7777777777774
Seed 123, Step 2000: Loss = 69.55 (Recon: 24.50, Allele KL: 11.69, Base KL: 9001.93, Functional KL: 0.00
Global Pooled JS: 0.001877
functional kld weight 3472.222222222223
Seed 123, Step 2500: Loss = 73.97 (Recon: 23.65, Allele KL: 13.32, Base KL: 11614.97, Functional KL: 0.00

Top Variants with Coverage Mismatches:
Rank   Variant                        Expected     Observed     Diff       |Div|       
------------------------------------------------------------------------------------------
1      CYP3A5:99270538→A              0.04         0.00         0.04       0.000260    
2      CYP3A5:99270538→G              0.04         0.00         0.04       0.000258    
3      CYP3A5:99270538→T              0.04         0.00         0.04       0.000257    
4      CYP3A5:99270538→P              0.04         0.00         0.04       0.000257    
5      CYP3A5:99270538→N              0.04         0.00         0.04       0.000256    
6      CYP3A5:99270538→M              0.04         0.00         0.04       0.000250    
7      CYP3A5:99270538→C              49.78        65.00        -15.22     0.000002    
New best model with final loss: 78.96

=== Multi-Seed VAE Results ===
Best model had seed 123 with final loss: 78.96
All seeds final losses:
  Seed 123: Total=78.96 (Recon=25.12, A_KL=10.58, B_KL=14089.05) <- Best

[Raw]:
CYP3A5*3: Normalized=1.0000, Unnormalized=1.00

[Alleles]
CYP3A5*3
CYP3A5*3
	Command being timed: "python cyp.py CYP3A5 /project/shared/aldy-data/wgs/NA19007.wgs.cram 123"
	User time (seconds): 51.44
	System time (seconds): 11.35
	Percent of CPU this job got: 99%
	Elapsed (wall clock) time (h:mm:ss or m:ss): 1:03.41
	Average shared text size (kbytes): 0
	Average unshared data size (kbytes): 0
	Average stack size (kbytes): 0
	Average total size (kbytes): 0
	Maximum resident set size (kbytes): 1895568
	Average resident set size (kbytes): 0
	Major (requiring I/O) page faults: 0
	Minor (reclaiming a frame) page faults: 632742
	Voluntary context switches: 10089
	Involuntary context switches: 845
	Swaps: 0
	File system inputs: 0
	File system outputs: 24
	Socket messages sent: 0
	Socket messages received: 0
	Signals delivered: 0
	Page size (bytes): 4096
	Exit status: 0
