[info] total indices 441
[info] total variants 441
2.001 was filtered out as 41497273 C>T needs T but not covered
2.002 was filtered out as 41497273 C>T needs T but not covered
3.001 was filtered out as 41515254 C>A needs A but not covered
5.001 was filtered out as 41522714 C>T needs T but not covered
5.002 was filtered out as 41522714 C>T needs T but not covered
5.003 was filtered out as 41522714 C>T needs T but not covered
7.001 was filtered out as 41522714 C>T needs T but not covered
8.001 was filtered out as 41510281 A>G needs G but not covered
10.001 was filtered out as 41497273 C>T needs T but not covered
11.001 was filtered out as 41497345 A>G needs G but not covered
12.001 was filtered out as 41510029 G>A needs A but not covered
13.001 was filtered out as 41510281 A>G needs G but not covered
14.001 was filtered out as 41510285 G>A needs A but not covered
15.001 was filtered out as 41518597 T>A needs A but not covered
17.001 was filtered out as 41497285 A>T needs T but not covered
17.002 was filtered out as 41497285 A>T needs T but not covered
18.001 was filtered out as 41518220 T>C needs C but not covered
18.002 was filtered out as 41518220 T>C needs C but not covered
19.001 was filtered out as 41518243 C>T needs T but not covered
20.001 was filtered out as 41512827 C>T needs T but not covered
21.001 was filtered out as 41518707 C>A needs A but not covered
22.001 was filtered out as 41497128 T>C needs C but not covered
23.001 was filtered out as 41522630 A>G needs G but not covered
24.001 was filtered out as 41522682 G>A needs A but not covered
25.001 was filtered out as 41522709 A>T needs T but not covered
26.001 was filtered out as 41512823 C>G needs G but not covered
27.001 was filtered out as 41512917 T>C needs C but not covered
28.001 was filtered out as 41515992 C>G needs G but not covered
31.001 was filtered out as 41516012 C>A needs A but not covered
32.001 was filtered out as 41518644 G>A needs A but not covered
33.001 was filtered out as 41522714 C>A needs A but not covered
34.001 was filtered out as 41497128 T>C needs C but not covered
35.001 was filtered out as 41497128 T>C needs C but not covered
36.001 was filtered out as 41497128 T>C needs C but not covered
37.001 was filtered out as 41512872 T>G needs G but not covered
38.001 was filtered out as 41509919 T>A needs A but not covered
[filter] CYP2B6 1 => 1.001; 1.002; 1.003; 1.004; 1.005; 1.006; 1.007; 1.008; 1.009; 1.010; 1.011; 1.012; 1.013; 1.014; 1.015
[filter] CYP2B6 4 => 4.001; 4.002
[filter] CYP2B6 6 => 6.001; 6.002; 6.003; 6.004
[filter] CYP2B6 9 => 9.001
[filter] valid_alleles=22
Step 0: Loss=0.0286, CN=[2.0999167]
Step 100: Loss=0.0205, CN=[2.1281967]
Step 200: Loss=0.0205, CN=[2.127779]
Step 300: Loss=0.0205, CN=[2.1277766]
Step 400: Loss=0.0205, CN=[2.1277766]

=== Fit ===
Region 0: obs=2.267, exp=2.128, diff=+0.139 
Region 1: obs=2.104, exp=2.128, diff=-0.024 
Region 2: obs=2.264, exp=2.128, diff=+0.136 
Region 3: obs=2.238, exp=2.128, diff=+0.110 
Region 4: obs=2.003, exp=2.128, diff=-0.124 
Region 5: obs=1.980, exp=2.128, diff=-0.148 
Region 6: obs=2.545, exp=2.128, diff=+0.418 
Region 7: obs=1.998, exp=2.128, diff=-0.129 
Region 8: obs=1.961, exp=2.128, diff=-0.166 
Region 9: obs=1.925, exp=2.128, diff=-0.203 
Region 10: obs=1.724, exp=2.128, diff=-0.404 
Region 11: obs=1.804, exp=2.128, diff=-0.324 
Region 12: obs=2.201, exp=2.128, diff=+0.073 
Region 13: obs=2.408, exp=2.128, diff=+0.280 
Region 14: obs=2.186, exp=2.128, diff=+0.059 
Region 15: obs=2.124, exp=2.128, diff=-0.003 
Region 16: obs=1.943, exp=2.128, diff=-0.185 
Region 17: obs=2.241, exp=2.128, diff=+0.114 
Region 18: obs=2.052, exp=2.128, diff=-0.075 
Region 19: obs=2.376, exp=2.128, diff=+0.248 
Region 20: obs=2.339, exp=2.128, diff=+0.211 

[Gene CN Results]
  CYP2B6: 2.13 → 2.127776861190796
Using device: cuda

CYP2B6*1.001:

CYP2B6*1.002:

CYP2B6*1.003:

CYP2B6*1.004:

CYP2B6*1.005:

CYP2B6*1.006:

CYP2B6*1.007:

CYP2B6*1.008:

CYP2B6*1.009:

CYP2B6*1.010:

CYP2B6*1.011:

CYP2B6*1.012:

CYP2B6*1.013:

CYP2B6*1.014:

CYP2B6*1.015:

CYP2B6*4.001:

CYP2B6*4.002:

CYP2B6*6.001:

CYP2B6*6.002:

CYP2B6*6.003:

CYP2B6*6.004:

CYP2B6*9.001:

=== Running VAE with seed 2048 ===
Global Pooled JS: 0.068472
functional kld weight 0.0
Seed 2048, Step    0: Loss = 789.74 (Recon: 735.52, Allele KL: 25.75, Base KL: 3228.40, Functional KL: 0.07
Global Pooled JS: 0.007876
functional kld weight 27.77777777777777
Seed 2048, Step  500: Loss = 249.72 (Recon: 194.67, Allele KL: 27.97, Base KL: 2055.88, Functional KL: 0.01
Global Pooled JS: 0.015543
functional kld weight 222.22222222222217
Seed 2048, Step 1000: Loss = 255.34 (Recon: 187.17, Allele KL: 38.15, Base KL: 2219.71, Functional KL: 0.02
Global Pooled JS: 0.007349
functional kld weight 750.0
Seed 2048, Step 1500: Loss = 251.60 (Recon: 186.38, Allele KL: 32.36, Base KL: 2743.49, Functional KL: 0.01
Global Pooled JS: 0.005442
functional kld weight 1777.7777777777774
Seed 2048, Step 2000: Loss = 258.48 (Recon: 191.57, Allele KL: 28.41, Base KL: 4123.30, Functional KL: 0.01
Global Pooled JS: 0.005591
functional kld weight 3472.222222222223
Seed 2048, Step 2500: Loss = 274.71 (Recon: 195.77, Allele KL: 29.00, Base KL: 5631.73, Functional KL: 0.01

Top Variants with Coverage Mismatches:
Rank   Variant                        Expected     Observed     Diff       |Div|       
------------------------------------------------------------------------------------------
1      CYP2B6:41512840→T              16.43        10.00        6.43       0.001035    
2      CYP2B6:41515262→G              17.22        15.00        2.22       0.000606    
3      CYP2B6:41512840→A              0.04         0.00         0.04       0.000164    
4      CYP2B6:41515262→P              0.04         0.00         0.04       0.000164    
5      CYP2B6:41515262→M              0.04         0.00         0.04       0.000163    
6      CYP2B6:41512840→M              0.04         0.00         0.04       0.000162    
7      CYP2B6:41515262→C              0.04         0.00         0.04       0.000162    
8      CYP2B6:41512840→N              0.04         0.00         0.04       0.000162    
9      CYP2B6:41512840→C              0.04         0.00         0.04       0.000161    
10     CYP2B6:41515262→T              0.04         0.00         0.04       0.000161    
11     CYP2B6:41515262→N              0.04         0.00         0.04       0.000160    
12     CYP2B6:41512840→P              0.04         0.00         0.04       0.000159    
13     CYP2B6:41512840→G              23.88        19.00        4.88       0.000115    
14     CYP2B6:41515262→A              23.09        17.00        6.09       0.000018    
New best model with final loss: 277.46

=== Multi-Seed VAE Results ===
Best model had seed 2048 with final loss: 277.46
All seeds final losses:
  Seed 2048: Total=277.46 (Recon=194.09, A_KL=27.37, B_KL=8079.51) <- Best

[Raw]:
CYP2B6*1: Normalized=0.5657, Unnormalized=0.57
CYP2B6*6: Normalized=0.4083, Unnormalized=0.41

[Alleles]
CYP2B6*1
CYP2B6*6
	Command being timed: "python cyp.py CYP2B6 /project/shared/aldy-data/wgs/NA18868.wgs.cram 2048"
	User time (seconds): 52.91
	System time (seconds): 11.40
	Percent of CPU this job got: 98%
	Elapsed (wall clock) time (h:mm:ss or m:ss): 1:04.97
	Average shared text size (kbytes): 0
	Average unshared data size (kbytes): 0
	Average stack size (kbytes): 0
	Average total size (kbytes): 0
	Maximum resident set size (kbytes): 1870784
	Average resident set size (kbytes): 0
	Major (requiring I/O) page faults: 0
	Minor (reclaiming a frame) page faults: 507072
	Voluntary context switches: 10631
	Involuntary context switches: 1107
	Swaps: 0
	File system inputs: 0
	File system outputs: 24
	Socket messages sent: 0
	Socket messages received: 0
	Signals delivered: 0
	Page size (bytes): 4096
	Exit status: 0
