[info] total indices 441
[info] total variants 441
2.001 was filtered out as 41497273 C>T needs T but not covered
2.002 was filtered out as 41497273 C>T needs T but not covered
3.001 was filtered out as 41515254 C>A needs A but not covered
5.001 was filtered out as 41522714 C>T needs T but not covered
5.002 was filtered out as 41522714 C>T needs T but not covered
5.003 was filtered out as 41522714 C>T needs T but not covered
7.001 was filtered out as 41522714 C>T needs T but not covered
8.001 was filtered out as 41510281 A>G needs G but not covered
10.001 was filtered out as 41497273 C>T needs T but not covered
11.001 was filtered out as 41497345 A>G needs G but not covered
12.001 was filtered out as 41510029 G>A needs A but not covered
13.001 was filtered out as 41510281 A>G needs G but not covered
14.001 was filtered out as 41510285 G>A needs A but not covered
15.001 was filtered out as 41518597 T>A needs A but not covered
17.001 was filtered out as 41497285 A>T needs T but not covered
17.002 was filtered out as 41497285 A>T needs T but not covered
18.001 was filtered out as 41518220 T>C needs C but not covered
18.002 was filtered out as 41518220 T>C needs C but not covered
19.001 was filtered out as 41518243 C>T needs T but not covered
20.001 was filtered out as 41512827 C>T needs T but not covered
21.001 was filtered out as 41518707 C>A needs A but not covered
22.001 was filtered out as 41497128 T>C needs C but not covered
23.001 was filtered out as 41522630 A>G needs G but not covered
24.001 was filtered out as 41522682 G>A needs A but not covered
25.001 was filtered out as 41522709 A>T needs T but not covered
26.001 was filtered out as 41512823 C>G needs G but not covered
27.001 was filtered out as 41512917 T>C needs C but not covered
28.001 was filtered out as 41515992 C>G needs G but not covered
31.001 was filtered out as 41516012 C>A needs A but not covered
32.001 was filtered out as 41518644 G>A needs A but not covered
33.001 was filtered out as 41522714 C>A needs A but not covered
34.001 was filtered out as 41497128 T>C needs C but not covered
35.001 was filtered out as 41497128 T>C needs C but not covered
36.001 was filtered out as 41497128 T>C needs C but not covered
37.001 was filtered out as 41512872 T>G needs G but not covered
38.001 was filtered out as 41509919 T>A needs A but not covered
[filter] CYP2B6 1 => 1.001; 1.002; 1.003; 1.004; 1.005; 1.006; 1.007; 1.008; 1.009; 1.010; 1.011; 1.012; 1.013; 1.014; 1.015
[filter] CYP2B6 4 => 4.001; 4.002
[filter] CYP2B6 6 => 6.001; 6.002; 6.003; 6.004
[filter] CYP2B6 9 => 9.001
[filter] valid_alleles=22
Step 0: Loss=0.0455, CN=[1.9000834]
Step 100: Loss=0.0446, CN=[1.9541329]
Step 200: Loss=0.0446, CN=[1.9544142]
Step 300: Loss=0.0446, CN=[1.9544125]
Step 400: Loss=0.0446, CN=[1.9544129]

=== Fit ===
Region 0: obs=2.015, exp=1.954, diff=+0.060 
Region 1: obs=2.902, exp=1.954, diff=+0.947 *
Region 2: obs=2.007, exp=1.954, diff=+0.053 
Region 3: obs=2.037, exp=1.954, diff=+0.083 
Region 4: obs=1.586, exp=1.954, diff=-0.369 
Region 5: obs=1.491, exp=1.954, diff=-0.463 
Region 6: obs=2.248, exp=1.954, diff=+0.293 
Region 7: obs=1.993, exp=1.954, diff=+0.039 
Region 8: obs=1.758, exp=1.954, diff=-0.196 
Region 9: obs=1.838, exp=1.954, diff=-0.116 
Region 10: obs=1.829, exp=1.954, diff=-0.125 
Region 11: obs=1.890, exp=1.954, diff=-0.064 
Region 12: obs=1.811, exp=1.954, diff=-0.144 
Region 13: obs=2.548, exp=1.954, diff=+0.594 *
Region 14: obs=1.630, exp=1.954, diff=-0.324 
Region 15: obs=1.716, exp=1.954, diff=-0.239 
Region 16: obs=1.940, exp=1.954, diff=-0.015 
Region 17: obs=2.111, exp=1.954, diff=+0.157 
Region 18: obs=2.269, exp=1.954, diff=+0.315 
Region 19: obs=1.961, exp=1.954, diff=+0.007 
Region 20: obs=2.004, exp=1.954, diff=+0.049 

[Gene CN Results]
  CYP2B6: 1.95 → 1.9544119834899902
Using device: cuda

CYP2B6*1.001:

CYP2B6*1.002:

CYP2B6*1.003:

CYP2B6*1.004:

CYP2B6*1.005:

CYP2B6*1.006:

CYP2B6*1.007:

CYP2B6*1.008:

CYP2B6*1.009:

CYP2B6*1.010:

CYP2B6*1.011:

CYP2B6*1.012:

CYP2B6*1.013:

CYP2B6*1.014:

CYP2B6*1.015:

CYP2B6*4.001:

CYP2B6*4.002:

CYP2B6*6.001:

CYP2B6*6.002:

CYP2B6*6.003:

CYP2B6*6.004:

CYP2B6*9.001:

=== Running VAE with seed 2048 ===
Global Pooled JS: 0.051215
functional kld weight 0.0
Seed 2048, Step    0: Loss = 474.46 (Recon: 434.39, Allele KL: 12.21, Base KL: 2147.64, Functional KL: 0.05
Global Pooled JS: 0.006627
functional kld weight 27.77777777777777
Seed 2048, Step  500: Loss = 233.61 (Recon: 182.54, Allele KL: 24.68, Base KL: 1312.51, Functional KL: 0.01
Global Pooled JS: 0.008514
functional kld weight 222.22222222222217
Seed 2048, Step 1000: Loss = 231.97 (Recon: 177.64, Allele KL: 26.13, Base KL: 1541.81, Functional KL: 0.01
Global Pooled JS: 0.011195
functional kld weight 750.0
Seed 2048, Step 1500: Loss = 237.33 (Recon: 175.91, Allele KL: 26.50, Base KL: 1962.97, Functional KL: 0.01
Global Pooled JS: 0.003671
functional kld weight 1777.7777777777774
Seed 2048, Step 2000: Loss = 240.81 (Recon: 181.35, Allele KL: 25.16, Base KL: 3034.53, Functional KL: 0.00
Global Pooled JS: 0.003761
functional kld weight 3472.222222222223
Seed 2048, Step 2500: Loss = 251.24 (Recon: 182.14, Allele KL: 26.48, Base KL: 4890.76, Functional KL: 0.00

Top Variants with Coverage Mismatches:
Rank   Variant                        Expected     Observed     Diff       |Div|       
------------------------------------------------------------------------------------------
1      CYP2B6:41515262→G              10.76        10.00        0.76       0.000418    
2      CYP2B6:41512840→T              10.81        13.00        -2.19      0.000361    
3      CYP2B6:41515262→M              0.03         0.00         0.03       0.000157    
4      CYP2B6:41515262→C              0.03         0.00         0.03       0.000157    
5      CYP2B6:41515262→P              0.03         0.00         0.03       0.000157    
6      CYP2B6:41515262→T              0.03         0.00         0.03       0.000155    
7      CYP2B6:41515262→N              0.03         0.00         0.03       0.000152    
8      CYP2B6:41512840→P              0.02         0.00         0.02       0.000146    
9      CYP2B6:41512840→M              0.02         0.00         0.02       0.000145    
10     CYP2B6:41512840→C              0.02         0.00         0.02       0.000145    
11     CYP2B6:41512840→N              0.02         0.00         0.02       0.000144    
12     CYP2B6:41512840→A              0.02         0.00         0.02       0.000141    
13     CYP2B6:41515262→A              17.71        20.00        -2.29      0.000131    
14     CYP2B6:41512840→G              17.67        18.00        -0.33      0.000079    
New best model with final loss: 259.52

=== Multi-Seed VAE Results ===
Best model had seed 2048 with final loss: 259.52
All seeds final losses:
  Seed 2048: Total=259.52 (Recon=183.47, A_KL=26.12, B_KL=6834.40) <- Best

[Raw]:
CYP2B6*1: Normalized=0.6095, Unnormalized=0.61
CYP2B6*6: Normalized=0.3747, Unnormalized=0.37

[Alleles]
CYP2B6*1
CYP2B6*6
	Command being timed: "python cyp.py CYP2B6 /project/shared/aldy-data/wgs/NA18518.wgs.cram 2048"
	User time (seconds): 53.36
	System time (seconds): 12.10
	Percent of CPU this job got: 98%
	Elapsed (wall clock) time (h:mm:ss or m:ss): 1:06.49
	Average shared text size (kbytes): 0
	Average unshared data size (kbytes): 0
	Average stack size (kbytes): 0
	Average total size (kbytes): 0
	Maximum resident set size (kbytes): 1839220
	Average resident set size (kbytes): 0
	Major (requiring I/O) page faults: 0
	Minor (reclaiming a frame) page faults: 577235
	Voluntary context switches: 10004
	Involuntary context switches: 109
	Swaps: 0
	File system inputs: 0
	File system outputs: 24
	Socket messages sent: 0
	Socket messages received: 0
	Signals delivered: 0
	Page size (bytes): 4096
	Exit status: 0
