[info] total indices 441
[info] total variants 441
2.001 was filtered out as 41497273 C>T needs T but not covered
2.002 was filtered out as 41497273 C>T needs T but not covered
3.001 was filtered out as 41515254 C>A needs A but not covered
5.001 was filtered out as 41522714 C>T needs T but not covered
5.002 was filtered out as 41522714 C>T needs T but not covered
5.003 was filtered out as 41522714 C>T needs T but not covered
7.001 was filtered out as 41522714 C>T needs T but not covered
8.001 was filtered out as 41510281 A>G needs G but not covered
10.001 was filtered out as 41497273 C>T needs T but not covered
11.001 was filtered out as 41497345 A>G needs G but not covered
12.001 was filtered out as 41510029 G>A needs A but not covered
13.001 was filtered out as 41510281 A>G needs G but not covered
14.001 was filtered out as 41510285 G>A needs A but not covered
15.001 was filtered out as 41518597 T>A needs A but not covered
17.001 was filtered out as 41497285 A>T needs T but not covered
17.002 was filtered out as 41497285 A>T needs T but not covered
18.001 was filtered out as 41518220 T>C needs C but not covered
18.002 was filtered out as 41518220 T>C needs C but not covered
19.001 was filtered out as 41518243 C>T needs T but not covered
20.001 was filtered out as 41512827 C>T needs T but not covered
21.001 was filtered out as 41518707 C>A needs A but not covered
22.001 was filtered out as 41497128 T>C needs C but not covered
23.001 was filtered out as 41522630 A>G needs G but not covered
24.001 was filtered out as 41522682 G>A needs A but not covered
25.001 was filtered out as 41522709 A>T needs T but not covered
26.001 was filtered out as 41512823 C>G needs G but not covered
27.001 was filtered out as 41512917 T>C needs C but not covered
28.001 was filtered out as 41515992 C>G needs G but not covered
31.001 was filtered out as 41516012 C>A needs A but not covered
32.001 was filtered out as 41518644 G>A needs A but not covered
33.001 was filtered out as 41522714 C>A needs A but not covered
34.001 was filtered out as 41497128 T>C needs C but not covered
35.001 was filtered out as 41497128 T>C needs C but not covered
36.001 was filtered out as 41497128 T>C needs C but not covered
37.001 was filtered out as 41512872 T>G needs G but not covered
38.001 was filtered out as 41509919 T>A needs A but not covered
[filter] CYP2B6 1 => 1.001; 1.002; 1.003; 1.004; 1.005; 1.006; 1.007; 1.008; 1.009; 1.010; 1.011; 1.012; 1.013; 1.014; 1.015
[filter] CYP2B6 4 => 4.001; 4.002
[filter] CYP2B6 6 => 6.001; 6.002; 6.003; 6.004
[filter] CYP2B6 9 => 9.001
[filter] valid_alleles=22
Step 0: Loss=0.0554, CN=[1.9000832]
Step 100: Loss=0.0485, CN=[1.8733734]
Step 200: Loss=0.0485, CN=[1.8739266]
Step 300: Loss=0.0485, CN=[1.8739266]
Step 400: Loss=0.0485, CN=[1.8739268]

=== Fit ===
Region 0: obs=1.858, exp=1.874, diff=-0.016 
Region 1: obs=2.958, exp=1.874, diff=+1.084 *
Region 2: obs=2.301, exp=1.874, diff=+0.427 
Region 3: obs=1.814, exp=1.874, diff=-0.060 
Region 4: obs=1.899, exp=1.874, diff=+0.026 
Region 5: obs=1.738, exp=1.874, diff=-0.136 
Region 6: obs=2.189, exp=1.874, diff=+0.315 
Region 7: obs=1.815, exp=1.874, diff=-0.059 
Region 8: obs=1.288, exp=1.874, diff=-0.586 *
Region 9: obs=1.687, exp=1.874, diff=-0.187 
Region 10: obs=2.037, exp=1.874, diff=+0.163 
Region 11: obs=2.151, exp=1.874, diff=+0.277 
Region 12: obs=1.764, exp=1.874, diff=-0.110 
Region 13: obs=2.001, exp=1.874, diff=+0.127 
Region 14: obs=1.569, exp=1.874, diff=-0.305 
Region 15: obs=1.962, exp=1.874, diff=+0.088 
Region 16: obs=2.071, exp=1.874, diff=+0.197 
Region 17: obs=1.757, exp=1.874, diff=-0.116 
Region 18: obs=1.397, exp=1.874, diff=-0.477 
Region 19: obs=1.788, exp=1.874, diff=-0.086 
Region 20: obs=1.808, exp=1.874, diff=-0.066 

[Gene CN Results]
  CYP2B6: 1.87 → 1.8739266395568848
Using device: cuda

CYP2B6*1.001:

CYP2B6*1.002:

CYP2B6*1.003:

CYP2B6*1.004:

CYP2B6*1.005:

CYP2B6*1.006:

CYP2B6*1.007:

CYP2B6*1.008:

CYP2B6*1.009:

CYP2B6*1.010:

CYP2B6*1.011:

CYP2B6*1.012:

CYP2B6*1.013:

CYP2B6*1.014:

CYP2B6*1.015:

CYP2B6*4.001:

CYP2B6*4.002:

CYP2B6*6.001:

CYP2B6*6.002:

CYP2B6*6.003:

CYP2B6*6.004:

CYP2B6*9.001:

=== Running VAE with seed 2048 ===
Global Pooled JS: 0.025559
functional kld weight 0.0
Seed 2048, Step    0: Loss = 338.16 (Recon: 288.14, Allele KL: 21.14, Base KL: 2993.56, Functional KL: 0.03
Global Pooled JS: 0.026369
functional kld weight 27.77777777777777
Seed 2048, Step  500: Loss = 192.37 (Recon: 149.78, Allele KL: 14.47, Base KL: 1961.58, Functional KL: 0.03
Global Pooled JS: 0.014610
functional kld weight 222.22222222222217
Seed 2048, Step 1000: Loss = 187.28 (Recon: 134.29, Allele KL: 22.48, Base KL: 2116.81, Functional KL: 0.01
Global Pooled JS: 0.014394
functional kld weight 750.0
Seed 2048, Step 1500: Loss = 190.01 (Recon: 129.27, Allele KL: 22.64, Base KL: 2481.46, Functional KL: 0.01
Global Pooled JS: 0.014178
functional kld weight 1777.7777777777774
Seed 2048, Step 2000: Loss = 205.22 (Recon: 134.80, Allele KL: 16.28, Base KL: 3456.68, Functional KL: 0.01
Global Pooled JS: 0.010230
functional kld weight 3472.222222222223
Seed 2048, Step 2500: Loss = 227.13 (Recon: 145.07, Allele KL: 16.29, Base KL: 4848.78, Functional KL: 0.01

Top Variants with Coverage Mismatches:
Rank   Variant                        Expected     Observed     Diff       |Div|       
------------------------------------------------------------------------------------------
1      CYP2B6:41512840→G              25.73        15.00        10.73      0.004471    
2      CYP2B6:41515262→A              27.13        29.00        -1.87      0.003214    
3      CYP2B6:41515262→G              10.62        10.00        0.62       0.000292    
4      CYP2B6:41512840→T              11.98        9.00         2.98       0.000191    
5      CYP2B6:41512840→A              0.04         0.00         0.04       0.000175    
6      CYP2B6:41512840→M              0.04         0.00         0.04       0.000175    
7      CYP2B6:41512840→N              0.04         0.00         0.04       0.000174    
8      CYP2B6:41512840→C              0.04         0.00         0.04       0.000174    
9      CYP2B6:41512840→P              0.04         0.00         0.04       0.000172    
10     CYP2B6:41515262→P              0.03         0.00         0.03       0.000145    
11     CYP2B6:41515262→M              0.03         0.00         0.03       0.000144    
12     CYP2B6:41515262→C              0.03         0.00         0.03       0.000143    
13     CYP2B6:41515262→T              0.03         0.00         0.03       0.000142    
14     CYP2B6:41515262→N              0.03         0.00         0.03       0.000142    
New best model with final loss: 246.37

=== Multi-Seed VAE Results ===
Best model had seed 2048 with final loss: 246.37
All seeds final losses:
  Seed 2048: Total=246.37 (Recon=136.64, A_KL=22.42, B_KL=6647.36) <- Best

[Raw]:
CYP2B6*1: Normalized=0.6656, Unnormalized=0.67
CYP2B6*6: Normalized=0.2731, Unnormalized=0.27

[Alleles]
CYP2B6*1
CYP2B6*6
	Command being timed: "python cyp.py CYP2B6 /project/shared/aldy-data/wgs/NA18966.wgs.cram 2048"
	User time (seconds): 52.80
	System time (seconds): 11.81
	Percent of CPU this job got: 99%
	Elapsed (wall clock) time (h:mm:ss or m:ss): 1:05.03
	Average shared text size (kbytes): 0
	Average unshared data size (kbytes): 0
	Average stack size (kbytes): 0
	Average total size (kbytes): 0
	Maximum resident set size (kbytes): 1853676
	Average resident set size (kbytes): 0
	Major (requiring I/O) page faults: 0
	Minor (reclaiming a frame) page faults: 477463
	Voluntary context switches: 9978
	Involuntary context switches: 219
	Swaps: 0
	File system inputs: 0
	File system outputs: 24
	Socket messages sent: 0
	Socket messages received: 0
	Signals delivered: 0
	Page size (bytes): 4096
	Exit status: 0
