[info] total indices 224
[info] total variants 224
2.001 was filtered out as 96818105 T>A needs A but not covered
2.002 was filtered out as 96818105 T>A needs A but not covered
3.001 was filtered out as 96827029 C>T needs T but not covered
3.002 was filtered out as 96827029 C>T needs T but not covered
4.001 was filtered out as 96818118 G>C needs C but not covered
4.002 was filtered out as 96818118 G>C needs C but not covered
5.001 was filtered out as 96826970 delT needs N but not covered
6.001 was filtered out as 96824687 C>T needs T but not covered
7.001 was filtered out as 96824642 G>A needs A but not covered
8.001 was filtered out as 96824642 G>C needs C but not covered
9.001 was filtered out as 96818170 T>C needs C but not covered
10.001 was filtered out as 96802646 C>A needs A but not covered
11.001 was filtered out as 96805707 C>A needs A but not covered
12.001 was filtered out as 96796973 delCAA needs N but not covered
13.001 was filtered out as 96818241 A>C needs C but not covered
14.001 was filtered out as 96818198 C>G needs G but not covered
15.001 was filtered out as 96824657 C>T needs T but not covered
16.001 was filtered out as 96802803 A>G needs G but not covered
17.001 was filtered out as 96818180 T>C needs C but not covered
18.001 was filtered out as 96802714 G>A needs A but not covered
[filter] CYP2C8 1.001 => 1.001; 1.002; 1.003; 1.004; 1.005; 1.006; 1.007; 1.008; 1.009; 1.010; 1.011; 1.012; 1.013; 1.014; 1.015; 1.016; 1.017; 1.018
[filter] valid_alleles=18
Step 0: Loss=0.0823, CN=[2.0999167]
Step 100: Loss=0.0187, CN=[2.362685]
Step 200: Loss=0.0187, CN=[2.361738]
Step 300: Loss=0.0187, CN=[2.3617368]
Step 400: Loss=0.0187, CN=[2.3617368]

=== Fit ===
Region 0: obs=2.308, exp=2.362, diff=-0.054 
Region 1: obs=2.195, exp=2.362, diff=-0.167 
Region 2: obs=2.184, exp=2.362, diff=-0.177 
Region 3: obs=2.162, exp=2.362, diff=-0.200 
Region 4: obs=2.447, exp=2.362, diff=+0.086 
Region 5: obs=2.501, exp=2.362, diff=+0.140 
Region 6: obs=2.363, exp=2.362, diff=+0.001 
Region 7: obs=2.454, exp=2.362, diff=+0.092 
Region 8: obs=2.455, exp=2.362, diff=+0.093 
Region 9: obs=2.410, exp=2.362, diff=+0.048 
Region 10: obs=2.300, exp=2.362, diff=-0.061 
Region 11: obs=2.218, exp=2.362, diff=-0.144 
Region 12: obs=2.473, exp=2.362, diff=+0.111 
Region 13: obs=2.514, exp=2.362, diff=+0.153 
Region 14: obs=1.819, exp=2.362, diff=-0.543 *
Region 15: obs=2.369, exp=2.362, diff=+0.007 
Region 16: obs=2.589, exp=2.362, diff=+0.227 
Region 17: obs=2.094, exp=2.362, diff=-0.268 
Region 18: obs=2.411, exp=2.362, diff=+0.050 
Region 19: obs=2.663, exp=2.362, diff=+0.301 
Region 20: obs=2.623, exp=2.362, diff=+0.262 

[Gene CN Results]
  CYP2C8: 2.36 → 2.361736536026001
Using device: cuda

CYP2C8*1.001:

CYP2C8*1.002:

CYP2C8*1.003:

CYP2C8*1.004:

CYP2C8*1.005:

CYP2C8*1.006:

CYP2C8*1.007:

CYP2C8*1.008:

CYP2C8*1.009:

CYP2C8*1.010:

CYP2C8*1.011:

CYP2C8*1.012:

CYP2C8*1.013:

CYP2C8*1.014:

CYP2C8*1.015:

CYP2C8*1.016:

CYP2C8*1.017:

CYP2C8*1.018:

=== Running VAE with seed 5555 ===
Global Pooled JS: 0.000000
functional kld weight 0.0
Seed 5555, Step    0: Loss = 302.87 (Recon: 260.05, Allele KL: 13.66, Base KL: 1767.34, Functional KL: 0.00
Global Pooled JS: 0.000000
functional kld weight 27.77777777777777
Seed 5555, Step  500: Loss = 128.85 (Recon: 73.96, Allele KL: 27.46, Base KL: 3582.60, Functional KL: 0.00
Global Pooled JS: 0.000000
functional kld weight 222.22222222222217
Seed 5555, Step 1000: Loss = 125.51 (Recon: 71.14, Allele KL: 26.19, Base KL: 3584.88, Functional KL: 0.00
Global Pooled JS: 0.000000
functional kld weight 750.0
Seed 5555, Step 1500: Loss = 128.18 (Recon: 68.31, Allele KL: 32.10, Base KL: 3466.61, Functional KL: 0.00
Global Pooled JS: 0.000000
functional kld weight 1777.7777777777774
Seed 5555, Step 2000: Loss = 119.14 (Recon: 71.83, Allele KL: 19.23, Base KL: 3648.71, Functional KL: 0.00
Global Pooled JS: 0.000000
functional kld weight 3472.222222222223
Seed 5555, Step 2500: Loss = 123.23 (Recon: 74.26, Allele KL: 20.67, Base KL: 3636.38, Functional KL: 0.00

Top Variants with Coverage Mismatches:
Rank   Variant                        Expected     Observed     Diff       |Div|       
------------------------------------------------------------------------------------------
New best model with final loss: 121.46

=== Multi-Seed VAE Results ===
Best model had seed 5555 with final loss: 121.46
All seeds final losses:
  Seed 5555: Total=121.46 (Recon=71.62, A_KL=21.69, B_KL=3785.75) <- Best

[Raw]:
CYP2C8*1: Normalized=1.0000, Unnormalized=1.00

[Alleles]
CYP2C8*1
CYP2C8*1
	Command being timed: "python cyp.py CYP2C8 /project/shared/aldy-data/wgs/NA12717.wgs.cram 5555"
	User time (seconds): 96.85
	System time (seconds): 21.55
	Percent of CPU this job got: 99%
	Elapsed (wall clock) time (h:mm:ss or m:ss): 1:58.76
	Average shared text size (kbytes): 0
	Average unshared data size (kbytes): 0
	Average stack size (kbytes): 0
	Average total size (kbytes): 0
	Maximum resident set size (kbytes): 1883284
	Average resident set size (kbytes): 0
	Major (requiring I/O) page faults: 0
	Minor (reclaiming a frame) page faults: 650335
	Voluntary context switches: 9959
	Involuntary context switches: 270
	Swaps: 0
	File system inputs: 0
	File system outputs: 24
	Socket messages sent: 0
	Socket messages received: 0
	Signals delivered: 0
	Page size (bytes): 4096
	Exit status: 0
