[info] total indices 224
[info] total variants 224
2.001 was filtered out as 96818105 T>A needs A but not covered
2.002 was filtered out as 96818105 T>A needs A but not covered
3.001 was filtered out as 96827029 C>T needs T but not covered
3.002 was filtered out as 96827029 C>T needs T but not covered
4.001 was filtered out as 96818118 G>C needs C but not covered
4.002 was filtered out as 96818118 G>C needs C but not covered
5.001 was filtered out as 96826970 delT needs N but not covered
6.001 was filtered out as 96824687 C>T needs T but not covered
7.001 was filtered out as 96824642 G>A needs A but not covered
8.001 was filtered out as 96824642 G>C needs C but not covered
9.001 was filtered out as 96818170 T>C needs C but not covered
10.001 was filtered out as 96802646 C>A needs A but not covered
11.001 was filtered out as 96805707 C>A needs A but not covered
12.001 was filtered out as 96796973 delCAA needs N but not covered
13.001 was filtered out as 96818241 A>C needs C but not covered
14.001 was filtered out as 96818198 C>G needs G but not covered
15.001 was filtered out as 96824657 C>T needs T but not covered
16.001 was filtered out as 96802803 A>G needs G but not covered
17.001 was filtered out as 96818180 T>C needs C but not covered
18.001 was filtered out as 96802714 G>A needs A but not covered
[filter] CYP2C8 1.001 => 1.001; 1.002; 1.003; 1.004; 1.005; 1.006; 1.007; 1.008; 1.009; 1.010; 1.011; 1.012; 1.013; 1.014; 1.015; 1.016; 1.017; 1.018
[filter] valid_alleles=18
Step 0: Loss=0.1694, CN=[2.0999167]
Step 100: Loss=0.0394, CN=[2.5485299]
Step 200: Loss=0.0394, CN=[2.5499234]
Step 300: Loss=0.0394, CN=[2.5499125]
Step 400: Loss=0.0394, CN=[2.5499125]

=== Fit ===
Region 0: obs=2.572, exp=2.550, diff=+0.023 
Region 1: obs=2.361, exp=2.550, diff=-0.189 
Region 2: obs=2.033, exp=2.550, diff=-0.516 *
Region 3: obs=2.463, exp=2.550, diff=-0.087 
Region 4: obs=2.453, exp=2.550, diff=-0.097 
Region 5: obs=2.521, exp=2.550, diff=-0.029 
Region 6: obs=2.465, exp=2.550, diff=-0.085 
Region 7: obs=2.474, exp=2.550, diff=-0.076 
Region 8: obs=2.477, exp=2.550, diff=-0.073 
Region 9: obs=2.443, exp=2.550, diff=-0.107 
Region 10: obs=3.045, exp=2.550, diff=+0.495 
Region 11: obs=2.628, exp=2.550, diff=+0.078 
Region 12: obs=2.347, exp=2.550, diff=-0.203 
Region 13: obs=2.696, exp=2.550, diff=+0.146 
Region 14: obs=2.507, exp=2.550, diff=-0.043 
Region 15: obs=2.557, exp=2.550, diff=+0.007 
Region 16: obs=3.524, exp=2.550, diff=+0.974 *
Region 17: obs=2.636, exp=2.550, diff=+0.086 
Region 18: obs=2.202, exp=2.550, diff=-0.348 
Region 19: obs=2.874, exp=2.550, diff=+0.324 
Region 20: obs=2.727, exp=2.550, diff=+0.177 

[Gene CN Results]
  CYP2C8: 2.55 → 2.549912452697754
Using device: cuda

CYP2C8*1.001:

CYP2C8*1.002:

CYP2C8*1.003:

CYP2C8*1.004:

CYP2C8*1.005:

CYP2C8*1.006:

CYP2C8*1.007:

CYP2C8*1.008:

CYP2C8*1.009:

CYP2C8*1.010:

CYP2C8*1.011:

CYP2C8*1.012:

CYP2C8*1.013:

CYP2C8*1.014:

CYP2C8*1.015:

CYP2C8*1.016:

CYP2C8*1.017:

CYP2C8*1.018:

=== Running VAE with seed 5555 ===
Global Pooled JS: 0.000000
functional kld weight 0.0
Seed 5555, Step    0: Loss = 196.60 (Recon: 150.39, Allele KL: 16.80, Base KL: 1801.30, Functional KL: 0.00
Global Pooled JS: 0.000000
functional kld weight 27.77777777777777
Seed 5555, Step  500: Loss = 126.69 (Recon: 81.12, Allele KL: 16.75, Base KL: 4265.85, Functional KL: 0.00
Global Pooled JS: 0.000000
functional kld weight 222.22222222222217
Seed 5555, Step 1000: Loss = 135.66 (Recon: 90.86, Allele KL: 15.18, Base KL: 4408.59, Functional KL: 0.00
Global Pooled JS: 0.000000
functional kld weight 750.0
Seed 5555, Step 1500: Loss = 131.12 (Recon: 83.24, Allele KL: 18.93, Base KL: 4366.18, Functional KL: 0.00
Global Pooled JS: 0.000000
functional kld weight 1777.7777777777774
Seed 5555, Step 2000: Loss = 129.85 (Recon: 77.88, Allele KL: 23.15, Base KL: 4414.22, Functional KL: 0.00
Global Pooled JS: 0.000000
functional kld weight 3472.222222222223
Seed 5555, Step 2500: Loss = 140.00 (Recon: 95.63, Allele KL: 14.55, Base KL: 4409.85, Functional KL: 0.00

Top Variants with Coverage Mismatches:
Rank   Variant                        Expected     Observed     Diff       |Div|       
------------------------------------------------------------------------------------------
New best model with final loss: 132.75

=== Multi-Seed VAE Results ===
Best model had seed 5555 with final loss: 132.75
All seeds final losses:
  Seed 5555: Total=132.75 (Recon=87.76, A_KL=15.44, B_KL=4580.19) <- Best

[Raw]:
CYP2C8*1: Normalized=1.0000, Unnormalized=1.00

[Alleles]
CYP2C8*1
CYP2C8*1
	Command being timed: "python cyp.py CYP2C8 /project/shared/aldy-data/wgs/NA18861.wgs.cram 5555"
	User time (seconds): 95.43
	System time (seconds): 20.01
	Percent of CPU this job got: 99%
	Elapsed (wall clock) time (h:mm:ss or m:ss): 1:55.71
	Average shared text size (kbytes): 0
	Average unshared data size (kbytes): 0
	Average stack size (kbytes): 0
	Average total size (kbytes): 0
	Maximum resident set size (kbytes): 1896880
	Average resident set size (kbytes): 0
	Major (requiring I/O) page faults: 0
	Minor (reclaiming a frame) page faults: 475315
	Voluntary context switches: 9909
	Involuntary context switches: 194
	Swaps: 0
	File system inputs: 0
	File system outputs: 24
	Socket messages sent: 0
	Socket messages received: 0
	Signals delivered: 0
	Page size (bytes): 4096
	Exit status: 0
