[info] total indices 441
[info] total variants 441
2.001 was filtered out as 41497273 C>T needs T but not covered
2.002 was filtered out as 41497273 C>T needs T but not covered
3.001 was filtered out as 41515254 C>A needs A but not covered
5.001 was filtered out as 41522714 C>T needs T but not covered
5.002 was filtered out as 41522714 C>T needs T but not covered
5.003 was filtered out as 41522714 C>T needs T but not covered
7.001 was filtered out as 41522714 C>T needs T but not covered
8.001 was filtered out as 41510281 A>G needs G but not covered
10.001 was filtered out as 41497273 C>T needs T but not covered
11.001 was filtered out as 41497345 A>G needs G but not covered
12.001 was filtered out as 41510029 G>A needs A but not covered
13.001 was filtered out as 41510281 A>G needs G but not covered
14.001 was filtered out as 41510285 G>A needs A but not covered
15.001 was filtered out as 41518597 T>A needs A but not covered
17.001 was filtered out as 41497285 A>T needs T but not covered
17.002 was filtered out as 41497285 A>T needs T but not covered
18.001 was filtered out as 41518220 T>C needs C but not covered
18.002 was filtered out as 41518220 T>C needs C but not covered
19.001 was filtered out as 41518243 C>T needs T but not covered
20.001 was filtered out as 41512827 C>T needs T but not covered
21.001 was filtered out as 41518707 C>A needs A but not covered
22.001 was filtered out as 41497128 T>C needs C but not covered
23.001 was filtered out as 41522630 A>G needs G but not covered
24.001 was filtered out as 41522682 G>A needs A but not covered
25.001 was filtered out as 41522709 A>T needs T but not covered
26.001 was filtered out as 41512823 C>G needs G but not covered
27.001 was filtered out as 41512917 T>C needs C but not covered
28.001 was filtered out as 41515992 C>G needs G but not covered
31.001 was filtered out as 41516012 C>A needs A but not covered
32.001 was filtered out as 41518644 G>A needs A but not covered
33.001 was filtered out as 41522714 C>A needs A but not covered
34.001 was filtered out as 41497128 T>C needs C but not covered
35.001 was filtered out as 41497128 T>C needs C but not covered
36.001 was filtered out as 41497128 T>C needs C but not covered
37.001 was filtered out as 41512872 T>G needs G but not covered
38.001 was filtered out as 41509919 T>A needs A but not covered
[filter] CYP2B6 1 => 1.001; 1.002; 1.003; 1.004; 1.005; 1.006; 1.007; 1.008; 1.009; 1.010; 1.011; 1.012; 1.013; 1.014; 1.015
[filter] CYP2B6 4 => 4.001; 4.002
[filter] CYP2B6 6 => 6.001; 6.002; 6.003; 6.004
[filter] CYP2B6 9 => 9.001
[filter] valid_alleles=22
Step 0: Loss=0.1513, CN=[2.0999167]
Step 100: Loss=0.0771, CN=[2.4191198]
Step 200: Loss=0.0771, CN=[2.420644]
Step 300: Loss=0.0771, CN=[2.4206398]
Step 400: Loss=0.0771, CN=[2.4206398]

=== Fit ===
Region 0: obs=2.595, exp=2.421, diff=+0.174 
Region 1: obs=4.290, exp=2.421, diff=+1.869 *
Region 2: obs=2.800, exp=2.421, diff=+0.380 
Region 3: obs=2.601, exp=2.421, diff=+0.181 
Region 4: obs=2.019, exp=2.421, diff=-0.402 
Region 5: obs=1.801, exp=2.421, diff=-0.619 *
Region 6: obs=2.532, exp=2.421, diff=+0.112 
Region 7: obs=2.229, exp=2.421, diff=-0.192 
Region 8: obs=2.426, exp=2.421, diff=+0.005 
Region 9: obs=2.240, exp=2.421, diff=-0.181 
Region 10: obs=2.182, exp=2.421, diff=-0.239 
Region 11: obs=2.159, exp=2.421, diff=-0.261 
Region 12: obs=2.191, exp=2.421, diff=-0.229 
Region 13: obs=2.750, exp=2.421, diff=+0.329 
Region 14: obs=2.651, exp=2.421, diff=+0.230 
Region 15: obs=2.090, exp=2.421, diff=-0.331 
Region 16: obs=2.111, exp=2.421, diff=-0.310 
Region 17: obs=2.355, exp=2.421, diff=-0.066 
Region 18: obs=2.848, exp=2.421, diff=+0.427 
Region 19: obs=2.612, exp=2.421, diff=+0.192 
Region 20: obs=2.603, exp=2.421, diff=+0.182 

[Gene CN Results]
  CYP2B6: 2.42 → 2.420639991760254
Using device: cuda

CYP2B6*1.001:

CYP2B6*1.002:

CYP2B6*1.003:

CYP2B6*1.004:

CYP2B6*1.005:

CYP2B6*1.006:

CYP2B6*1.007:

CYP2B6*1.008:

CYP2B6*1.009:

CYP2B6*1.010:

CYP2B6*1.011:

CYP2B6*1.012:

CYP2B6*1.013:

CYP2B6*1.014:

CYP2B6*1.015:

CYP2B6*4.001:

CYP2B6*4.002:

CYP2B6*6.001:

CYP2B6*6.002:

CYP2B6*6.003:

CYP2B6*6.004:

CYP2B6*9.001:

=== Running VAE with seed 5555 ===
Global Pooled JS: 0.034001
functional kld weight 0.0
Seed 5555, Step    0: Loss = 507.00 (Recon: 461.36, Allele KL: 16.16, Base KL: 2677.65, Functional KL: 0.03
Global Pooled JS: 0.010202
functional kld weight 27.77777777777777
Seed 5555, Step  500: Loss = 203.39 (Recon: 159.05, Allele KL: 17.48, Base KL: 2547.05, Functional KL: 0.01
Global Pooled JS: 0.012134
functional kld weight 222.22222222222217
Seed 5555, Step 1000: Loss = 218.22 (Recon: 156.16, Allele KL: 32.89, Base KL: 2654.90, Functional KL: 0.01
Global Pooled JS: 0.008161
functional kld weight 750.0
Seed 5555, Step 1500: Loss = 225.77 (Recon: 167.74, Allele KL: 24.07, Base KL: 3264.78, Functional KL: 0.01
Global Pooled JS: 0.007185
functional kld weight 1777.7777777777774
Seed 5555, Step 2000: Loss = 227.07 (Recon: 160.43, Allele KL: 25.47, Base KL: 4320.75, Functional KL: 0.01
Global Pooled JS: 0.006816
functional kld weight 3472.222222222223
Seed 5555, Step 2500: Loss = 243.04 (Recon: 161.80, Allele KL: 26.96, Base KL: 6348.46, Functional KL: 0.01

Top Variants with Coverage Mismatches:
Rank   Variant                        Expected     Observed     Diff       |Div|       
------------------------------------------------------------------------------------------
1      CYP2B6:41512840→G              19.98        24.00        -4.02      0.001624    
2      CYP2B6:41515262→A              18.18        15.00        3.18       0.000793    
3      CYP2B6:41515262→N              0.04         0.00         0.04       0.000202    
4      CYP2B6:41515262→M              0.04         0.00         0.04       0.000202    
5      CYP2B6:41515262→T              0.04         0.00         0.04       0.000201    
6      CYP2B6:41515262→P              0.04         0.00         0.04       0.000199    
7      CYP2B6:41515262→C              0.04         0.00         0.04       0.000197    
8      CYP2B6:41512840→M              0.03         0.00         0.03       0.000160    
9      CYP2B6:41512840→N              0.03         0.00         0.03       0.000160    
10     CYP2B6:41512840→P              0.03         0.00         0.03       0.000156    
11     CYP2B6:41512840→C              0.03         0.00         0.03       0.000156    
12     CYP2B6:41512840→A              0.03         0.00         0.03       0.000155    
13     CYP2B6:41515262→G              18.51        17.00        1.51       0.000111    
14     CYP2B6:41512840→T              16.75        16.00        0.75       0.000013    
New best model with final loss: 259.97

=== Multi-Seed VAE Results ===
Best model had seed 5555 with final loss: 259.97
All seeds final losses:
  Seed 5555: Total=259.97 (Recon=165.58, A_KL=25.43, B_KL=8461.74) <- Best

[Raw]:
CYP2B6*1: Normalized=0.4885, Unnormalized=0.49
CYP2B6*6: Normalized=0.4571, Unnormalized=0.46

[Alleles]
CYP2B6*1
CYP2B6*6
	Command being timed: "python cyp.py CYP2B6 /project/shared/aldy-data/wgs/NA18540.wgs.cram 5555"
	User time (seconds): 51.92
	System time (seconds): 11.72
	Percent of CPU this job got: 99%
	Elapsed (wall clock) time (h:mm:ss or m:ss): 1:04.02
	Average shared text size (kbytes): 0
	Average unshared data size (kbytes): 0
	Average stack size (kbytes): 0
	Average total size (kbytes): 0
	Maximum resident set size (kbytes): 1869400
	Average resident set size (kbytes): 0
	Major (requiring I/O) page faults: 0
	Minor (reclaiming a frame) page faults: 582936
	Voluntary context switches: 9975
	Involuntary context switches: 367
	Swaps: 0
	File system inputs: 0
	File system outputs: 32
	Socket messages sent: 0
	Socket messages received: 0
	Signals delivered: 0
	Page size (bytes): 4096
	Exit status: 0
