[info] total indices 175
[info] total variants 175
1.001 was filtered out as 99270538 T>C needs T but not covered
1.002 was filtered out as 99270538 T>C needs T but not covered
1.003 was filtered out as 99270538 T>C needs T but not covered
1.004 was filtered out as 99270538 T>C needs T but not covered
1.005 was filtered out as 99270538 T>C needs T but not covered
3.002 was filtered out as 99273814 G>A needs A but not covered
3.003 was filtered out as 99270275 A>C needs C but not covered
3.004 was filtered out as 99245973 A>G needs G but not covered
3.005 was filtered out as 99264572 A>G needs G but not covered
3.006 was filtered out as 99247742 T>C needs C but not covered
3.007 was filtered out as 99247771 A>G needs G but not covered
3.008 was filtered out as 99273744 T>C needs C but not covered
3.009 was filtered out as 99262859 T>C needs C but not covered
3.010 was filtered out as 99250235 G>T needs T but not covered
3.017 was filtered out as 99262850 A>C needs C but not covered
6.001 was filtered out as 99270538 T>C needs T but not covered
7.001 was filtered out as 99270538 T>C needs T but not covered
8.001 was filtered out as 99270538 T>C needs T but not covered
9.001 was filtered out as 99270538 T>C needs T but not covered
[filter] CYP3A5 3 => 3.001; 3.012; 3.013; 3.014; 3.015; 3.016
[filter] valid_alleles=6
Step 0: Loss=0.0477, CN=[1.9000832]
Step 100: Loss=0.0397, CN=[1.8666987]
Step 200: Loss=0.0397, CN=[1.8663739]
Step 300: Loss=0.0397, CN=[1.8663719]
Step 400: Loss=0.0397, CN=[1.8663721]

=== Fit ===
Region 0: obs=1.922, exp=1.866, diff=+0.055 
Region 1: obs=1.332, exp=1.866, diff=-0.535 *
Region 2: obs=1.349, exp=1.866, diff=-0.518 *
Region 3: obs=1.865, exp=1.866, diff=-0.001 
Region 4: obs=1.730, exp=1.866, diff=-0.136 
Region 5: obs=1.688, exp=1.866, diff=-0.178 
Region 6: obs=2.186, exp=1.866, diff=+0.320 
Region 7: obs=1.879, exp=1.866, diff=+0.012 
Region 8: obs=1.729, exp=1.866, diff=-0.138 
Region 9: obs=1.928, exp=1.866, diff=+0.062 
Region 10: obs=1.761, exp=1.866, diff=-0.105 
Region 11: obs=2.317, exp=1.866, diff=+0.451 
Region 12: obs=1.727, exp=1.866, diff=-0.140 
Region 13: obs=1.677, exp=1.866, diff=-0.189 
Region 14: obs=1.598, exp=1.866, diff=-0.268 
Region 15: obs=2.195, exp=1.866, diff=+0.328 
Region 16: obs=2.652, exp=1.866, diff=+0.785 *
Region 17: obs=2.148, exp=1.866, diff=+0.281 
Region 18: obs=1.700, exp=1.866, diff=-0.167 
Region 19: obs=2.116, exp=1.866, diff=+0.250 
Region 20: obs=2.023, exp=1.866, diff=+0.157 
Region 21: obs=1.866, exp=1.866, diff=-0.000 
Region 22: obs=1.478, exp=1.866, diff=-0.389 
Region 23: obs=1.855, exp=1.866, diff=-0.012 
Region 24: obs=1.656, exp=1.866, diff=-0.210 
Region 25: obs=1.957, exp=1.866, diff=+0.090 
Region 26: obs=2.274, exp=1.866, diff=+0.408 
Region 27: obs=1.769, exp=1.866, diff=-0.097 
Region 28: obs=1.983, exp=1.866, diff=+0.116 

[Gene CN Results]
  CYP3A5: 1.87 → 1.8663713932037354
Using device: cuda

CYP3A5*3.001:

CYP3A5*3.012:

CYP3A5*3.013:

CYP3A5*3.014:

CYP3A5*3.015:

CYP3A5*3.016:

=== Running VAE with seed 4096 ===
Global Pooled JS: 0.017363
functional kld weight 0.0
Seed 4096, Step    0: Loss = 96.17 (Recon: 68.65, Allele KL: 0.94, Base KL: 113.25, Functional KL: 0.02
Global Pooled JS: 0.009974
functional kld weight 27.77777777777777
Seed 4096, Step  500: Loss = 58.92 (Recon: 27.94, Allele KL: 6.00, Base KL: 4089.77, Functional KL: 0.01
Global Pooled JS: 0.007815
functional kld weight 222.22222222222217
Seed 4096, Step 1000: Loss = 60.51 (Recon: 27.05, Allele KL: 6.56, Base KL: 4764.30, Functional KL: 0.01
Global Pooled JS: 0.009335
functional kld weight 750.0
Seed 4096, Step 1500: Loss = 88.85 (Recon: 47.99, Allele KL: 6.14, Base KL: 6307.48, Functional KL: 0.01
Global Pooled JS: 0.003008
functional kld weight 1777.7777777777774
Seed 4096, Step 2000: Loss = 68.17 (Recon: 21.73, Allele KL: 13.42, Base KL: 8461.85, Functional KL: 0.00
Global Pooled JS: 0.002179
functional kld weight 3472.222222222223
Seed 4096, Step 2500: Loss = 69.72 (Recon: 22.19, Allele KL: 9.56, Base KL: 11010.63, Functional KL: 0.00

Top Variants with Coverage Mismatches:
Rank   Variant                        Expected     Observed     Diff       |Div|       
------------------------------------------------------------------------------------------
1      CYP3A5:99270538→A              0.03         0.00         0.03       0.000249    
2      CYP3A5:99270538→P              0.03         0.00         0.03       0.000249    
3      CYP3A5:99270538→N              0.03         0.00         0.03       0.000246    
4      CYP3A5:99270538→M              0.03         0.00         0.03       0.000246    
5      CYP3A5:99270538→G              0.03         0.00         0.03       0.000244    
6      CYP3A5:99270538→T              0.03         0.00         0.03       0.000242    
7      CYP3A5:99270538→C              39.00        47.00        -8.00      0.000002    
New best model with final loss: 75.36

=== Multi-Seed VAE Results ===
Best model had seed 4096 with final loss: 75.36
All seeds final losses:
  Seed 4096: Total=75.36 (Recon=22.14, A_KL=10.95, B_KL=13697.77) <- Best

[Raw]:
CYP3A5*3: Normalized=1.0000, Unnormalized=1.00

[Alleles]
CYP3A5*3
CYP3A5*3
	Command being timed: "python cyp.py CYP3A5 /project/shared/aldy-data/wgs/HG00276.wgs.cram 4096"
	User time (seconds): 53.84
	System time (seconds): 12.26
	Percent of CPU this job got: 87%
	Elapsed (wall clock) time (h:mm:ss or m:ss): 1:15.32
	Average shared text size (kbytes): 0
	Average unshared data size (kbytes): 0
	Average stack size (kbytes): 0
	Average total size (kbytes): 0
	Maximum resident set size (kbytes): 1893172
	Average resident set size (kbytes): 0
	Major (requiring I/O) page faults: 66
	Minor (reclaiming a frame) page faults: 572523
	Voluntary context switches: 13191
	Involuntary context switches: 704
	Swaps: 0
	File system inputs: 0
	File system outputs: 24
	Socket messages sent: 0
	Socket messages received: 0
	Signals delivered: 0
	Page size (bytes): 4096
	Exit status: 0
