[info] total indices 175
[info] total variants 175
1.001 was filtered out as 99270538 T>C needs T but not covered
1.002 was filtered out as 99270538 T>C needs T but not covered
1.003 was filtered out as 99270538 T>C needs T but not covered
1.004 was filtered out as 99270538 T>C needs T but not covered
1.005 was filtered out as 99270538 T>C needs T but not covered
3.002 was filtered out as 99273814 G>A needs A but not covered
3.003 was filtered out as 99270275 A>C needs C but not covered
3.004 was filtered out as 99245973 A>G needs G but not covered
3.005 was filtered out as 99264572 A>G needs G but not covered
3.006 was filtered out as 99247742 T>C needs C but not covered
3.007 was filtered out as 99247771 A>G needs G but not covered
3.008 was filtered out as 99273744 T>C needs C but not covered
3.009 was filtered out as 99262859 T>C needs C but not covered
3.010 was filtered out as 99250235 G>T needs T but not covered
3.017 was filtered out as 99262850 A>C needs C but not covered
6.001 was filtered out as 99270538 T>C needs T but not covered
7.001 was filtered out as 99270538 T>C needs T but not covered
8.001 was filtered out as 99270538 T>C needs T but not covered
9.001 was filtered out as 99270538 T>C needs T but not covered
[filter] CYP3A5 3 => 3.001; 3.012; 3.013; 3.014; 3.015; 3.016
[filter] valid_alleles=6
Step 0: Loss=0.0543, CN=[2.0999167]
Step 100: Loss=0.0458, CN=[2.143007]
Step 200: Loss=0.0458, CN=[2.1434543]
Step 300: Loss=0.0458, CN=[2.1434562]
Step 400: Loss=0.0458, CN=[2.1434562]

=== Fit ===
Region 0: obs=2.119, exp=2.143, diff=-0.025 
Region 1: obs=2.115, exp=2.143, diff=-0.028 
Region 2: obs=1.714, exp=2.143, diff=-0.430 
Region 3: obs=2.163, exp=2.143, diff=+0.019 
Region 4: obs=2.374, exp=2.143, diff=+0.230 
Region 5: obs=1.577, exp=2.143, diff=-0.566 *
Region 6: obs=1.558, exp=2.143, diff=-0.586 *
Region 7: obs=1.944, exp=2.143, diff=-0.200 
Region 8: obs=1.711, exp=2.143, diff=-0.432 
Region 9: obs=2.130, exp=2.143, diff=-0.014 
Region 10: obs=1.952, exp=2.143, diff=-0.191 
Region 11: obs=2.483, exp=2.143, diff=+0.339 
Region 12: obs=1.841, exp=2.143, diff=-0.303 
Region 13: obs=2.211, exp=2.143, diff=+0.067 
Region 14: obs=2.209, exp=2.143, diff=+0.065 
Region 15: obs=2.371, exp=2.143, diff=+0.228 
Region 16: obs=2.700, exp=2.143, diff=+0.556 *
Region 17: obs=2.243, exp=2.143, diff=+0.099 
Region 18: obs=1.888, exp=2.143, diff=-0.256 
Region 19: obs=2.097, exp=2.143, diff=-0.047 
Region 20: obs=2.198, exp=2.143, diff=+0.054 
Region 21: obs=2.143, exp=2.143, diff=-0.001 
Region 22: obs=2.037, exp=2.143, diff=-0.106 
Region 23: obs=1.945, exp=2.143, diff=-0.198 
Region 24: obs=2.707, exp=2.143, diff=+0.564 *
Region 25: obs=2.192, exp=2.143, diff=+0.048 
Region 26: obs=2.614, exp=2.143, diff=+0.470 
Region 27: obs=2.644, exp=2.143, diff=+0.501 *
Region 28: obs=2.251, exp=2.143, diff=+0.108 

[Gene CN Results]
  CYP3A5: 2.14 → 2.143456220626831
Using device: cuda

CYP3A5*3.001:

CYP3A5*3.012:

CYP3A5*3.013:

CYP3A5*3.014:

CYP3A5*3.015:

CYP3A5*3.016:

=== Running VAE with seed 4096 ===
Global Pooled JS: 0.017411
functional kld weight 0.0
Seed 4096, Step    0: Loss = 118.68 (Recon: 90.37, Allele KL: 1.81, Base KL: 156.30, Functional KL: 0.02
Global Pooled JS: 0.009977
functional kld weight 27.77777777777777
Seed 4096, Step  500: Loss = 62.71 (Recon: 29.37, Allele KL: 8.09, Base KL: 4784.55, Functional KL: 0.01
Global Pooled JS: 0.007588
functional kld weight 222.22222222222217
Seed 4096, Step 1000: Loss = 63.61 (Recon: 28.31, Allele KL: 8.19, Base KL: 5444.21, Functional KL: 0.01
Global Pooled JS: 0.008756
functional kld weight 750.0
Seed 4096, Step 1500: Loss = 93.85 (Recon: 52.15, Allele KL: 7.00, Base KL: 7025.94, Functional KL: 0.01
Global Pooled JS: 0.002939
functional kld weight 1777.7777777777774
Seed 4096, Step 2000: Loss = 71.67 (Recon: 23.53, Allele KL: 14.75, Base KL: 9148.42, Functional KL: 0.00
Global Pooled JS: 0.001960
functional kld weight 3472.222222222223
Seed 4096, Step 2500: Loss = 73.82 (Recon: 23.27, Allele KL: 12.98, Base KL: 11687.38, Functional KL: 0.00

Top Variants with Coverage Mismatches:
Rank   Variant                        Expected     Observed     Diff       |Div|       
------------------------------------------------------------------------------------------
1      CYP3A5:99270538→P              0.04         0.00         0.04       0.000250    
2      CYP3A5:99270538→A              0.04         0.00         0.04       0.000250    
3      CYP3A5:99270538→M              0.04         0.00         0.04       0.000247    
4      CYP3A5:99270538→N              0.04         0.00         0.04       0.000247    
5      CYP3A5:99270538→G              0.04         0.00         0.04       0.000245    
6      CYP3A5:99270538→T              0.03         0.00         0.03       0.000242    
7      CYP3A5:99270538→C              49.79        40.00        9.79       0.000002    
New best model with final loss: 78.20

=== Multi-Seed VAE Results ===
Best model had seed 4096 with final loss: 78.20
All seeds final losses:
  Seed 4096: Total=78.20 (Recon=24.45, A_KL=10.92, B_KL=14378.56) <- Best

[Raw]:
CYP3A5*3: Normalized=1.0000, Unnormalized=1.00

[Alleles]
CYP3A5*3
CYP3A5*3
	Command being timed: "python cyp.py CYP3A5 /project/shared/aldy-data/wgs/HG00589.wgs.cram 4096"
	User time (seconds): 53.86
	System time (seconds): 11.72
	Percent of CPU this job got: 87%
	Elapsed (wall clock) time (h:mm:ss or m:ss): 1:15.17
	Average shared text size (kbytes): 0
	Average unshared data size (kbytes): 0
	Average stack size (kbytes): 0
	Average total size (kbytes): 0
	Maximum resident set size (kbytes): 1887992
	Average resident set size (kbytes): 0
	Major (requiring I/O) page faults: 61
	Minor (reclaiming a frame) page faults: 682369
	Voluntary context switches: 13473
	Involuntary context switches: 996
	Swaps: 0
	File system inputs: 0
	File system outputs: 24
	Socket messages sent: 0
	Socket messages received: 0
	Signals delivered: 0
	Page size (bytes): 4096
	Exit status: 0
