[info] total indices 175
[info] total variants 175
1.001 was filtered out as 99270538 T>C needs T but not covered
1.002 was filtered out as 99270538 T>C needs T but not covered
1.003 was filtered out as 99270538 T>C needs T but not covered
1.004 was filtered out as 99270538 T>C needs T but not covered
1.005 was filtered out as 99270538 T>C needs T but not covered
3.002 was filtered out as 99273814 G>A needs A but not covered
3.003 was filtered out as 99270275 A>C needs C but not covered
3.004 was filtered out as 99245973 A>G needs G but not covered
3.005 was filtered out as 99264572 A>G needs G but not covered
3.006 was filtered out as 99247742 T>C needs C but not covered
3.007 was filtered out as 99247771 A>G needs G but not covered
3.008 was filtered out as 99273744 T>C needs C but not covered
3.009 was filtered out as 99262859 T>C needs C but not covered
3.010 was filtered out as 99250235 G>T needs T but not covered
3.017 was filtered out as 99262850 A>C needs C but not covered
6.001 was filtered out as 99270538 T>C needs T but not covered
7.001 was filtered out as 99270538 T>C needs T but not covered
8.001 was filtered out as 99270538 T>C needs T but not covered
9.001 was filtered out as 99270538 T>C needs T but not covered
[filter] CYP3A5 3 => 3.001; 3.012; 3.013; 3.014; 3.015; 3.016
[filter] valid_alleles=6
Step 0: Loss=0.1140, CN=[2.0999167]
Step 100: Loss=0.0430, CN=[2.400771]
Step 200: Loss=0.0430, CN=[2.4015145]
Step 300: Loss=0.0430, CN=[2.4015226]
Step 400: Loss=0.0430, CN=[2.4015226]

=== Fit ===
Region 0: obs=2.271, exp=2.402, diff=-0.131 
Region 1: obs=2.199, exp=2.402, diff=-0.202 
Region 2: obs=2.114, exp=2.402, diff=-0.287 
Region 3: obs=2.294, exp=2.402, diff=-0.107 
Region 4: obs=1.933, exp=2.402, diff=-0.469 
Region 5: obs=1.957, exp=2.402, diff=-0.444 
Region 6: obs=2.704, exp=2.402, diff=+0.303 
Region 7: obs=2.513, exp=2.402, diff=+0.112 
Region 8: obs=2.731, exp=2.402, diff=+0.330 
Region 9: obs=2.425, exp=2.402, diff=+0.023 
Region 10: obs=2.869, exp=2.402, diff=+0.467 
Region 11: obs=2.730, exp=2.402, diff=+0.328 
Region 12: obs=2.506, exp=2.402, diff=+0.105 
Region 13: obs=2.307, exp=2.402, diff=-0.095 
Region 14: obs=2.700, exp=2.402, diff=+0.298 
Region 15: obs=2.512, exp=2.402, diff=+0.110 
Region 16: obs=2.366, exp=2.402, diff=-0.035 
Region 17: obs=2.523, exp=2.402, diff=+0.122 
Region 18: obs=2.079, exp=2.402, diff=-0.322 
Region 19: obs=2.323, exp=2.402, diff=-0.078 
Region 20: obs=1.839, exp=2.402, diff=-0.562 *
Region 21: obs=2.333, exp=2.402, diff=-0.068 
Region 22: obs=2.060, exp=2.402, diff=-0.341 
Region 23: obs=2.482, exp=2.402, diff=+0.081 
Region 24: obs=2.380, exp=2.402, diff=-0.021 
Region 25: obs=2.355, exp=2.402, diff=-0.046 
Region 26: obs=3.269, exp=2.402, diff=+0.867 *
Region 27: obs=2.651, exp=2.402, diff=+0.249 
Region 28: obs=2.522, exp=2.402, diff=+0.120 

[Gene CN Results]
  CYP3A5: 2.40 → 2.401522636413574
Using device: cuda

CYP3A5*3.001:

CYP3A5*3.012:

CYP3A5*3.013:

CYP3A5*3.014:

CYP3A5*3.015:

CYP3A5*3.016:

=== Running VAE with seed 4096 ===
Global Pooled JS: 0.017403
functional kld weight 0.0
Seed 4096, Step    0: Loss = 104.98 (Recon: 77.09, Allele KL: 1.27, Base KL: 128.46, Functional KL: 0.02
Global Pooled JS: 0.010202
functional kld weight 27.77777777777777
Seed 4096, Step  500: Loss = 61.12 (Recon: 29.64, Allele KL: 6.25, Base KL: 4425.00, Functional KL: 0.01
Global Pooled JS: 0.007745
functional kld weight 222.22222222222217
Seed 4096, Step 1000: Loss = 60.91 (Recon: 26.84, Allele KL: 7.05, Base KL: 5070.83, Functional KL: 0.01
Global Pooled JS: 0.009058
functional kld weight 750.0
Seed 4096, Step 1500: Loss = 90.39 (Recon: 49.13, Allele KL: 6.57, Base KL: 6651.56, Functional KL: 0.01
Global Pooled JS: 0.002970
functional kld weight 1777.7777777777774
Seed 4096, Step 2000: Loss = 68.55 (Recon: 21.34, Allele KL: 14.04, Base KL: 8784.03, Functional KL: 0.00
Global Pooled JS: 0.002173
functional kld weight 3472.222222222223
Seed 4096, Step 2500: Loss = 70.01 (Recon: 22.00, Allele KL: 9.82, Base KL: 11366.71, Functional KL: 0.00

Top Variants with Coverage Mismatches:
Rank   Variant                        Expected     Observed     Diff       |Div|       
------------------------------------------------------------------------------------------
1      CYP3A5:99270538→A              0.03         0.00         0.03       0.000254    
2      CYP3A5:99270538→P              0.03         0.00         0.03       0.000253    
3      CYP3A5:99270538→N              0.03         0.00         0.03       0.000250    
4      CYP3A5:99270538→M              0.03         0.00         0.03       0.000250    
5      CYP3A5:99270538→G              0.03         0.00         0.03       0.000249    
6      CYP3A5:99270538→T              0.03         0.00         0.03       0.000246    
7      CYP3A5:99270538→C              43.98        42.00        1.98       0.000002    
New best model with final loss: 75.49

=== Multi-Seed VAE Results ===
Best model had seed 4096 with final loss: 75.49
All seeds final losses:
  Seed 4096: Total=75.49 (Recon=22.14, A_KL=10.55, B_KL=14005.37) <- Best

[Raw]:
CYP3A5*3: Normalized=1.0000, Unnormalized=1.00

[Alleles]
CYP3A5*3
CYP3A5*3
	Command being timed: "python cyp.py CYP3A5 /project/shared/aldy-data/wgs/NA07019.wgs.cram 4096"
	User time (seconds): 51.90
	System time (seconds): 11.24
	Percent of CPU this job got: 99%
	Elapsed (wall clock) time (h:mm:ss or m:ss): 1:03.50
	Average shared text size (kbytes): 0
	Average unshared data size (kbytes): 0
	Average stack size (kbytes): 0
	Average total size (kbytes): 0
	Maximum resident set size (kbytes): 1884144
	Average resident set size (kbytes): 0
	Major (requiring I/O) page faults: 0
	Minor (reclaiming a frame) page faults: 661023
	Voluntary context switches: 11322
	Involuntary context switches: 1675
	Swaps: 0
	File system inputs: 0
	File system outputs: 24
	Socket messages sent: 0
	Socket messages received: 0
	Signals delivered: 0
	Page size (bytes): 4096
	Exit status: 0
