[info] total indices 175
[info] total variants 175
1.001 was filtered out as 99270538 T>C needs T but not covered
1.002 was filtered out as 99270538 T>C needs T but not covered
1.003 was filtered out as 99270538 T>C needs T but not covered
1.004 was filtered out as 99270538 T>C needs T but not covered
1.005 was filtered out as 99270538 T>C needs T but not covered
3.002 was filtered out as 99273814 G>A needs A but not covered
3.003 was filtered out as 99270275 A>C needs C but not covered
3.004 was filtered out as 99245973 A>G needs G but not covered
3.005 was filtered out as 99264572 A>G needs G but not covered
3.006 was filtered out as 99247742 T>C needs C but not covered
3.007 was filtered out as 99247771 A>G needs G but not covered
3.008 was filtered out as 99273744 T>C needs C but not covered
3.009 was filtered out as 99262859 T>C needs C but not covered
3.010 was filtered out as 99250235 G>T needs T but not covered
3.017 was filtered out as 99262850 A>C needs C but not covered
6.001 was filtered out as 99270538 T>C needs T but not covered
7.001 was filtered out as 99270538 T>C needs T but not covered
8.001 was filtered out as 99270538 T>C needs T but not covered
9.001 was filtered out as 99270538 T>C needs T but not covered
[filter] CYP3A5 3 => 3.001; 3.012; 3.013; 3.014; 3.015; 3.016
[filter] valid_alleles=6
Step 0: Loss=0.1184, CN=[2.0999167]
Step 100: Loss=0.0326, CN=[2.440618]
Step 200: Loss=0.0326, CN=[2.4418051]
Step 300: Loss=0.0326, CN=[2.4418097]
Step 400: Loss=0.0326, CN=[2.4418097]

=== Fit ===
Region 0: obs=2.427, exp=2.442, diff=-0.015 
Region 1: obs=3.034, exp=2.442, diff=+0.593 *
Region 2: obs=2.284, exp=2.442, diff=-0.158 
Region 3: obs=2.537, exp=2.442, diff=+0.096 
Region 4: obs=2.134, exp=2.442, diff=-0.308 
Region 5: obs=2.391, exp=2.442, diff=-0.051 
Region 6: obs=2.217, exp=2.442, diff=-0.224 
Region 7: obs=2.235, exp=2.442, diff=-0.207 
Region 8: obs=2.400, exp=2.442, diff=-0.042 
Region 9: obs=2.485, exp=2.442, diff=+0.043 
Region 10: obs=2.841, exp=2.442, diff=+0.399 
Region 11: obs=2.755, exp=2.442, diff=+0.314 
Region 12: obs=2.522, exp=2.442, diff=+0.081 
Region 13: obs=2.391, exp=2.442, diff=-0.051 
Region 14: obs=2.156, exp=2.442, diff=-0.286 
Region 15: obs=2.665, exp=2.442, diff=+0.223 
Region 16: obs=2.991, exp=2.442, diff=+0.549 *
Region 17: obs=2.775, exp=2.442, diff=+0.333 
Region 18: obs=2.498, exp=2.442, diff=+0.057 
Region 19: obs=2.470, exp=2.442, diff=+0.028 
Region 20: obs=2.280, exp=2.442, diff=-0.161 
Region 21: obs=2.532, exp=2.442, diff=+0.090 
Region 22: obs=2.095, exp=2.442, diff=-0.347 
Region 23: obs=2.321, exp=2.442, diff=-0.121 
Region 24: obs=2.094, exp=2.442, diff=-0.348 
Region 25: obs=2.442, exp=2.442, diff=-0.000 
Region 26: obs=2.598, exp=2.442, diff=+0.156 
Region 27: obs=2.005, exp=2.442, diff=-0.437 
Region 28: obs=2.378, exp=2.442, diff=-0.064 

[Gene CN Results]
  CYP3A5: 2.44 → 2.441809892654419
Using device: cuda

CYP3A5*3.001:

CYP3A5*3.012:

CYP3A5*3.013:

CYP3A5*3.014:

CYP3A5*3.015:

CYP3A5*3.016:

=== Running VAE with seed 4096 ===
Global Pooled JS: 0.017386
functional kld weight 0.0
Seed 4096, Step    0: Loss = 111.96 (Recon: 84.03, Allele KL: 1.60, Base KL: 128.04, Functional KL: 0.02
Global Pooled JS: 0.009983
functional kld weight 27.77777777777777
Seed 4096, Step  500: Loss = 69.89 (Recon: 38.81, Allele KL: 5.78, Base KL: 4416.06, Functional KL: 0.01
Global Pooled JS: 0.007335
functional kld weight 222.22222222222217
Seed 4096, Step 1000: Loss = 67.14 (Recon: 31.30, Allele KL: 9.27, Base KL: 4995.28, Functional KL: 0.01
Global Pooled JS: 0.009148
functional kld weight 750.0
Seed 4096, Step 1500: Loss = 92.55 (Recon: 51.29, Allele KL: 6.51, Base KL: 6629.99, Functional KL: 0.01
Global Pooled JS: 0.002917
functional kld weight 1777.7777777777774
Seed 4096, Step 2000: Loss = 75.47 (Recon: 28.14, Allele KL: 14.28, Base KL: 8762.78, Functional KL: 0.00
Global Pooled JS: 0.002031
functional kld weight 3472.222222222223
Seed 4096, Step 2500: Loss = 77.22 (Recon: 28.03, Allele KL: 11.60, Base KL: 11312.31, Functional KL: 0.00

Top Variants with Coverage Mismatches:
Rank   Variant                        Expected     Observed     Diff       |Div|       
------------------------------------------------------------------------------------------
1      CYP3A5:99270538→A              0.03         0.00         0.03       0.000252    
2      CYP3A5:99270538→P              0.03         0.00         0.03       0.000252    
3      CYP3A5:99270538→M              0.03         0.00         0.03       0.000248    
4      CYP3A5:99270538→N              0.03         0.00         0.03       0.000248    
5      CYP3A5:99270538→G              0.03         0.00         0.03       0.000247    
6      CYP3A5:99270538→T              0.03         0.00         0.03       0.000244    
7      CYP3A5:99270538→C              43.98        49.00        -5.02      0.000002    
New best model with final loss: 82.15

=== Multi-Seed VAE Results ===
Best model had seed 4096 with final loss: 82.15
All seeds final losses:
  Seed 4096: Total=82.15 (Recon=28.74, A_KL=10.71, B_KL=13963.98) <- Best

[Raw]:
CYP3A5*3: Normalized=1.0000, Unnormalized=1.00

[Alleles]
CYP3A5*3
CYP3A5*3
	Command being timed: "python cyp.py CYP3A5 /project/shared/aldy-data/wgs/NA10851.wgs.cram 4096"
	User time (seconds): 51.52
	System time (seconds): 10.64
	Percent of CPU this job got: 98%
	Elapsed (wall clock) time (h:mm:ss or m:ss): 1:03.15
	Average shared text size (kbytes): 0
	Average unshared data size (kbytes): 0
	Average stack size (kbytes): 0
	Average total size (kbytes): 0
	Maximum resident set size (kbytes): 1884112
	Average resident set size (kbytes): 0
	Major (requiring I/O) page faults: 0
	Minor (reclaiming a frame) page faults: 591445
	Voluntary context switches: 9860
	Involuntary context switches: 199
	Swaps: 0
	File system inputs: 0
	File system outputs: 24
	Socket messages sent: 0
	Socket messages received: 0
	Signals delivered: 0
	Page size (bytes): 4096
	Exit status: 0
