[info] total indices 175
[info] total variants 175
3.002 was filtered out as 99273814 G>A needs A but not covered
3.003 was filtered out as 99270275 A>C needs C but not covered
3.004 was filtered out as 99245973 A>G needs G but not covered
3.005 was filtered out as 99264572 A>G needs G but not covered
3.006 was filtered out as 99247742 T>C needs C but not covered
3.007 was filtered out as 99247771 A>G needs G but not covered
3.008 was filtered out as 99273744 T>C needs C but not covered
3.009 was filtered out as 99262859 T>C needs C but not covered
3.010 was filtered out as 99250235 G>T needs T but not covered
3.017 was filtered out as 99262850 A>C needs C but not covered
7.001 was filtered out as 99250392 insA needs P but not covered
8.001 was filtered out as 99273820 G>A needs A but not covered
9.001 was filtered out as 99258138 C>T needs T but not covered
[filter] CYP3A5 1 => 1.001; 1.002; 1.003; 1.004; 1.005
[filter] CYP3A5 3 => 3.001; 3.012; 3.013; 3.014; 3.015; 3.016
[filter] CYP3A5 6 => 6.001
[filter] valid_alleles=12
Step 0: Loss=0.0283, CN=[1.9000832]
Step 100: Loss=0.0232, CN=[1.8991753]
Step 200: Loss=0.0232, CN=[1.8995473]
Step 300: Loss=0.0232, CN=[1.8995476]
Step 400: Loss=0.0232, CN=[1.8995477]

=== Fit ===
Region 0: obs=1.939, exp=1.900, diff=+0.040 
Region 1: obs=1.924, exp=1.900, diff=+0.024 
Region 2: obs=1.822, exp=1.900, diff=-0.078 
Region 3: obs=1.966, exp=1.900, diff=+0.067 
Region 4: obs=2.265, exp=1.900, diff=+0.365 
Region 5: obs=1.972, exp=1.900, diff=+0.073 
Region 6: obs=1.677, exp=1.900, diff=-0.222 
Region 7: obs=1.827, exp=1.900, diff=-0.073 
Region 8: obs=1.717, exp=1.900, diff=-0.183 
Region 9: obs=2.052, exp=1.900, diff=+0.153 
Region 10: obs=2.247, exp=1.900, diff=+0.347 
Region 11: obs=1.857, exp=1.900, diff=-0.043 
Region 12: obs=1.601, exp=1.900, diff=-0.299 
Region 13: obs=1.562, exp=1.900, diff=-0.338 
Region 14: obs=1.604, exp=1.900, diff=-0.296 
Region 15: obs=1.665, exp=1.900, diff=-0.235 
Region 16: obs=2.369, exp=1.900, diff=+0.469 
Region 17: obs=1.985, exp=1.900, diff=+0.085 
Region 18: obs=1.651, exp=1.900, diff=-0.249 
Region 19: obs=2.215, exp=1.900, diff=+0.315 
Region 20: obs=1.754, exp=1.900, diff=-0.145 
Region 21: obs=1.965, exp=1.900, diff=+0.066 
Region 22: obs=1.883, exp=1.900, diff=-0.017 
Region 23: obs=1.928, exp=1.900, diff=+0.029 
Region 24: obs=1.673, exp=1.900, diff=-0.226 
Region 25: obs=1.966, exp=1.900, diff=+0.067 
Region 26: obs=1.838, exp=1.900, diff=-0.061 
Region 27: obs=2.275, exp=1.900, diff=+0.375 
Region 28: obs=1.889, exp=1.900, diff=-0.011 

[Gene CN Results]
  CYP3A5: 1.90 → 1.8995475769042969
Using device: cuda

CYP3A5*1.001:

CYP3A5*1.002:

CYP3A5*1.003:

CYP3A5*1.004:

CYP3A5*1.005:

CYP3A5*3.001:

CYP3A5*3.012:

CYP3A5*3.013:

CYP3A5*3.014:

CYP3A5*3.015:

CYP3A5*3.016:

CYP3A5*6.001:

=== Running VAE with seed 4096 ===
Global Pooled JS: 0.048631
functional kld weight 0.0
Seed 4096, Step    0: Loss = 150.07 (Recon: 116.38, Allele KL: 7.90, Base KL: 966.04, Functional KL: 0.05
Global Pooled JS: 0.036890
functional kld weight 27.77777777777777
Seed 4096, Step  500: Loss = 148.20 (Recon: 113.13, Allele KL: 7.52, Base KL: 3772.90, Functional KL: 0.04
Global Pooled JS: 0.006757
functional kld weight 222.22222222222217
Seed 4096, Step 1000: Loss = 107.45 (Recon: 67.37, Allele KL: 12.50, Base KL: 4096.22, Functional KL: 0.01
Global Pooled JS: 0.004936
functional kld weight 750.0
Seed 4096, Step 1500: Loss = 108.50 (Recon: 60.95, Allele KL: 17.69, Base KL: 4848.89, Functional KL: 0.00
Global Pooled JS: 0.005003
functional kld weight 1777.7777777777774
Seed 4096, Step 2000: Loss = 124.16 (Recon: 65.39, Allele KL: 21.98, Base KL: 6420.61, Functional KL: 0.01
Global Pooled JS: 0.005096
functional kld weight 3472.222222222223
Seed 4096, Step 2500: Loss = 129.92 (Recon: 68.36, Allele KL: 13.47, Base KL: 8667.62, Functional KL: 0.01

Top Variants with Coverage Mismatches:
Rank   Variant                        Expected     Observed     Diff       |Div|       
------------------------------------------------------------------------------------------
1      CYP3A5:99270538→C              20.10        21.00        -0.90      0.000813    
2      CYP3A5:99270538→T              31.59        24.00        7.59       0.000724    
3      CYP3A5:99262834→N              0.04         0.00         0.04       0.000149    
4      CYP3A5:99262834→P              0.04         0.00         0.04       0.000148    
5      CYP3A5:99262834→G              0.04         0.00         0.04       0.000147    
6      CYP3A5:99270538→N              0.04         0.00         0.04       0.000147    
7      CYP3A5:99270538→A              0.04         0.00         0.04       0.000146    
8      CYP3A5:99270538→M              0.04         0.00         0.04       0.000145    
9      CYP3A5:99262834→A              0.04         0.00         0.04       0.000144    
10     CYP3A5:99270538→G              0.04         0.00         0.04       0.000144    
11     CYP3A5:99262834→M              0.04         0.00         0.04       0.000144    
12     CYP3A5:99270538→P              0.04         0.00         0.04       0.000141    
13     CYP3A5:99262834→T              30.17        27.00        3.17       0.000016    
14     CYP3A5:99262834→C              21.52        19.00        2.52       0.000001    
New best model with final loss: 130.23

=== Multi-Seed VAE Results ===
Best model had seed 4096 with final loss: 130.23
All seeds final losses:
  Seed 4096: Total=130.23 (Recon=60.78, A_KL=21.52, B_KL=10758.43) <- Best

[Raw]:
CYP3A5*6: Normalized=0.5865, Unnormalized=0.59
CYP3A5*3: Normalized=0.3925, Unnormalized=0.39

[Alleles]
CYP3A5*6
CYP3A5*3
	Command being timed: "python cyp.py CYP3A5 /project/shared/aldy-data/wgs/NA18855.wgs.cram 4096"
	User time (seconds): 51.53
	System time (seconds): 10.73
	Percent of CPU this job got: 98%
	Elapsed (wall clock) time (h:mm:ss or m:ss): 1:02.98
	Average shared text size (kbytes): 0
	Average unshared data size (kbytes): 0
	Average stack size (kbytes): 0
	Average total size (kbytes): 0
	Maximum resident set size (kbytes): 1904924
	Average resident set size (kbytes): 0
	Major (requiring I/O) page faults: 0
	Minor (reclaiming a frame) page faults: 615411
	Voluntary context switches: 9816
	Involuntary context switches: 99
	Swaps: 0
	File system inputs: 0
	File system outputs: 24
	Socket messages sent: 0
	Socket messages received: 0
	Signals delivered: 0
	Page size (bytes): 4096
	Exit status: 0
