[info] total indices 175
[info] total variants 175
3.002 was filtered out as 99273814 G>A needs A but not covered
3.003 was filtered out as 99270275 A>C needs C but not covered
3.004 was filtered out as 99245973 A>G needs G but not covered
3.005 was filtered out as 99264572 A>G needs G but not covered
3.006 was filtered out as 99247742 T>C needs C but not covered
3.007 was filtered out as 99247771 A>G needs G but not covered
3.008 was filtered out as 99273744 T>C needs C but not covered
3.009 was filtered out as 99262859 T>C needs C but not covered
3.010 was filtered out as 99250235 G>T needs T but not covered
3.017 was filtered out as 99262850 A>C needs C but not covered
6.001 was filtered out as 99262834 C>T needs T but not covered
7.001 was filtered out as 99250392 insA needs P but not covered
8.001 was filtered out as 99273820 G>A needs A but not covered
9.001 was filtered out as 99258138 C>T needs T but not covered
[filter] CYP3A5 1 => 1.001; 1.002; 1.003; 1.004; 1.005
[filter] CYP3A5 3 => 3.001; 3.012; 3.013; 3.014; 3.015; 3.016
[filter] valid_alleles=11
Step 0: Loss=0.0648, CN=[2.0999167]
Step 100: Loss=0.0255, CN=[2.2898383]
Step 200: Loss=0.0255, CN=[2.290897]
Step 300: Loss=0.0255, CN=[2.2909002]
Step 400: Loss=0.0255, CN=[2.2909005]

=== Fit ===
Region 0: obs=2.276, exp=2.291, diff=-0.015 
Region 1: obs=1.783, exp=2.291, diff=-0.507 *
Region 2: obs=1.789, exp=2.291, diff=-0.502 *
Region 3: obs=2.151, exp=2.291, diff=-0.140 
Region 4: obs=2.052, exp=2.291, diff=-0.239 
Region 5: obs=2.215, exp=2.291, diff=-0.076 
Region 6: obs=2.227, exp=2.291, diff=-0.064 
Region 7: obs=2.134, exp=2.291, diff=-0.157 
Region 8: obs=1.997, exp=2.291, diff=-0.294 
Region 9: obs=2.377, exp=2.291, diff=+0.087 
Region 10: obs=2.787, exp=2.291, diff=+0.496 
Region 11: obs=2.506, exp=2.291, diff=+0.216 
Region 12: obs=2.561, exp=2.291, diff=+0.271 
Region 13: obs=2.411, exp=2.291, diff=+0.120 
Region 14: obs=2.337, exp=2.291, diff=+0.046 
Region 15: obs=2.301, exp=2.291, diff=+0.010 
Region 16: obs=2.125, exp=2.291, diff=-0.166 
Region 17: obs=2.254, exp=2.291, diff=-0.037 
Region 18: obs=2.438, exp=2.291, diff=+0.147 
Region 19: obs=2.329, exp=2.291, diff=+0.038 
Region 20: obs=2.358, exp=2.291, diff=+0.067 
Region 21: obs=2.242, exp=2.291, diff=-0.049 
Region 22: obs=2.143, exp=2.291, diff=-0.148 
Region 23: obs=2.268, exp=2.291, diff=-0.023 
Region 24: obs=2.793, exp=2.291, diff=+0.502 *
Region 25: obs=2.434, exp=2.291, diff=+0.143 
Region 26: obs=2.443, exp=2.291, diff=+0.152 
Region 27: obs=2.354, exp=2.291, diff=+0.064 
Region 28: obs=2.343, exp=2.291, diff=+0.052 

[Gene CN Results]
  CYP3A5: 2.29 → 2.290900468826294
Using device: cuda

CYP3A5*1.001:

CYP3A5*1.002:

CYP3A5*1.003:

CYP3A5*1.004:

CYP3A5*1.005:

CYP3A5*3.001:

CYP3A5*3.012:

CYP3A5*3.013:

CYP3A5*3.014:

CYP3A5*3.015:

CYP3A5*3.016:

=== Running VAE with seed 4096 ===
Global Pooled JS: 0.135958
functional kld weight 0.0
Seed 4096, Step    0: Loss = 170.48 (Recon: 134.50, Allele KL: 9.87, Base KL: 567.35, Functional KL: 0.14
Global Pooled JS: 0.006002
functional kld weight 27.77777777777777
Seed 4096, Step  500: Loss = 96.20 (Recon: 56.02, Allele KL: 13.37, Base KL: 2743.49, Functional KL: 0.01
Global Pooled JS: 0.005191
functional kld weight 222.22222222222217
Seed 4096, Step 1000: Loss = 92.67 (Recon: 56.39, Allele KL: 8.11, Base KL: 3037.85, Functional KL: 0.01
Global Pooled JS: 0.003408
functional kld weight 750.0
Seed 4096, Step 1500: Loss = 93.14 (Recon: 47.67, Allele KL: 16.19, Base KL: 3572.50, Functional KL: 0.00
Global Pooled JS: 0.003534
functional kld weight 1777.7777777777774
Seed 4096, Step 2000: Loss = 105.71 (Recon: 49.16, Allele KL: 22.39, Base KL: 4635.91, Functional KL: 0.00
Global Pooled JS: 0.002054
functional kld weight 3472.222222222223
Seed 4096, Step 2500: Loss = 102.81 (Recon: 49.28, Allele KL: 16.54, Base KL: 6500.91, Functional KL: 0.00

Top Variants with Coverage Mismatches:
Rank   Variant                        Expected     Observed     Diff       |Div|       
------------------------------------------------------------------------------------------
1      CYP3A5:99270538→M              0.03         0.00         0.03       0.000287    
2      CYP3A5:99270538→G              0.03         0.00         0.03       0.000284    
3      CYP3A5:99270538→P              0.03         0.00         0.03       0.000283    
4      CYP3A5:99270538→A              0.03         0.00         0.03       0.000282    
5      CYP3A5:99270538→N              0.03         0.00         0.03       0.000279    
6      CYP3A5:99270538→T              20.79        21.00        -0.21      0.000193    
7      CYP3A5:99270538→C              18.74        17.00        1.74       0.000167    
New best model with final loss: 113.31

=== Multi-Seed VAE Results ===
Best model had seed 4096 with final loss: 113.31
All seeds final losses:
  Seed 4096: Total=113.31 (Recon=51.05, A_KL=15.79, B_KL=8209.04) <- Best

[Raw]:
CYP3A5*1: Normalized=0.5228, Unnormalized=0.52
CYP3A5*3: Normalized=0.4772, Unnormalized=0.48

[Alleles]
CYP3A5*1
CYP3A5*3
	Command being timed: "python cyp.py CYP3A5 /project/shared/aldy-data/wgs/NA18565.wgs.cram 4096"
	User time (seconds): 51.92
	System time (seconds): 10.91
	Percent of CPU this job got: 98%
	Elapsed (wall clock) time (h:mm:ss or m:ss): 1:03.95
	Average shared text size (kbytes): 0
	Average unshared data size (kbytes): 0
	Average stack size (kbytes): 0
	Average total size (kbytes): 0
	Maximum resident set size (kbytes): 1870276
	Average resident set size (kbytes): 0
	Major (requiring I/O) page faults: 0
	Minor (reclaiming a frame) page faults: 545463
	Voluntary context switches: 11223
	Involuntary context switches: 654
	Swaps: 0
	File system inputs: 0
	File system outputs: 24
	Socket messages sent: 0
	Socket messages received: 0
	Signals delivered: 0
	Page size (bytes): 4096
	Exit status: 0
