[info] total indices 175
[info] total variants 175
3.001 was filtered out as 99270538 T>C needs C but not covered
3.012 was filtered out as 99270538 T>C needs C but not covered
3.013 was filtered out as 99270538 T>C needs C but not covered
3.014 was filtered out as 99270538 T>C needs C but not covered
3.015 was filtered out as 99270538 T>C needs C but not covered
3.016 was filtered out as 99270538 T>C needs C but not covered
3.002 was filtered out as 99270538 T>C needs C but not covered
3.003 was filtered out as 99270538 T>C needs C but not covered
3.004 was filtered out as 99270538 T>C needs C but not covered
3.005 was filtered out as 99270538 T>C needs C but not covered
3.006 was filtered out as 99270538 T>C needs C but not covered
3.007 was filtered out as 99270538 T>C needs C but not covered
3.008 was filtered out as 99270538 T>C needs C but not covered
3.009 was filtered out as 99270538 T>C needs C but not covered
3.010 was filtered out as 99270538 T>C needs C but not covered
3.017 was filtered out as 99270538 T>C needs C but not covered
6.001 was filtered out as 99262834 C>T needs T but not covered
8.001 was filtered out as 99273820 G>A needs A but not covered
9.001 was filtered out as 99258138 C>T needs T but not covered
[filter] CYP3A5 1 => 1.001; 1.002; 1.003; 1.004; 1.005
[filter] CYP3A5 7 => 7.001
[filter] valid_alleles=6
Step 0: Loss=0.0491, CN=[1.9000832]
Step 100: Loss=0.0415, CN=[1.8706633]
Step 200: Loss=0.0415, CN=[1.8706754]
Step 300: Loss=0.0415, CN=[1.8706725]
Step 400: Loss=0.0415, CN=[1.870673]

=== Fit ===
Region 0: obs=2.063, exp=1.871, diff=+0.192 
Region 1: obs=1.988, exp=1.871, diff=+0.117 
Region 2: obs=1.446, exp=1.871, diff=-0.425 
Region 3: obs=1.880, exp=1.871, diff=+0.009 
Region 4: obs=2.135, exp=1.871, diff=+0.264 
Region 5: obs=1.614, exp=1.871, diff=-0.257 
Region 6: obs=1.309, exp=1.871, diff=-0.562 *
Region 7: obs=1.916, exp=1.871, diff=+0.045 
Region 8: obs=1.502, exp=1.871, diff=-0.369 
Region 9: obs=2.062, exp=1.871, diff=+0.191 
Region 10: obs=1.634, exp=1.871, diff=-0.237 
Region 11: obs=1.974, exp=1.871, diff=+0.104 
Region 12: obs=1.674, exp=1.871, diff=-0.197 
Region 13: obs=1.962, exp=1.871, diff=+0.092 
Region 14: obs=1.872, exp=1.871, diff=+0.002 
Region 15: obs=2.408, exp=1.871, diff=+0.538 *
Region 16: obs=2.751, exp=1.871, diff=+0.880 *
Region 17: obs=1.967, exp=1.871, diff=+0.097 
Region 18: obs=1.775, exp=1.871, diff=-0.096 
Region 19: obs=2.102, exp=1.871, diff=+0.231 
Region 20: obs=1.743, exp=1.871, diff=-0.128 
Region 21: obs=1.923, exp=1.871, diff=+0.052 
Region 22: obs=1.541, exp=1.871, diff=-0.329 
Region 23: obs=1.803, exp=1.871, diff=-0.068 
Region 24: obs=1.609, exp=1.871, diff=-0.262 
Region 25: obs=2.149, exp=1.871, diff=+0.278 
Region 26: obs=2.167, exp=1.871, diff=+0.297 
Region 27: obs=1.622, exp=1.871, diff=-0.249 
Region 28: obs=2.015, exp=1.871, diff=+0.145 

[Gene CN Results]
  CYP3A5: 1.87 → 1.8706729412078857
Using device: cuda

CYP3A5*1.001:

CYP3A5*1.002:

CYP3A5*1.003:

CYP3A5*1.004:

CYP3A5*1.005:

CYP3A5*7.001:

=== Running VAE with seed 4096 ===
Global Pooled JS: 0.020374
functional kld weight 0.0
Seed 4096, Step    0: Loss = 67.75 (Recon: 48.21, Allele KL: 1.08, Base KL: 106.17, Functional KL: 0.02
Global Pooled JS: 0.006232
functional kld weight 27.77777777777777
Seed 4096, Step  500: Loss = 58.61 (Recon: 33.28, Allele KL: 8.25, Base KL: 2561.95, Functional KL: 0.01
Global Pooled JS: 0.003414
functional kld weight 222.22222222222217
Seed 4096, Step 1000: Loss = 44.75 (Recon: 21.33, Allele KL: 6.24, Base KL: 2737.09, Functional KL: 0.00
Global Pooled JS: 0.008214
functional kld weight 750.0
Seed 4096, Step 1500: Loss = 55.64 (Recon: 24.40, Allele KL: 8.04, Base KL: 3229.58, Functional KL: 0.01
Global Pooled JS: 0.003024
functional kld weight 1777.7777777777774
Seed 4096, Step 2000: Loss = 59.57 (Recon: 22.60, Allele KL: 13.93, Base KL: 4106.39, Functional KL: 0.00
Global Pooled JS: 0.001002
functional kld weight 3472.222222222223
Seed 4096, Step 2500: Loss = 55.57 (Recon: 19.65, Allele KL: 13.96, Base KL: 5151.67, Functional KL: 0.00

Top Variants with Coverage Mismatches:
Rank   Variant                        Expected     Observed     Diff       |Div|       
------------------------------------------------------------------------------------------
1      CYP3A5:99250392→M              0.02         0.00         0.02       0.000154    
2      CYP3A5:99250392→G              0.02         0.00         0.02       0.000154    
3      CYP3A5:99250392→C              0.02         0.00         0.02       0.000153    
4      CYP3A5:99250392→N              0.02         0.00         0.02       0.000152    
5      CYP3A5:99250392→A              0.02         0.00         0.02       0.000147    
6      CYP3A5:99250392→P              11.86        12.00        -0.14      0.000044    
7      CYP3A5:99250392→T              26.26        28.00        -1.74      0.000029    
New best model with final loss: 58.13

=== Multi-Seed VAE Results ===
Best model had seed 4096 with final loss: 58.13
All seeds final losses:
  Seed 4096: Total=58.13 (Recon=22.29, A_KL=10.35, B_KL=6461.15) <- Best

[Raw]:
CYP3A5*1: Normalized=0.6868, Unnormalized=0.69
CYP3A5*7: Normalized=0.3132, Unnormalized=0.31

[Alleles]
CYP3A5*1
CYP3A5*7
	Command being timed: "python cyp.py CYP3A5 /project/shared/aldy-data/wgs/NA19917.wgs.cram 4096"
	User time (seconds): 51.60
	System time (seconds): 10.86
	Percent of CPU this job got: 99%
	Elapsed (wall clock) time (h:mm:ss or m:ss): 1:02.67
	Average shared text size (kbytes): 0
	Average unshared data size (kbytes): 0
	Average stack size (kbytes): 0
	Average total size (kbytes): 0
	Maximum resident set size (kbytes): 1874204
	Average resident set size (kbytes): 0
	Major (requiring I/O) page faults: 0
	Minor (reclaiming a frame) page faults: 557247
	Voluntary context switches: 9471
	Involuntary context switches: 154
	Swaps: 0
	File system inputs: 0
	File system outputs: 24
	Socket messages sent: 0
	Socket messages received: 0
	Signals delivered: 0
	Page size (bytes): 4096
	Exit status: 0
