[info] total indices 224
[info] total variants 224
2.001 was filtered out as 96818105 T>A needs A but not covered
2.002 was filtered out as 96818105 T>A needs A but not covered
4.001 was filtered out as 96818118 G>C needs C but not covered
4.002 was filtered out as 96818118 G>C needs C but not covered
5.001 was filtered out as 96826970 delT needs N but not covered
6.001 was filtered out as 96824687 C>T needs T but not covered
7.001 was filtered out as 96824642 G>A needs A but not covered
8.001 was filtered out as 96824642 G>C needs C but not covered
9.001 was filtered out as 96818170 T>C needs C but not covered
10.001 was filtered out as 96802646 C>A needs A but not covered
11.001 was filtered out as 96805707 C>A needs A but not covered
12.001 was filtered out as 96796973 delCAA needs N but not covered
13.001 was filtered out as 96818241 A>C needs C but not covered
14.001 was filtered out as 96818198 C>G needs G but not covered
15.001 was filtered out as 96824657 C>T needs T but not covered
16.001 was filtered out as 96802803 A>G needs G but not covered
17.001 was filtered out as 96818180 T>C needs C but not covered
18.001 was filtered out as 96802714 G>A needs A but not covered
[filter] CYP2C8 1.001 => 1.001; 1.002; 1.003; 1.004; 1.005; 1.006; 1.007; 1.008; 1.009; 1.010; 1.011; 1.012; 1.013; 1.014; 1.015; 1.016; 1.017; 1.018
[filter] CYP2C8 3.001 => 3.001; 3.002
[filter] valid_alleles=20
Step 0: Loss=0.0329, CN=[1.9000832]
Step 100: Loss=0.0281, CN=[1.9013724]
Step 200: Loss=0.0281, CN=[1.9017731]
Step 300: Loss=0.0281, CN=[1.9017731]
Step 400: Loss=0.0281, CN=[1.9017733]

=== Fit ===
Region 0: obs=2.013, exp=1.902, diff=+0.111 
Region 1: obs=1.902, exp=1.902, diff=+0.000 
Region 2: obs=2.192, exp=1.902, diff=+0.290 
Region 3: obs=1.965, exp=1.902, diff=+0.063 
Region 4: obs=1.740, exp=1.902, diff=-0.162 
Region 5: obs=1.808, exp=1.902, diff=-0.094 
Region 6: obs=2.401, exp=1.902, diff=+0.499 
Region 7: obs=2.080, exp=1.902, diff=+0.178 
Region 8: obs=1.485, exp=1.902, diff=-0.417 
Region 9: obs=1.727, exp=1.902, diff=-0.175 
Region 10: obs=1.580, exp=1.902, diff=-0.321 
Region 11: obs=1.906, exp=1.902, diff=+0.004 
Region 12: obs=2.015, exp=1.902, diff=+0.113 
Region 13: obs=1.871, exp=1.902, diff=-0.030 
Region 14: obs=2.021, exp=1.902, diff=+0.120 
Region 15: obs=1.820, exp=1.902, diff=-0.082 
Region 16: obs=2.209, exp=1.902, diff=+0.307 
Region 17: obs=1.925, exp=1.902, diff=+0.023 
Region 18: obs=1.451, exp=1.902, diff=-0.450 
Region 19: obs=1.663, exp=1.902, diff=-0.239 
Region 20: obs=2.162, exp=1.902, diff=+0.261 

[Gene CN Results]
  CYP2C8: 1.90 → 1.9017728567123413
Using device: cuda

CYP2C8*1.001:

CYP2C8*1.002:

CYP2C8*1.003:

CYP2C8*1.004:

CYP2C8*1.005:

CYP2C8*1.006:

CYP2C8*1.007:

CYP2C8*1.008:

CYP2C8*1.009:

CYP2C8*1.010:

CYP2C8*1.011:

CYP2C8*1.012:

CYP2C8*1.013:

CYP2C8*1.014:

CYP2C8*1.015:

CYP2C8*1.016:

CYP2C8*1.017:

CYP2C8*1.018:

CYP2C8*3.001:

CYP2C8*3.002:

=== Running VAE with seed 789 ===
Global Pooled JS: 0.242537
functional kld weight 0.0
Seed 789, Step    0: Loss = 604.72 (Recon: 539.93, Allele KL: 38.09, Base KL: 2006.23, Functional KL: 0.24
Global Pooled JS: 0.026633
functional kld weight 27.77777777777777
Seed 789, Step  500: Loss = 163.16 (Recon: 116.97, Allele KL: 18.02, Base KL: 3896.28, Functional KL: 0.03
Global Pooled JS: 0.015086
functional kld weight 222.22222222222217
Seed 789, Step 1000: Loss = 155.61 (Recon: 102.49, Allele KL: 22.44, Base KL: 4286.05, Functional KL: 0.02
Global Pooled JS: 0.004897
functional kld weight 750.0
Seed 789, Step 1500: Loss = 148.37 (Recon: 92.22, Allele KL: 24.86, Base KL: 5182.93, Functional KL: 0.00
Global Pooled JS: 0.006420
functional kld weight 1777.7777777777774
Seed 789, Step 2000: Loss = 167.94 (Recon: 98.13, Allele KL: 29.27, Base KL: 6904.61, Functional KL: 0.01
Global Pooled JS: 0.007652
functional kld weight 3472.222222222223
Seed 789, Step 2500: Loss = 174.10 (Recon: 90.58, Allele KL: 25.48, Base KL: 9099.10, Functional KL: 0.01

Top Variants with Coverage Mismatches:
Rank   Variant                        Expected     Observed     Diff       |Div|       
------------------------------------------------------------------------------------------
1      CYP2C8:96827029→C              20.14        29.00        -8.86      0.000405    
2      CYP2C8:96798748→T              20.14        23.00        -2.86      0.000304    
3      CYP2C8:96798748→C              27.84        33.00        -5.16      0.000191    
4      CYP2C8:96827029→T              27.86        38.00        -10.14     0.000165    
5      CYP2C8:96798748→P              0.04         0.00         0.04       0.000152    
6      CYP2C8:96798748→N              0.04         0.00         0.04       0.000151    
7      CYP2C8:96798748→G              0.04         0.00         0.04       0.000150    
8      CYP2C8:96798748→M              0.04         0.00         0.04       0.000149    
9      CYP2C8:96798748→A              0.04         0.00         0.04       0.000146    
10     CYP2C8:96827029→P              0.04         0.00         0.04       0.000141    
11     CYP2C8:96827029→N              0.04         0.00         0.04       0.000141    
12     CYP2C8:96827029→M              0.04         0.00         0.04       0.000140    
13     CYP2C8:96827029→A              0.04         0.00         0.04       0.000136    
14     CYP2C8:96827029→G              0.04         0.00         0.04       0.000130    
New best model with final loss: 171.31

=== Multi-Seed VAE Results ===
Best model had seed 789 with final loss: 171.31
All seeds final losses:
  Seed 789: Total=171.31 (Recon=88.86, A_KL=31.60, B_KL=11697.56) <- Best

[Raw]:
CYP2C8*3: Normalized=0.5832, Unnormalized=0.58
CYP2C8*1: Normalized=0.4168, Unnormalized=0.42

[Alleles]
CYP2C8*3
CYP2C8*1
	Command being timed: "python cyp.py CYP2C8 /project/shared/aldy-data/wgs/HG00276.wgs.cram 789"
	User time (seconds): 98.26
	System time (seconds): 20.45
	Percent of CPU this job got: 99%
	Elapsed (wall clock) time (h:mm:ss or m:ss): 1:59.02
	Average shared text size (kbytes): 0
	Average unshared data size (kbytes): 0
	Average stack size (kbytes): 0
	Average total size (kbytes): 0
	Maximum resident set size (kbytes): 1878684
	Average resident set size (kbytes): 0
	Major (requiring I/O) page faults: 0
	Minor (reclaiming a frame) page faults: 630472
	Voluntary context switches: 10474
	Involuntary context switches: 787
	Swaps: 0
	File system inputs: 0
	File system outputs: 24
	Socket messages sent: 0
	Socket messages received: 0
	Signals delivered: 0
	Page size (bytes): 4096
	Exit status: 0
