[info] total indices 224
[info] total variants 224
2.001 was filtered out as 96818105 T>A needs A but not covered
2.002 was filtered out as 96818105 T>A needs A but not covered
3.001 was filtered out as 96827029 C>T needs T but not covered
3.002 was filtered out as 96827029 C>T needs T but not covered
4.001 was filtered out as 96818118 G>C needs C but not covered
4.002 was filtered out as 96818118 G>C needs C but not covered
5.001 was filtered out as 96826970 delT needs N but not covered
6.001 was filtered out as 96824687 C>T needs T but not covered
7.001 was filtered out as 96824642 G>A needs A but not covered
8.001 was filtered out as 96824642 G>C needs C but not covered
9.001 was filtered out as 96818170 T>C needs C but not covered
10.001 was filtered out as 96802646 C>A needs A but not covered
11.001 was filtered out as 96805707 C>A needs A but not covered
12.001 was filtered out as 96796973 delCAA needs N but not covered
13.001 was filtered out as 96818241 A>C needs C but not covered
14.001 was filtered out as 96818198 C>G needs G but not covered
15.001 was filtered out as 96824657 C>T needs T but not covered
16.001 was filtered out as 96802803 A>G needs G but not covered
17.001 was filtered out as 96818180 T>C needs C but not covered
18.001 was filtered out as 96802714 G>A needs A but not covered
[filter] CYP2C8 1.001 => 1.001; 1.002; 1.003; 1.004; 1.005; 1.006; 1.007; 1.008; 1.009; 1.010; 1.011; 1.012; 1.013; 1.014; 1.015; 1.016; 1.017; 1.018
[filter] valid_alleles=18
Step 0: Loss=0.2590, CN=[2.0999167]
Step 100: Loss=0.0371, CN=[2.76462]
Step 200: Loss=0.0371, CN=[2.761622]
Step 300: Loss=0.0371, CN=[2.7616396]
Step 400: Loss=0.0371, CN=[2.7616396]

=== Fit ===
Region 0: obs=2.800, exp=2.762, diff=+0.038 
Region 1: obs=3.054, exp=2.762, diff=+0.293 
Region 2: obs=2.413, exp=2.762, diff=-0.348 
Region 3: obs=2.267, exp=2.762, diff=-0.495 
Region 4: obs=3.000, exp=2.762, diff=+0.238 
Region 5: obs=3.116, exp=2.762, diff=+0.355 
Region 6: obs=2.563, exp=2.762, diff=-0.198 
Region 7: obs=3.086, exp=2.762, diff=+0.324 
Region 8: obs=2.260, exp=2.762, diff=-0.501 *
Region 9: obs=2.641, exp=2.762, diff=-0.121 
Region 10: obs=2.677, exp=2.762, diff=-0.084 
Region 11: obs=2.698, exp=2.762, diff=-0.064 
Region 12: obs=3.187, exp=2.762, diff=+0.426 
Region 13: obs=2.875, exp=2.762, diff=+0.114 
Region 14: obs=2.921, exp=2.762, diff=+0.160 
Region 15: obs=2.855, exp=2.762, diff=+0.093 
Region 16: obs=2.933, exp=2.762, diff=+0.172 
Region 17: obs=2.829, exp=2.762, diff=+0.067 
Region 18: obs=2.519, exp=2.762, diff=-0.243 
Region 19: obs=2.373, exp=2.762, diff=-0.389 
Region 20: obs=2.925, exp=2.762, diff=+0.163 

[Gene CN Results]
  CYP2C8: 2.76 → 2.7616398334503174
Using device: cuda

CYP2C8*1.001:

CYP2C8*1.002:

CYP2C8*1.003:

CYP2C8*1.004:

CYP2C8*1.005:

CYP2C8*1.006:

CYP2C8*1.007:

CYP2C8*1.008:

CYP2C8*1.009:

CYP2C8*1.010:

CYP2C8*1.011:

CYP2C8*1.012:

CYP2C8*1.013:

CYP2C8*1.014:

CYP2C8*1.015:

CYP2C8*1.016:

CYP2C8*1.017:

CYP2C8*1.018:

=== Running VAE with seed 789 ===
Global Pooled JS: 0.000000
functional kld weight 0.0
Seed 789, Step    0: Loss = 218.50 (Recon: 170.54, Allele KL: 19.84, Base KL: 1330.48, Functional KL: 0.00
Global Pooled JS: 0.000000
functional kld weight 27.77777777777777
Seed 789, Step  500: Loss = 126.31 (Recon: 80.46, Allele KL: 16.57, Base KL: 4162.39, Functional KL: 0.00
Global Pooled JS: 0.000000
functional kld weight 222.22222222222217
Seed 789, Step 1000: Loss = 127.75 (Recon: 75.79, Allele KL: 22.99, Base KL: 4147.11, Functional KL: 0.00
Global Pooled JS: 0.000000
functional kld weight 750.0
Seed 789, Step 1500: Loss = 122.76 (Recon: 72.27, Allele KL: 21.78, Base KL: 4197.88, Functional KL: 0.00
Global Pooled JS: 0.000000
functional kld weight 1777.7777777777774
Seed 789, Step 2000: Loss = 133.01 (Recon: 85.03, Allele KL: 18.80, Base KL: 4232.80, Functional KL: 0.00
Global Pooled JS: 0.000000
functional kld weight 3472.222222222223
Seed 789, Step 2500: Loss = 136.61 (Recon: 89.79, Allele KL: 17.56, Base KL: 4161.91, Functional KL: 0.00

Top Variants with Coverage Mismatches:
Rank   Variant                        Expected     Observed     Diff       |Div|       
------------------------------------------------------------------------------------------
New best model with final loss: 126.03

=== Multi-Seed VAE Results ===
Best model had seed 789 with final loss: 126.03
All seeds final losses:
  Seed 789: Total=126.03 (Recon=77.66, A_KL=19.68, B_KL=4103.61) <- Best

[Raw]:
CYP2C8*1: Normalized=1.0000, Unnormalized=1.00

[Alleles]
CYP2C8*1
CYP2C8*1
	Command being timed: "python cyp.py CYP2C8 /project/shared/aldy-data/wgs/NA11832.wgs.cram 789"
	User time (seconds): 97.24
	System time (seconds): 20.78
	Percent of CPU this job got: 99%
	Elapsed (wall clock) time (h:mm:ss or m:ss): 1:58.31
	Average shared text size (kbytes): 0
	Average unshared data size (kbytes): 0
	Average stack size (kbytes): 0
	Average total size (kbytes): 0
	Maximum resident set size (kbytes): 1901512
	Average resident set size (kbytes): 0
	Major (requiring I/O) page faults: 0
	Minor (reclaiming a frame) page faults: 616357
	Voluntary context switches: 9944
	Involuntary context switches: 163
	Swaps: 0
	File system inputs: 0
	File system outputs: 24
	Socket messages sent: 0
	Socket messages received: 0
	Signals delivered: 0
	Page size (bytes): 4096
	Exit status: 0
