[info] total indices 224
[info] total variants 224
2.001 was filtered out as 96818105 T>A needs A but not covered
2.002 was filtered out as 96818105 T>A needs A but not covered
3.001 was filtered out as 96827029 C>T needs T but not covered
3.002 was filtered out as 96827029 C>T needs T but not covered
4.001 was filtered out as 96818118 G>C needs C but not covered
4.002 was filtered out as 96818118 G>C needs C but not covered
5.001 was filtered out as 96826970 delT needs N but not covered
6.001 was filtered out as 96824687 C>T needs T but not covered
7.001 was filtered out as 96824642 G>A needs A but not covered
8.001 was filtered out as 96824642 G>C needs C but not covered
9.001 was filtered out as 96818170 T>C needs C but not covered
10.001 was filtered out as 96802646 C>A needs A but not covered
11.001 was filtered out as 96805707 C>A needs A but not covered
12.001 was filtered out as 96796973 delCAA needs N but not covered
13.001 was filtered out as 96818241 A>C needs C but not covered
14.001 was filtered out as 96818198 C>G needs G but not covered
15.001 was filtered out as 96824657 C>T needs T but not covered
16.001 was filtered out as 96802803 A>G needs G but not covered
17.001 was filtered out as 96818180 T>C needs C but not covered
18.001 was filtered out as 96802714 G>A needs A but not covered
[filter] CYP2C8 1.001 => 1.001; 1.002; 1.003; 1.004; 1.005; 1.006; 1.007; 1.008; 1.009; 1.010; 1.011; 1.012; 1.013; 1.014; 1.015; 1.016; 1.017; 1.018
[filter] valid_alleles=18
Step 0: Loss=0.0660, CN=[2.0999167]
Step 100: Loss=0.0181, CN=[2.3115175]
Step 200: Loss=0.0181, CN=[2.3127134]
Step 300: Loss=0.0181, CN=[2.312707]
Step 400: Loss=0.0181, CN=[2.312707]

=== Fit ===
Region 0: obs=2.421, exp=2.313, diff=+0.109 
Region 1: obs=2.357, exp=2.313, diff=+0.045 
Region 2: obs=1.962, exp=2.313, diff=-0.351 
Region 3: obs=2.399, exp=2.313, diff=+0.086 
Region 4: obs=2.363, exp=2.313, diff=+0.050 
Region 5: obs=2.506, exp=2.313, diff=+0.193 
Region 6: obs=2.453, exp=2.313, diff=+0.141 
Region 7: obs=2.088, exp=2.313, diff=-0.225 
Region 8: obs=2.140, exp=2.313, diff=-0.173 
Region 9: obs=2.367, exp=2.313, diff=+0.055 
Region 10: obs=1.942, exp=2.313, diff=-0.370 
Region 11: obs=2.251, exp=2.313, diff=-0.061 
Region 12: obs=2.642, exp=2.313, diff=+0.329 
Region 13: obs=2.373, exp=2.313, diff=+0.061 
Region 14: obs=2.199, exp=2.313, diff=-0.113 
Region 15: obs=2.400, exp=2.313, diff=+0.088 
Region 16: obs=2.358, exp=2.313, diff=+0.046 
Region 17: obs=2.287, exp=2.313, diff=-0.025 
Region 18: obs=2.030, exp=2.313, diff=-0.283 
Region 19: obs=2.379, exp=2.313, diff=+0.066 
Region 20: obs=2.647, exp=2.313, diff=+0.335 

[Gene CN Results]
  CYP2C8: 2.31 → 2.31270694732666
Using device: cuda

CYP2C8*1.001:

CYP2C8*1.002:

CYP2C8*1.003:

CYP2C8*1.004:

CYP2C8*1.005:

CYP2C8*1.006:

CYP2C8*1.007:

CYP2C8*1.008:

CYP2C8*1.009:

CYP2C8*1.010:

CYP2C8*1.011:

CYP2C8*1.012:

CYP2C8*1.013:

CYP2C8*1.014:

CYP2C8*1.015:

CYP2C8*1.016:

CYP2C8*1.017:

CYP2C8*1.018:

=== Running VAE with seed 789 ===
Global Pooled JS: 0.000000
functional kld weight 0.0
Seed 789, Step    0: Loss = 275.52 (Recon: 230.82, Allele KL: 15.70, Base KL: 1429.31, Functional KL: 0.00
Global Pooled JS: 0.000000
functional kld weight 27.77777777777777
Seed 789, Step  500: Loss = 112.91 (Recon: 67.28, Allele KL: 16.55, Base KL: 5256.12, Functional KL: 0.00
Global Pooled JS: 0.000000
functional kld weight 222.22222222222217
Seed 789, Step 1000: Loss = 149.75 (Recon: 104.62, Allele KL: 14.28, Base KL: 5309.66, Functional KL: 0.00
Global Pooled JS: 0.000000
functional kld weight 750.0
Seed 789, Step 1500: Loss = 105.06 (Recon: 58.64, Allele KL: 17.73, Base KL: 5295.21, Functional KL: 0.00
Global Pooled JS: 0.000000
functional kld weight 1777.7777777777774
Seed 789, Step 2000: Loss = 108.24 (Recon: 57.69, Allele KL: 22.08, Base KL: 5240.03, Functional KL: 0.00
Global Pooled JS: 0.000000
functional kld weight 3472.222222222223
Seed 789, Step 2500: Loss = 104.93 (Recon: 59.11, Allele KL: 17.12, Base KL: 5303.53, Functional KL: 0.00

Top Variants with Coverage Mismatches:
Rank   Variant                        Expected     Observed     Diff       |Div|       
------------------------------------------------------------------------------------------
New best model with final loss: 107.40

=== Multi-Seed VAE Results ===
Best model had seed 789 with final loss: 107.40
All seeds final losses:
  Seed 789: Total=107.40 (Recon=61.85, A_KL=16.63, B_KL=5345.79) <- Best

[Raw]:
CYP2C8*1: Normalized=1.0000, Unnormalized=1.00

[Alleles]
CYP2C8*1
CYP2C8*1
	Command being timed: "python cyp.py CYP2C8 /project/shared/aldy-data/wgs/NA11993.wgs.cram 789"
	User time (seconds): 97.79
	System time (seconds): 21.32
	Percent of CPU this job got: 99%
	Elapsed (wall clock) time (h:mm:ss or m:ss): 1:59.43
	Average shared text size (kbytes): 0
	Average unshared data size (kbytes): 0
	Average stack size (kbytes): 0
	Average total size (kbytes): 0
	Maximum resident set size (kbytes): 1895304
	Average resident set size (kbytes): 0
	Major (requiring I/O) page faults: 0
	Minor (reclaiming a frame) page faults: 612904
	Voluntary context switches: 11436
	Involuntary context switches: 1248
	Swaps: 0
	File system inputs: 0
	File system outputs: 24
	Socket messages sent: 0
	Socket messages received: 0
	Signals delivered: 0
	Page size (bytes): 4096
	Exit status: 0
