[info] total indices 224
[info] total variants 224
2.001 was filtered out as 96818105 T>A needs A but not covered
2.002 was filtered out as 96818105 T>A needs A but not covered
3.001 was filtered out as 96827029 C>T needs T but not covered
3.002 was filtered out as 96827029 C>T needs T but not covered
4.001 was filtered out as 96818118 G>C needs C but not covered
4.002 was filtered out as 96818118 G>C needs C but not covered
5.001 was filtered out as 96826970 delT needs N but not covered
6.001 was filtered out as 96824687 C>T needs T but not covered
7.001 was filtered out as 96824642 G>A needs A but not covered
8.001 was filtered out as 96824642 G>C needs C but not covered
9.001 was filtered out as 96818170 T>C needs C but not covered
10.001 was filtered out as 96802646 C>A needs A but not covered
11.001 was filtered out as 96805707 C>A needs A but not covered
12.001 was filtered out as 96796973 delCAA needs N but not covered
13.001 was filtered out as 96818241 A>C needs C but not covered
14.001 was filtered out as 96818198 C>G needs G but not covered
15.001 was filtered out as 96824657 C>T needs T but not covered
16.001 was filtered out as 96802803 A>G needs G but not covered
17.001 was filtered out as 96818180 T>C needs C but not covered
18.001 was filtered out as 96802714 G>A needs A but not covered
[filter] CYP2C8 1.001 => 1.001; 1.002; 1.003; 1.004; 1.005; 1.006; 1.007; 1.008; 1.009; 1.010; 1.011; 1.012; 1.013; 1.014; 1.015; 1.016; 1.017; 1.018
[filter] valid_alleles=18
Step 0: Loss=0.1372, CN=[2.0999167]
Step 100: Loss=0.0345, CN=[2.4876366]
Step 200: Loss=0.0345, CN=[2.485679]
Step 300: Loss=0.0345, CN=[2.485668]
Step 400: Loss=0.0345, CN=[2.485668]

=== Fit ===
Region 0: obs=2.428, exp=2.486, diff=-0.058 
Region 1: obs=2.630, exp=2.486, diff=+0.144 
Region 2: obs=2.111, exp=2.486, diff=-0.375 
Region 3: obs=2.526, exp=2.486, diff=+0.040 
Region 4: obs=2.953, exp=2.486, diff=+0.467 
Region 5: obs=2.325, exp=2.486, diff=-0.160 
Region 6: obs=2.245, exp=2.486, diff=-0.241 
Region 7: obs=2.679, exp=2.486, diff=+0.194 
Region 8: obs=1.977, exp=2.486, diff=-0.509 *
Region 9: obs=2.544, exp=2.486, diff=+0.058 
Region 10: obs=2.343, exp=2.486, diff=-0.143 
Region 11: obs=2.614, exp=2.486, diff=+0.128 
Region 12: obs=3.147, exp=2.486, diff=+0.661 *
Region 13: obs=2.366, exp=2.486, diff=-0.120 
Region 14: obs=2.352, exp=2.486, diff=-0.133 
Region 15: obs=2.398, exp=2.486, diff=-0.088 
Region 16: obs=2.829, exp=2.486, diff=+0.344 
Region 17: obs=2.582, exp=2.486, diff=+0.096 
Region 18: obs=2.266, exp=2.486, diff=-0.220 
Region 19: obs=2.610, exp=2.486, diff=+0.124 
Region 20: obs=2.428, exp=2.486, diff=-0.058 

[Gene CN Results]
  CYP2C8: 2.49 → 2.485668182373047
Using device: cuda

CYP2C8*1.001:

CYP2C8*1.002:

CYP2C8*1.003:

CYP2C8*1.004:

CYP2C8*1.005:

CYP2C8*1.006:

CYP2C8*1.007:

CYP2C8*1.008:

CYP2C8*1.009:

CYP2C8*1.010:

CYP2C8*1.011:

CYP2C8*1.012:

CYP2C8*1.013:

CYP2C8*1.014:

CYP2C8*1.015:

CYP2C8*1.016:

CYP2C8*1.017:

CYP2C8*1.018:

=== Running VAE with seed 789 ===
Global Pooled JS: 0.000000
functional kld weight 0.0
Seed 789, Step    0: Loss = 180.65 (Recon: 135.98, Allele KL: 16.26, Base KL: 1260.29, Functional KL: 0.00
Global Pooled JS: 0.000000
functional kld weight 27.77777777777777
Seed 789, Step  500: Loss = 125.91 (Recon: 79.52, Allele KL: 18.46, Base KL: 3729.38, Functional KL: 0.00
Global Pooled JS: 0.000000
functional kld weight 222.22222222222217
Seed 789, Step 1000: Loss = 121.61 (Recon: 73.96, Allele KL: 19.11, Base KL: 3682.76, Functional KL: 0.00
Global Pooled JS: 0.000000
functional kld weight 750.0
Seed 789, Step 1500: Loss = 118.93 (Recon: 71.85, Allele KL: 18.64, Base KL: 3964.77, Functional KL: 0.00
Global Pooled JS: 0.000000
functional kld weight 1777.7777777777774
Seed 789, Step 2000: Loss = 128.27 (Recon: 83.36, Allele KL: 15.56, Base KL: 3699.81, Functional KL: 0.00
Global Pooled JS: 0.000000
functional kld weight 3472.222222222223
Seed 789, Step 2500: Loss = 136.25 (Recon: 90.73, Allele KL: 16.31, Base KL: 3651.78, Functional KL: 0.00

Top Variants with Coverage Mismatches:
Rank   Variant                        Expected     Observed     Diff       |Div|       
------------------------------------------------------------------------------------------
New best model with final loss: 117.04

=== Multi-Seed VAE Results ===
Best model had seed 789 with final loss: 117.04
All seeds final losses:
  Seed 789: Total=117.04 (Recon=70.31, A_KL=18.54, B_KL=3715.23) <- Best

[Raw]:
CYP2C8*1: Normalized=1.0000, Unnormalized=1.00

[Alleles]
CYP2C8*1
CYP2C8*1
	Command being timed: "python cyp.py CYP2C8 /project/shared/aldy-data/wgs/NA18959.wgs.cram 789"
	User time (seconds): 96.21
	System time (seconds): 19.36
	Percent of CPU this job got: 99%
	Elapsed (wall clock) time (h:mm:ss or m:ss): 1:55.84
	Average shared text size (kbytes): 0
	Average unshared data size (kbytes): 0
	Average stack size (kbytes): 0
	Average total size (kbytes): 0
	Maximum resident set size (kbytes): 1877988
	Average resident set size (kbytes): 0
	Major (requiring I/O) page faults: 0
	Minor (reclaiming a frame) page faults: 618920
	Voluntary context switches: 9984
	Involuntary context switches: 265
	Swaps: 0
	File system inputs: 0
	File system outputs: 32
	Socket messages sent: 0
	Socket messages received: 0
	Signals delivered: 0
	Page size (bytes): 4096
	Exit status: 0
