[info] total indices 224
[info] total variants 224
2.001 was filtered out as 96818105 T>A needs A but not covered
2.002 was filtered out as 96818105 T>A needs A but not covered
3.001 was filtered out as 96827029 C>T needs T but not covered
3.002 was filtered out as 96827029 C>T needs T but not covered
4.001 was filtered out as 96818118 G>C needs C but not covered
4.002 was filtered out as 96818118 G>C needs C but not covered
5.001 was filtered out as 96826970 delT needs N but not covered
6.001 was filtered out as 96824687 C>T needs T but not covered
7.001 was filtered out as 96824642 G>A needs A but not covered
8.001 was filtered out as 96824642 G>C needs C but not covered
9.001 was filtered out as 96818170 T>C needs C but not covered
10.001 was filtered out as 96802646 C>A needs A but not covered
11.001 was filtered out as 96805707 C>A needs A but not covered
12.001 was filtered out as 96796973 delCAA needs N but not covered
13.001 was filtered out as 96818241 A>C needs C but not covered
14.001 was filtered out as 96818198 C>G needs G but not covered
15.001 was filtered out as 96824657 C>T needs T but not covered
16.001 was filtered out as 96802803 A>G needs G but not covered
17.001 was filtered out as 96818180 T>C needs C but not covered
18.001 was filtered out as 96802714 G>A needs A but not covered
[filter] CYP2C8 1.001 => 1.001; 1.002; 1.003; 1.004; 1.005; 1.006; 1.007; 1.008; 1.009; 1.010; 1.011; 1.012; 1.013; 1.014; 1.015; 1.016; 1.017; 1.018
[filter] valid_alleles=18
Step 0: Loss=0.3748, CN=[2.0999167]
Step 100: Loss=0.0999, CN=[2.9448705]
Step 200: Loss=0.0999, CN=[2.943488]
Step 300: Loss=0.0999, CN=[2.943475]
Step 400: Loss=0.0999, CN=[2.943475]

=== Fit ===
Region 0: obs=3.114, exp=2.943, diff=+0.170 
Region 1: obs=2.212, exp=2.943, diff=-0.732 *
Region 2: obs=2.163, exp=2.943, diff=-0.781 *
Region 3: obs=3.058, exp=2.943, diff=+0.114 
Region 4: obs=3.145, exp=2.943, diff=+0.202 
Region 5: obs=3.143, exp=2.943, diff=+0.200 
Region 6: obs=2.662, exp=2.943, diff=-0.282 
Region 7: obs=2.959, exp=2.943, diff=+0.015 
Region 8: obs=3.274, exp=2.943, diff=+0.331 
Region 9: obs=2.764, exp=2.943, diff=-0.179 
Region 10: obs=2.702, exp=2.943, diff=-0.242 
Region 11: obs=2.869, exp=2.943, diff=-0.075 
Region 12: obs=2.771, exp=2.943, diff=-0.173 
Region 13: obs=3.101, exp=2.943, diff=+0.157 
Region 14: obs=2.179, exp=2.943, diff=-0.764 *
Region 15: obs=2.939, exp=2.943, diff=-0.004 
Region 16: obs=4.570, exp=2.943, diff=+1.626 *
Region 17: obs=2.909, exp=2.943, diff=-0.034 
Region 18: obs=3.051, exp=2.943, diff=+0.108 
Region 19: obs=3.974, exp=2.943, diff=+1.030 *
Region 20: obs=3.135, exp=2.943, diff=+0.192 

[Gene CN Results]
  CYP2C8: 2.94 → 2.9434750080108643
Using device: cuda

CYP2C8*1.001:

CYP2C8*1.002:

CYP2C8*1.003:

CYP2C8*1.004:

CYP2C8*1.005:

CYP2C8*1.006:

CYP2C8*1.007:

CYP2C8*1.008:

CYP2C8*1.009:

CYP2C8*1.010:

CYP2C8*1.011:

CYP2C8*1.012:

CYP2C8*1.013:

CYP2C8*1.014:

CYP2C8*1.015:

CYP2C8*1.016:

CYP2C8*1.017:

CYP2C8*1.018:

=== Running VAE with seed 789 ===
Global Pooled JS: 0.000000
functional kld weight 0.0
Seed 789, Step    0: Loss = 232.01 (Recon: 185.37, Allele KL: 18.19, Base KL: 1550.94, Functional KL: 0.00
Global Pooled JS: 0.000000
functional kld weight 27.77777777777777
Seed 789, Step  500: Loss = 136.78 (Recon: 93.15, Allele KL: 14.87, Base KL: 3555.93, Functional KL: 0.00
Global Pooled JS: 0.000000
functional kld weight 222.22222222222217
Seed 789, Step 1000: Loss = 142.72 (Recon: 92.18, Allele KL: 22.18, Base KL: 3645.88, Functional KL: 0.00
Global Pooled JS: 0.000000
functional kld weight 750.0
Seed 789, Step 1500: Loss = 137.69 (Recon: 89.12, Allele KL: 20.04, Base KL: 3762.96, Functional KL: 0.00
Global Pooled JS: 0.000000
functional kld weight 1777.7777777777774
Seed 789, Step 2000: Loss = 137.54 (Recon: 93.19, Allele KL: 15.92, Base KL: 3234.65, Functional KL: 0.00
Global Pooled JS: 0.000000
functional kld weight 3472.222222222223
Seed 789, Step 2500: Loss = 140.17 (Recon: 96.47, Allele KL: 14.89, Base KL: 3687.86, Functional KL: 0.00

Top Variants with Coverage Mismatches:
Rank   Variant                        Expected     Observed     Diff       |Div|       
------------------------------------------------------------------------------------------
New best model with final loss: 145.01

=== Multi-Seed VAE Results ===
Best model had seed 789 with final loss: 145.01
All seeds final losses:
  Seed 789: Total=145.01 (Recon=99.49, A_KL=17.37, B_KL=3666.54) <- Best

[Raw]:
CYP2C8*1: Normalized=1.0000, Unnormalized=1.00

[Alleles]
CYP2C8*1
CYP2C8*1
	Command being timed: "python cyp.py CYP2C8 /project/shared/aldy-data/wgs/NA18942.wgs.cram 789"
	User time (seconds): 96.49
	System time (seconds): 20.61
	Percent of CPU this job got: 99%
	Elapsed (wall clock) time (h:mm:ss or m:ss): 1:57.39
	Average shared text size (kbytes): 0
	Average unshared data size (kbytes): 0
	Average stack size (kbytes): 0
	Average total size (kbytes): 0
	Maximum resident set size (kbytes): 1887452
	Average resident set size (kbytes): 0
	Major (requiring I/O) page faults: 0
	Minor (reclaiming a frame) page faults: 649376
	Voluntary context switches: 9928
	Involuntary context switches: 238
	Swaps: 0
	File system inputs: 0
	File system outputs: 24
	Socket messages sent: 0
	Socket messages received: 0
	Signals delivered: 0
	Page size (bytes): 4096
	Exit status: 0
