[info] total indices 224
[info] total variants 224
3.001 was filtered out as 96827029 C>T needs T but not covered
3.002 was filtered out as 96827029 C>T needs T but not covered
4.001 was filtered out as 96818118 G>C needs C but not covered
4.002 was filtered out as 96818118 G>C needs C but not covered
5.001 was filtered out as 96826970 delT needs N but not covered
6.001 was filtered out as 96824687 C>T needs T but not covered
7.001 was filtered out as 96824642 G>A needs A but not covered
8.001 was filtered out as 96824642 G>C needs C but not covered
9.001 was filtered out as 96818170 T>C needs C but not covered
10.001 was filtered out as 96802646 C>A needs A but not covered
11.001 was filtered out as 96805707 C>A needs A but not covered
12.001 was filtered out as 96796973 delCAA needs N but not covered
13.001 was filtered out as 96818241 A>C needs C but not covered
14.001 was filtered out as 96818198 C>G needs G but not covered
15.001 was filtered out as 96824657 C>T needs T but not covered
16.001 was filtered out as 96802803 A>G needs G but not covered
17.001 was filtered out as 96818180 T>C needs C but not covered
18.001 was filtered out as 96802714 G>A needs A but not covered
[filter] CYP2C8 1.001 => 1.001; 1.002; 1.003; 1.004; 1.005; 1.006; 1.007; 1.008; 1.009; 1.010; 1.011; 1.012; 1.013; 1.014; 1.015; 1.016; 1.017; 1.018
[filter] CYP2C8 2.001 => 2.001; 2.002
[filter] valid_alleles=20
Step 0: Loss=0.0616, CN=[2.0999167]
Step 100: Loss=0.0329, CN=[2.2525826]
Step 200: Loss=0.0329, CN=[2.2527697]
Step 300: Loss=0.0329, CN=[2.2527635]
Step 400: Loss=0.0329, CN=[2.252764]

=== Fit ===
Region 0: obs=2.271, exp=2.253, diff=+0.018 
Region 1: obs=2.331, exp=2.253, diff=+0.079 
Region 2: obs=2.708, exp=2.253, diff=+0.455 
Region 3: obs=2.248, exp=2.253, diff=-0.005 
Region 4: obs=2.231, exp=2.253, diff=-0.021 
Region 5: obs=1.601, exp=2.253, diff=-0.652 *
Region 6: obs=2.174, exp=2.253, diff=-0.079 
Region 7: obs=1.923, exp=2.253, diff=-0.330 
Region 8: obs=2.039, exp=2.253, diff=-0.214 
Region 9: obs=2.350, exp=2.253, diff=+0.097 
Region 10: obs=2.653, exp=2.253, diff=+0.401 
Region 11: obs=2.270, exp=2.253, diff=+0.017 
Region 12: obs=2.346, exp=2.253, diff=+0.093 
Region 13: obs=2.375, exp=2.253, diff=+0.123 
Region 14: obs=2.095, exp=2.253, diff=-0.158 
Region 15: obs=2.193, exp=2.253, diff=-0.060 
Region 16: obs=1.873, exp=2.253, diff=-0.380 
Region 17: obs=2.462, exp=2.253, diff=+0.209 
Region 18: obs=2.032, exp=2.253, diff=-0.220 
Region 19: obs=2.362, exp=2.253, diff=+0.109 
Region 20: obs=2.619, exp=2.253, diff=+0.366 

[Gene CN Results]
  CYP2C8: 2.25 → 2.2527637481689453
Using device: cuda

CYP2C8*1.001:

CYP2C8*1.002:

CYP2C8*1.003:

CYP2C8*1.004:

CYP2C8*1.005:

CYP2C8*1.006:

CYP2C8*1.007:

CYP2C8*1.008:

CYP2C8*1.009:

CYP2C8*1.010:

CYP2C8*1.011:

CYP2C8*1.012:

CYP2C8*1.013:

CYP2C8*1.014:

CYP2C8*1.015:

CYP2C8*1.016:

CYP2C8*1.017:

CYP2C8*1.018:

CYP2C8*2.001:

CYP2C8*2.002:

=== Running VAE with seed 4096 ===
Global Pooled JS: 0.107923
functional kld weight 0.0
Seed 4096, Step    0: Loss = 209.62 (Recon: 162.11, Allele KL: 18.85, Base KL: 2012.29, Functional KL: 0.11
Global Pooled JS: 0.015348
functional kld weight 27.77777777777777
Seed 4096, Step  500: Loss = 150.48 (Recon: 108.39, Allele KL: 13.57, Base KL: 3064.06, Functional KL: 0.02
Global Pooled JS: 0.007426
functional kld weight 222.22222222222217
Seed 4096, Step 1000: Loss = 128.28 (Recon: 82.70, Allele KL: 16.46, Base KL: 3258.39, Functional KL: 0.01
Global Pooled JS: 0.006660
functional kld weight 750.0
Seed 4096, Step 1500: Loss = 130.22 (Recon: 79.05, Allele KL: 17.92, Base KL: 4121.01, Functional KL: 0.01
Global Pooled JS: 0.002902
functional kld weight 1777.7777777777774
Seed 4096, Step 2000: Loss = 136.42 (Recon: 73.10, Allele KL: 28.97, Base KL: 5582.55, Functional KL: 0.00
Global Pooled JS: 0.001386
functional kld weight 3472.222222222223
Seed 4096, Step 2500: Loss = 132.68 (Recon: 73.20, Allele KL: 23.85, Base KL: 7196.90, Functional KL: 0.00

Top Variants with Coverage Mismatches:
Rank   Variant                        Expected     Observed     Diff       |Div|       
------------------------------------------------------------------------------------------
1      CYP2C8:96818105→M              0.02         0.00         0.02       0.000193    
2      CYP2C8:96818105→N              0.02         0.00         0.02       0.000188    
3      CYP2C8:96818105→G              0.02         0.00         0.02       0.000188    
4      CYP2C8:96818105→C              0.02         0.00         0.02       0.000188    
5      CYP2C8:96818105→P              0.02         0.00         0.02       0.000184    
6      CYP2C8:96818105→A              21.43        21.00        0.43       0.000029    
7      CYP2C8:96818105→T              17.00        16.00        1.00       0.000022    
New best model with final loss: 156.87

=== Multi-Seed VAE Results ===
Best model had seed 4096 with final loss: 156.87
All seeds final losses:
  Seed 4096: Total=156.87 (Recon=75.09, A_KL=23.94, B_KL=9056.19) <- Best

[Raw]:
CYP2C8*2: Normalized=0.5596, Unnormalized=0.56
CYP2C8*1: Normalized=0.4404, Unnormalized=0.44

[Alleles]
CYP2C8*2
CYP2C8*1
	Command being timed: "python cyp.py CYP2C8 /project/shared/aldy-data/wgs/NA18518.wgs.cram 4096"
	User time (seconds): 97.21
	System time (seconds): 20.63
	Percent of CPU this job got: 99%
	Elapsed (wall clock) time (h:mm:ss or m:ss): 1:58.13
	Average shared text size (kbytes): 0
	Average unshared data size (kbytes): 0
	Average stack size (kbytes): 0
	Average total size (kbytes): 0
	Maximum resident set size (kbytes): 1852720
	Average resident set size (kbytes): 0
	Major (requiring I/O) page faults: 0
	Minor (reclaiming a frame) page faults: 633682
	Voluntary context switches: 9976
	Involuntary context switches: 195
	Swaps: 0
	File system inputs: 0
	File system outputs: 24
	Socket messages sent: 0
	Socket messages received: 0
	Signals delivered: 0
	Page size (bytes): 4096
	Exit status: 0
