[info] total indices 224
[info] total variants 224
2.001 was filtered out as 96818105 T>A needs A but not covered
2.002 was filtered out as 96818105 T>A needs A but not covered
3.001 was filtered out as 96827029 C>T needs T but not covered
3.002 was filtered out as 96827029 C>T needs T but not covered
4.001 was filtered out as 96818118 G>C needs C but not covered
4.002 was filtered out as 96818118 G>C needs C but not covered
5.001 was filtered out as 96826970 delT needs N but not covered
6.001 was filtered out as 96824687 C>T needs T but not covered
7.001 was filtered out as 96824642 G>A needs A but not covered
8.001 was filtered out as 96824642 G>C needs C but not covered
9.001 was filtered out as 96818170 T>C needs C but not covered
10.001 was filtered out as 96802646 C>A needs A but not covered
11.001 was filtered out as 96805707 C>A needs A but not covered
12.001 was filtered out as 96796973 delCAA needs N but not covered
13.001 was filtered out as 96818241 A>C needs C but not covered
14.001 was filtered out as 96818198 C>G needs G but not covered
15.001 was filtered out as 96824657 C>T needs T but not covered
16.001 was filtered out as 96802803 A>G needs G but not covered
17.001 was filtered out as 96818180 T>C needs C but not covered
18.001 was filtered out as 96802714 G>A needs A but not covered
[filter] CYP2C8 1.001 => 1.001; 1.002; 1.003; 1.004; 1.005; 1.006; 1.007; 1.008; 1.009; 1.010; 1.011; 1.012; 1.013; 1.014; 1.015; 1.016; 1.017; 1.018
[filter] valid_alleles=18
Step 0: Loss=0.0539, CN=[2.0999167]
Step 100: Loss=0.0506, CN=[2.0859869]
Step 200: Loss=0.0506, CN=[2.0863698]
Step 300: Loss=0.0506, CN=[2.0863693]
Step 400: Loss=0.0506, CN=[2.0863693]

=== Fit ===
Region 0: obs=2.185, exp=2.086, diff=+0.099 
Region 1: obs=2.193, exp=2.086, diff=+0.107 
Region 2: obs=1.673, exp=2.086, diff=-0.413 
Region 3: obs=2.034, exp=2.086, diff=-0.052 
Region 4: obs=2.438, exp=2.086, diff=+0.352 
Region 5: obs=1.896, exp=2.086, diff=-0.191 
Region 6: obs=2.404, exp=2.086, diff=+0.318 
Region 7: obs=2.152, exp=2.086, diff=+0.066 
Region 8: obs=1.791, exp=2.086, diff=-0.296 
Region 9: obs=2.085, exp=2.086, diff=-0.001 
Region 10: obs=2.242, exp=2.086, diff=+0.156 
Region 11: obs=2.066, exp=2.086, diff=-0.020 
Region 12: obs=1.459, exp=2.086, diff=-0.627 *
Region 13: obs=2.012, exp=2.086, diff=-0.075 
Region 14: obs=1.801, exp=2.086, diff=-0.285 
Region 15: obs=2.104, exp=2.086, diff=+0.017 
Region 16: obs=3.329, exp=2.086, diff=+1.243 *
Region 17: obs=2.277, exp=2.086, diff=+0.191 
Region 18: obs=2.033, exp=2.086, diff=-0.053 
Region 19: obs=2.287, exp=2.086, diff=+0.200 
Region 20: obs=1.967, exp=2.086, diff=-0.120 

[Gene CN Results]
  CYP2C8: 2.09 → 2.086369752883911
Using device: cuda

CYP2C8*1.001:

CYP2C8*1.002:

CYP2C8*1.003:

CYP2C8*1.004:

CYP2C8*1.005:

CYP2C8*1.006:

CYP2C8*1.007:

CYP2C8*1.008:

CYP2C8*1.009:

CYP2C8*1.010:

CYP2C8*1.011:

CYP2C8*1.012:

CYP2C8*1.013:

CYP2C8*1.014:

CYP2C8*1.015:

CYP2C8*1.016:

CYP2C8*1.017:

CYP2C8*1.018:

=== Running VAE with seed 4096 ===
Global Pooled JS: 0.000000
functional kld weight 0.0
Seed 4096, Step    0: Loss = 192.11 (Recon: 142.55, Allele KL: 19.62, Base KL: 2509.18, Functional KL: 0.00
Global Pooled JS: 0.000000
functional kld weight 27.77777777777777
Seed 4096, Step  500: Loss = 149.45 (Recon: 97.03, Allele KL: 24.55, Base KL: 3576.95, Functional KL: 0.00
Global Pooled JS: 0.000000
functional kld weight 222.22222222222217
Seed 4096, Step 1000: Loss = 155.96 (Recon: 117.37, Allele KL: 8.73, Base KL: 3585.27, Functional KL: 0.00
Global Pooled JS: 0.000000
functional kld weight 750.0
Seed 4096, Step 1500: Loss = 134.75 (Recon: 84.25, Allele KL: 22.32, Base KL: 3353.96, Functional KL: 0.00
Global Pooled JS: 0.000000
functional kld weight 1777.7777777777774
Seed 4096, Step 2000: Loss = 136.35 (Recon: 92.81, Allele KL: 14.87, Base KL: 3605.97, Functional KL: 0.00
Global Pooled JS: 0.000000
functional kld weight 3472.222222222223
Seed 4096, Step 2500: Loss = 135.16 (Recon: 88.10, Allele KL: 18.62, Base KL: 3503.24, Functional KL: 0.00

Top Variants with Coverage Mismatches:
Rank   Variant                        Expected     Observed     Diff       |Div|       
------------------------------------------------------------------------------------------
New best model with final loss: 142.78

=== Multi-Seed VAE Results ===
Best model had seed 4096 with final loss: 142.78
All seeds final losses:
  Seed 4096: Total=142.78 (Recon=97.02, A_KL=16.89, B_KL=3602.50) <- Best

[Raw]:
CYP2C8*1: Normalized=1.0000, Unnormalized=1.00

[Alleles]
CYP2C8*1
CYP2C8*1
	Command being timed: "python cyp.py CYP2C8 /project/shared/aldy-data/wgs/NA18952.wgs.cram 4096"
	User time (seconds): 96.92
	System time (seconds): 19.66
	Percent of CPU this job got: 99%
	Elapsed (wall clock) time (h:mm:ss or m:ss): 1:57.12
	Average shared text size (kbytes): 0
	Average unshared data size (kbytes): 0
	Average stack size (kbytes): 0
	Average total size (kbytes): 0
	Maximum resident set size (kbytes): 1889016
	Average resident set size (kbytes): 0
	Major (requiring I/O) page faults: 0
	Minor (reclaiming a frame) page faults: 628711
	Voluntary context switches: 11638
	Involuntary context switches: 181
	Swaps: 0
	File system inputs: 0
	File system outputs: 24
	Socket messages sent: 0
	Socket messages received: 0
	Signals delivered: 0
	Page size (bytes): 4096
	Exit status: 0
