[info] total indices 224
[info] total variants 224
2.001 was filtered out as 96818105 T>A needs A but not covered
2.002 was filtered out as 96818105 T>A needs A but not covered
4.001 was filtered out as 96818118 G>C needs C but not covered
4.002 was filtered out as 96818118 G>C needs C but not covered
5.001 was filtered out as 96826970 delT needs N but not covered
6.001 was filtered out as 96824687 C>T needs T but not covered
7.001 was filtered out as 96824642 G>A needs A but not covered
8.001 was filtered out as 96824642 G>C needs C but not covered
9.001 was filtered out as 96818170 T>C needs C but not covered
10.001 was filtered out as 96802646 C>A needs A but not covered
11.001 was filtered out as 96805707 C>A needs A but not covered
12.001 was filtered out as 96796973 delCAA needs N but not covered
13.001 was filtered out as 96818241 A>C needs C but not covered
14.001 was filtered out as 96818198 C>G needs G but not covered
15.001 was filtered out as 96824657 C>T needs T but not covered
16.001 was filtered out as 96802803 A>G needs G but not covered
17.001 was filtered out as 96818180 T>C needs C but not covered
18.001 was filtered out as 96802714 G>A needs A but not covered
[filter] CYP2C8 1.001 => 1.001; 1.002; 1.003; 1.004; 1.005; 1.006; 1.007; 1.008; 1.009; 1.010; 1.011; 1.012; 1.013; 1.014; 1.015; 1.016; 1.017; 1.018
[filter] CYP2C8 3.001 => 3.001; 3.002
[filter] valid_alleles=20
Step 0: Loss=0.3500, CN=[2.0999167]
Step 100: Loss=0.0385, CN=[2.9385521]
Step 200: Loss=0.0385, CN=[2.9391668]
Step 300: Loss=0.0385, CN=[2.9391444]
Step 400: Loss=0.0385, CN=[2.9391444]

=== Fit ===
Region 0: obs=3.041, exp=2.939, diff=+0.101 
Region 1: obs=2.849, exp=2.939, diff=-0.090 
Region 2: obs=2.207, exp=2.939, diff=-0.732 *
Region 3: obs=2.708, exp=2.939, diff=-0.231 
Region 4: obs=2.992, exp=2.939, diff=+0.053 
Region 5: obs=2.835, exp=2.939, diff=-0.104 
Region 6: obs=2.900, exp=2.939, diff=-0.039 
Region 7: obs=2.895, exp=2.939, diff=-0.045 
Region 8: obs=2.622, exp=2.939, diff=-0.317 
Region 9: obs=3.097, exp=2.939, diff=+0.158 
Region 10: obs=2.959, exp=2.939, diff=+0.020 
Region 11: obs=2.924, exp=2.939, diff=-0.015 
Region 12: obs=3.814, exp=2.939, diff=+0.875 *
Region 13: obs=2.946, exp=2.939, diff=+0.007 
Region 14: obs=2.739, exp=2.939, diff=-0.200 
Region 15: obs=2.764, exp=2.939, diff=-0.175 
Region 16: obs=3.169, exp=2.939, diff=+0.230 
Region 17: obs=2.990, exp=2.939, diff=+0.051 
Region 18: obs=3.167, exp=2.939, diff=+0.228 
Region 19: obs=3.280, exp=2.939, diff=+0.340 
Region 20: obs=2.967, exp=2.939, diff=+0.028 

[Gene CN Results]
  CYP2C8: 2.94 → 2.9391441345214844
Using device: cuda

CYP2C8*1.001:

CYP2C8*1.002:

CYP2C8*1.003:

CYP2C8*1.004:

CYP2C8*1.005:

CYP2C8*1.006:

CYP2C8*1.007:

CYP2C8*1.008:

CYP2C8*1.009:

CYP2C8*1.010:

CYP2C8*1.011:

CYP2C8*1.012:

CYP2C8*1.013:

CYP2C8*1.014:

CYP2C8*1.015:

CYP2C8*1.016:

CYP2C8*1.017:

CYP2C8*1.018:

CYP2C8*3.001:

CYP2C8*3.002:

=== Running VAE with seed 4096 ===
Global Pooled JS: 0.051813
functional kld weight 0.0
Seed 4096, Step    0: Loss = 280.00 (Recon: 223.70, Allele KL: 26.97, Base KL: 3953.13, Functional KL: 0.05
Global Pooled JS: 0.017364
functional kld weight 27.77777777777777
Seed 4096, Step  500: Loss = 153.33 (Recon: 103.67, Allele KL: 21.91, Base KL: 4687.83, Functional KL: 0.02
Global Pooled JS: 0.004946
functional kld weight 222.22222222222217
Seed 4096, Step 1000: Loss = 152.74 (Recon: 92.28, Allele KL: 32.32, Base KL: 4850.62, Functional KL: 0.00
Global Pooled JS: 0.004439
functional kld weight 750.0
Seed 4096, Step 1500: Loss = 150.26 (Recon: 99.52, Allele KL: 19.05, Base KL: 5498.09, Functional KL: 0.00
Global Pooled JS: 0.009585
functional kld weight 1777.7777777777774
Seed 4096, Step 2000: Loss = 173.99 (Recon: 107.26, Allele KL: 19.47, Base KL: 7187.87, Functional KL: 0.01
Global Pooled JS: 0.002160
functional kld weight 3472.222222222223
Seed 4096, Step 2500: Loss = 158.06 (Recon: 90.03, Allele KL: 29.51, Base KL: 8914.15, Functional KL: 0.00

Top Variants with Coverage Mismatches:
Rank   Variant                        Expected     Observed     Diff       |Div|       
------------------------------------------------------------------------------------------
1      CYP2C8:96798748→P              0.04         0.00         0.04       0.000142    
2      CYP2C8:96798748→A              0.04         0.00         0.04       0.000142    
3      CYP2C8:96827029→P              0.04         0.00         0.04       0.000140    
4      CYP2C8:96798748→N              0.04         0.00         0.04       0.000140    
5      CYP2C8:96827029→N              0.04         0.00         0.04       0.000139    
6      CYP2C8:96798748→M              0.04         0.00         0.04       0.000137    
7      CYP2C8:96827029→G              0.04         0.00         0.04       0.000137    
8      CYP2C8:96827029→A              0.04         0.00         0.04       0.000137    
9      CYP2C8:96827029→M              0.04         0.00         0.04       0.000136    
10     CYP2C8:96798748→G              0.04         0.00         0.04       0.000136    
11     CYP2C8:96827029→C              27.44        29.00        -1.56      0.000063    
12     CYP2C8:96798748→C              24.72        24.00        0.72       0.000050    
13     CYP2C8:96827029→T              24.73        26.00        -1.27      0.000044    
14     CYP2C8:96798748→T              27.44        27.00        0.44       0.000025    
New best model with final loss: 172.00

=== Multi-Seed VAE Results ===
Best model had seed 4096 with final loss: 172.00
All seeds final losses:
  Seed 4096: Total=172.00 (Recon=96.31, A_KL=23.21, B_KL=11372.95) <- Best

[Raw]:
CYP2C8*1: Normalized=0.5229, Unnormalized=0.52
CYP2C8*3: Normalized=0.4771, Unnormalized=0.48

[Alleles]
CYP2C8*1
CYP2C8*3
	Command being timed: "python cyp.py CYP2C8 /project/shared/aldy-data/wgs/NA19789.wgs.cram 4096"
	User time (seconds): 91.88
	System time (seconds): 18.39
	Percent of CPU this job got: 99%
	Elapsed (wall clock) time (h:mm:ss or m:ss): 1:50.56
	Average shared text size (kbytes): 0
	Average unshared data size (kbytes): 0
	Average stack size (kbytes): 0
	Average total size (kbytes): 0
	Maximum resident set size (kbytes): 1905540
	Average resident set size (kbytes): 0
	Major (requiring I/O) page faults: 0
	Minor (reclaiming a frame) page faults: 657372
	Voluntary context switches: 9854
	Involuntary context switches: 208
	Swaps: 0
	File system inputs: 0
	File system outputs: 24
	Socket messages sent: 0
	Socket messages received: 0
	Signals delivered: 0
	Page size (bytes): 4096
	Exit status: 0
