[info] total indices 224
[info] total variants 224
2.001 was filtered out as 96818105 T>A needs A but not covered
2.002 was filtered out as 96818105 T>A needs A but not covered
3.001 was filtered out as 96827029 C>T needs T but not covered
3.002 was filtered out as 96827029 C>T needs T but not covered
4.001 was filtered out as 96818118 G>C needs C but not covered
4.002 was filtered out as 96818118 G>C needs C but not covered
5.001 was filtered out as 96826970 delT needs N but not covered
6.001 was filtered out as 96824687 C>T needs T but not covered
7.001 was filtered out as 96824642 G>A needs A but not covered
8.001 was filtered out as 96824642 G>C needs C but not covered
9.001 was filtered out as 96818170 T>C needs C but not covered
10.001 was filtered out as 96802646 C>A needs A but not covered
11.001 was filtered out as 96805707 C>A needs A but not covered
12.001 was filtered out as 96796973 delCAA needs N but not covered
13.001 was filtered out as 96818241 A>C needs C but not covered
14.001 was filtered out as 96818198 C>G needs G but not covered
15.001 was filtered out as 96824657 C>T needs T but not covered
16.001 was filtered out as 96802803 A>G needs G but not covered
17.001 was filtered out as 96818180 T>C needs C but not covered
18.001 was filtered out as 96802714 G>A needs A but not covered
[filter] CYP2C8 1.001 => 1.001; 1.002; 1.003; 1.004; 1.005; 1.006; 1.007; 1.008; 1.009; 1.010; 1.011; 1.012; 1.013; 1.014; 1.015; 1.016; 1.017; 1.018
[filter] valid_alleles=18
Step 0: Loss=0.0456, CN=[2.0999165]
Step 100: Loss=0.0456, CN=[2.0056422]
Step 200: Loss=0.0456, CN=[2.0060897]
Step 300: Loss=0.0456, CN=[2.0060878]
Step 400: Loss=0.0456, CN=[2.0060873]

=== Fit ===
Region 0: obs=1.933, exp=2.006, diff=-0.073 
Region 1: obs=1.230, exp=2.006, diff=-0.776 *
Region 2: obs=1.675, exp=2.006, diff=-0.331 
Region 3: obs=2.054, exp=2.006, diff=+0.048 
Region 4: obs=2.644, exp=2.006, diff=+0.638 *
Region 5: obs=2.553, exp=2.006, diff=+0.547 *
Region 6: obs=2.143, exp=2.006, diff=+0.137 
Region 7: obs=1.761, exp=2.006, diff=-0.245 
Region 8: obs=2.200, exp=2.006, diff=+0.194 
Region 9: obs=1.953, exp=2.006, diff=-0.053 
Region 10: obs=2.262, exp=2.006, diff=+0.255 
Region 11: obs=1.995, exp=2.006, diff=-0.011 
Region 12: obs=2.123, exp=2.006, diff=+0.117 
Region 13: obs=1.893, exp=2.006, diff=-0.113 
Region 14: obs=1.830, exp=2.006, diff=-0.176 
Region 15: obs=1.959, exp=2.006, diff=-0.047 
Region 16: obs=2.171, exp=2.006, diff=+0.165 
Region 17: obs=1.869, exp=2.006, diff=-0.137 
Region 18: obs=1.499, exp=2.006, diff=-0.507 *
Region 19: obs=2.178, exp=2.006, diff=+0.172 
Region 20: obs=2.105, exp=2.006, diff=+0.099 

[Gene CN Results]
  CYP2C8: 2.01 → 2.006087303161621
Using device: cuda

CYP2C8*1.001:

CYP2C8*1.002:

CYP2C8*1.003:

CYP2C8*1.004:

CYP2C8*1.005:

CYP2C8*1.006:

CYP2C8*1.007:

CYP2C8*1.008:

CYP2C8*1.009:

CYP2C8*1.010:

CYP2C8*1.011:

CYP2C8*1.012:

CYP2C8*1.013:

CYP2C8*1.014:

CYP2C8*1.015:

CYP2C8*1.016:

CYP2C8*1.017:

CYP2C8*1.018:

=== Running VAE with seed 4096 ===
Global Pooled JS: 0.000000
functional kld weight 0.0
Seed 4096, Step    0: Loss = 187.15 (Recon: 141.40, Allele KL: 16.17, Base KL: 2037.35, Functional KL: 0.00
Global Pooled JS: 0.000000
functional kld weight 27.77777777777777
Seed 4096, Step  500: Loss = 131.11 (Recon: 84.76, Allele KL: 17.82, Base KL: 3445.51, Functional KL: 0.00
Global Pooled JS: 0.000000
functional kld weight 222.22222222222217
Seed 4096, Step 1000: Loss = 126.25 (Recon: 77.13, Allele KL: 20.89, Base KL: 3361.59, Functional KL: 0.00
Global Pooled JS: 0.000000
functional kld weight 750.0
Seed 4096, Step 1500: Loss = 124.26 (Recon: 79.88, Allele KL: 15.55, Base KL: 3419.25, Functional KL: 0.00
Global Pooled JS: 0.000000
functional kld weight 1777.7777777777774
Seed 4096, Step 2000: Loss = 125.93 (Recon: 79.40, Allele KL: 17.87, Base KL: 3493.46, Functional KL: 0.00
Global Pooled JS: 0.000000
functional kld weight 3472.222222222223
Seed 4096, Step 2500: Loss = 122.32 (Recon: 75.62, Allele KL: 18.35, Base KL: 3497.84, Functional KL: 0.00

Top Variants with Coverage Mismatches:
Rank   Variant                        Expected     Observed     Diff       |Div|       
------------------------------------------------------------------------------------------
New best model with final loss: 121.39

=== Multi-Seed VAE Results ===
Best model had seed 4096 with final loss: 121.39
All seeds final losses:
  Seed 4096: Total=121.39 (Recon=75.30, A_KL=17.60, B_KL=3518.30) <- Best

[Raw]:
CYP2C8*1: Normalized=1.0000, Unnormalized=1.00

[Alleles]
CYP2C8*1
CYP2C8*1
	Command being timed: "python cyp.py CYP2C8 /project/shared/aldy-data/wgs/NA19174.wgs.cram 4096"
	User time (seconds): 97.30
	System time (seconds): 20.27
	Percent of CPU this job got: 99%
	Elapsed (wall clock) time (h:mm:ss or m:ss): 1:57.85
	Average shared text size (kbytes): 0
	Average unshared data size (kbytes): 0
	Average stack size (kbytes): 0
	Average total size (kbytes): 0
	Maximum resident set size (kbytes): 1897804
	Average resident set size (kbytes): 0
	Major (requiring I/O) page faults: 0
	Minor (reclaiming a frame) page faults: 520254
	Voluntary context switches: 9973
	Involuntary context switches: 202
	Swaps: 0
	File system inputs: 0
	File system outputs: 24
	Socket messages sent: 0
	Socket messages received: 0
	Signals delivered: 0
	Page size (bytes): 4096
	Exit status: 0
