[info] total indices 224
[info] total variants 224
2.001 was filtered out as 96818105 T>A needs A but not covered
2.002 was filtered out as 96818105 T>A needs A but not covered
3.001 was filtered out as 96827029 C>T needs T but not covered
3.002 was filtered out as 96827029 C>T needs T but not covered
4.001 was filtered out as 96818118 G>C needs C but not covered
4.002 was filtered out as 96818118 G>C needs C but not covered
5.001 was filtered out as 96826970 delT needs N but not covered
6.001 was filtered out as 96824687 C>T needs T but not covered
7.001 was filtered out as 96824642 G>A needs A but not covered
8.001 was filtered out as 96824642 G>C needs C but not covered
9.001 was filtered out as 96818170 T>C needs C but not covered
10.001 was filtered out as 96802646 C>A needs A but not covered
11.001 was filtered out as 96805707 C>A needs A but not covered
12.001 was filtered out as 96796973 delCAA needs N but not covered
13.001 was filtered out as 96818241 A>C needs C but not covered
14.001 was filtered out as 96818198 C>G needs G but not covered
15.001 was filtered out as 96824657 C>T needs T but not covered
16.001 was filtered out as 96802803 A>G needs G but not covered
17.001 was filtered out as 96818180 T>C needs C but not covered
18.001 was filtered out as 96802714 G>A needs A but not covered
[filter] CYP2C8 1.001 => 1.001; 1.002; 1.003; 1.004; 1.005; 1.006; 1.007; 1.008; 1.009; 1.010; 1.011; 1.012; 1.013; 1.014; 1.015; 1.016; 1.017; 1.018
[filter] valid_alleles=18
Step 0: Loss=0.1244, CN=[2.0999167]
Step 100: Loss=0.0425, CN=[2.4409904]
Step 200: Loss=0.0425, CN=[2.442619]
Step 300: Loss=0.0425, CN=[2.4426165]
Step 400: Loss=0.0425, CN=[2.4426162]

=== Fit ===
Region 0: obs=2.603, exp=2.443, diff=+0.160 
Region 1: obs=2.425, exp=2.443, diff=-0.018 
Region 2: obs=2.436, exp=2.443, diff=-0.006 
Region 3: obs=2.714, exp=2.443, diff=+0.272 
Region 4: obs=2.060, exp=2.443, diff=-0.383 
Region 5: obs=2.252, exp=2.443, diff=-0.191 
Region 6: obs=2.653, exp=2.443, diff=+0.210 
Region 7: obs=2.612, exp=2.443, diff=+0.169 
Region 8: obs=2.971, exp=2.443, diff=+0.528 *
Region 9: obs=2.362, exp=2.443, diff=-0.080 
Region 10: obs=2.892, exp=2.443, diff=+0.450 
Region 11: obs=2.341, exp=2.443, diff=-0.102 
Region 12: obs=1.991, exp=2.443, diff=-0.452 
Region 13: obs=2.690, exp=2.443, diff=+0.248 
Region 14: obs=2.948, exp=2.443, diff=+0.506 *
Region 15: obs=2.313, exp=2.443, diff=-0.130 
Region 16: obs=2.184, exp=2.443, diff=-0.258 
Region 17: obs=2.465, exp=2.443, diff=+0.022 
Region 18: obs=2.068, exp=2.443, diff=-0.374 
Region 19: obs=2.030, exp=2.443, diff=-0.413 
Region 20: obs=2.318, exp=2.443, diff=-0.124 

[Gene CN Results]
  CYP2C8: 2.44 → 2.4426162242889404
Using device: cuda

CYP2C8*1.001:

CYP2C8*1.002:

CYP2C8*1.003:

CYP2C8*1.004:

CYP2C8*1.005:

CYP2C8*1.006:

CYP2C8*1.007:

CYP2C8*1.008:

CYP2C8*1.009:

CYP2C8*1.010:

CYP2C8*1.011:

CYP2C8*1.012:

CYP2C8*1.013:

CYP2C8*1.014:

CYP2C8*1.015:

CYP2C8*1.016:

CYP2C8*1.017:

CYP2C8*1.018:

=== Running VAE with seed 789 ===
Global Pooled JS: 0.000000
functional kld weight 0.0
Seed 789, Step    0: Loss = 274.48 (Recon: 230.41, Allele KL: 15.07, Base KL: 1376.50, Functional KL: 0.00
Global Pooled JS: 0.000000
functional kld weight 27.77777777777777
Seed 789, Step  500: Loss = 116.63 (Recon: 71.82, Allele KL: 15.83, Base KL: 5002.65, Functional KL: 0.00
Global Pooled JS: 0.000000
functional kld weight 222.22222222222217
Seed 789, Step 1000: Loss = 125.47 (Recon: 75.97, Allele KL: 20.21, Base KL: 4980.64, Functional KL: 0.00
Global Pooled JS: 0.000000
functional kld weight 750.0
Seed 789, Step 1500: Loss = 106.51 (Recon: 62.78, Allele KL: 15.26, Base KL: 4953.02, Functional KL: 0.00
Global Pooled JS: 0.000000
functional kld weight 1777.7777777777774
Seed 789, Step 2000: Loss = 110.54 (Recon: 60.82, Allele KL: 21.56, Base KL: 4875.52, Functional KL: 0.00
Global Pooled JS: 0.000000
functional kld weight 3472.222222222223
Seed 789, Step 2500: Loss = 106.35 (Recon: 61.44, Allele KL: 16.44, Base KL: 5073.38, Functional KL: 0.00

Top Variants with Coverage Mismatches:
Rank   Variant                        Expected     Observed     Diff       |Div|       
------------------------------------------------------------------------------------------
New best model with final loss: 109.66

=== Multi-Seed VAE Results ===
Best model had seed 789 with final loss: 109.66
All seeds final losses:
  Seed 789: Total=109.66 (Recon=64.65, A_KL=16.35, B_KL=5048.55) <- Best

[Raw]:
CYP2C8*1: Normalized=1.0000, Unnormalized=1.00

[Alleles]
CYP2C8*1
CYP2C8*1
	Command being timed: "python cyp.py CYP2C8 /project/shared/aldy-data/wgs/NA10847.wgs.cram 789"
	User time (seconds): 97.76
	System time (seconds): 20.41
	Percent of CPU this job got: 99%
	Elapsed (wall clock) time (h:mm:ss or m:ss): 1:58.47
	Average shared text size (kbytes): 0
	Average unshared data size (kbytes): 0
	Average stack size (kbytes): 0
	Average total size (kbytes): 0
	Maximum resident set size (kbytes): 1915244
	Average resident set size (kbytes): 0
	Major (requiring I/O) page faults: 0
	Minor (reclaiming a frame) page faults: 629140
	Voluntary context switches: 9979
	Involuntary context switches: 174
	Swaps: 0
	File system inputs: 0
	File system outputs: 24
	Socket messages sent: 0
	Socket messages received: 0
	Signals delivered: 0
	Page size (bytes): 4096
	Exit status: 0
