[info] total indices 224
[info] total variants 224
2.001 was filtered out as 96818105 T>A needs A but not covered
2.002 was filtered out as 96818105 T>A needs A but not covered
3.001 was filtered out as 96827029 C>T needs T but not covered
3.002 was filtered out as 96827029 C>T needs T but not covered
5.001 was filtered out as 96826970 delT needs N but not covered
6.001 was filtered out as 96824687 C>T needs T but not covered
7.001 was filtered out as 96824642 G>A needs A but not covered
8.001 was filtered out as 96824642 G>C needs C but not covered
9.001 was filtered out as 96818170 T>C needs C but not covered
10.001 was filtered out as 96802646 C>A needs A but not covered
11.001 was filtered out as 96805707 C>A needs A but not covered
12.001 was filtered out as 96796973 delCAA needs N but not covered
13.001 was filtered out as 96818241 A>C needs C but not covered
14.001 was filtered out as 96818198 C>G needs G but not covered
15.001 was filtered out as 96824657 C>T needs T but not covered
16.001 was filtered out as 96802803 A>G needs G but not covered
17.001 was filtered out as 96818180 T>C needs C but not covered
18.001 was filtered out as 96802714 G>A needs A but not covered
[filter] CYP2C8 1.001 => 1.001; 1.002; 1.003; 1.004; 1.005; 1.006; 1.007; 1.008; 1.009; 1.010; 1.011; 1.012; 1.013; 1.014; 1.015; 1.016; 1.017; 1.018
[filter] CYP2C8 4.001 => 4.001; 4.002
[filter] valid_alleles=20
Step 0: Loss=0.0255, CN=[2.0999167]
Step 100: Loss=0.0198, CN=[2.1057317]
Step 200: Loss=0.0198, CN=[2.106023]
Step 300: Loss=0.0198, CN=[2.1060238]
Step 400: Loss=0.0198, CN=[2.1060245]

=== Fit ===
Region 0: obs=2.183, exp=2.106, diff=+0.077 
Region 1: obs=2.174, exp=2.106, diff=+0.068 
Region 2: obs=2.211, exp=2.106, diff=+0.105 
Region 3: obs=2.023, exp=2.106, diff=-0.083 
Region 4: obs=1.683, exp=2.106, diff=-0.423 
Region 5: obs=1.959, exp=2.106, diff=-0.147 
Region 6: obs=1.745, exp=2.106, diff=-0.361 
Region 7: obs=2.250, exp=2.106, diff=+0.144 
Region 8: obs=2.087, exp=2.106, diff=-0.019 
Region 9: obs=2.262, exp=2.106, diff=+0.156 
Region 10: obs=2.155, exp=2.106, diff=+0.049 
Region 11: obs=2.189, exp=2.106, diff=+0.083 
Region 12: obs=2.117, exp=2.106, diff=+0.011 
Region 13: obs=2.259, exp=2.106, diff=+0.153 
Region 14: obs=2.264, exp=2.106, diff=+0.158 
Region 15: obs=2.349, exp=2.106, diff=+0.243 
Region 16: obs=1.733, exp=2.106, diff=-0.373 
Region 17: obs=1.953, exp=2.106, diff=-0.153 
Region 18: obs=1.970, exp=2.106, diff=-0.136 
Region 19: obs=2.454, exp=2.106, diff=+0.348 
Region 20: obs=2.203, exp=2.106, diff=+0.097 

[Gene CN Results]
  CYP2C8: 2.11 → 2.1060242652893066
Using device: cuda

CYP2C8*1.001:

CYP2C8*1.002:

CYP2C8*1.003:

CYP2C8*1.004:

CYP2C8*1.005:

CYP2C8*1.006:

CYP2C8*1.007:

CYP2C8*1.008:

CYP2C8*1.009:

CYP2C8*1.010:

CYP2C8*1.011:

CYP2C8*1.012:

CYP2C8*1.013:

CYP2C8*1.014:

CYP2C8*1.015:

CYP2C8*1.016:

CYP2C8*1.017:

CYP2C8*1.018:

CYP2C8*4.001:

CYP2C8*4.002:

=== Running VAE with seed 789 ===
Global Pooled JS: 0.079264
functional kld weight 0.0
Seed 789, Step    0: Loss = 225.37 (Recon: 157.72, Allele KL: 39.44, Base KL: 2524.11, Functional KL: 0.08
Global Pooled JS: 0.005392
functional kld weight 27.77777777777777
Seed 789, Step  500: Loss = 138.05 (Recon: 91.28, Allele KL: 18.76, Base KL: 3285.86, Functional KL: 0.01
Global Pooled JS: 0.007749
functional kld weight 222.22222222222217
Seed 789, Step 1000: Loss = 144.33 (Recon: 97.75, Allele KL: 16.57, Base KL: 3423.82, Functional KL: 0.01
Global Pooled JS: 0.007923
functional kld weight 750.0
Seed 789, Step 1500: Loss = 137.41 (Recon: 82.36, Allele KL: 20.74, Base KL: 4521.89, Functional KL: 0.01
Global Pooled JS: 0.001872
functional kld weight 1777.7777777777774
Seed 789, Step 2000: Loss = 137.71 (Recon: 85.66, Allele KL: 18.80, Base KL: 5541.96, Functional KL: 0.00
Global Pooled JS: 0.001297
functional kld weight 3472.222222222223
Seed 789, Step 2500: Loss = 145.12 (Recon: 85.54, Allele KL: 24.34, Base KL: 6911.54, Functional KL: 0.00

Top Variants with Coverage Mismatches:
Rank   Variant                        Expected     Observed     Diff       |Div|       
------------------------------------------------------------------------------------------
1      CYP2C8:96818118→T              0.03         0.00         0.03       0.000179    
2      CYP2C8:96818118→N              0.03         0.00         0.03       0.000178    
3      CYP2C8:96818118→M              0.03         0.00         0.03       0.000176    
4      CYP2C8:96818118→P              0.03         0.00         0.03       0.000176    
5      CYP2C8:96818118→A              0.03         0.00         0.03       0.000175    
6      CYP2C8:96818118→C              21.06        21.00        0.06       0.000005    
7      CYP2C8:96818118→G              28.42        28.00        0.42       0.000000    
New best model with final loss: 147.68

=== Multi-Seed VAE Results ===
Best model had seed 789 with final loss: 147.68
All seeds final losses:
  Seed 789: Total=147.68 (Recon=79.86, A_KL=30.81, B_KL=8048.84) <- Best

[Raw]:
CYP2C8*1: Normalized=0.5722, Unnormalized=0.57
CYP2C8*4: Normalized=0.4278, Unnormalized=0.43

[Alleles]
CYP2C8*1
CYP2C8*4
	Command being timed: "python cyp.py CYP2C8 /project/shared/aldy-data/wgs/NA12145.wgs.cram 789"
	User time (seconds): 98.52
	System time (seconds): 20.84
	Percent of CPU this job got: 99%
	Elapsed (wall clock) time (h:mm:ss or m:ss): 1:59.63
	Average shared text size (kbytes): 0
	Average unshared data size (kbytes): 0
	Average stack size (kbytes): 0
	Average total size (kbytes): 0
	Maximum resident set size (kbytes): 1919228
	Average resident set size (kbytes): 0
	Major (requiring I/O) page faults: 0
	Minor (reclaiming a frame) page faults: 676783
	Voluntary context switches: 9952
	Involuntary context switches: 215
	Swaps: 0
	File system inputs: 0
	File system outputs: 24
	Socket messages sent: 0
	Socket messages received: 0
	Signals delivered: 0
	Page size (bytes): 4096
	Exit status: 0
