[info] total indices 224
[info] total variants 224
2.001 was filtered out as 96818105 T>A needs A but not covered
2.002 was filtered out as 96818105 T>A needs A but not covered
3.001 was filtered out as 96827029 C>T needs T but not covered
3.002 was filtered out as 96827029 C>T needs T but not covered
4.001 was filtered out as 96818118 G>C needs C but not covered
4.002 was filtered out as 96818118 G>C needs C but not covered
5.001 was filtered out as 96826970 delT needs N but not covered
6.001 was filtered out as 96824687 C>T needs T but not covered
7.001 was filtered out as 96824642 G>A needs A but not covered
8.001 was filtered out as 96824642 G>C needs C but not covered
9.001 was filtered out as 96818170 T>C needs C but not covered
10.001 was filtered out as 96802646 C>A needs A but not covered
11.001 was filtered out as 96805707 C>A needs A but not covered
12.001 was filtered out as 96796973 delCAA needs N but not covered
13.001 was filtered out as 96818241 A>C needs C but not covered
14.001 was filtered out as 96818198 C>G needs G but not covered
15.001 was filtered out as 96824657 C>T needs T but not covered
16.001 was filtered out as 96802803 A>G needs G but not covered
17.001 was filtered out as 96818180 T>C needs C but not covered
18.001 was filtered out as 96802714 G>A needs A but not covered
[filter] CYP2C8 1.001 => 1.001; 1.002; 1.003; 1.004; 1.005; 1.006; 1.007; 1.008; 1.009; 1.010; 1.011; 1.012; 1.013; 1.014; 1.015; 1.016; 1.017; 1.018
[filter] valid_alleles=18
Step 0: Loss=0.0823, CN=[2.0999167]
Step 100: Loss=0.0187, CN=[2.362685]
Step 200: Loss=0.0187, CN=[2.361738]
Step 300: Loss=0.0187, CN=[2.3617368]
Step 400: Loss=0.0187, CN=[2.3617368]

=== Fit ===
Region 0: obs=2.308, exp=2.362, diff=-0.054 
Region 1: obs=2.195, exp=2.362, diff=-0.167 
Region 2: obs=2.184, exp=2.362, diff=-0.177 
Region 3: obs=2.162, exp=2.362, diff=-0.200 
Region 4: obs=2.447, exp=2.362, diff=+0.086 
Region 5: obs=2.501, exp=2.362, diff=+0.140 
Region 6: obs=2.363, exp=2.362, diff=+0.001 
Region 7: obs=2.454, exp=2.362, diff=+0.092 
Region 8: obs=2.455, exp=2.362, diff=+0.093 
Region 9: obs=2.410, exp=2.362, diff=+0.048 
Region 10: obs=2.300, exp=2.362, diff=-0.061 
Region 11: obs=2.218, exp=2.362, diff=-0.144 
Region 12: obs=2.473, exp=2.362, diff=+0.111 
Region 13: obs=2.514, exp=2.362, diff=+0.153 
Region 14: obs=1.819, exp=2.362, diff=-0.543 *
Region 15: obs=2.369, exp=2.362, diff=+0.007 
Region 16: obs=2.589, exp=2.362, diff=+0.227 
Region 17: obs=2.094, exp=2.362, diff=-0.268 
Region 18: obs=2.411, exp=2.362, diff=+0.050 
Region 19: obs=2.663, exp=2.362, diff=+0.301 
Region 20: obs=2.623, exp=2.362, diff=+0.262 

[Gene CN Results]
  CYP2C8: 2.36 → 2.361736536026001
Using device: cuda

CYP2C8*1.001:

CYP2C8*1.002:

CYP2C8*1.003:

CYP2C8*1.004:

CYP2C8*1.005:

CYP2C8*1.006:

CYP2C8*1.007:

CYP2C8*1.008:

CYP2C8*1.009:

CYP2C8*1.010:

CYP2C8*1.011:

CYP2C8*1.012:

CYP2C8*1.013:

CYP2C8*1.014:

CYP2C8*1.015:

CYP2C8*1.016:

CYP2C8*1.017:

CYP2C8*1.018:

=== Running VAE with seed 789 ===
Global Pooled JS: 0.000000
functional kld weight 0.0
Seed 789, Step    0: Loss = 247.16 (Recon: 198.58, Allele KL: 20.82, Base KL: 1291.07, Functional KL: 0.00
Global Pooled JS: 0.000000
functional kld weight 27.77777777777777
Seed 789, Step  500: Loss = 126.37 (Recon: 79.77, Allele KL: 18.31, Base KL: 3564.29, Functional KL: 0.00
Global Pooled JS: 0.000000
functional kld weight 222.22222222222217
Seed 789, Step 1000: Loss = 130.00 (Recon: 84.50, Allele KL: 16.72, Base KL: 3544.54, Functional KL: 0.00
Global Pooled JS: 0.000000
functional kld weight 750.0
Seed 789, Step 1500: Loss = 118.12 (Recon: 73.56, Allele KL: 16.22, Base KL: 3626.40, Functional KL: 0.00
Global Pooled JS: 0.000000
functional kld weight 1777.7777777777774
Seed 789, Step 2000: Loss = 120.10 (Recon: 71.52, Allele KL: 20.38, Base KL: 3562.06, Functional KL: 0.00
Global Pooled JS: 0.000000
functional kld weight 3472.222222222223
Seed 789, Step 2500: Loss = 130.65 (Recon: 83.44, Allele KL: 18.87, Base KL: 3696.14, Functional KL: 0.00

Top Variants with Coverage Mismatches:
Rank   Variant                        Expected     Observed     Diff       |Div|       
------------------------------------------------------------------------------------------
New best model with final loss: 126.22

=== Multi-Seed VAE Results ===
Best model had seed 789 with final loss: 126.22
All seeds final losses:
  Seed 789: Total=126.22 (Recon=77.73, A_KL=20.23, B_KL=3382.39) <- Best

[Raw]:
CYP2C8*1: Normalized=1.0000, Unnormalized=1.00

[Alleles]
CYP2C8*1
CYP2C8*1
	Command being timed: "python cyp.py CYP2C8 /project/shared/aldy-data/wgs/NA12717.wgs.cram 789"
	User time (seconds): 99.00
	System time (seconds): 20.49
	Percent of CPU this job got: 99%
	Elapsed (wall clock) time (h:mm:ss or m:ss): 1:59.83
	Average shared text size (kbytes): 0
	Average unshared data size (kbytes): 0
	Average stack size (kbytes): 0
	Average total size (kbytes): 0
	Maximum resident set size (kbytes): 1888916
	Average resident set size (kbytes): 0
	Major (requiring I/O) page faults: 0
	Minor (reclaiming a frame) page faults: 624641
	Voluntary context switches: 9981
	Involuntary context switches: 231
	Swaps: 0
	File system inputs: 0
	File system outputs: 24
	Socket messages sent: 0
	Socket messages received: 0
	Signals delivered: 0
	Page size (bytes): 4096
	Exit status: 0
