[info] total indices 224
[info] total variants 224
2.001 was filtered out as 96818105 T>A needs A but not covered
2.002 was filtered out as 96818105 T>A needs A but not covered
3.001 was filtered out as 96827029 C>T needs T but not covered
3.002 was filtered out as 96827029 C>T needs T but not covered
5.001 was filtered out as 96826970 delT needs N but not covered
6.001 was filtered out as 96824687 C>T needs T but not covered
7.001 was filtered out as 96824642 G>A needs A but not covered
8.001 was filtered out as 96824642 G>C needs C but not covered
9.001 was filtered out as 96818170 T>C needs C but not covered
10.001 was filtered out as 96802646 C>A needs A but not covered
11.001 was filtered out as 96805707 C>A needs A but not covered
12.001 was filtered out as 96796973 delCAA needs N but not covered
13.001 was filtered out as 96818241 A>C needs C but not covered
14.001 was filtered out as 96818198 C>G needs G but not covered
15.001 was filtered out as 96824657 C>T needs T but not covered
16.001 was filtered out as 96802803 A>G needs G but not covered
17.001 was filtered out as 96818180 T>C needs C but not covered
18.001 was filtered out as 96802714 G>A needs A but not covered
[filter] CYP2C8 1.001 => 1.001; 1.002; 1.003; 1.004; 1.005; 1.006; 1.007; 1.008; 1.009; 1.010; 1.011; 1.012; 1.013; 1.014; 1.015; 1.016; 1.017; 1.018
[filter] CYP2C8 4.001 => 4.001; 4.002
[filter] valid_alleles=20
Step 0: Loss=0.2649, CN=[2.0999167]
Step 100: Loss=0.0201, CN=[2.7800517]
Step 200: Loss=0.0201, CN=[2.7791607]
Step 300: Loss=0.0201, CN=[2.7791502]
Step 400: Loss=0.0201, CN=[2.7791502]

=== Fit ===
Region 0: obs=2.975, exp=2.779, diff=+0.196 
Region 1: obs=2.896, exp=2.779, diff=+0.116 
Region 2: obs=2.759, exp=2.779, diff=-0.020 
Region 3: obs=2.839, exp=2.779, diff=+0.060 
Region 4: obs=2.755, exp=2.779, diff=-0.024 
Region 5: obs=2.625, exp=2.779, diff=-0.154 
Region 6: obs=2.787, exp=2.779, diff=+0.008 
Region 7: obs=2.635, exp=2.779, diff=-0.144 
Region 8: obs=2.695, exp=2.779, diff=-0.084 
Region 9: obs=2.576, exp=2.779, diff=-0.204 
Region 10: obs=2.463, exp=2.779, diff=-0.316 
Region 11: obs=2.749, exp=2.779, diff=-0.030 
Region 12: obs=2.586, exp=2.779, diff=-0.193 
Region 13: obs=3.075, exp=2.779, diff=+0.296 
Region 14: obs=3.290, exp=2.779, diff=+0.511 *
Region 15: obs=2.517, exp=2.779, diff=-0.262 
Region 16: obs=2.689, exp=2.779, diff=-0.090 
Region 17: obs=2.709, exp=2.779, diff=-0.070 
Region 18: obs=2.705, exp=2.779, diff=-0.074 
Region 19: obs=3.040, exp=2.779, diff=+0.260 
Region 20: obs=3.010, exp=2.779, diff=+0.231 

[Gene CN Results]
  CYP2C8: 2.78 → 2.7791504859924316
Using device: cuda

CYP2C8*1.001:

CYP2C8*1.002:

CYP2C8*1.003:

CYP2C8*1.004:

CYP2C8*1.005:

CYP2C8*1.006:

CYP2C8*1.007:

CYP2C8*1.008:

CYP2C8*1.009:

CYP2C8*1.010:

CYP2C8*1.011:

CYP2C8*1.012:

CYP2C8*1.013:

CYP2C8*1.014:

CYP2C8*1.015:

CYP2C8*1.016:

CYP2C8*1.017:

CYP2C8*1.018:

CYP2C8*4.001:

CYP2C8*4.002:

=== Running VAE with seed 789 ===
Global Pooled JS: 0.054784
functional kld weight 0.0
Seed 789, Step    0: Loss = 229.60 (Recon: 156.37, Allele KL: 44.87, Base KL: 2692.09, Functional KL: 0.05
Global Pooled JS: 0.009139
functional kld weight 27.77777777777777
Seed 789, Step  500: Loss = 155.12 (Recon: 105.45, Allele KL: 21.39, Base KL: 3796.24, Functional KL: 0.01
Global Pooled JS: 0.009366
functional kld weight 222.22222222222217
Seed 789, Step 1000: Loss = 159.90 (Recon: 111.56, Allele KL: 17.79, Base KL: 3911.71, Functional KL: 0.01
Global Pooled JS: 0.004447
functional kld weight 750.0
Seed 789, Step 1500: Loss = 152.42 (Recon: 97.28, Allele KL: 23.33, Base KL: 4799.12, Functional KL: 0.00
Global Pooled JS: 0.001694
functional kld weight 1777.7777777777774
Seed 789, Step 2000: Loss = 153.53 (Recon: 98.99, Allele KL: 21.57, Base KL: 6017.74, Functional KL: 0.00
Global Pooled JS: 0.001405
functional kld weight 3472.222222222223
Seed 789, Step 2500: Loss = 161.21 (Recon: 103.93, Allele KL: 21.31, Base KL: 7107.54, Functional KL: 0.00

Top Variants with Coverage Mismatches:
Rank   Variant                        Expected     Observed     Diff       |Div|       
------------------------------------------------------------------------------------------
1      CYP2C8:96818118→T              0.03         0.00         0.03       0.000180    
2      CYP2C8:96818118→N              0.03         0.00         0.03       0.000179    
3      CYP2C8:96818118→M              0.03         0.00         0.03       0.000177    
4      CYP2C8:96818118→A              0.03         0.00         0.03       0.000175    
5      CYP2C8:96818118→P              0.03         0.00         0.03       0.000175    
6      CYP2C8:96818118→G              28.71        22.00        6.71       0.000022    
7      CYP2C8:96818118→C              21.63        16.00        5.63       0.000017    
New best model with final loss: 157.84

=== Multi-Seed VAE Results ===
Best model had seed 789 with final loss: 157.84
All seeds final losses:
  Seed 789: Total=157.84 (Recon=94.97, A_KL=24.45, B_KL=8863.59) <- Best

[Raw]:
CYP2C8*1: Normalized=0.5681, Unnormalized=0.57
CYP2C8*4: Normalized=0.4319, Unnormalized=0.43

[Alleles]
CYP2C8*1
CYP2C8*4
	Command being timed: "python cyp.py CYP2C8 /project/shared/aldy-data/wgs/NA18484.wgs.cram 789"
	User time (seconds): 98.90
	System time (seconds): 19.48
	Percent of CPU this job got: 99%
	Elapsed (wall clock) time (h:mm:ss or m:ss): 1:58.68
	Average shared text size (kbytes): 0
	Average unshared data size (kbytes): 0
	Average stack size (kbytes): 0
	Average total size (kbytes): 0
	Maximum resident set size (kbytes): 1879488
	Average resident set size (kbytes): 0
	Major (requiring I/O) page faults: 0
	Minor (reclaiming a frame) page faults: 629912
	Voluntary context switches: 9992
	Involuntary context switches: 240
	Swaps: 0
	File system inputs: 0
	File system outputs: 24
	Socket messages sent: 0
	Socket messages received: 0
	Signals delivered: 0
	Page size (bytes): 4096
	Exit status: 0
