[info] total indices 224
[info] total variants 224
2.001 was filtered out as 96818105 T>A needs A but not covered
2.002 was filtered out as 96818105 T>A needs A but not covered
3.001 was filtered out as 96827029 C>T needs T but not covered
3.002 was filtered out as 96827029 C>T needs T but not covered
4.001 was filtered out as 96818118 G>C needs C but not covered
4.002 was filtered out as 96818118 G>C needs C but not covered
5.001 was filtered out as 96826970 delT needs N but not covered
6.001 was filtered out as 96824687 C>T needs T but not covered
7.001 was filtered out as 96824642 G>A needs A but not covered
8.001 was filtered out as 96824642 G>C needs C but not covered
9.001 was filtered out as 96818170 T>C needs C but not covered
10.001 was filtered out as 96802646 C>A needs A but not covered
11.001 was filtered out as 96805707 C>A needs A but not covered
12.001 was filtered out as 96796973 delCAA needs N but not covered
13.001 was filtered out as 96818241 A>C needs C but not covered
14.001 was filtered out as 96818198 C>G needs G but not covered
15.001 was filtered out as 96824657 C>T needs T but not covered
16.001 was filtered out as 96802803 A>G needs G but not covered
17.001 was filtered out as 96818180 T>C needs C but not covered
18.001 was filtered out as 96802714 G>A needs A but not covered
[filter] CYP2C8 1.001 => 1.001; 1.002; 1.003; 1.004; 1.005; 1.006; 1.007; 1.008; 1.009; 1.010; 1.011; 1.012; 1.013; 1.014; 1.015; 1.016; 1.017; 1.018
[filter] valid_alleles=18
Step 0: Loss=0.0174, CN=[1.9000832]
Step 100: Loss=0.0154, CN=[1.9373318]
Step 200: Loss=0.0154, CN=[1.9375081]
Step 300: Loss=0.0154, CN=[1.9375068]
Step 400: Loss=0.0154, CN=[1.9375058]

=== Fit ===
Region 0: obs=2.008, exp=1.938, diff=+0.070 
Region 1: obs=2.037, exp=1.938, diff=+0.099 
Region 2: obs=1.790, exp=1.938, diff=-0.148 
Region 3: obs=1.905, exp=1.938, diff=-0.032 
Region 4: obs=1.725, exp=1.938, diff=-0.213 
Region 5: obs=1.942, exp=1.938, diff=+0.005 
Region 6: obs=2.002, exp=1.938, diff=+0.064 
Region 7: obs=1.891, exp=1.938, diff=-0.047 
Region 8: obs=1.982, exp=1.938, diff=+0.045 
Region 9: obs=1.864, exp=1.938, diff=-0.074 
Region 10: obs=1.750, exp=1.938, diff=-0.188 
Region 11: obs=1.863, exp=1.938, diff=-0.074 
Region 12: obs=2.279, exp=1.938, diff=+0.342 
Region 13: obs=1.754, exp=1.938, diff=-0.183 
Region 14: obs=1.642, exp=1.938, diff=-0.295 
Region 15: obs=2.002, exp=1.938, diff=+0.064 
Region 16: obs=2.364, exp=1.938, diff=+0.426 
Region 17: obs=1.848, exp=1.938, diff=-0.089 
Region 18: obs=1.931, exp=1.938, diff=-0.006 
Region 19: obs=2.217, exp=1.938, diff=+0.279 
Region 20: obs=1.894, exp=1.938, diff=-0.043 

[Gene CN Results]
  CYP2C8: 1.94 → 1.9375054836273193
Using device: cuda

CYP2C8*1.001:

CYP2C8*1.002:

CYP2C8*1.003:

CYP2C8*1.004:

CYP2C8*1.005:

CYP2C8*1.006:

CYP2C8*1.007:

CYP2C8*1.008:

CYP2C8*1.009:

CYP2C8*1.010:

CYP2C8*1.011:

CYP2C8*1.012:

CYP2C8*1.013:

CYP2C8*1.014:

CYP2C8*1.015:

CYP2C8*1.016:

CYP2C8*1.017:

CYP2C8*1.018:

=== Running VAE with seed 789 ===
Global Pooled JS: 0.000000
functional kld weight 0.0
Seed 789, Step    0: Loss = 378.46 (Recon: 324.08, Allele KL: 26.80, Base KL: 1794.74, Functional KL: 0.00
Global Pooled JS: 0.000000
functional kld weight 27.77777777777777
Seed 789, Step  500: Loss = 156.32 (Recon: 112.89, Allele KL: 13.46, Base KL: 4316.38, Functional KL: 0.00
Global Pooled JS: 0.000000
functional kld weight 222.22222222222217
Seed 789, Step 1000: Loss = 146.39 (Recon: 98.19, Allele KL: 18.58, Base KL: 4225.80, Functional KL: 0.00
Global Pooled JS: 0.000000
functional kld weight 750.0
Seed 789, Step 1500: Loss = 137.24 (Recon: 88.20, Allele KL: 19.97, Base KL: 4393.70, Functional KL: 0.00
Global Pooled JS: 0.000000
functional kld weight 1777.7777777777774
Seed 789, Step 2000: Loss = 139.88 (Recon: 89.16, Allele KL: 21.74, Base KL: 4260.87, Functional KL: 0.00
Global Pooled JS: 0.000000
functional kld weight 3472.222222222223
Seed 789, Step 2500: Loss = 145.00 (Recon: 99.81, Allele KL: 15.77, Base KL: 4222.09, Functional KL: 0.00

Top Variants with Coverage Mismatches:
Rank   Variant                        Expected     Observed     Diff       |Div|       
------------------------------------------------------------------------------------------
New best model with final loss: 139.78

=== Multi-Seed VAE Results ===
Best model had seed 789 with final loss: 139.78
All seeds final losses:
  Seed 789: Total=139.78 (Recon=92.50, A_KL=17.90, B_KL=4357.65) <- Best

[Raw]:
CYP2C8*1: Normalized=1.0000, Unnormalized=1.00

[Alleles]
CYP2C8*1
CYP2C8*1
	Command being timed: "python cyp.py CYP2C8 /project/shared/aldy-data/wgs/NA18855.wgs.cram 789"
	User time (seconds): 96.10
	System time (seconds): 20.53
	Percent of CPU this job got: 99%
	Elapsed (wall clock) time (h:mm:ss or m:ss): 1:56.89
	Average shared text size (kbytes): 0
	Average unshared data size (kbytes): 0
	Average stack size (kbytes): 0
	Average total size (kbytes): 0
	Maximum resident set size (kbytes): 1895928
	Average resident set size (kbytes): 0
	Major (requiring I/O) page faults: 0
	Minor (reclaiming a frame) page faults: 629761
	Voluntary context switches: 9959
	Involuntary context switches: 184
	Swaps: 0
	File system inputs: 0
	File system outputs: 24
	Socket messages sent: 0
	Socket messages received: 0
	Signals delivered: 0
	Page size (bytes): 4096
	Exit status: 0
