[info] total indices 224
[info] total variants 224
2.001 was filtered out as 96818105 T>A needs A but not covered
2.002 was filtered out as 96818105 T>A needs A but not covered
3.001 was filtered out as 96827029 C>T needs T but not covered
3.002 was filtered out as 96827029 C>T needs T but not covered
4.001 was filtered out as 96818118 G>C needs C but not covered
4.002 was filtered out as 96818118 G>C needs C but not covered
5.001 was filtered out as 96826970 delT needs N but not covered
6.001 was filtered out as 96824687 C>T needs T but not covered
7.001 was filtered out as 96824642 G>A needs A but not covered
8.001 was filtered out as 96824642 G>C needs C but not covered
9.001 was filtered out as 96818170 T>C needs C but not covered
10.001 was filtered out as 96802646 C>A needs A but not covered
11.001 was filtered out as 96805707 C>A needs A but not covered
12.001 was filtered out as 96796973 delCAA needs N but not covered
13.001 was filtered out as 96818241 A>C needs C but not covered
14.001 was filtered out as 96818198 C>G needs G but not covered
15.001 was filtered out as 96824657 C>T needs T but not covered
16.001 was filtered out as 96802803 A>G needs G but not covered
17.001 was filtered out as 96818180 T>C needs C but not covered
18.001 was filtered out as 96802714 G>A needs A but not covered
[filter] CYP2C8 1.001 => 1.001; 1.002; 1.003; 1.004; 1.005; 1.006; 1.007; 1.008; 1.009; 1.010; 1.011; 1.012; 1.013; 1.014; 1.015; 1.016; 1.017; 1.018
[filter] valid_alleles=18
Step 0: Loss=0.3590, CN=[2.0999167]
Step 100: Loss=0.0420, CN=[2.95562]
Step 200: Loss=0.0420, CN=[2.9549577]
Step 300: Loss=0.0420, CN=[2.9549372]
Step 400: Loss=0.0420, CN=[2.9549372]

=== Fit ===
Region 0: obs=2.977, exp=2.955, diff=+0.023 
Region 1: obs=3.295, exp=2.955, diff=+0.340 
Region 2: obs=3.083, exp=2.955, diff=+0.128 
Region 3: obs=3.128, exp=2.955, diff=+0.173 
Region 4: obs=2.652, exp=2.955, diff=-0.303 
Region 5: obs=2.820, exp=2.955, diff=-0.135 
Region 6: obs=2.821, exp=2.955, diff=-0.134 
Region 7: obs=3.197, exp=2.955, diff=+0.242 
Region 8: obs=3.632, exp=2.955, diff=+0.677 *
Region 9: obs=2.823, exp=2.955, diff=-0.132 
Region 10: obs=3.553, exp=2.955, diff=+0.598 *
Region 11: obs=2.865, exp=2.955, diff=-0.090 
Region 12: obs=3.291, exp=2.955, diff=+0.336 
Region 13: obs=2.637, exp=2.955, diff=-0.318 
Region 14: obs=2.581, exp=2.955, diff=-0.374 
Region 15: obs=2.808, exp=2.955, diff=-0.147 
Region 16: obs=2.536, exp=2.955, diff=-0.419 
Region 17: obs=2.905, exp=2.955, diff=-0.050 
Region 18: obs=2.753, exp=2.955, diff=-0.202 
Region 19: obs=2.889, exp=2.955, diff=-0.066 
Region 20: obs=3.084, exp=2.955, diff=+0.129 

[Gene CN Results]
  CYP2C8: 2.95 → 2.954937219619751
Using device: cuda

CYP2C8*1.001:

CYP2C8*1.002:

CYP2C8*1.003:

CYP2C8*1.004:

CYP2C8*1.005:

CYP2C8*1.006:

CYP2C8*1.007:

CYP2C8*1.008:

CYP2C8*1.009:

CYP2C8*1.010:

CYP2C8*1.011:

CYP2C8*1.012:

CYP2C8*1.013:

CYP2C8*1.014:

CYP2C8*1.015:

CYP2C8*1.016:

CYP2C8*1.017:

CYP2C8*1.018:

=== Running VAE with seed 789 ===
Global Pooled JS: 0.000000
functional kld weight 0.0
Seed 789, Step    0: Loss = 202.30 (Recon: 154.60, Allele KL: 19.07, Base KL: 1489.10, Functional KL: 0.00
Global Pooled JS: 0.000000
functional kld weight 27.77777777777777
Seed 789, Step  500: Loss = 132.53 (Recon: 86.66, Allele KL: 16.75, Base KL: 4217.56, Functional KL: 0.00
Global Pooled JS: 0.000000
functional kld weight 222.22222222222217
Seed 789, Step 1000: Loss = 130.41 (Recon: 79.68, Allele KL: 21.71, Base KL: 4272.65, Functional KL: 0.00
Global Pooled JS: 0.000000
functional kld weight 750.0
Seed 789, Step 1500: Loss = 126.51 (Recon: 79.32, Allele KL: 18.53, Base KL: 4173.84, Functional KL: 0.00
Global Pooled JS: 0.000000
functional kld weight 1777.7777777777774
Seed 789, Step 2000: Loss = 138.35 (Recon: 91.79, Allele KL: 16.98, Base KL: 4082.19, Functional KL: 0.00
Global Pooled JS: 0.000000
functional kld weight 3472.222222222223
Seed 789, Step 2500: Loss = 145.05 (Recon: 97.99, Allele KL: 17.59, Base KL: 4132.74, Functional KL: 0.00

Top Variants with Coverage Mismatches:
Rank   Variant                        Expected     Observed     Diff       |Div|       
------------------------------------------------------------------------------------------
New best model with final loss: 124.53

=== Multi-Seed VAE Results ===
Best model had seed 789 with final loss: 124.53
All seeds final losses:
  Seed 789: Total=124.53 (Recon=75.76, A_KL=20.09, B_KL=4216.68) <- Best

[Raw]:
CYP2C8*1: Normalized=1.0000, Unnormalized=1.00

[Alleles]
CYP2C8*1
CYP2C8*1
	Command being timed: "python cyp.py CYP2C8 /project/shared/aldy-data/wgs/NA18524.wgs.cram 789"
	User time (seconds): 96.90
	System time (seconds): 20.11
	Percent of CPU this job got: 99%
	Elapsed (wall clock) time (h:mm:ss or m:ss): 1:57.37
	Average shared text size (kbytes): 0
	Average unshared data size (kbytes): 0
	Average stack size (kbytes): 0
	Average total size (kbytes): 0
	Maximum resident set size (kbytes): 1914692
	Average resident set size (kbytes): 0
	Major (requiring I/O) page faults: 0
	Minor (reclaiming a frame) page faults: 651687
	Voluntary context switches: 11821
	Involuntary context switches: 1578
	Swaps: 0
	File system inputs: 0
	File system outputs: 24
	Socket messages sent: 0
	Socket messages received: 0
	Signals delivered: 0
	Page size (bytes): 4096
	Exit status: 0
