[info] total indices 224
[info] total variants 224
2.001 was filtered out as 96818105 T>A needs A but not covered
2.002 was filtered out as 96818105 T>A needs A but not covered
3.001 was filtered out as 96827029 C>T needs T but not covered
3.002 was filtered out as 96827029 C>T needs T but not covered
4.001 was filtered out as 96818118 G>C needs C but not covered
4.002 was filtered out as 96818118 G>C needs C but not covered
5.001 was filtered out as 96826970 delT needs N but not covered
6.001 was filtered out as 96824687 C>T needs T but not covered
7.001 was filtered out as 96824642 G>A needs A but not covered
8.001 was filtered out as 96824642 G>C needs C but not covered
9.001 was filtered out as 96818170 T>C needs C but not covered
10.001 was filtered out as 96802646 C>A needs A but not covered
11.001 was filtered out as 96805707 C>A needs A but not covered
12.001 was filtered out as 96796973 delCAA needs N but not covered
13.001 was filtered out as 96818241 A>C needs C but not covered
14.001 was filtered out as 96818198 C>G needs G but not covered
15.001 was filtered out as 96824657 C>T needs T but not covered
16.001 was filtered out as 96802803 A>G needs G but not covered
18.001 was filtered out as 96802714 G>A needs A but not covered
[filter] CYP2C8 1.001 => 1.001; 1.002; 1.003; 1.004; 1.005; 1.006; 1.007; 1.008; 1.009; 1.010; 1.011; 1.012; 1.013; 1.014; 1.015; 1.016; 1.017; 1.018
[filter] CYP2C8 17.001 => 17.001
[filter] valid_alleles=19
Step 0: Loss=0.2354, CN=[2.0999167]
Step 100: Loss=0.0552, CN=[2.7079582]
Step 200: Loss=0.0552, CN=[2.7049375]
Step 300: Loss=0.0552, CN=[2.7049475]
Step 400: Loss=0.0552, CN=[2.7049472]

=== Fit ===
Region 0: obs=2.766, exp=2.705, diff=+0.061 
Region 1: obs=2.787, exp=2.705, diff=+0.082 
Region 2: obs=3.284, exp=2.705, diff=+0.579 *
Region 3: obs=2.833, exp=2.705, diff=+0.128 
Region 4: obs=2.229, exp=2.705, diff=-0.476 
Region 5: obs=2.054, exp=2.705, diff=-0.651 *
Region 6: obs=2.196, exp=2.705, diff=-0.509 *
Region 7: obs=3.042, exp=2.705, diff=+0.337 
Region 8: obs=3.067, exp=2.705, diff=+0.362 
Region 9: obs=2.615, exp=2.705, diff=-0.090 
Region 10: obs=3.006, exp=2.705, diff=+0.301 
Region 11: obs=2.767, exp=2.705, diff=+0.062 
Region 12: obs=2.769, exp=2.705, diff=+0.064 
Region 13: obs=2.570, exp=2.705, diff=-0.135 
Region 14: obs=2.519, exp=2.705, diff=-0.186 
Region 15: obs=2.611, exp=2.705, diff=-0.094 
Region 16: obs=3.184, exp=2.705, diff=+0.480 
Region 17: obs=2.889, exp=2.705, diff=+0.184 
Region 18: obs=2.670, exp=2.705, diff=-0.035 
Region 19: obs=2.057, exp=2.705, diff=-0.647 *
Region 20: obs=2.661, exp=2.705, diff=-0.044 

[Gene CN Results]
  CYP2C8: 2.70 → 2.7049472332000732
Using device: cuda

CYP2C8*1.001:

CYP2C8*1.002:

CYP2C8*1.003:

CYP2C8*1.004:

CYP2C8*1.005:

CYP2C8*1.006:

CYP2C8*1.007:

CYP2C8*1.008:

CYP2C8*1.009:

CYP2C8*1.010:

CYP2C8*1.011:

CYP2C8*1.012:

CYP2C8*1.013:

CYP2C8*1.014:

CYP2C8*1.015:

CYP2C8*1.016:

CYP2C8*1.017:

CYP2C8*1.018:

CYP2C8*17.001:

=== Running VAE with seed 789 ===
Global Pooled JS: 0.227398
functional kld weight 0.0
Seed 789, Step    0: Loss = 420.47 (Recon: 363.22, Allele KL: 29.24, Base KL: 2131.22, Functional KL: 0.23
Global Pooled JS: 0.007314
functional kld weight 27.77777777777777
Seed 789, Step  500: Loss = 145.12 (Recon: 99.33, Allele KL: 17.77, Base KL: 3991.99, Functional KL: 0.01
Global Pooled JS: 0.009619
functional kld weight 222.22222222222217
Seed 789, Step 1000: Loss = 148.21 (Recon: 89.68, Allele KL: 28.90, Base KL: 4311.68, Functional KL: 0.01
Global Pooled JS: 0.003045
functional kld weight 750.0
Seed 789, Step 1500: Loss = 144.24 (Recon: 91.19, Allele KL: 22.29, Base KL: 5126.88, Functional KL: 0.00
Global Pooled JS: 0.002928
functional kld weight 1777.7777777777774
Seed 789, Step 2000: Loss = 153.70 (Recon: 88.56, Allele KL: 30.38, Base KL: 6360.24, Functional KL: 0.00
Global Pooled JS: 0.001648
functional kld weight 3472.222222222223
Seed 789, Step 2500: Loss = 164.47 (Recon: 105.74, Allele KL: 21.08, Base KL: 8046.48, Functional KL: 0.00

Top Variants with Coverage Mismatches:
Rank   Variant                        Expected     Observed     Diff       |Div|       
------------------------------------------------------------------------------------------
1      CYP2C8:96818180→N              0.02         0.00         0.02       0.000175    
2      CYP2C8:96818180→G              0.02         0.00         0.02       0.000173    
3      CYP2C8:96818180→M              0.02         0.00         0.02       0.000172    
4      CYP2C8:96818180→A              0.02         0.00         0.02       0.000171    
5      CYP2C8:96818180→P              0.02         0.00         0.02       0.000168    
6      CYP2C8:96818180→C              24.23        27.00        -2.77      0.000001    
7      CYP2C8:96818180→T              20.72        23.00        -2.28      0.000000    
New best model with final loss: 150.49

=== Multi-Seed VAE Results ===
Best model had seed 789 with final loss: 150.49
All seeds final losses:
  Seed 789: Total=150.49 (Recon=88.09, A_KL=23.61, B_KL=10095.87) <- Best

[Raw]:
CYP2C8*17: Normalized=0.5409, Unnormalized=0.54
CYP2C8*1: Normalized=0.4591, Unnormalized=0.46

[Alleles]
CYP2C8*17
CYP2C8*1
	Command being timed: "python cyp.py CYP2C8 /project/shared/aldy-data/wgs/NA19143.wgs.cram 789"
	User time (seconds): 97.66
	System time (seconds): 19.89
	Percent of CPU this job got: 99%
	Elapsed (wall clock) time (h:mm:ss or m:ss): 1:57.80
	Average shared text size (kbytes): 0
	Average unshared data size (kbytes): 0
	Average stack size (kbytes): 0
	Average total size (kbytes): 0
	Maximum resident set size (kbytes): 1899864
	Average resident set size (kbytes): 0
	Major (requiring I/O) page faults: 0
	Minor (reclaiming a frame) page faults: 526660
	Voluntary context switches: 9994
	Involuntary context switches: 183
	Swaps: 0
	File system inputs: 0
	File system outputs: 24
	Socket messages sent: 0
	Socket messages received: 0
	Signals delivered: 0
	Page size (bytes): 4096
	Exit status: 0
