[info] total indices 441
[info] total variants 441
2.001 was filtered out as 41497273 C>T needs T but not covered
2.002 was filtered out as 41497273 C>T needs T but not covered
3.001 was filtered out as 41515254 C>A needs A but not covered
5.001 was filtered out as 41522714 C>T needs T but not covered
5.002 was filtered out as 41522714 C>T needs T but not covered
5.003 was filtered out as 41522714 C>T needs T but not covered
7.001 was filtered out as 41522714 C>T needs T but not covered
8.001 was filtered out as 41510281 A>G needs G but not covered
10.001 was filtered out as 41497273 C>T needs T but not covered
11.001 was filtered out as 41497345 A>G needs G but not covered
12.001 was filtered out as 41510029 G>A needs A but not covered
13.001 was filtered out as 41510281 A>G needs G but not covered
14.001 was filtered out as 41510285 G>A needs A but not covered
15.001 was filtered out as 41518597 T>A needs A but not covered
17.001 was filtered out as 41497285 A>T needs T but not covered
17.002 was filtered out as 41497285 A>T needs T but not covered
18.001 was filtered out as 41518220 T>C needs C but not covered
18.002 was filtered out as 41518220 T>C needs C but not covered
19.001 was filtered out as 41518243 C>T needs T but not covered
20.001 was filtered out as 41512827 C>T needs T but not covered
21.001 was filtered out as 41518707 C>A needs A but not covered
22.001 was filtered out as 41497128 T>C needs C but not covered
23.001 was filtered out as 41522630 A>G needs G but not covered
24.001 was filtered out as 41522682 G>A needs A but not covered
25.001 was filtered out as 41522709 A>T needs T but not covered
26.001 was filtered out as 41512823 C>G needs G but not covered
27.001 was filtered out as 41512917 T>C needs C but not covered
28.001 was filtered out as 41515992 C>G needs G but not covered
31.001 was filtered out as 41516012 C>A needs A but not covered
32.001 was filtered out as 41518644 G>A needs A but not covered
33.001 was filtered out as 41522714 C>A needs A but not covered
34.001 was filtered out as 41497128 T>C needs C but not covered
35.001 was filtered out as 41497128 T>C needs C but not covered
36.001 was filtered out as 41497128 T>C needs C but not covered
37.001 was filtered out as 41512872 T>G needs G but not covered
38.001 was filtered out as 41509919 T>A needs A but not covered
[filter] CYP2B6 1 => 1.001; 1.002; 1.003; 1.004; 1.005; 1.006; 1.007; 1.008; 1.009; 1.010; 1.011; 1.012; 1.013; 1.014; 1.015
[filter] CYP2B6 4 => 4.001; 4.002
[filter] CYP2B6 6 => 6.001; 6.002; 6.003; 6.004
[filter] CYP2B6 9 => 9.001
[filter] valid_alleles=22
Step 0: Loss=0.0278, CN=[2.0999165]
Step 100: Loss=0.0278, CN=[2.0112085]
Step 200: Loss=0.0278, CN=[2.0108025]
Step 300: Loss=0.0278, CN=[2.0108018]
Step 400: Loss=0.0278, CN=[2.010802]

=== Fit ===
Region 0: obs=2.112, exp=2.011, diff=+0.101 
Region 1: obs=1.559, exp=2.011, diff=-0.452 
Region 2: obs=2.162, exp=2.011, diff=+0.151 
Region 3: obs=2.265, exp=2.011, diff=+0.254 
Region 4: obs=2.473, exp=2.011, diff=+0.462 
Region 5: obs=1.799, exp=2.011, diff=-0.212 
Region 6: obs=2.254, exp=2.011, diff=+0.244 
Region 7: obs=1.995, exp=2.011, diff=-0.016 
Region 8: obs=2.131, exp=2.011, diff=+0.120 
Region 9: obs=1.950, exp=2.011, diff=-0.061 
Region 10: obs=2.288, exp=2.011, diff=+0.277 
Region 11: obs=2.015, exp=2.011, diff=+0.005 
Region 12: obs=2.166, exp=2.011, diff=+0.156 
Region 13: obs=2.192, exp=2.011, diff=+0.182 
Region 14: obs=1.637, exp=2.011, diff=-0.374 
Region 15: obs=1.620, exp=2.011, diff=-0.391 
Region 16: obs=1.791, exp=2.011, diff=-0.220 
Region 17: obs=2.010, exp=2.011, diff=-0.001 
Region 18: obs=1.807, exp=2.011, diff=-0.204 
Region 19: obs=1.927, exp=2.011, diff=-0.084 
Region 20: obs=2.075, exp=2.011, diff=+0.065 

[Gene CN Results]
  CYP2B6: 2.01 → 2.010801315307617
Using device: cuda

CYP2B6*1.001:

CYP2B6*1.002:

CYP2B6*1.003:

CYP2B6*1.004:

CYP2B6*1.005:

CYP2B6*1.006:

CYP2B6*1.007:

CYP2B6*1.008:

CYP2B6*1.009:

CYP2B6*1.010:

CYP2B6*1.011:

CYP2B6*1.012:

CYP2B6*1.013:

CYP2B6*1.014:

CYP2B6*1.015:

CYP2B6*4.001:

CYP2B6*4.002:

CYP2B6*6.001:

CYP2B6*6.002:

CYP2B6*6.003:

CYP2B6*6.004:

CYP2B6*9.001:

=== Running VAE with seed 123 ===
Global Pooled JS: 0.019756
functional kld weight 0.0
Seed 123, Step    0: Loss = 222.04 (Recon: 175.89, Allele KL: 17.38, Base KL: 2221.56, Functional KL: 0.02
Global Pooled JS: 0.018111
functional kld weight 27.77777777777777
Seed 123, Step  500: Loss = 171.62 (Recon: 126.48, Allele KL: 17.44, Base KL: 2465.32, Functional KL: 0.02
Global Pooled JS: 0.008864
functional kld weight 222.22222222222217
Seed 123, Step 1000: Loss = 177.01 (Recon: 132.80, Allele KL: 14.37, Base KL: 2592.77, Functional KL: 0.01
Global Pooled JS: 0.007413
functional kld weight 750.0
Seed 123, Step 1500: Loss = 185.51 (Recon: 135.87, Allele KL: 15.55, Base KL: 3009.65, Functional KL: 0.01
Global Pooled JS: 0.004025
functional kld weight 1777.7777777777774
Seed 123, Step 2000: Loss = 183.58 (Recon: 129.41, Allele KL: 17.60, Base KL: 4444.77, Functional KL: 0.00
Global Pooled JS: 0.003911
functional kld weight 3472.222222222223
Seed 123, Step 2500: Loss = 196.85 (Recon: 130.76, Allele KL: 20.41, Base KL: 7023.87, Functional KL: 0.00

Top Variants with Coverage Mismatches:
Rank   Variant                        Expected     Observed     Diff       |Div|       
------------------------------------------------------------------------------------------
1      CYP2B6:41512840→G              13.89        20.00        -6.11      0.000516    
2      CYP2B6:41512840→M              0.06         0.00         0.06       0.000253    
3      CYP2B6:41512840→C              0.05         0.00         0.05       0.000251    
4      CYP2B6:41512840→A              0.05         0.00         0.05       0.000250    
5      CYP2B6:41512840→N              0.05         0.00         0.05       0.000248    
6      CYP2B6:41512840→P              0.05         0.00         0.05       0.000246    
7      CYP2B6:41515262→T              0.04         0.00         0.04       0.000192    
8      CYP2B6:41515262→M              0.04         0.00         0.04       0.000192    
9      CYP2B6:41515262→P              0.04         0.00         0.04       0.000189    
10     CYP2B6:41515262→C              0.04         0.00         0.04       0.000188    
11     CYP2B6:41515262→N              0.04         0.00         0.04       0.000187    
12     CYP2B6:41515262→G              18.47        22.00        -3.53      0.000062    
13     CYP2B6:41515262→A              19.02        23.00        -3.98      0.000029    
14     CYP2B6:41512840→T              23.54        29.00        -5.46      0.000006    
New best model with final loss: 199.69

=== Multi-Seed VAE Results ===
Best model had seed 123 with final loss: 199.69
All seeds final losses:
  Seed 123: Total=199.69 (Recon=129.16, A_KL=21.16, B_KL=10156.08) <- Best

[Raw]:
CYP2B6*6: Normalized=0.4770, Unnormalized=0.48
CYP2B6*1: Normalized=0.3469, Unnormalized=0.35
CYP2B6*9: Normalized=0.1564, Unnormalized=0.16

[Alleles]
CYP2B6*6
CYP2B6*1
	Command being timed: "python cyp.py CYP2B6 /project/shared/aldy-data/wgs/NA07055.wgs.cram 123"
	User time (seconds): 54.36
	System time (seconds): 11.03
	Percent of CPU this job got: 99%
	Elapsed (wall clock) time (h:mm:ss or m:ss): 1:05.92
	Average shared text size (kbytes): 0
	Average unshared data size (kbytes): 0
	Average stack size (kbytes): 0
	Average total size (kbytes): 0
	Maximum resident set size (kbytes): 1864264
	Average resident set size (kbytes): 0
	Major (requiring I/O) page faults: 0
	Minor (reclaiming a frame) page faults: 525266
	Voluntary context switches: 9899
	Involuntary context switches: 94
	Swaps: 0
	File system inputs: 0
	File system outputs: 24
	Socket messages sent: 0
	Socket messages received: 0
	Signals delivered: 0
	Page size (bytes): 4096
	Exit status: 0
