[info] total indices 441
[info] total variants 441
2.001 was filtered out as 41497273 C>T needs T but not covered
2.002 was filtered out as 41497273 C>T needs T but not covered
3.001 was filtered out as 41515254 C>A needs A but not covered
5.001 was filtered out as 41522714 C>T needs T but not covered
5.002 was filtered out as 41522714 C>T needs T but not covered
5.003 was filtered out as 41522714 C>T needs T but not covered
7.001 was filtered out as 41522714 C>T needs T but not covered
8.001 was filtered out as 41510281 A>G needs G but not covered
10.001 was filtered out as 41497273 C>T needs T but not covered
11.001 was filtered out as 41497345 A>G needs G but not covered
12.001 was filtered out as 41510029 G>A needs A but not covered
13.001 was filtered out as 41510281 A>G needs G but not covered
14.001 was filtered out as 41510285 G>A needs A but not covered
15.001 was filtered out as 41518597 T>A needs A but not covered
18.001 was filtered out as 41518220 T>C needs C but not covered
18.002 was filtered out as 41518220 T>C needs C but not covered
19.001 was filtered out as 41518243 C>T needs T but not covered
20.001 was filtered out as 41512827 C>T needs T but not covered
21.001 was filtered out as 41518707 C>A needs A but not covered
22.001 was filtered out as 41497128 T>C needs C but not covered
23.001 was filtered out as 41522630 A>G needs G but not covered
24.001 was filtered out as 41522682 G>A needs A but not covered
25.001 was filtered out as 41522709 A>T needs T but not covered
26.001 was filtered out as 41512823 C>G needs G but not covered
27.001 was filtered out as 41512917 T>C needs C but not covered
28.001 was filtered out as 41515992 C>G needs G but not covered
31.001 was filtered out as 41516012 C>A needs A but not covered
32.001 was filtered out as 41518644 G>A needs A but not covered
33.001 was filtered out as 41522714 C>A needs A but not covered
34.001 was filtered out as 41497128 T>C needs C but not covered
35.001 was filtered out as 41497128 T>C needs C but not covered
36.001 was filtered out as 41497128 T>C needs C but not covered
37.001 was filtered out as 41512872 T>G needs G but not covered
38.001 was filtered out as 41509919 T>A needs A but not covered
[filter] CYP2B6 1 => 1.001; 1.002; 1.003; 1.004; 1.005; 1.006; 1.007; 1.008; 1.009; 1.010; 1.011; 1.012; 1.013; 1.014; 1.015
[filter] CYP2B6 4 => 4.001; 4.002
[filter] CYP2B6 6 => 6.001; 6.002; 6.003; 6.004
[filter] CYP2B6 9 => 9.001
[filter] CYP2B6 17 => 17.001; 17.002
[filter] valid_alleles=24
Step 0: Loss=0.0600, CN=[2.0999167]
Step 100: Loss=0.0256, CN=[2.2727354]
Step 200: Loss=0.0256, CN=[2.2717187]
Step 300: Loss=0.0256, CN=[2.2717168]
Step 400: Loss=0.0256, CN=[2.2717166]

=== Fit ===
Region 0: obs=2.271, exp=2.272, diff=-0.001 
Region 1: obs=2.277, exp=2.272, diff=+0.006 
Region 2: obs=2.388, exp=2.272, diff=+0.116 
Region 3: obs=2.390, exp=2.272, diff=+0.119 
Region 4: obs=1.884, exp=2.272, diff=-0.388 
Region 5: obs=1.948, exp=2.272, diff=-0.324 
Region 6: obs=2.110, exp=2.272, diff=-0.162 
Region 7: obs=2.335, exp=2.272, diff=+0.063 
Region 8: obs=2.671, exp=2.272, diff=+0.399 
Region 9: obs=2.227, exp=2.272, diff=-0.045 
Region 10: obs=2.135, exp=2.272, diff=-0.137 
Region 11: obs=2.040, exp=2.272, diff=-0.232 
Region 12: obs=2.232, exp=2.272, diff=-0.040 
Region 13: obs=2.561, exp=2.272, diff=+0.289 
Region 14: obs=1.985, exp=2.272, diff=-0.287 
Region 15: obs=2.859, exp=2.272, diff=+0.587 *
Region 16: obs=2.272, exp=2.272, diff=+0.000 
Region 17: obs=2.384, exp=2.272, diff=+0.112 
Region 18: obs=2.341, exp=2.272, diff=+0.069 
Region 19: obs=2.298, exp=2.272, diff=+0.026 
Region 20: obs=2.188, exp=2.272, diff=-0.083 

[Gene CN Results]
  CYP2B6: 2.27 → 2.271717071533203
Using device: cuda

CYP2B6*1.001:

CYP2B6*1.002:

CYP2B6*1.003:

CYP2B6*1.004:

CYP2B6*1.005:

CYP2B6*1.006:

CYP2B6*1.007:

CYP2B6*1.008:

CYP2B6*1.009:

CYP2B6*1.010:

CYP2B6*1.011:

CYP2B6*1.012:

CYP2B6*1.013:

CYP2B6*1.014:

CYP2B6*1.015:

CYP2B6*4.001:

CYP2B6*4.002:

CYP2B6*6.001:

CYP2B6*6.002:

CYP2B6*6.003:

CYP2B6*6.004:

CYP2B6*9.001:

CYP2B6*17.001:

CYP2B6*17.002:

=== Running VAE with seed 123 ===
Global Pooled JS: 0.061757
functional kld weight 0.0
Seed 123, Step    0: Loss = 564.42 (Recon: 508.56, Allele KL: 30.99, Base KL: 2618.16, Functional KL: 0.06
Global Pooled JS: 0.008133
functional kld weight 27.77777777777777
Seed 123, Step  500: Loss = 256.35 (Recon: 203.26, Allele KL: 28.46, Base KL: 2694.21, Functional KL: 0.01
Global Pooled JS: 0.005457
functional kld weight 222.22222222222217
Seed 123, Step 1000: Loss = 256.43 (Recon: 202.52, Allele KL: 28.19, Base KL: 2766.87, Functional KL: 0.01
Global Pooled JS: 0.004615
functional kld weight 750.0
Seed 123, Step 1500: Loss = 271.77 (Recon: 222.60, Allele KL: 19.89, Base KL: 3080.53, Functional KL: 0.00
Global Pooled JS: 0.006151
functional kld weight 1777.7777777777774
Seed 123, Step 2000: Loss = 266.52 (Recon: 199.59, Allele KL: 30.54, Base KL: 3918.73, Functional KL: 0.01
Global Pooled JS: 0.003921
functional kld weight 3472.222222222223
Seed 123, Step 2500: Loss = 281.50 (Recon: 214.58, Allele KL: 25.73, Base KL: 5555.86, Functional KL: 0.00

Top Variants with Coverage Mismatches:
Rank   Variant                        Expected     Observed     Diff       |Div|       
------------------------------------------------------------------------------------------
1      CYP2B6:41512840→G              20.91        26.00        -5.09      0.000420    
2      CYP2B6:41515262→A              20.64        18.00        2.64       0.000285    
3      CYP2B6:41515262→G              18.43        17.00        1.43       0.000116    
4      CYP2B6:41515262→T              0.07         0.00         0.07       0.000100    
5      CYP2B6:41515262→C              0.07         0.00         0.07       0.000099    
6      CYP2B6:41515262→N              0.07         0.00         0.07       0.000097    
7      CYP2B6:41515262→P              0.07         0.00         0.07       0.000097    
8      CYP2B6:41515262→M              0.07         0.00         0.07       0.000096    
9      CYP2B6:41512840→C              0.07         0.00         0.07       0.000096    
10     CYP2B6:41512840→M              0.06         0.00         0.06       0.000094    
11     CYP2B6:41512840→N              0.06         0.00         0.06       0.000094    
12     CYP2B6:41512840→A              0.06         0.00         0.06       0.000092    
13     CYP2B6:41512840→P              0.06         0.00         0.06       0.000091    
14     CYP2B6:41512840→T              18.17        17.00        1.17       0.000088    
15     CYP2B6:41497292→M              0.04         0.00         0.04       0.000061    
16     CYP2B6:41497292→P              0.04         0.00         0.04       0.000061    
17     CYP2B6:41497292→C              0.04         0.00         0.04       0.000061    
18     CYP2B6:41497295→N              0.04         0.00         0.04       0.000060    
19     CYP2B6:41497285→N              0.04         0.00         0.04       0.000060    
20     CYP2B6:41497295→A              0.04         0.00         0.04       0.000060    
21     CYP2B6:41497285→C              0.04         0.00         0.04       0.000060    
22     CYP2B6:41497292→T              0.04         0.00         0.04       0.000060    
23     CYP2B6:41497285→P              0.04         0.00         0.04       0.000059    
24     CYP2B6:41497285→M              0.04         0.00         0.04       0.000059    
25     CYP2B6:41497292→N              0.04         0.00         0.04       0.000059    
26     CYP2B6:41497285→G              0.04         0.00         0.04       0.000059    
27     CYP2B6:41497295→M              0.04         0.00         0.04       0.000058    
28     CYP2B6:41497294→G              0.04         0.00         0.04       0.000058    
29     CYP2B6:41497294→M              0.04         0.00         0.04       0.000058    
30     CYP2B6:41497294→T              0.04         0.00         0.04       0.000058    
31     CYP2B6:41497295→P              0.04         0.00         0.04       0.000058    
32     CYP2B6:41497295→T              0.04         0.00         0.04       0.000057    
33     CYP2B6:41497294→P              0.04         0.00         0.04       0.000056    
34     CYP2B6:41497294→N              0.04         0.00         0.04       0.000056    
35     CYP2B6:41497292→G              9.99         11.00        -1.01      0.000023    
36     CYP2B6:41497285→T              9.99         11.00        -1.01      0.000023    
37     CYP2B6:41497292→A              29.21        29.00        0.21       0.000023    
38     CYP2B6:41497295→C              9.99         11.00        -1.01      0.000023    
39     CYP2B6:41497294→A              10.00        11.00        -1.00      0.000022    
40     CYP2B6:41497294→C              29.20        31.00        -1.80      0.000012    
41     CYP2B6:41497295→G              29.21        31.00        -1.79      0.000012    
42     CYP2B6:41497285→A              29.21        31.00        -1.79      0.000012    
New best model with final loss: 284.49

=== Multi-Seed VAE Results ===
Best model had seed 123 with final loss: 284.49
All seeds final losses:
  Seed 123: Total=284.49 (Recon=206.92, A_KL=24.55, B_KL=7914.06) <- Best

[Raw]:
CYP2B6*6: Normalized=0.4664, Unnormalized=0.47
CYP2B6*17: Normalized=0.2599, Unnormalized=0.26
CYP2B6*1: Normalized=0.2572, Unnormalized=0.26

[Alleles]
CYP2B6*6
CYP2B6*17
	Command being timed: "python cyp.py CYP2B6 /project/shared/aldy-data/wgs/NA18519.wgs.cram 123"
	User time (seconds): 54.66
	System time (seconds): 11.51
	Percent of CPU this job got: 99%
	Elapsed (wall clock) time (h:mm:ss or m:ss): 1:06.49
	Average shared text size (kbytes): 0
	Average unshared data size (kbytes): 0
	Average stack size (kbytes): 0
	Average total size (kbytes): 0
	Maximum resident set size (kbytes): 1861096
	Average resident set size (kbytes): 0
	Major (requiring I/O) page faults: 0
	Minor (reclaiming a frame) page faults: 636049
	Voluntary context switches: 9436
	Involuntary context switches: 150
	Swaps: 0
	File system inputs: 0
	File system outputs: 32
	Socket messages sent: 0
	Socket messages received: 0
	Signals delivered: 0
	Page size (bytes): 4096
	Exit status: 0
