[info] total indices 224
[info] total variants 224
2.001 was filtered out as 96818105 T>A needs A but not covered
2.002 was filtered out as 96818105 T>A needs A but not covered
3.001 was filtered out as 96827029 C>T needs T but not covered
3.002 was filtered out as 96827029 C>T needs T but not covered
4.001 was filtered out as 96818118 G>C needs C but not covered
4.002 was filtered out as 96818118 G>C needs C but not covered
5.001 was filtered out as 96826970 delT needs N but not covered
6.001 was filtered out as 96824687 C>T needs T but not covered
7.001 was filtered out as 96824642 G>A needs A but not covered
8.001 was filtered out as 96824642 G>C needs C but not covered
9.001 was filtered out as 96818170 T>C needs C but not covered
10.001 was filtered out as 96802646 C>A needs A but not covered
11.001 was filtered out as 96805707 C>A needs A but not covered
12.001 was filtered out as 96796973 delCAA needs N but not covered
13.001 was filtered out as 96818241 A>C needs C but not covered
14.001 was filtered out as 96818198 C>G needs G but not covered
15.001 was filtered out as 96824657 C>T needs T but not covered
16.001 was filtered out as 96802803 A>G needs G but not covered
17.001 was filtered out as 96818180 T>C needs C but not covered
18.001 was filtered out as 96802714 G>A needs A but not covered
[filter] CYP2C8 1.001 => 1.001; 1.002; 1.003; 1.004; 1.005; 1.006; 1.007; 1.008; 1.009; 1.010; 1.011; 1.012; 1.013; 1.014; 1.015; 1.016; 1.017; 1.018
[filter] valid_alleles=18
Step 0: Loss=0.0846, CN=[2.0999167]
Step 100: Loss=0.0399, CN=[2.3297653]
Step 200: Loss=0.0399, CN=[2.329904]
Step 300: Loss=0.0399, CN=[2.3299065]
Step 400: Loss=0.0399, CN=[2.3299065]

=== Fit ===
Region 0: obs=2.248, exp=2.330, diff=-0.082 
Region 1: obs=2.970, exp=2.330, diff=+0.640 *
Region 2: obs=2.207, exp=2.330, diff=-0.122 
Region 3: obs=1.973, exp=2.330, diff=-0.357 
Region 4: obs=1.724, exp=2.330, diff=-0.606 *
Region 5: obs=2.166, exp=2.330, diff=-0.164 
Region 6: obs=2.185, exp=2.330, diff=-0.145 
Region 7: obs=2.680, exp=2.330, diff=+0.350 
Region 8: obs=2.812, exp=2.330, diff=+0.482 
Region 9: obs=2.213, exp=2.330, diff=-0.117 
Region 10: obs=2.232, exp=2.330, diff=-0.097 
Region 11: obs=2.247, exp=2.330, diff=-0.082 
Region 12: obs=2.211, exp=2.330, diff=-0.119 
Region 13: obs=2.326, exp=2.330, diff=-0.004 
Region 14: obs=2.845, exp=2.330, diff=+0.515 *
Region 15: obs=2.482, exp=2.330, diff=+0.152 
Region 16: obs=2.178, exp=2.330, diff=-0.152 
Region 17: obs=2.394, exp=2.330, diff=+0.064 
Region 18: obs=2.195, exp=2.330, diff=-0.135 
Region 19: obs=2.342, exp=2.330, diff=+0.012 
Region 20: obs=2.348, exp=2.330, diff=+0.018 

[Gene CN Results]
  CYP2C8: 2.33 → 2.329906463623047
Using device: cuda

CYP2C8*1.001:

CYP2C8*1.002:

CYP2C8*1.003:

CYP2C8*1.004:

CYP2C8*1.005:

CYP2C8*1.006:

CYP2C8*1.007:

CYP2C8*1.008:

CYP2C8*1.009:

CYP2C8*1.010:

CYP2C8*1.011:

CYP2C8*1.012:

CYP2C8*1.013:

CYP2C8*1.014:

CYP2C8*1.015:

CYP2C8*1.016:

CYP2C8*1.017:

CYP2C8*1.018:

=== Running VAE with seed 1024 ===
Global Pooled JS: 0.000000
functional kld weight 0.0
Seed 1024, Step    0: Loss = 442.13 (Recon: 372.94, Allele KL: 39.09, Base KL: 3038.15, Functional KL: 0.00
Global Pooled JS: 0.000000
functional kld weight 27.77777777777777
Seed 1024, Step  500: Loss = 136.15 (Recon: 83.82, Allele KL: 23.59, Base KL: 4175.91, Functional KL: 0.00
Global Pooled JS: 0.000000
functional kld weight 222.22222222222217
Seed 1024, Step 1000: Loss = 138.48 (Recon: 76.95, Allele KL: 33.18, Base KL: 4164.29, Functional KL: 0.00
Global Pooled JS: 0.000000
functional kld weight 750.0
Seed 1024, Step 1500: Loss = 134.80 (Recon: 79.62, Allele KL: 26.71, Base KL: 4071.28, Functional KL: 0.00
Global Pooled JS: 0.000000
functional kld weight 1777.7777777777774
Seed 1024, Step 2000: Loss = 138.82 (Recon: 84.75, Allele KL: 25.29, Base KL: 4163.66, Functional KL: 0.00
Global Pooled JS: 0.000000
functional kld weight 3472.222222222223
Seed 1024, Step 2500: Loss = 136.74 (Recon: 81.68, Allele KL: 26.45, Base KL: 4068.08, Functional KL: 0.00

Top Variants with Coverage Mismatches:
Rank   Variant                        Expected     Observed     Diff       |Div|       
------------------------------------------------------------------------------------------
New best model with final loss: 141.69

=== Multi-Seed VAE Results ===
Best model had seed 1024 with final loss: 141.69
All seeds final losses:
  Seed 1024: Total=141.69 (Recon=87.15, A_KL=25.80, B_KL=4157.06) <- Best

[Raw]:
CYP2C8*1: Normalized=1.0000, Unnormalized=1.00

[Alleles]
CYP2C8*1
CYP2C8*1
	Command being timed: "python cyp.py CYP2C8 /project/shared/aldy-data/wgs/HG00436.wgs.cram 1024"
	User time (seconds): 97.51
	System time (seconds): 21.05
	Percent of CPU this job got: 99%
	Elapsed (wall clock) time (h:mm:ss or m:ss): 1:58.95
	Average shared text size (kbytes): 0
	Average unshared data size (kbytes): 0
	Average stack size (kbytes): 0
	Average total size (kbytes): 0
	Maximum resident set size (kbytes): 1900932
	Average resident set size (kbytes): 0
	Major (requiring I/O) page faults: 0
	Minor (reclaiming a frame) page faults: 544577
	Voluntary context switches: 10858
	Involuntary context switches: 186
	Swaps: 0
	File system inputs: 0
	File system outputs: 24
	Socket messages sent: 0
	Socket messages received: 0
	Signals delivered: 0
	Page size (bytes): 4096
	Exit status: 0
