[info] total indices 224
[info] total variants 224
2.001 was filtered out as 96818105 T>A needs A but not covered
2.002 was filtered out as 96818105 T>A needs A but not covered
3.001 was filtered out as 96827029 C>T needs T but not covered
3.002 was filtered out as 96827029 C>T needs T but not covered
4.001 was filtered out as 96818118 G>C needs C but not covered
4.002 was filtered out as 96818118 G>C needs C but not covered
5.001 was filtered out as 96826970 delT needs N but not covered
6.001 was filtered out as 96824687 C>T needs T but not covered
7.001 was filtered out as 96824642 G>A needs A but not covered
8.001 was filtered out as 96824642 G>C needs C but not covered
9.001 was filtered out as 96818170 T>C needs C but not covered
10.001 was filtered out as 96802646 C>A needs A but not covered
11.001 was filtered out as 96805707 C>A needs A but not covered
12.001 was filtered out as 96796973 delCAA needs N but not covered
13.001 was filtered out as 96818241 A>C needs C but not covered
14.001 was filtered out as 96818198 C>G needs G but not covered
15.001 was filtered out as 96824657 C>T needs T but not covered
16.001 was filtered out as 96802803 A>G needs G but not covered
17.001 was filtered out as 96818180 T>C needs C but not covered
18.001 was filtered out as 96802714 G>A needs A but not covered
[filter] CYP2C8 1.001 => 1.001; 1.002; 1.003; 1.004; 1.005; 1.006; 1.007; 1.008; 1.009; 1.010; 1.011; 1.012; 1.013; 1.014; 1.015; 1.016; 1.017; 1.018
[filter] valid_alleles=18
Step 0: Loss=0.0950, CN=[2.0999167]
Step 100: Loss=0.0410, CN=[2.3424447]
Step 200: Loss=0.0410, CN=[2.341523]
Step 300: Loss=0.0410, CN=[2.3415306]
Step 400: Loss=0.0410, CN=[2.3415303]

=== Fit ===
Region 0: obs=2.497, exp=2.342, diff=+0.156 
Region 1: obs=3.402, exp=2.342, diff=+1.060 *
Region 2: obs=2.454, exp=2.342, diff=+0.112 
Region 3: obs=2.283, exp=2.342, diff=-0.059 
Region 4: obs=2.436, exp=2.342, diff=+0.094 
Region 5: obs=1.917, exp=2.342, diff=-0.424 
Region 6: obs=1.925, exp=2.342, diff=-0.416 
Region 7: obs=2.258, exp=2.342, diff=-0.083 
Region 8: obs=2.751, exp=2.342, diff=+0.410 
Region 9: obs=2.340, exp=2.342, diff=-0.002 
Region 10: obs=2.326, exp=2.342, diff=-0.016 
Region 11: obs=2.279, exp=2.342, diff=-0.062 
Region 12: obs=2.471, exp=2.342, diff=+0.129 
Region 13: obs=2.497, exp=2.342, diff=+0.156 
Region 14: obs=2.510, exp=2.342, diff=+0.169 
Region 15: obs=2.449, exp=2.342, diff=+0.108 
Region 16: obs=1.997, exp=2.342, diff=-0.345 
Region 17: obs=2.034, exp=2.342, diff=-0.307 
Region 18: obs=2.301, exp=2.342, diff=-0.040 
Region 19: obs=2.425, exp=2.342, diff=+0.084 
Region 20: obs=2.180, exp=2.342, diff=-0.162 

[Gene CN Results]
  CYP2C8: 2.34 → 2.3415305614471436
Using device: cuda

CYP2C8*1.001:

CYP2C8*1.002:

CYP2C8*1.003:

CYP2C8*1.004:

CYP2C8*1.005:

CYP2C8*1.006:

CYP2C8*1.007:

CYP2C8*1.008:

CYP2C8*1.009:

CYP2C8*1.010:

CYP2C8*1.011:

CYP2C8*1.012:

CYP2C8*1.013:

CYP2C8*1.014:

CYP2C8*1.015:

CYP2C8*1.016:

CYP2C8*1.017:

CYP2C8*1.018:

=== Running VAE with seed 1024 ===
Global Pooled JS: 0.000000
functional kld weight 0.0
Seed 1024, Step    0: Loss = 256.32 (Recon: 199.93, Allele KL: 26.39, Base KL: 3205.72, Functional KL: 0.00
Global Pooled JS: 0.000000
functional kld weight 27.77777777777777
Seed 1024, Step  500: Loss = 131.17 (Recon: 73.70, Allele KL: 28.79, Base KL: 4281.52, Functional KL: 0.00
Global Pooled JS: 0.000000
functional kld weight 222.22222222222217
Seed 1024, Step 1000: Loss = 124.00 (Recon: 79.47, Allele KL: 15.38, Base KL: 4372.83, Functional KL: 0.00
Global Pooled JS: 0.000000
functional kld weight 750.0
Seed 1024, Step 1500: Loss = 127.37 (Recon: 76.95, Allele KL: 21.41, Base KL: 4350.35, Functional KL: 0.00
Global Pooled JS: 0.000000
functional kld weight 1777.7777777777774
Seed 1024, Step 2000: Loss = 128.03 (Recon: 82.76, Allele KL: 16.23, Base KL: 4203.71, Functional KL: 0.00
Global Pooled JS: 0.000000
functional kld weight 3472.222222222223
Seed 1024, Step 2500: Loss = 127.63 (Recon: 84.15, Allele KL: 14.49, Base KL: 4197.66, Functional KL: 0.00

Top Variants with Coverage Mismatches:
Rank   Variant                        Expected     Observed     Diff       |Div|       
------------------------------------------------------------------------------------------
New best model with final loss: 125.74

=== Multi-Seed VAE Results ===
Best model had seed 1024 with final loss: 125.74
All seeds final losses:
  Seed 1024: Total=125.74 (Recon=77.56, A_KL=19.38, B_KL=4168.36) <- Best

[Raw]:
CYP2C8*1: Normalized=1.0000, Unnormalized=1.00

[Alleles]
CYP2C8*1
CYP2C8*1
	Command being timed: "python cyp.py CYP2C8 /project/shared/aldy-data/wgs/NA07055.wgs.cram 1024"
	User time (seconds): 96.81
	System time (seconds): 21.87
	Percent of CPU this job got: 99%
	Elapsed (wall clock) time (h:mm:ss or m:ss): 1:58.94
	Average shared text size (kbytes): 0
	Average unshared data size (kbytes): 0
	Average stack size (kbytes): 0
	Average total size (kbytes): 0
	Maximum resident set size (kbytes): 1893356
	Average resident set size (kbytes): 0
	Major (requiring I/O) page faults: 0
	Minor (reclaiming a frame) page faults: 592277
	Voluntary context switches: 9972
	Involuntary context switches: 206
	Swaps: 0
	File system inputs: 0
	File system outputs: 24
	Socket messages sent: 0
	Socket messages received: 0
	Signals delivered: 0
	Page size (bytes): 4096
	Exit status: 0
