[info] total indices 441
[info] total variants 441
2.001 was filtered out as 41497273 C>T needs T but not covered
2.002 was filtered out as 41497273 C>T needs T but not covered
3.001 was filtered out as 41515254 C>A needs A but not covered
5.001 was filtered out as 41522714 C>T needs T but not covered
5.002 was filtered out as 41522714 C>T needs T but not covered
5.003 was filtered out as 41522714 C>T needs T but not covered
7.001 was filtered out as 41522714 C>T needs T but not covered
8.001 was filtered out as 41510281 A>G needs G but not covered
10.001 was filtered out as 41497273 C>T needs T but not covered
11.001 was filtered out as 41497345 A>G needs G but not covered
12.001 was filtered out as 41510029 G>A needs A but not covered
13.001 was filtered out as 41510281 A>G needs G but not covered
14.001 was filtered out as 41510285 G>A needs A but not covered
15.001 was filtered out as 41518597 T>A needs A but not covered
17.001 was filtered out as 41497285 A>T needs T but not covered
17.002 was filtered out as 41497285 A>T needs T but not covered
18.001 was filtered out as 41518220 T>C needs C but not covered
18.002 was filtered out as 41518220 T>C needs C but not covered
19.001 was filtered out as 41518243 C>T needs T but not covered
20.001 was filtered out as 41512827 C>T needs T but not covered
21.001 was filtered out as 41518707 C>A needs A but not covered
22.001 was filtered out as 41497128 T>C needs C but not covered
23.001 was filtered out as 41522630 A>G needs G but not covered
24.001 was filtered out as 41522682 G>A needs A but not covered
25.001 was filtered out as 41522709 A>T needs T but not covered
26.001 was filtered out as 41512823 C>G needs G but not covered
27.001 was filtered out as 41512917 T>C needs C but not covered
28.001 was filtered out as 41515992 C>G needs G but not covered
31.001 was filtered out as 41516012 C>A needs A but not covered
32.001 was filtered out as 41518644 G>A needs A but not covered
33.001 was filtered out as 41522714 C>A needs A but not covered
34.001 was filtered out as 41497128 T>C needs C but not covered
35.001 was filtered out as 41497128 T>C needs C but not covered
36.001 was filtered out as 41497128 T>C needs C but not covered
37.001 was filtered out as 41512872 T>G needs G but not covered
38.001 was filtered out as 41509919 T>A needs A but not covered
[filter] CYP2B6 1 => 1.001; 1.002; 1.003; 1.004; 1.005; 1.006; 1.007; 1.008; 1.009; 1.010; 1.011; 1.012; 1.013; 1.014; 1.015
[filter] CYP2B6 4 => 4.001; 4.002
[filter] CYP2B6 6 => 6.001; 6.002; 6.003; 6.004
[filter] CYP2B6 9 => 9.001
[filter] valid_alleles=22
Step 0: Loss=0.0190, CN=[2.0999167]
Step 100: Loss=0.0161, CN=[2.0764122]
Step 200: Loss=0.0161, CN=[2.076296]
Step 300: Loss=0.0161, CN=[2.0762956]
Step 400: Loss=0.0161, CN=[2.0762959]

=== Fit ===
Region 0: obs=2.179, exp=2.076, diff=+0.103 
Region 1: obs=2.017, exp=2.076, diff=-0.060 
Region 2: obs=1.597, exp=2.076, diff=-0.479 
Region 3: obs=2.139, exp=2.076, diff=+0.063 
Region 4: obs=2.140, exp=2.076, diff=+0.064 
Region 5: obs=2.172, exp=2.076, diff=+0.096 
Region 6: obs=2.017, exp=2.076, diff=-0.059 
Region 7: obs=2.159, exp=2.076, diff=+0.083 
Region 8: obs=1.814, exp=2.076, diff=-0.262 
Region 9: obs=1.720, exp=2.076, diff=-0.357 
Region 10: obs=1.946, exp=2.076, diff=-0.130 
Region 11: obs=2.073, exp=2.076, diff=-0.004 
Region 12: obs=2.084, exp=2.076, diff=+0.008 
Region 13: obs=2.351, exp=2.076, diff=+0.275 
Region 14: obs=2.142, exp=2.076, diff=+0.065 
Region 15: obs=2.351, exp=2.076, diff=+0.275 
Region 16: obs=2.113, exp=2.076, diff=+0.037 
Region 17: obs=2.107, exp=2.076, diff=+0.031 
Region 18: obs=2.230, exp=2.076, diff=+0.154 
Region 19: obs=2.177, exp=2.076, diff=+0.101 
Region 20: obs=2.073, exp=2.076, diff=-0.004 

[Gene CN Results]
  CYP2B6: 2.08 → 2.076295852661133
Using device: cuda

CYP2B6*1.001:

CYP2B6*1.002:

CYP2B6*1.003:

CYP2B6*1.004:

CYP2B6*1.005:

CYP2B6*1.006:

CYP2B6*1.007:

CYP2B6*1.008:

CYP2B6*1.009:

CYP2B6*1.010:

CYP2B6*1.011:

CYP2B6*1.012:

CYP2B6*1.013:

CYP2B6*1.014:

CYP2B6*1.015:

CYP2B6*4.001:

CYP2B6*4.002:

CYP2B6*6.001:

CYP2B6*6.002:

CYP2B6*6.003:

CYP2B6*6.004:

CYP2B6*9.001:

=== Running VAE with seed 9999 ===
Global Pooled JS: 0.016638
functional kld weight 0.0
Seed 9999, Step    0: Loss = 593.97 (Recon: 547.33, Allele KL: 17.78, Base KL: 2331.68, Functional KL: 0.02
Global Pooled JS: 0.030170
functional kld weight 27.77777777777777
Seed 9999, Step  500: Loss = 181.69 (Recon: 121.43, Allele KL: 33.14, Base KL: 2636.39, Functional KL: 0.03
Global Pooled JS: 0.010475
functional kld weight 222.22222222222217
Seed 9999, Step 1000: Loss = 192.96 (Recon: 136.84, Allele KL: 27.31, Base KL: 2744.84, Functional KL: 0.01
Global Pooled JS: 0.017839
functional kld weight 750.0
Seed 9999, Step 1500: Loss = 197.27 (Recon: 124.27, Allele KL: 32.79, Base KL: 3118.71, Functional KL: 0.02
Global Pooled JS: 0.008022
functional kld weight 1777.7777777777774
Seed 9999, Step 2000: Loss = 216.45 (Recon: 150.30, Allele KL: 23.76, Base KL: 4028.19, Functional KL: 0.01
Global Pooled JS: 0.007930
functional kld weight 3472.222222222223
Seed 9999, Step 2500: Loss = 237.01 (Recon: 153.70, Allele KL: 26.50, Base KL: 5245.53, Functional KL: 0.01

Top Variants with Coverage Mismatches:
Rank   Variant                        Expected     Observed     Diff       |Div|       
------------------------------------------------------------------------------------------
1      CYP2B6:41515262→A              27.71        30.00        -2.29      0.003845    
2      CYP2B6:41512840→G              27.70        18.00        9.70       0.001908    
3      CYP2B6:41512840→T              13.82        9.00         4.82       0.000938    
4      CYP2B6:41512840→C              0.04         0.00         0.04       0.000149    
5      CYP2B6:41512840→M              0.04         0.00         0.04       0.000148    
6      CYP2B6:41512840→N              0.04         0.00         0.04       0.000146    
7      CYP2B6:41512840→P              0.04         0.00         0.04       0.000146    
8      CYP2B6:41512840→A              0.03         0.00         0.03       0.000145    
9      CYP2B6:41515262→T              0.03         0.00         0.03       0.000144    
10     CYP2B6:41515262→C              0.03         0.00         0.03       0.000143    
11     CYP2B6:41515262→M              0.03         0.00         0.03       0.000142    
12     CYP2B6:41515262→N              0.03         0.00         0.03       0.000140    
13     CYP2B6:41515262→P              0.03         0.00         0.03       0.000140    
14     CYP2B6:41515262→G              13.82        11.00        2.82       0.000012    
New best model with final loss: 248.13

=== Multi-Seed VAE Results ===
Best model had seed 9999 with final loss: 248.13
All seeds final losses:
  Seed 9999: Total=248.13 (Recon=141.32, A_KL=27.17, B_KL=6912.48) <- Best

[Raw]:
CYP2B6*1: Normalized=0.6584, Unnormalized=0.66
CYP2B6*6: Normalized=0.3316, Unnormalized=0.33

[Alleles]
CYP2B6*1
CYP2B6*6
	Command being timed: "python cyp.py CYP2B6 /project/shared/aldy-data/wgs/HG00436.wgs.cram 9999"
	User time (seconds): 54.04
	System time (seconds): 11.52
	Percent of CPU this job got: 98%
	Elapsed (wall clock) time (h:mm:ss or m:ss): 1:06.27
	Average shared text size (kbytes): 0
	Average unshared data size (kbytes): 0
	Average stack size (kbytes): 0
	Average total size (kbytes): 0
	Maximum resident set size (kbytes): 1884376
	Average resident set size (kbytes): 0
	Major (requiring I/O) page faults: 0
	Minor (reclaiming a frame) page faults: 646055
	Voluntary context switches: 10511
	Involuntary context switches: 109
	Swaps: 0
	File system inputs: 0
	File system outputs: 24
	Socket messages sent: 0
	Socket messages received: 0
	Signals delivered: 0
	Page size (bytes): 4096
	Exit status: 0
