[info] total indices 441
[info] total variants 441
2.001 was filtered out as 41497273 C>T needs T but not covered
2.002 was filtered out as 41497273 C>T needs T but not covered
3.001 was filtered out as 41515254 C>A needs A but not covered
5.001 was filtered out as 41522714 C>T needs T but not covered
5.002 was filtered out as 41522714 C>T needs T but not covered
5.003 was filtered out as 41522714 C>T needs T but not covered
7.001 was filtered out as 41522714 C>T needs T but not covered
8.001 was filtered out as 41510281 A>G needs G but not covered
10.001 was filtered out as 41497273 C>T needs T but not covered
11.001 was filtered out as 41497345 A>G needs G but not covered
12.001 was filtered out as 41510029 G>A needs A but not covered
13.001 was filtered out as 41510281 A>G needs G but not covered
14.001 was filtered out as 41510285 G>A needs A but not covered
15.001 was filtered out as 41518597 T>A needs A but not covered
17.001 was filtered out as 41497285 A>T needs T but not covered
17.002 was filtered out as 41497285 A>T needs T but not covered
18.001 was filtered out as 41518220 T>C needs C but not covered
18.002 was filtered out as 41518220 T>C needs C but not covered
19.001 was filtered out as 41518243 C>T needs T but not covered
20.001 was filtered out as 41512827 C>T needs T but not covered
21.001 was filtered out as 41518707 C>A needs A but not covered
22.001 was filtered out as 41497128 T>C needs C but not covered
23.001 was filtered out as 41522630 A>G needs G but not covered
24.001 was filtered out as 41522682 G>A needs A but not covered
25.001 was filtered out as 41522709 A>T needs T but not covered
26.001 was filtered out as 41512823 C>G needs G but not covered
27.001 was filtered out as 41512917 T>C needs C but not covered
28.001 was filtered out as 41515992 C>G needs G but not covered
31.001 was filtered out as 41516012 C>A needs A but not covered
32.001 was filtered out as 41518644 G>A needs A but not covered
33.001 was filtered out as 41522714 C>A needs A but not covered
34.001 was filtered out as 41497128 T>C needs C but not covered
35.001 was filtered out as 41497128 T>C needs C but not covered
36.001 was filtered out as 41497128 T>C needs C but not covered
37.001 was filtered out as 41512872 T>G needs G but not covered
38.001 was filtered out as 41509919 T>A needs A but not covered
[filter] CYP2B6 1 => 1.001; 1.002; 1.003; 1.004; 1.005; 1.006; 1.007; 1.008; 1.009; 1.010; 1.011; 1.012; 1.013; 1.014; 1.015
[filter] CYP2B6 4 => 4.001; 4.002
[filter] CYP2B6 6 => 6.001; 6.002; 6.003; 6.004
[filter] CYP2B6 9 => 9.001
[filter] valid_alleles=22
Step 0: Loss=0.0566, CN=[2.0999167]
Step 100: Loss=0.0344, CN=[2.2172418]
Step 200: Loss=0.0344, CN=[2.2173278]
Step 300: Loss=0.0344, CN=[2.2173228]
Step 400: Loss=0.0344, CN=[2.217323]

=== Fit ===
Region 0: obs=2.514, exp=2.217, diff=+0.297 
Region 1: obs=2.397, exp=2.217, diff=+0.179 
Region 2: obs=2.029, exp=2.217, diff=-0.188 
Region 3: obs=2.451, exp=2.217, diff=+0.233 
Region 4: obs=2.047, exp=2.217, diff=-0.171 
Region 5: obs=1.774, exp=2.217, diff=-0.444 
Region 6: obs=2.417, exp=2.217, diff=+0.200 
Region 7: obs=2.598, exp=2.217, diff=+0.380 
Region 8: obs=2.783, exp=2.217, diff=+0.566 *
Region 9: obs=2.372, exp=2.217, diff=+0.155 
Region 10: obs=2.228, exp=2.217, diff=+0.010 
Region 11: obs=2.097, exp=2.217, diff=-0.120 
Region 12: obs=2.115, exp=2.217, diff=-0.102 
Region 13: obs=2.419, exp=2.217, diff=+0.202 
Region 14: obs=2.132, exp=2.217, diff=-0.085 
Region 15: obs=1.748, exp=2.217, diff=-0.469 
Region 16: obs=1.892, exp=2.217, diff=-0.325 
Region 17: obs=2.163, exp=2.217, diff=-0.054 
Region 18: obs=1.941, exp=2.217, diff=-0.276 
Region 19: obs=2.288, exp=2.217, diff=+0.070 
Region 20: obs=2.225, exp=2.217, diff=+0.008 

[Gene CN Results]
  CYP2B6: 2.22 → 2.217322826385498
Using device: cuda

CYP2B6*1.001:

CYP2B6*1.002:

CYP2B6*1.003:

CYP2B6*1.004:

CYP2B6*1.005:

CYP2B6*1.006:

CYP2B6*1.007:

CYP2B6*1.008:

CYP2B6*1.009:

CYP2B6*1.010:

CYP2B6*1.011:

CYP2B6*1.012:

CYP2B6*1.013:

CYP2B6*1.014:

CYP2B6*1.015:

CYP2B6*4.001:

CYP2B6*4.002:

CYP2B6*6.001:

CYP2B6*6.002:

CYP2B6*6.003:

CYP2B6*6.004:

CYP2B6*9.001:

=== Running VAE with seed 9999 ===
Global Pooled JS: 0.040848
functional kld weight 0.0
Seed 9999, Step    0: Loss = 402.86 (Recon: 351.72, Allele KL: 22.07, Base KL: 2681.54, Functional KL: 0.04
Global Pooled JS: 0.011241
functional kld weight 27.77777777777777
Seed 9999, Step  500: Loss = 167.94 (Recon: 120.66, Allele KL: 19.08, Base KL: 3797.97, Functional KL: 0.01
Global Pooled JS: 0.007690
functional kld weight 222.22222222222217
Seed 9999, Step 1000: Loss = 176.03 (Recon: 126.60, Allele KL: 19.66, Base KL: 3919.72, Functional KL: 0.01
Global Pooled JS: 0.005553
functional kld weight 750.0
Seed 9999, Step 1500: Loss = 179.09 (Recon: 121.18, Allele KL: 25.62, Base KL: 4333.15, Functional KL: 0.01
Global Pooled JS: 0.003377
functional kld weight 1777.7777777777774
Seed 9999, Step 2000: Loss = 191.10 (Recon: 137.76, Allele KL: 17.27, Base KL: 5295.73, Functional KL: 0.00
Global Pooled JS: 0.003690
functional kld weight 3472.222222222223
Seed 9999, Step 2500: Loss = 208.67 (Recon: 140.54, Allele KL: 24.28, Base KL: 6922.18, Functional KL: 0.00

Top Variants with Coverage Mismatches:
Rank   Variant                        Expected     Observed     Diff       |Div|       
------------------------------------------------------------------------------------------
1      CYP2B6:41515262→G              17.97        14.00        3.97       0.000989    
2      CYP2B6:41515262→A              28.45        30.00        -1.55      0.000317    
3      CYP2B6:41515262→T              0.05         0.00         0.05       0.000174    
4      CYP2B6:41515262→C              0.05         0.00         0.05       0.000173    
5      CYP2B6:41515262→M              0.05         0.00         0.05       0.000172    
6      CYP2B6:41515262→N              0.05         0.00         0.05       0.000170    
7      CYP2B6:41515262→P              0.05         0.00         0.05       0.000169    
8      CYP2B6:41512840→C              0.04         0.00         0.04       0.000160    
9      CYP2B6:41512840→M              0.04         0.00         0.04       0.000159    
10     CYP2B6:41512840→N              0.04         0.00         0.04       0.000156    
11     CYP2B6:41512840→P              0.04         0.00         0.04       0.000156    
12     CYP2B6:41512840→A              0.04         0.00         0.04       0.000155    
13     CYP2B6:41512840→G              28.23        28.00        0.23       0.000030    
14     CYP2B6:41512840→T              18.21        18.00        0.21       0.000015    
New best model with final loss: 200.00

=== Multi-Seed VAE Results ===
Best model had seed 9999 with final loss: 200.00
All seeds final losses:
  Seed 9999: Total=200.00 (Recon=130.02, A_KL=21.74, B_KL=9030.78) <- Best

[Raw]:
CYP2B6*1: Normalized=0.5952, Unnormalized=0.60
CYP2B6*6: Normalized=0.3827, Unnormalized=0.38

[Alleles]
CYP2B6*1
CYP2B6*6
	Command being timed: "python cyp.py CYP2B6 /project/shared/aldy-data/wgs/NA19003.wgs.cram 9999"
	User time (seconds): 51.85
	System time (seconds): 11.90
	Percent of CPU this job got: 98%
	Elapsed (wall clock) time (h:mm:ss or m:ss): 1:04.45
	Average shared text size (kbytes): 0
	Average unshared data size (kbytes): 0
	Average stack size (kbytes): 0
	Average total size (kbytes): 0
	Maximum resident set size (kbytes): 1879844
	Average resident set size (kbytes): 0
	Major (requiring I/O) page faults: 0
	Minor (reclaiming a frame) page faults: 552225
	Voluntary context switches: 11831
	Involuntary context switches: 1418
	Swaps: 0
	File system inputs: 0
	File system outputs: 24
	Socket messages sent: 0
	Socket messages received: 0
	Signals delivered: 0
	Page size (bytes): 4096
	Exit status: 0
