[info] total indices 441
[info] total variants 441
2.001 was filtered out as 41497273 C>T needs T but not covered
2.002 was filtered out as 41497273 C>T needs T but not covered
3.001 was filtered out as 41515254 C>A needs A but not covered
5.001 was filtered out as 41522714 C>T needs T but not covered
5.002 was filtered out as 41522714 C>T needs T but not covered
5.003 was filtered out as 41522714 C>T needs T but not covered
7.001 was filtered out as 41522714 C>T needs T but not covered
8.001 was filtered out as 41510281 A>G needs G but not covered
10.001 was filtered out as 41497273 C>T needs T but not covered
11.001 was filtered out as 41497345 A>G needs G but not covered
12.001 was filtered out as 41510029 G>A needs A but not covered
13.001 was filtered out as 41510281 A>G needs G but not covered
14.001 was filtered out as 41510285 G>A needs A but not covered
15.001 was filtered out as 41518597 T>A needs A but not covered
17.001 was filtered out as 41497285 A>T needs T but not covered
17.002 was filtered out as 41497285 A>T needs T but not covered
18.001 was filtered out as 41518220 T>C needs C but not covered
18.002 was filtered out as 41518220 T>C needs C but not covered
19.001 was filtered out as 41518243 C>T needs T but not covered
20.001 was filtered out as 41512827 C>T needs T but not covered
21.001 was filtered out as 41518707 C>A needs A but not covered
22.001 was filtered out as 41497128 T>C needs C but not covered
23.001 was filtered out as 41522630 A>G needs G but not covered
24.001 was filtered out as 41522682 G>A needs A but not covered
25.001 was filtered out as 41522709 A>T needs T but not covered
26.001 was filtered out as 41512823 C>G needs G but not covered
27.001 was filtered out as 41512917 T>C needs C but not covered
28.001 was filtered out as 41515992 C>G needs G but not covered
31.001 was filtered out as 41516012 C>A needs A but not covered
32.001 was filtered out as 41518644 G>A needs A but not covered
33.001 was filtered out as 41522714 C>A needs A but not covered
34.001 was filtered out as 41497128 T>C needs C but not covered
35.001 was filtered out as 41497128 T>C needs C but not covered
36.001 was filtered out as 41497128 T>C needs C but not covered
37.001 was filtered out as 41512872 T>G needs G but not covered
38.001 was filtered out as 41509919 T>A needs A but not covered
[filter] CYP2B6 1 => 1.001; 1.002; 1.003; 1.004; 1.005; 1.006; 1.007; 1.008; 1.009; 1.010; 1.011; 1.012; 1.013; 1.014; 1.015
[filter] CYP2B6 4 => 4.001; 4.002
[filter] CYP2B6 6 => 6.001; 6.002; 6.003; 6.004
[filter] CYP2B6 9 => 9.001
[filter] valid_alleles=22
Step 0: Loss=0.1990, CN=[2.0999167]
Step 100: Loss=0.0310, CN=[2.6304708]
Step 200: Loss=0.0310, CN=[2.6309893]
Step 300: Loss=0.0310, CN=[2.6309893]
Step 400: Loss=0.0310, CN=[2.630989]

=== Fit ===
Region 0: obs=2.708, exp=2.631, diff=+0.077 
Region 1: obs=2.404, exp=2.631, diff=-0.227 
Region 2: obs=2.629, exp=2.631, diff=-0.002 
Region 3: obs=2.580, exp=2.631, diff=-0.051 
Region 4: obs=2.643, exp=2.631, diff=+0.012 
Region 5: obs=2.763, exp=2.631, diff=+0.132 
Region 6: obs=2.889, exp=2.631, diff=+0.258 
Region 7: obs=2.575, exp=2.631, diff=-0.056 
Region 8: obs=2.663, exp=2.631, diff=+0.032 
Region 9: obs=2.845, exp=2.631, diff=+0.214 
Region 10: obs=3.266, exp=2.631, diff=+0.635 *
Region 11: obs=3.226, exp=2.631, diff=+0.595 *
Region 12: obs=2.295, exp=2.631, diff=-0.336 
Region 13: obs=2.603, exp=2.631, diff=-0.028 
Region 14: obs=2.281, exp=2.631, diff=-0.350 
Region 15: obs=2.491, exp=2.631, diff=-0.140 
Region 16: obs=2.336, exp=2.631, diff=-0.295 
Region 17: obs=2.650, exp=2.631, diff=+0.019 
Region 18: obs=2.613, exp=2.631, diff=-0.018 
Region 19: obs=2.552, exp=2.631, diff=-0.079 
Region 20: obs=2.467, exp=2.631, diff=-0.164 

[Gene CN Results]
  CYP2B6: 2.63 → 2.6309893131256104
Using device: cuda

CYP2B6*1.001:

CYP2B6*1.002:

CYP2B6*1.003:

CYP2B6*1.004:

CYP2B6*1.005:

CYP2B6*1.006:

CYP2B6*1.007:

CYP2B6*1.008:

CYP2B6*1.009:

CYP2B6*1.010:

CYP2B6*1.011:

CYP2B6*1.012:

CYP2B6*1.013:

CYP2B6*1.014:

CYP2B6*1.015:

CYP2B6*4.001:

CYP2B6*4.002:

CYP2B6*6.001:

CYP2B6*6.002:

CYP2B6*6.003:

CYP2B6*6.004:

CYP2B6*9.001:

=== Running VAE with seed 456 ===
Global Pooled JS: 0.179208
functional kld weight 0.0
Seed 456, Step    0: Loss = 1157.69 (Recon: 1094.81, Allele KL: 34.05, Base KL: 5451.03, Functional KL: 0.18
Global Pooled JS: 0.008643
functional kld weight 27.77777777777777
Seed 456, Step  500: Loss = 248.69 (Recon: 192.55, Allele KL: 28.94, Base KL: 2287.06, Functional KL: 0.01
Global Pooled JS: 0.007147
functional kld weight 222.22222222222217
Seed 456, Step 1000: Loss = 238.66 (Recon: 180.47, Allele KL: 29.55, Base KL: 2473.84, Functional KL: 0.01
Global Pooled JS: 0.006387
functional kld weight 750.0
Seed 456, Step 1500: Loss = 237.91 (Recon: 171.26, Allele KL: 34.46, Base KL: 3049.86, Functional KL: 0.01
Global Pooled JS: 0.005130
functional kld weight 1777.7777777777774
Seed 456, Step 2000: Loss = 244.38 (Recon: 173.34, Allele KL: 32.95, Base KL: 4544.63, Functional KL: 0.01
Global Pooled JS: 0.003548
functional kld weight 3472.222222222223
Seed 456, Step 2500: Loss = 250.56 (Recon: 176.93, Allele KL: 30.29, Base KL: 6594.35, Functional KL: 0.00

Top Variants with Coverage Mismatches:
Rank   Variant                        Expected     Observed     Diff       |Div|       
------------------------------------------------------------------------------------------
1      CYP2B6:41515262→G              25.37        22.00        3.37       0.001150    
2      CYP2B6:41512840→G              23.39        29.00        -5.61      0.001148    
3      CYP2B6:41515262→T              0.06         0.00         0.06       0.000258    
4      CYP2B6:41515262→P              0.06         0.00         0.06       0.000253    
5      CYP2B6:41515262→C              0.06         0.00         0.06       0.000251    
6      CYP2B6:41515262→N              0.06         0.00         0.06       0.000250    
7      CYP2B6:41515262→M              0.06         0.00         0.06       0.000247    
8      CYP2B6:41512840→A              0.04         0.00         0.04       0.000153    
9      CYP2B6:41512840→C              0.04         0.00         0.04       0.000153    
10     CYP2B6:41512840→N              0.04         0.00         0.04       0.000152    
11     CYP2B6:41512840→M              0.04         0.00         0.04       0.000151    
12     CYP2B6:41512840→P              0.04         0.00         0.04       0.000149    
13     CYP2B6:41515262→A              16.57        18.00        -1.43      0.000045    
14     CYP2B6:41512840→T              18.68        19.00        -0.32      0.000015    
New best model with final loss: 266.89

=== Multi-Seed VAE Results ===
Best model had seed 456 with final loss: 266.89
All seeds final losses:
  Seed 456: Total=266.89 (Recon=178.01, A_KL=34.43, B_KL=9319.68) <- Best

[Raw]:
CYP2B6*6: Normalized=0.4444, Unnormalized=0.44
CYP2B6*1: Normalized=0.3873, Unnormalized=0.39
CYP2B6*4: Normalized=0.1652, Unnormalized=0.17

[Alleles]
CYP2B6*6
CYP2B6*1
	Command being timed: "python cyp.py CYP2B6 /project/shared/aldy-data/wgs/NA12873.wgs.cram 456"
	User time (seconds): 53.32
	System time (seconds): 11.34
	Percent of CPU this job got: 98%
	Elapsed (wall clock) time (h:mm:ss or m:ss): 1:05.79
	Average shared text size (kbytes): 0
	Average unshared data size (kbytes): 0
	Average stack size (kbytes): 0
	Average total size (kbytes): 0
	Maximum resident set size (kbytes): 1862988
	Average resident set size (kbytes): 0
	Major (requiring I/O) page faults: 0
	Minor (reclaiming a frame) page faults: 583561
	Voluntary context switches: 10271
	Involuntary context switches: 1331
	Swaps: 0
	File system inputs: 0
	File system outputs: 24
	Socket messages sent: 0
	Socket messages received: 0
	Signals delivered: 0
	Page size (bytes): 4096
	Exit status: 0
