[info] total indices 224
[info] total variants 224
2.001 was filtered out as 96818105 T>A needs A but not covered
2.002 was filtered out as 96818105 T>A needs A but not covered
3.001 was filtered out as 96827029 C>T needs T but not covered
3.002 was filtered out as 96827029 C>T needs T but not covered
5.001 was filtered out as 96826970 delT needs N but not covered
6.001 was filtered out as 96824687 C>T needs T but not covered
7.001 was filtered out as 96824642 G>A needs A but not covered
8.001 was filtered out as 96824642 G>C needs C but not covered
9.001 was filtered out as 96818170 T>C needs C but not covered
10.001 was filtered out as 96802646 C>A needs A but not covered
11.001 was filtered out as 96805707 C>A needs A but not covered
12.001 was filtered out as 96796973 delCAA needs N but not covered
13.001 was filtered out as 96818241 A>C needs C but not covered
14.001 was filtered out as 96818198 C>G needs G but not covered
15.001 was filtered out as 96824657 C>T needs T but not covered
16.001 was filtered out as 96802803 A>G needs G but not covered
17.001 was filtered out as 96818180 T>C needs C but not covered
18.001 was filtered out as 96802714 G>A needs A but not covered
[filter] CYP2C8 1.001 => 1.001; 1.002; 1.003; 1.004; 1.005; 1.006; 1.007; 1.008; 1.009; 1.010; 1.011; 1.012; 1.013; 1.014; 1.015; 1.016; 1.017; 1.018
[filter] CYP2C8 4.001 => 4.001; 4.002
[filter] valid_alleles=20
Step 0: Loss=0.1667, CN=[2.0999167]
Step 100: Loss=0.0224, CN=[2.5710192]
Step 200: Loss=0.0223, CN=[2.5719934]
Step 300: Loss=0.0223, CN=[2.5719879]
Step 400: Loss=0.0223, CN=[2.571988]

=== Fit ===
Region 0: obs=2.777, exp=2.572, diff=+0.205 
Region 1: obs=2.428, exp=2.572, diff=-0.144 
Region 2: obs=2.615, exp=2.572, diff=+0.043 
Region 3: obs=2.352, exp=2.572, diff=-0.220 
Region 4: obs=2.521, exp=2.572, diff=-0.051 
Region 5: obs=2.842, exp=2.572, diff=+0.270 
Region 6: obs=2.550, exp=2.572, diff=-0.022 
Region 7: obs=2.892, exp=2.572, diff=+0.320 
Region 8: obs=2.853, exp=2.572, diff=+0.281 
Region 9: obs=2.481, exp=2.572, diff=-0.091 
Region 10: obs=2.873, exp=2.572, diff=+0.301 
Region 11: obs=2.573, exp=2.572, diff=+0.001 
Region 12: obs=2.335, exp=2.572, diff=-0.237 
Region 13: obs=2.639, exp=2.572, diff=+0.067 
Region 14: obs=2.329, exp=2.572, diff=-0.243 
Region 15: obs=2.420, exp=2.572, diff=-0.152 
Region 16: obs=2.436, exp=2.572, diff=-0.136 
Region 17: obs=2.117, exp=2.572, diff=-0.455 
Region 18: obs=2.514, exp=2.572, diff=-0.058 
Region 19: obs=2.580, exp=2.572, diff=+0.008 
Region 20: obs=2.884, exp=2.572, diff=+0.312 

[Gene CN Results]
  CYP2C8: 2.57 → 2.571988105773926
Using device: cuda

CYP2C8*1.001:

CYP2C8*1.002:

CYP2C8*1.003:

CYP2C8*1.004:

CYP2C8*1.005:

CYP2C8*1.006:

CYP2C8*1.007:

CYP2C8*1.008:

CYP2C8*1.009:

CYP2C8*1.010:

CYP2C8*1.011:

CYP2C8*1.012:

CYP2C8*1.013:

CYP2C8*1.014:

CYP2C8*1.015:

CYP2C8*1.016:

CYP2C8*1.017:

CYP2C8*1.018:

CYP2C8*4.001:

CYP2C8*4.002:

=== Running VAE with seed 123 ===
Global Pooled JS: 0.164864
functional kld weight 0.0
Seed 123, Step    0: Loss = 295.35 (Recon: 244.60, Allele KL: 21.72, Base KL: 3048.21, Functional KL: 0.16
Global Pooled JS: 0.018274
functional kld weight 27.77777777777777
Seed 123, Step  500: Loss = 140.32 (Recon: 91.10, Allele KL: 21.19, Base KL: 3919.36, Functional KL: 0.02
Global Pooled JS: 0.004765
functional kld weight 222.22222222222217
Seed 123, Step 1000: Loss = 146.37 (Recon: 86.91, Allele KL: 30.82, Base KL: 4156.87, Functional KL: 0.00
Global Pooled JS: 0.007175
functional kld weight 750.0
Seed 123, Step 1500: Loss = 152.23 (Recon: 92.98, Allele KL: 25.40, Base KL: 5087.30, Functional KL: 0.01
Global Pooled JS: 0.002474
functional kld weight 1777.7777777777774
Seed 123, Step 2000: Loss = 150.69 (Recon: 92.85, Allele KL: 23.35, Base KL: 6443.83, Functional KL: 0.00
Global Pooled JS: 0.001308
functional kld weight 3472.222222222223
Seed 123, Step 2500: Loss = 152.41 (Recon: 89.59, Allele KL: 26.71, Base KL: 8069.27, Functional KL: 0.00

Top Variants with Coverage Mismatches:
Rank   Variant                        Expected     Observed     Diff       |Div|       
------------------------------------------------------------------------------------------
1      CYP2C8:96818118→G              20.09        26.00        -5.91      0.000287    
2      CYP2C8:96818118→A              0.03         0.00         0.03       0.000210    
3      CYP2C8:96818118→N              0.03         0.00         0.03       0.000208    
4      CYP2C8:96818118→P              0.03         0.00         0.03       0.000207    
5      CYP2C8:96818118→T              0.03         0.00         0.03       0.000205    
6      CYP2C8:96818118→M              0.03         0.00         0.03       0.000204    
7      CYP2C8:96818118→C              28.83        33.00        -4.17      0.000174    
New best model with final loss: 161.11

=== Multi-Seed VAE Results ===
Best model had seed 123 with final loss: 161.11
All seeds final losses:
  Seed 123: Total=161.11 (Recon=92.91, A_KL=25.25, B_KL=9490.18) <- Best

[Raw]:
CYP2C8*4: Normalized=0.5914, Unnormalized=0.59
CYP2C8*1: Normalized=0.4086, Unnormalized=0.41

[Alleles]
CYP2C8*4
CYP2C8*1
	Command being timed: "python cyp.py CYP2C8 /project/shared/aldy-data/wgs/NA07357.wgs.cram 123"
	User time (seconds): 97.67
	System time (seconds): 20.17
	Percent of CPU this job got: 99%
	Elapsed (wall clock) time (h:mm:ss or m:ss): 1:58.11
	Average shared text size (kbytes): 0
	Average unshared data size (kbytes): 0
	Average stack size (kbytes): 0
	Average total size (kbytes): 0
	Maximum resident set size (kbytes): 1896936
	Average resident set size (kbytes): 0
	Major (requiring I/O) page faults: 0
	Minor (reclaiming a frame) page faults: 517945
	Voluntary context switches: 9934
	Involuntary context switches: 214
	Swaps: 0
	File system inputs: 0
	File system outputs: 24
	Socket messages sent: 0
	Socket messages received: 0
	Signals delivered: 0
	Page size (bytes): 4096
	Exit status: 0
