[info] total indices 224
[info] total variants 224
2.001 was filtered out as 96818105 T>A needs A but not covered
2.002 was filtered out as 96818105 T>A needs A but not covered
3.001 was filtered out as 96827029 C>T needs T but not covered
3.002 was filtered out as 96827029 C>T needs T but not covered
5.001 was filtered out as 96826970 delT needs N but not covered
6.001 was filtered out as 96824687 C>T needs T but not covered
7.001 was filtered out as 96824642 G>A needs A but not covered
8.001 was filtered out as 96824642 G>C needs C but not covered
9.001 was filtered out as 96818170 T>C needs C but not covered
10.001 was filtered out as 96802646 C>A needs A but not covered
11.001 was filtered out as 96805707 C>A needs A but not covered
12.001 was filtered out as 96796973 delCAA needs N but not covered
13.001 was filtered out as 96818241 A>C needs C but not covered
14.001 was filtered out as 96818198 C>G needs G but not covered
15.001 was filtered out as 96824657 C>T needs T but not covered
16.001 was filtered out as 96802803 A>G needs G but not covered
17.001 was filtered out as 96818180 T>C needs C but not covered
18.001 was filtered out as 96802714 G>A needs A but not covered
[filter] CYP2C8 1.001 => 1.001; 1.002; 1.003; 1.004; 1.005; 1.006; 1.007; 1.008; 1.009; 1.010; 1.011; 1.012; 1.013; 1.014; 1.015; 1.016; 1.017; 1.018
[filter] CYP2C8 4.001 => 4.001; 4.002
[filter] valid_alleles=20
Step 0: Loss=0.1937, CN=[2.0999167]
Step 100: Loss=0.0428, CN=[2.6187558]
Step 200: Loss=0.0428, CN=[2.620452]
Step 300: Loss=0.0428, CN=[2.620465]
Step 400: Loss=0.0428, CN=[2.620465]

=== Fit ===
Region 0: obs=2.702, exp=2.620, diff=+0.081 
Region 1: obs=2.507, exp=2.620, diff=-0.113 
Region 2: obs=2.870, exp=2.620, diff=+0.249 
Region 3: obs=2.384, exp=2.620, diff=-0.236 
Region 4: obs=2.719, exp=2.620, diff=+0.099 
Region 5: obs=2.561, exp=2.620, diff=-0.059 
Region 6: obs=3.107, exp=2.620, diff=+0.487 
Region 7: obs=2.997, exp=2.620, diff=+0.377 
Region 8: obs=2.095, exp=2.620, diff=-0.526 *
Region 9: obs=2.431, exp=2.620, diff=-0.190 
Region 10: obs=2.592, exp=2.620, diff=-0.029 
Region 11: obs=2.679, exp=2.620, diff=+0.059 
Region 12: obs=2.721, exp=2.620, diff=+0.100 
Region 13: obs=2.713, exp=2.620, diff=+0.093 
Region 14: obs=1.783, exp=2.620, diff=-0.838 *
Region 15: obs=2.679, exp=2.620, diff=+0.058 
Region 16: obs=2.403, exp=2.620, diff=-0.217 
Region 17: obs=2.603, exp=2.620, diff=-0.017 
Region 18: obs=2.527, exp=2.620, diff=-0.093 
Region 19: obs=3.133, exp=2.620, diff=+0.513 *
Region 20: obs=2.472, exp=2.620, diff=-0.148 

[Gene CN Results]
  CYP2C8: 2.62 → 2.6204652786254883
Using device: cuda

CYP2C8*1.001:

CYP2C8*1.002:

CYP2C8*1.003:

CYP2C8*1.004:

CYP2C8*1.005:

CYP2C8*1.006:

CYP2C8*1.007:

CYP2C8*1.008:

CYP2C8*1.009:

CYP2C8*1.010:

CYP2C8*1.011:

CYP2C8*1.012:

CYP2C8*1.013:

CYP2C8*1.014:

CYP2C8*1.015:

CYP2C8*1.016:

CYP2C8*1.017:

CYP2C8*1.018:

CYP2C8*4.001:

CYP2C8*4.002:

=== Running VAE with seed 123 ===
Global Pooled JS: 0.096196
functional kld weight 0.0
Seed 123, Step    0: Loss = 229.61 (Recon: 181.50, Allele KL: 19.26, Base KL: 2921.68, Functional KL: 0.10
Global Pooled JS: 0.009949
functional kld weight 27.77777777777777
Seed 123, Step  500: Loss = 143.84 (Recon: 99.17, Allele KL: 16.64, Base KL: 3561.97, Functional KL: 0.01
Global Pooled JS: 0.004483
functional kld weight 222.22222222222217
Seed 123, Step 1000: Loss = 149.44 (Recon: 102.21, Allele KL: 18.08, Base KL: 3607.20, Functional KL: 0.00
Global Pooled JS: 0.004147
functional kld weight 750.0
Seed 123, Step 1500: Loss = 150.70 (Recon: 105.31, Allele KL: 13.94, Base KL: 4174.99, Functional KL: 0.00
Global Pooled JS: 0.003476
functional kld weight 1777.7777777777774
Seed 123, Step 2000: Loss = 157.63 (Recon: 98.77, Allele KL: 23.27, Base KL: 5267.16, Functional KL: 0.00
Global Pooled JS: 0.001469
functional kld weight 3472.222222222223
Seed 123, Step 2500: Loss = 158.53 (Recon: 103.49, Allele KL: 18.74, Base KL: 6579.33, Functional KL: 0.00

Top Variants with Coverage Mismatches:
Rank   Variant                        Expected     Observed     Diff       |Div|       
------------------------------------------------------------------------------------------
1      CYP2C8:96818118→C              24.43        19.00        5.43       0.000548    
2      CYP2C8:96818118→G              30.02        28.00        2.02       0.000461    
3      CYP2C8:96818118→A              0.03         0.00         0.03       0.000196    
4      CYP2C8:96818118→N              0.03         0.00         0.03       0.000194    
5      CYP2C8:96818118→P              0.03         0.00         0.03       0.000193    
6      CYP2C8:96818118→T              0.03         0.00         0.03       0.000191    
7      CYP2C8:96818118→M              0.03         0.00         0.03       0.000189    
New best model with final loss: 166.08

=== Multi-Seed VAE Results ===
Best model had seed 123 with final loss: 166.08
All seeds final losses:
  Seed 123: Total=166.08 (Recon=101.79, A_KL=21.05, B_KL=8283.25) <- Best

[Raw]:
CYP2C8*1: Normalized=0.5490, Unnormalized=0.55
CYP2C8*4: Normalized=0.4510, Unnormalized=0.45

[Alleles]
CYP2C8*1
CYP2C8*4
	Command being timed: "python cyp.py CYP2C8 /project/shared/aldy-data/wgs/NA07348.wgs.cram 123"
	User time (seconds): 97.69
	System time (seconds): 20.90
	Percent of CPU this job got: 99%
	Elapsed (wall clock) time (h:mm:ss or m:ss): 1:58.88
	Average shared text size (kbytes): 0
	Average unshared data size (kbytes): 0
	Average stack size (kbytes): 0
	Average total size (kbytes): 0
	Maximum resident set size (kbytes): 1895884
	Average resident set size (kbytes): 0
	Major (requiring I/O) page faults: 0
	Minor (reclaiming a frame) page faults: 682538
	Voluntary context switches: 10435
	Involuntary context switches: 829
	Swaps: 0
	File system inputs: 0
	File system outputs: 24
	Socket messages sent: 0
	Socket messages received: 0
	Signals delivered: 0
	Page size (bytes): 4096
	Exit status: 0
