[info] total indices 224
[info] total variants 224
2.001 was filtered out as 96818105 T>A needs A but not covered
2.002 was filtered out as 96818105 T>A needs A but not covered
3.001 was filtered out as 96827029 C>T needs T but not covered
3.002 was filtered out as 96827029 C>T needs T but not covered
4.001 was filtered out as 96818118 G>C needs C but not covered
4.002 was filtered out as 96818118 G>C needs C but not covered
5.001 was filtered out as 96826970 delT needs N but not covered
6.001 was filtered out as 96824687 C>T needs T but not covered
7.001 was filtered out as 96824642 G>A needs A but not covered
8.001 was filtered out as 96824642 G>C needs C but not covered
9.001 was filtered out as 96818170 T>C needs C but not covered
10.001 was filtered out as 96802646 C>A needs A but not covered
11.001 was filtered out as 96805707 C>A needs A but not covered
12.001 was filtered out as 96796973 delCAA needs N but not covered
13.001 was filtered out as 96818241 A>C needs C but not covered
14.001 was filtered out as 96818198 C>G needs G but not covered
15.001 was filtered out as 96824657 C>T needs T but not covered
16.001 was filtered out as 96802803 A>G needs G but not covered
17.001 was filtered out as 96818180 T>C needs C but not covered
18.001 was filtered out as 96802714 G>A needs A but not covered
[filter] CYP2C8 1.001 => 1.001; 1.002; 1.003; 1.004; 1.005; 1.006; 1.007; 1.008; 1.009; 1.010; 1.011; 1.012; 1.013; 1.014; 1.015; 1.016; 1.017; 1.018
[filter] valid_alleles=18
Step 0: Loss=0.0958, CN=[2.0999167]
Step 100: Loss=0.0195, CN=[2.3949547]
Step 200: Loss=0.0195, CN=[2.3957157]
Step 300: Loss=0.0195, CN=[2.3957226]
Step 400: Loss=0.0195, CN=[2.3957226]

=== Fit ===
Region 0: obs=2.349, exp=2.396, diff=-0.046 
Region 1: obs=2.307, exp=2.396, diff=-0.089 
Region 2: obs=2.502, exp=2.396, diff=+0.107 
Region 3: obs=2.546, exp=2.396, diff=+0.150 
Region 4: obs=2.149, exp=2.396, diff=-0.247 
Region 5: obs=2.099, exp=2.396, diff=-0.297 
Region 6: obs=2.202, exp=2.396, diff=-0.194 
Region 7: obs=2.697, exp=2.396, diff=+0.302 
Region 8: obs=2.280, exp=2.396, diff=-0.116 
Region 9: obs=2.296, exp=2.396, diff=-0.100 
Region 10: obs=1.991, exp=2.396, diff=-0.405 
Region 11: obs=2.483, exp=2.396, diff=+0.087 
Region 12: obs=2.600, exp=2.396, diff=+0.205 
Region 13: obs=2.579, exp=2.396, diff=+0.183 
Region 14: obs=2.567, exp=2.396, diff=+0.171 
Region 15: obs=2.601, exp=2.396, diff=+0.205 
Region 16: obs=2.256, exp=2.396, diff=-0.140 
Region 17: obs=2.541, exp=2.396, diff=+0.145 
Region 18: obs=2.151, exp=2.396, diff=-0.245 
Region 19: obs=2.607, exp=2.396, diff=+0.211 
Region 20: obs=2.509, exp=2.396, diff=+0.113 

[Gene CN Results]
  CYP2C8: 2.40 → 2.3957226276397705
Using device: cuda

CYP2C8*1.001:

CYP2C8*1.002:

CYP2C8*1.003:

CYP2C8*1.004:

CYP2C8*1.005:

CYP2C8*1.006:

CYP2C8*1.007:

CYP2C8*1.008:

CYP2C8*1.009:

CYP2C8*1.010:

CYP2C8*1.011:

CYP2C8*1.012:

CYP2C8*1.013:

CYP2C8*1.014:

CYP2C8*1.015:

CYP2C8*1.016:

CYP2C8*1.017:

CYP2C8*1.018:

=== Running VAE with seed 123 ===
Global Pooled JS: 0.000000
functional kld weight 0.0
Seed 123, Step    0: Loss = 193.95 (Recon: 152.83, Allele KL: 12.79, Base KL: 1285.58, Functional KL: 0.00
Global Pooled JS: 0.000000
functional kld weight 27.77777777777777
Seed 123, Step  500: Loss = 125.25 (Recon: 74.62, Allele KL: 23.03, Base KL: 3277.50, Functional KL: 0.00
Global Pooled JS: 0.000000
functional kld weight 222.22222222222217
Seed 123, Step 1000: Loss = 122.61 (Recon: 78.21, Allele KL: 16.13, Base KL: 3218.03, Functional KL: 0.00
Global Pooled JS: 0.000000
functional kld weight 750.0
Seed 123, Step 1500: Loss = 127.42 (Recon: 83.64, Allele KL: 15.28, Base KL: 3340.61, Functional KL: 0.00
Global Pooled JS: 0.000000
functional kld weight 1777.7777777777774
Seed 123, Step 2000: Loss = 123.14 (Recon: 73.63, Allele KL: 21.44, Base KL: 3333.45, Functional KL: 0.00
Global Pooled JS: 0.000000
functional kld weight 3472.222222222223
Seed 123, Step 2500: Loss = 123.39 (Recon: 72.87, Allele KL: 22.58, Base KL: 3272.77, Functional KL: 0.00

Top Variants with Coverage Mismatches:
Rank   Variant                        Expected     Observed     Diff       |Div|       
------------------------------------------------------------------------------------------
New best model with final loss: 127.31

=== Multi-Seed VAE Results ===
Best model had seed 123 with final loss: 127.31
All seeds final losses:
  Seed 123: Total=127.31 (Recon=83.40, A_KL=15.14, B_KL=3303.40) <- Best

[Raw]:
CYP2C8*1: Normalized=1.0000, Unnormalized=1.00

[Alleles]
CYP2C8*1
CYP2C8*1
	Command being timed: "python cyp.py CYP2C8 /project/shared/aldy-data/wgs/NA18868.wgs.cram 123"
	User time (seconds): 96.73
	System time (seconds): 20.34
	Percent of CPU this job got: 99%
	Elapsed (wall clock) time (h:mm:ss or m:ss): 1:57.38
	Average shared text size (kbytes): 0
	Average unshared data size (kbytes): 0
	Average stack size (kbytes): 0
	Average total size (kbytes): 0
	Maximum resident set size (kbytes): 1887108
	Average resident set size (kbytes): 0
	Major (requiring I/O) page faults: 0
	Minor (reclaiming a frame) page faults: 680738
	Voluntary context switches: 10009
	Involuntary context switches: 233
	Swaps: 0
	File system inputs: 0
	File system outputs: 24
	Socket messages sent: 0
	Socket messages received: 0
	Signals delivered: 0
	Page size (bytes): 4096
	Exit status: 0
