[info] total indices 224
[info] total variants 224
2.001 was filtered out as 96818105 T>A needs A but not covered
2.002 was filtered out as 96818105 T>A needs A but not covered
3.001 was filtered out as 96827029 C>T needs T but not covered
3.002 was filtered out as 96827029 C>T needs T but not covered
4.001 was filtered out as 96818118 G>C needs C but not covered
4.002 was filtered out as 96818118 G>C needs C but not covered
5.001 was filtered out as 96826970 delT needs N but not covered
6.001 was filtered out as 96824687 C>T needs T but not covered
7.001 was filtered out as 96824642 G>A needs A but not covered
8.001 was filtered out as 96824642 G>C needs C but not covered
9.001 was filtered out as 96818170 T>C needs C but not covered
10.001 was filtered out as 96802646 C>A needs A but not covered
11.001 was filtered out as 96805707 C>A needs A but not covered
12.001 was filtered out as 96796973 delCAA needs N but not covered
13.001 was filtered out as 96818241 A>C needs C but not covered
14.001 was filtered out as 96818198 C>G needs G but not covered
15.001 was filtered out as 96824657 C>T needs T but not covered
16.001 was filtered out as 96802803 A>G needs G but not covered
17.001 was filtered out as 96818180 T>C needs C but not covered
18.001 was filtered out as 96802714 G>A needs A but not covered
[filter] CYP2C8 1.001 => 1.001; 1.002; 1.003; 1.004; 1.005; 1.006; 1.007; 1.008; 1.009; 1.010; 1.011; 1.012; 1.013; 1.014; 1.015; 1.016; 1.017; 1.018
[filter] valid_alleles=18
Step 0: Loss=0.1947, CN=[2.0999167]
Step 100: Loss=0.0369, CN=[2.6172357]
Step 200: Loss=0.0369, CN=[2.6191998]
Step 300: Loss=0.0369, CN=[2.6192145]
Step 400: Loss=0.0369, CN=[2.6192145]

=== Fit ===
Region 0: obs=2.693, exp=2.619, diff=+0.074 
Region 1: obs=2.169, exp=2.619, diff=-0.451 
Region 2: obs=2.583, exp=2.619, diff=-0.036 
Region 3: obs=2.500, exp=2.619, diff=-0.119 
Region 4: obs=2.784, exp=2.619, diff=+0.165 
Region 5: obs=2.425, exp=2.619, diff=-0.194 
Region 6: obs=2.509, exp=2.619, diff=-0.110 
Region 7: obs=2.676, exp=2.619, diff=+0.057 
Region 8: obs=2.808, exp=2.619, diff=+0.189 
Region 9: obs=2.689, exp=2.619, diff=+0.070 
Region 10: obs=2.692, exp=2.619, diff=+0.073 
Region 11: obs=2.822, exp=2.619, diff=+0.203 
Region 12: obs=1.876, exp=2.619, diff=-0.743 *
Region 13: obs=2.709, exp=2.619, diff=+0.090 
Region 14: obs=2.200, exp=2.619, diff=-0.419 
Region 15: obs=2.625, exp=2.619, diff=+0.006 
Region 16: obs=2.584, exp=2.619, diff=-0.035 
Region 17: obs=2.551, exp=2.619, diff=-0.069 
Region 18: obs=2.983, exp=2.619, diff=+0.364 
Region 19: obs=3.194, exp=2.619, diff=+0.575 *
Region 20: obs=2.762, exp=2.619, diff=+0.143 

[Gene CN Results]
  CYP2C8: 2.62 → 2.6192145347595215
Using device: cuda

CYP2C8*1.001:

CYP2C8*1.002:

CYP2C8*1.003:

CYP2C8*1.004:

CYP2C8*1.005:

CYP2C8*1.006:

CYP2C8*1.007:

CYP2C8*1.008:

CYP2C8*1.009:

CYP2C8*1.010:

CYP2C8*1.011:

CYP2C8*1.012:

CYP2C8*1.013:

CYP2C8*1.014:

CYP2C8*1.015:

CYP2C8*1.016:

CYP2C8*1.017:

CYP2C8*1.018:

=== Running VAE with seed 123 ===
Global Pooled JS: 0.000000
functional kld weight 0.0
Seed 123, Step    0: Loss = 276.99 (Recon: 231.40, Allele KL: 16.17, Base KL: 1541.44, Functional KL: 0.00
Global Pooled JS: 0.000000
functional kld weight 27.77777777777777
Seed 123, Step  500: Loss = 118.84 (Recon: 67.23, Allele KL: 23.25, Base KL: 5044.54, Functional KL: 0.00
Global Pooled JS: 0.000000
functional kld weight 222.22222222222217
Seed 123, Step 1000: Loss = 112.90 (Recon: 66.54, Allele KL: 17.98, Base KL: 5091.45, Functional KL: 0.00
Global Pooled JS: 0.000000
functional kld weight 750.0
Seed 123, Step 1500: Loss = 126.44 (Recon: 80.89, Allele KL: 16.28, Base KL: 5086.52, Functional KL: 0.00
Global Pooled JS: 0.000000
functional kld weight 1777.7777777777774
Seed 123, Step 2000: Loss = 117.98 (Recon: 67.75, Allele KL: 21.58, Base KL: 5250.56, Functional KL: 0.00
Global Pooled JS: 0.000000
functional kld weight 3472.222222222223
Seed 123, Step 2500: Loss = 117.15 (Recon: 69.65, Allele KL: 19.03, Base KL: 4979.41, Functional KL: 0.00

Top Variants with Coverage Mismatches:
Rank   Variant                        Expected     Observed     Diff       |Div|       
------------------------------------------------------------------------------------------
New best model with final loss: 117.86

=== Multi-Seed VAE Results ===
Best model had seed 123 with final loss: 117.86
All seeds final losses:
  Seed 123: Total=117.86 (Recon=70.46, A_KL=18.48, B_KL=5253.65) <- Best

[Raw]:
CYP2C8*1: Normalized=1.0000, Unnormalized=1.00

[Alleles]
CYP2C8*1
CYP2C8*1
	Command being timed: "python cyp.py CYP2C8 /project/shared/aldy-data/wgs/NA18973.wgs.cram 123"
	User time (seconds): 95.36
	System time (seconds): 20.09
	Percent of CPU this job got: 99%
	Elapsed (wall clock) time (h:mm:ss or m:ss): 1:55.71
	Average shared text size (kbytes): 0
	Average unshared data size (kbytes): 0
	Average stack size (kbytes): 0
	Average total size (kbytes): 0
	Maximum resident set size (kbytes): 1913856
	Average resident set size (kbytes): 0
	Major (requiring I/O) page faults: 0
	Minor (reclaiming a frame) page faults: 536012
	Voluntary context switches: 9921
	Involuntary context switches: 182
	Swaps: 0
	File system inputs: 0
	File system outputs: 24
	Socket messages sent: 0
	Socket messages received: 0
	Signals delivered: 0
	Page size (bytes): 4096
	Exit status: 0
