[info] total indices 224
[info] total variants 224
3.001 was filtered out as 96827029 C>T needs T but not covered
3.002 was filtered out as 96827029 C>T needs T but not covered
4.001 was filtered out as 96818118 G>C needs C but not covered
4.002 was filtered out as 96818118 G>C needs C but not covered
5.001 was filtered out as 96826970 delT needs N but not covered
6.001 was filtered out as 96824687 C>T needs T but not covered
7.001 was filtered out as 96824642 G>A needs A but not covered
8.001 was filtered out as 96824642 G>C needs C but not covered
9.001 was filtered out as 96818170 T>C needs C but not covered
10.001 was filtered out as 96802646 C>A needs A but not covered
11.001 was filtered out as 96805707 C>A needs A but not covered
12.001 was filtered out as 96796973 delCAA needs N but not covered
13.001 was filtered out as 96818241 A>C needs C but not covered
14.001 was filtered out as 96818198 C>G needs G but not covered
15.001 was filtered out as 96824657 C>T needs T but not covered
16.001 was filtered out as 96802803 A>G needs G but not covered
17.001 was filtered out as 96818180 T>C needs C but not covered
18.001 was filtered out as 96802714 G>A needs A but not covered
[filter] CYP2C8 1.001 => 1.001; 1.002; 1.003; 1.004; 1.005; 1.006; 1.007; 1.008; 1.009; 1.010; 1.011; 1.012; 1.013; 1.014; 1.015; 1.016; 1.017; 1.018
[filter] CYP2C8 2.001 => 2.001; 2.002
[filter] valid_alleles=20
Step 0: Loss=0.0592, CN=[2.0999167]
Step 100: Loss=0.0392, CN=[2.2110617]
Step 200: Loss=0.0392, CN=[2.2105603]
Step 300: Loss=0.0392, CN=[2.21056]
Step 400: Loss=0.0392, CN=[2.21056]

=== Fit ===
Region 0: obs=2.404, exp=2.211, diff=+0.194 
Region 1: obs=1.705, exp=2.211, diff=-0.506 *
Region 2: obs=1.782, exp=2.211, diff=-0.429 
Region 3: obs=2.464, exp=2.211, diff=+0.254 
Region 4: obs=3.007, exp=2.211, diff=+0.796 *
Region 5: obs=2.691, exp=2.211, diff=+0.481 
Region 6: obs=2.149, exp=2.211, diff=-0.061 
Region 7: obs=2.111, exp=2.211, diff=-0.099 
Region 8: obs=2.383, exp=2.211, diff=+0.173 
Region 9: obs=2.078, exp=2.211, diff=-0.133 
Region 10: obs=2.188, exp=2.211, diff=-0.023 
Region 11: obs=2.101, exp=2.211, diff=-0.109 
Region 12: obs=2.216, exp=2.211, diff=+0.005 
Region 13: obs=2.263, exp=2.211, diff=+0.053 
Region 14: obs=1.962, exp=2.211, diff=-0.249 
Region 15: obs=2.096, exp=2.211, diff=-0.114 
Region 16: obs=2.585, exp=2.211, diff=+0.374 
Region 17: obs=2.185, exp=2.211, diff=-0.026 
Region 18: obs=2.039, exp=2.211, diff=-0.172 
Region 19: obs=2.163, exp=2.211, diff=-0.048 
Region 20: obs=2.140, exp=2.211, diff=-0.070 

[Gene CN Results]
  CYP2C8: 2.21 → 2.2105603218078613
Using device: cuda

CYP2C8*1.001:

CYP2C8*1.002:

CYP2C8*1.003:

CYP2C8*1.004:

CYP2C8*1.005:

CYP2C8*1.006:

CYP2C8*1.007:

CYP2C8*1.008:

CYP2C8*1.009:

CYP2C8*1.010:

CYP2C8*1.011:

CYP2C8*1.012:

CYP2C8*1.013:

CYP2C8*1.014:

CYP2C8*1.015:

CYP2C8*1.016:

CYP2C8*1.017:

CYP2C8*1.018:

CYP2C8*2.001:

CYP2C8*2.002:

=== Running VAE with seed 123 ===
Global Pooled JS: 0.081458
functional kld weight 0.0
Seed 123, Step    0: Loss = 251.46 (Recon: 208.10, Allele KL: 15.48, Base KL: 2072.51, Functional KL: 0.08
Global Pooled JS: 0.004392
functional kld weight 27.77777777777777
Seed 123, Step  500: Loss = 127.33 (Recon: 79.86, Allele KL: 20.14, Base KL: 3054.64, Functional KL: 0.00
Global Pooled JS: 0.003766
functional kld weight 222.22222222222217
Seed 123, Step 1000: Loss = 131.67 (Recon: 84.31, Allele KL: 19.04, Base KL: 3076.34, Functional KL: 0.00
Global Pooled JS: 0.004748
functional kld weight 750.0
Seed 123, Step 1500: Loss = 131.63 (Recon: 79.89, Allele KL: 20.53, Base KL: 3823.19, Functional KL: 0.00
Global Pooled JS: 0.003077
functional kld weight 1777.7777777777774
Seed 123, Step 2000: Loss = 135.65 (Recon: 79.76, Allele KL: 21.80, Base KL: 4697.56, Functional KL: 0.00
Global Pooled JS: 0.001168
functional kld weight 3472.222222222223
Seed 123, Step 2500: Loss = 133.93 (Recon: 77.67, Allele KL: 22.26, Base KL: 6141.40, Functional KL: 0.00

Top Variants with Coverage Mismatches:
Rank   Variant                        Expected     Observed     Diff       |Div|       
------------------------------------------------------------------------------------------
1      CYP2C8:96818105→G              0.02         0.00         0.02       0.000168    
2      CYP2C8:96818105→N              0.02         0.00         0.02       0.000164    
3      CYP2C8:96818105→P              0.02         0.00         0.02       0.000163    
4      CYP2C8:96818105→C              0.02         0.00         0.02       0.000163    
5      CYP2C8:96818105→M              0.02         0.00         0.02       0.000160    
6      CYP2C8:96818105→T              27.12        28.00        -0.88      0.000001    
7      CYP2C8:96818105→A              15.58        16.00        -0.42      0.000000    
New best model with final loss: 151.72

=== Multi-Seed VAE Results ===
Best model had seed 123 with final loss: 151.72
All seeds final losses:
  Seed 123: Total=151.72 (Recon=81.71, A_KL=20.89, B_KL=7798.07) <- Best

[Raw]:
CYP2C8*1: Normalized=0.6331, Unnormalized=0.63
CYP2C8*2: Normalized=0.3669, Unnormalized=0.37

[Alleles]
CYP2C8*1
CYP2C8*2
	Command being timed: "python cyp.py CYP2C8 /project/shared/aldy-data/wgs/NA19819.wgs.cram 123"
	User time (seconds): 96.36
	System time (seconds): 20.75
	Percent of CPU this job got: 99%
	Elapsed (wall clock) time (h:mm:ss or m:ss): 1:57.36
	Average shared text size (kbytes): 0
	Average unshared data size (kbytes): 0
	Average stack size (kbytes): 0
	Average total size (kbytes): 0
	Maximum resident set size (kbytes): 1911916
	Average resident set size (kbytes): 0
	Major (requiring I/O) page faults: 0
	Minor (reclaiming a frame) page faults: 483430
	Voluntary context switches: 9968
	Involuntary context switches: 163
	Swaps: 0
	File system inputs: 0
	File system outputs: 24
	Socket messages sent: 0
	Socket messages received: 0
	Signals delivered: 0
	Page size (bytes): 4096
	Exit status: 0
