[info] total indices 224
[info] total variants 224
3.001 was filtered out as 96827029 C>T needs T but not covered
3.002 was filtered out as 96827029 C>T needs T but not covered
4.001 was filtered out as 96818118 G>C needs C but not covered
4.002 was filtered out as 96818118 G>C needs C but not covered
5.001 was filtered out as 96826970 delT needs N but not covered
6.001 was filtered out as 96824687 C>T needs T but not covered
7.001 was filtered out as 96824642 G>A needs A but not covered
8.001 was filtered out as 96824642 G>C needs C but not covered
9.001 was filtered out as 96818170 T>C needs C but not covered
10.001 was filtered out as 96802646 C>A needs A but not covered
11.001 was filtered out as 96805707 C>A needs A but not covered
12.001 was filtered out as 96796973 delCAA needs N but not covered
13.001 was filtered out as 96818241 A>C needs C but not covered
14.001 was filtered out as 96818198 C>G needs G but not covered
15.001 was filtered out as 96824657 C>T needs T but not covered
16.001 was filtered out as 96802803 A>G needs G but not covered
17.001 was filtered out as 96818180 T>C needs C but not covered
18.001 was filtered out as 96802714 G>A needs A but not covered
[filter] CYP2C8 1.001 => 1.001; 1.002; 1.003; 1.004; 1.005; 1.006; 1.007; 1.008; 1.009; 1.010; 1.011; 1.012; 1.013; 1.014; 1.015; 1.016; 1.017; 1.018
[filter] CYP2C8 2.001 => 2.001; 2.002
[filter] valid_alleles=20
Step 0: Loss=0.0205, CN=[1.9000832]
Step 100: Loss=0.0150, CN=[1.8947935]
Step 200: Loss=0.0150, CN=[1.8945655]
Step 300: Loss=0.0150, CN=[1.8945644]
Step 400: Loss=0.0150, CN=[1.8945645]

=== Fit ===
Region 0: obs=1.903, exp=1.895, diff=+0.008 
Region 1: obs=2.171, exp=1.895, diff=+0.277 
Region 2: obs=2.164, exp=1.895, diff=+0.269 
Region 3: obs=1.838, exp=1.895, diff=-0.057 
Region 4: obs=1.916, exp=1.895, diff=+0.021 
Region 5: obs=1.947, exp=1.895, diff=+0.053 
Region 6: obs=1.857, exp=1.895, diff=-0.037 
Region 7: obs=1.840, exp=1.895, diff=-0.055 
Region 8: obs=1.841, exp=1.895, diff=-0.054 
Region 9: obs=1.913, exp=1.895, diff=+0.019 
Region 10: obs=2.090, exp=1.895, diff=+0.195 
Region 11: obs=1.873, exp=1.895, diff=-0.022 
Region 12: obs=1.528, exp=1.895, diff=-0.367 
Region 13: obs=1.829, exp=1.895, diff=-0.065 
Region 14: obs=1.779, exp=1.895, diff=-0.115 
Region 15: obs=1.841, exp=1.895, diff=-0.054 
Region 16: obs=1.509, exp=1.895, diff=-0.386 
Region 17: obs=1.765, exp=1.895, diff=-0.129 
Region 18: obs=2.187, exp=1.895, diff=+0.292 
Region 19: obs=2.000, exp=1.895, diff=+0.106 
Region 20: obs=1.995, exp=1.895, diff=+0.100 

[Gene CN Results]
  CYP2C8: 1.89 → 1.8945647478103638
Using device: cuda

CYP2C8*1.001:

CYP2C8*1.002:

CYP2C8*1.003:

CYP2C8*1.004:

CYP2C8*1.005:

CYP2C8*1.006:

CYP2C8*1.007:

CYP2C8*1.008:

CYP2C8*1.009:

CYP2C8*1.010:

CYP2C8*1.011:

CYP2C8*1.012:

CYP2C8*1.013:

CYP2C8*1.014:

CYP2C8*1.015:

CYP2C8*1.016:

CYP2C8*1.017:

CYP2C8*1.018:

CYP2C8*2.001:

CYP2C8*2.002:

=== Running VAE with seed 123 ===
Global Pooled JS: 0.120612
functional kld weight 0.0
Seed 123, Step    0: Loss = 279.75 (Recon: 228.98, Allele KL: 21.76, Base KL: 2994.43, Functional KL: 0.12
Global Pooled JS: 0.007770
functional kld weight 27.77777777777777
Seed 123, Step  500: Loss = 130.64 (Recon: 85.65, Allele KL: 17.11, Base KL: 3897.08, Functional KL: 0.01
Global Pooled JS: 0.004292
functional kld weight 222.22222222222217
Seed 123, Step 1000: Loss = 139.98 (Recon: 79.67, Allele KL: 31.87, Base KL: 4080.86, Functional KL: 0.00
Global Pooled JS: 0.012020
functional kld weight 750.0
Seed 123, Step 1500: Loss = 146.30 (Recon: 82.38, Allele KL: 26.65, Base KL: 4896.60, Functional KL: 0.01
Global Pooled JS: 0.002785
functional kld weight 1777.7777777777774
Seed 123, Step 2000: Loss = 142.61 (Recon: 84.69, Allele KL: 23.09, Base KL: 6172.55, Functional KL: 0.00
Global Pooled JS: 0.001469
functional kld weight 3472.222222222223
Seed 123, Step 2500: Loss = 144.53 (Recon: 81.48, Allele KL: 26.97, Base KL: 7513.90, Functional KL: 0.00

Top Variants with Coverage Mismatches:
Rank   Variant                        Expected     Observed     Diff       |Div|       
------------------------------------------------------------------------------------------
1      CYP2C8:96818105→G              0.03         0.00         0.03       0.000185    
2      CYP2C8:96818105→N              0.03         0.00         0.03       0.000182    
3      CYP2C8:96818105→P              0.03         0.00         0.03       0.000180    
4      CYP2C8:96818105→C              0.03         0.00         0.03       0.000180    
5      CYP2C8:96818105→M              0.02         0.00         0.02       0.000177    
6      CYP2C8:96818105→T              23.82        30.00        -6.18      0.000052    
7      CYP2C8:96818105→A              24.26        29.00        -4.74      0.000035    
New best model with final loss: 156.08

=== Multi-Seed VAE Results ===
Best model had seed 123 with final loss: 156.08
All seeds final losses:
  Seed 123: Total=156.08 (Recon=87.39, A_KL=23.86, B_KL=9564.83) <- Best

[Raw]:
CYP2C8*2: Normalized=0.5066, Unnormalized=0.51
CYP2C8*1: Normalized=0.4934, Unnormalized=0.49

[Alleles]
CYP2C8*2
CYP2C8*1
	Command being timed: "python cyp.py CYP2C8 /project/shared/aldy-data/wgs/NA19207.wgs.cram 123"
	User time (seconds): 96.27
	System time (seconds): 20.37
	Percent of CPU this job got: 99%
	Elapsed (wall clock) time (h:mm:ss or m:ss): 1:56.89
	Average shared text size (kbytes): 0
	Average unshared data size (kbytes): 0
	Average stack size (kbytes): 0
	Average total size (kbytes): 0
	Maximum resident set size (kbytes): 1893948
	Average resident set size (kbytes): 0
	Major (requiring I/O) page faults: 0
	Minor (reclaiming a frame) page faults: 472642
	Voluntary context switches: 9930
	Involuntary context switches: 163
	Swaps: 0
	File system inputs: 0
	File system outputs: 24
	Socket messages sent: 0
	Socket messages received: 0
	Signals delivered: 0
	Page size (bytes): 4096
	Exit status: 0
