[info] total indices 224
[info] total variants 224
2.001 was filtered out as 96818105 T>A needs A but not covered
2.002 was filtered out as 96818105 T>A needs A but not covered
3.001 was filtered out as 96827029 C>T needs T but not covered
3.002 was filtered out as 96827029 C>T needs T but not covered
4.001 was filtered out as 96818118 G>C needs C but not covered
4.002 was filtered out as 96818118 G>C needs C but not covered
5.001 was filtered out as 96826970 delT needs N but not covered
6.001 was filtered out as 96824687 C>T needs T but not covered
7.001 was filtered out as 96824642 G>A needs A but not covered
8.001 was filtered out as 96824642 G>C needs C but not covered
9.001 was filtered out as 96818170 T>C needs C but not covered
10.001 was filtered out as 96802646 C>A needs A but not covered
11.001 was filtered out as 96805707 C>A needs A but not covered
12.001 was filtered out as 96796973 delCAA needs N but not covered
13.001 was filtered out as 96818241 A>C needs C but not covered
14.001 was filtered out as 96818198 C>G needs G but not covered
15.001 was filtered out as 96824657 C>T needs T but not covered
16.001 was filtered out as 96802803 A>G needs G but not covered
17.001 was filtered out as 96818180 T>C needs C but not covered
18.001 was filtered out as 96802714 G>A needs A but not covered
[filter] CYP2C8 1.001 => 1.001; 1.002; 1.003; 1.004; 1.005; 1.006; 1.007; 1.008; 1.009; 1.010; 1.011; 1.012; 1.013; 1.014; 1.015; 1.016; 1.017; 1.018
[filter] valid_alleles=18
Step 0: Loss=0.0833, CN=[2.0999167]
Step 100: Loss=0.0571, CN=[2.2563243]
Step 200: Loss=0.0571, CN=[2.2554433]
Step 300: Loss=0.0571, CN=[2.2554486]
Step 400: Loss=0.0571, CN=[2.2554486]

=== Fit ===
Region 0: obs=2.549, exp=2.255, diff=+0.294 
Region 1: obs=2.329, exp=2.255, diff=+0.074 
Region 2: obs=2.058, exp=2.255, diff=-0.197 
Region 3: obs=2.165, exp=2.255, diff=-0.090 
Region 4: obs=1.539, exp=2.255, diff=-0.717 *
Region 5: obs=2.242, exp=2.255, diff=-0.013 
Region 6: obs=1.517, exp=2.255, diff=-0.739 *
Region 7: obs=2.457, exp=2.255, diff=+0.202 
Region 8: obs=1.675, exp=2.255, diff=-0.581 *
Region 9: obs=2.209, exp=2.255, diff=-0.046 
Region 10: obs=2.123, exp=2.255, diff=-0.133 
Region 11: obs=2.400, exp=2.255, diff=+0.144 
Region 12: obs=1.615, exp=2.255, diff=-0.640 *
Region 13: obs=2.361, exp=2.255, diff=+0.106 
Region 14: obs=2.366, exp=2.255, diff=+0.111 
Region 15: obs=2.414, exp=2.255, diff=+0.159 
Region 16: obs=2.599, exp=2.255, diff=+0.344 
Region 17: obs=2.534, exp=2.255, diff=+0.279 
Region 18: obs=2.470, exp=2.255, diff=+0.215 
Region 19: obs=2.702, exp=2.255, diff=+0.447 
Region 20: obs=2.361, exp=2.255, diff=+0.106 

[Gene CN Results]
  CYP2C8: 2.26 → 2.255448579788208
Using device: cuda

CYP2C8*1.001:

CYP2C8*1.002:

CYP2C8*1.003:

CYP2C8*1.004:

CYP2C8*1.005:

CYP2C8*1.006:

CYP2C8*1.007:

CYP2C8*1.008:

CYP2C8*1.009:

CYP2C8*1.010:

CYP2C8*1.011:

CYP2C8*1.012:

CYP2C8*1.013:

CYP2C8*1.014:

CYP2C8*1.015:

CYP2C8*1.016:

CYP2C8*1.017:

CYP2C8*1.018:

=== Running VAE with seed 123 ===
Global Pooled JS: 0.000000
functional kld weight 0.0
Seed 123, Step    0: Loss = 199.26 (Recon: 157.74, Allele KL: 13.62, Base KL: 1366.09, Functional KL: 0.00
Global Pooled JS: 0.000000
functional kld weight 27.77777777777777
Seed 123, Step  500: Loss = 123.53 (Recon: 80.84, Allele KL: 14.42, Base KL: 2895.05, Functional KL: 0.00
Global Pooled JS: 0.000000
functional kld weight 222.22222222222217
Seed 123, Step 1000: Loss = 122.78 (Recon: 80.37, Allele KL: 14.07, Base KL: 2989.75, Functional KL: 0.00
Global Pooled JS: 0.000000
functional kld weight 750.0
Seed 123, Step 1500: Loss = 121.58 (Recon: 78.11, Allele KL: 15.00, Base KL: 2982.70, Functional KL: 0.00
Global Pooled JS: 0.000000
functional kld weight 1777.7777777777774
Seed 123, Step 2000: Loss = 120.03 (Recon: 75.23, Allele KL: 16.50, Base KL: 2953.23, Functional KL: 0.00
Global Pooled JS: 0.000000
functional kld weight 3472.222222222223
Seed 123, Step 2500: Loss = 118.44 (Recon: 73.06, Allele KL: 17.18, Base KL: 2902.20, Functional KL: 0.00

Top Variants with Coverage Mismatches:
Rank   Variant                        Expected     Observed     Diff       |Div|       
------------------------------------------------------------------------------------------
New best model with final loss: 127.84

=== Multi-Seed VAE Results ===
Best model had seed 123 with final loss: 127.84
All seeds final losses:
  Seed 123: Total=127.84 (Recon=81.72, A_KL=17.67, B_KL=2968.78) <- Best

[Raw]:
CYP2C8*1: Normalized=1.0000, Unnormalized=1.00

[Alleles]
CYP2C8*1
CYP2C8*1
	Command being timed: "python cyp.py CYP2C8 /project/shared/aldy-data/wgs/NA19122.wgs.cram 123"
	User time (seconds): 95.32
	System time (seconds): 21.22
	Percent of CPU this job got: 99%
	Elapsed (wall clock) time (h:mm:ss or m:ss): 1:56.90
	Average shared text size (kbytes): 0
	Average unshared data size (kbytes): 0
	Average stack size (kbytes): 0
	Average total size (kbytes): 0
	Maximum resident set size (kbytes): 1887032
	Average resident set size (kbytes): 0
	Major (requiring I/O) page faults: 0
	Minor (reclaiming a frame) page faults: 559797
	Voluntary context switches: 10055
	Involuntary context switches: 209
	Swaps: 0
	File system inputs: 0
	File system outputs: 24
	Socket messages sent: 0
	Socket messages received: 0
	Signals delivered: 0
	Page size (bytes): 4096
	Exit status: 0
