[info] total indices 224
[info] total variants 224
2.001 was filtered out as 96818105 T>A needs A but not covered
2.002 was filtered out as 96818105 T>A needs A but not covered
3.001 was filtered out as 96827029 C>T needs T but not covered
3.002 was filtered out as 96827029 C>T needs T but not covered
4.001 was filtered out as 96818118 G>C needs C but not covered
4.002 was filtered out as 96818118 G>C needs C but not covered
5.001 was filtered out as 96826970 delT needs N but not covered
6.001 was filtered out as 96824687 C>T needs T but not covered
7.001 was filtered out as 96824642 G>A needs A but not covered
8.001 was filtered out as 96824642 G>C needs C but not covered
9.001 was filtered out as 96818170 T>C needs C but not covered
10.001 was filtered out as 96802646 C>A needs A but not covered
11.001 was filtered out as 96805707 C>A needs A but not covered
12.001 was filtered out as 96796973 delCAA needs N but not covered
13.001 was filtered out as 96818241 A>C needs C but not covered
14.001 was filtered out as 96818198 C>G needs G but not covered
15.001 was filtered out as 96824657 C>T needs T but not covered
17.001 was filtered out as 96818180 T>C needs C but not covered
18.001 was filtered out as 96802714 G>A needs A but not covered
[filter] CYP2C8 1.001 => 1.001; 1.002; 1.003; 1.004; 1.005; 1.006; 1.007; 1.008; 1.009; 1.010; 1.011; 1.012; 1.013; 1.014; 1.015; 1.016; 1.017; 1.018
[filter] CYP2C8 16.001 => 16.001
[filter] valid_alleles=19
Step 0: Loss=0.0397, CN=[2.0999167]
Step 100: Loss=0.0382, CN=[2.057949]
Step 200: Loss=0.0382, CN=[2.0582511]
Step 300: Loss=0.0382, CN=[2.0582516]
Step 400: Loss=0.0382, CN=[2.0582516]

=== Fit ===
Region 0: obs=2.167, exp=2.058, diff=+0.109 
Region 1: obs=1.290, exp=2.058, diff=-0.768 *
Region 2: obs=2.169, exp=2.058, diff=+0.111 
Region 3: obs=2.514, exp=2.058, diff=+0.456 
Region 4: obs=2.266, exp=2.058, diff=+0.208 
Region 5: obs=1.995, exp=2.058, diff=-0.063 
Region 6: obs=1.848, exp=2.058, diff=-0.210 
Region 7: obs=2.101, exp=2.058, diff=+0.043 
Region 8: obs=2.771, exp=2.058, diff=+0.713 *
Region 9: obs=1.957, exp=2.058, diff=-0.101 
Region 10: obs=1.982, exp=2.058, diff=-0.076 
Region 11: obs=2.056, exp=2.058, diff=-0.002 
Region 12: obs=2.059, exp=2.058, diff=+0.001 
Region 13: obs=2.223, exp=2.058, diff=+0.165 
Region 14: obs=1.919, exp=2.058, diff=-0.139 
Region 15: obs=2.123, exp=2.058, diff=+0.065 
Region 16: obs=2.110, exp=2.058, diff=+0.052 
Region 17: obs=1.858, exp=2.058, diff=-0.200 
Region 18: obs=1.627, exp=2.058, diff=-0.431 
Region 19: obs=2.104, exp=2.058, diff=+0.046 
Region 20: obs=2.026, exp=2.058, diff=-0.032 

[Gene CN Results]
  CYP2C8: 2.06 → 2.0582516193389893
Using device: cuda

CYP2C8*1.001:

CYP2C8*1.002:

CYP2C8*1.003:

CYP2C8*1.004:

CYP2C8*1.005:

CYP2C8*1.006:

CYP2C8*1.007:

CYP2C8*1.008:

CYP2C8*1.009:

CYP2C8*1.010:

CYP2C8*1.011:

CYP2C8*1.012:

CYP2C8*1.013:

CYP2C8*1.014:

CYP2C8*1.015:

CYP2C8*1.016:

CYP2C8*1.017:

CYP2C8*1.018:

CYP2C8*16.001:

=== Running VAE with seed 123 ===
Global Pooled JS: 0.216546
functional kld weight 0.0
Seed 123, Step    0: Loss = 493.62 (Recon: 452.10, Allele KL: 14.87, Base KL: 1631.99, Functional KL: 0.22
Global Pooled JS: 0.029641
functional kld weight 27.77777777777777
Seed 123, Step  500: Loss = 156.47 (Recon: 106.73, Allele KL: 21.12, Base KL: 3971.86, Functional KL: 0.03
Global Pooled JS: 0.010634
functional kld weight 222.22222222222217
Seed 123, Step 1000: Loss = 156.97 (Recon: 106.43, Allele KL: 20.27, Base KL: 4164.47, Functional KL: 0.01
Global Pooled JS: 0.007728
functional kld weight 750.0
Seed 123, Step 1500: Loss = 168.85 (Recon: 113.04, Allele KL: 21.16, Base KL: 4866.84, Functional KL: 0.01
Global Pooled JS: 0.005207
functional kld weight 1777.7777777777774
Seed 123, Step 2000: Loss = 175.45 (Recon: 100.83, Allele KL: 36.03, Base KL: 6111.94, Functional KL: 0.01
Global Pooled JS: 0.003839
functional kld weight 3472.222222222223
Seed 123, Step 2500: Loss = 179.22 (Recon: 108.78, Allele KL: 25.55, Base KL: 7818.94, Functional KL: 0.00

Top Variants with Coverage Mismatches:
Rank   Variant                        Expected     Observed     Diff       |Div|       
------------------------------------------------------------------------------------------
1      CYP2C8:96802803→A              15.14        15.00        0.14       0.002717    
2      CYP2C8:96802803→G              25.30        17.00        8.30       0.001855    
3      CYP2C8:96802803→P              0.03         0.00         0.03       0.000214    
4      CYP2C8:96802803→C              0.02         0.00         0.02       0.000211    
5      CYP2C8:96802803→M              0.02         0.00         0.02       0.000210    
6      CYP2C8:96802803→T              0.02         0.00         0.02       0.000210    
7      CYP2C8:96802803→N              0.02         0.00         0.02       0.000209    
New best model with final loss: 192.43

=== Multi-Seed VAE Results ===
Best model had seed 123 with final loss: 192.43
All seeds final losses:
  Seed 123: Total=192.43 (Recon=109.73, A_KL=37.42, B_KL=9525.86) <- Best

[Raw]:
CYP2C8*16: Normalized=0.6277, Unnormalized=0.63
CYP2C8*1: Normalized=0.3723, Unnormalized=0.37

[Alleles]
CYP2C8*16
CYP2C8*1
	Command being timed: "python cyp.py CYP2C8 /project/shared/aldy-data/wgs/NA19917.wgs.cram 123"
	User time (seconds): 97.26
	System time (seconds): 20.91
	Percent of CPU this job got: 99%
	Elapsed (wall clock) time (h:mm:ss or m:ss): 1:58.49
	Average shared text size (kbytes): 0
	Average unshared data size (kbytes): 0
	Average stack size (kbytes): 0
	Average total size (kbytes): 0
	Maximum resident set size (kbytes): 1905912
	Average resident set size (kbytes): 0
	Major (requiring I/O) page faults: 0
	Minor (reclaiming a frame) page faults: 727721
	Voluntary context switches: 9950
	Involuntary context switches: 251
	Swaps: 0
	File system inputs: 0
	File system outputs: 24
	Socket messages sent: 0
	Socket messages received: 0
	Signals delivered: 0
	Page size (bytes): 4096
	Exit status: 0
