[info] total indices 2506
[info] total variants 2506
1.001 was filtered out as 42522612 C>G needs C but not covered
1.002 was filtered out as 42522612 C>G needs C but not covered
1.003 was filtered out as 42522612 C>G needs C but not covered
1.004 was filtered out as 42522612 C>G needs C but not covered
1.005 was filtered out as 42522612 C>G needs C but not covered
1.006 was filtered out as 42522612 C>G needs C but not covered
1.007 was filtered out as 42522612 C>G needs C but not covered
1.008 was filtered out as 42522612 C>G needs C but not covered
1.009 was filtered out as 42522612 C>G needs C but not covered
1.010 was filtered out as 42522612 C>G needs C but not covered
1.011 was filtered out as 42522612 C>G needs C but not covered
1.012 was filtered out as 42522612 C>G needs C but not covered
1.013 was filtered out as 42522612 C>G needs C but not covered
1.014 was filtered out as 42522612 C>G needs C but not covered
1.015 was filtered out as 42522612 C>G needs C but not covered
1.016 was filtered out as 42522612 C>G needs C but not covered
1.017 was filtered out as 42522612 C>G needs C but not covered
1.018 was filtered out as 42522612 C>G needs C but not covered
1.019 was filtered out as 42522612 C>G needs C but not covered
1.020 was filtered out as 42522612 C>G needs C but not covered
1.021 was filtered out as 42522612 C>G needs C but not covered
1.022 was filtered out as 42522612 C>G needs C but not covered
1.023 was filtered out as 42522612 C>G needs C but not covered
1.024 was filtered out as 42522612 C>G needs C but not covered
1.025 was filtered out as 42522612 C>G needs C but not covered
1.026 was filtered out as 42522612 C>G needs C but not covered
1.027 was filtered out as 42522612 C>G needs C but not covered
1.028 was filtered out as 42522612 C>G needs C but not covered
1.029 was filtered out as 42522612 C>G needs C but not covered
1.030 was filtered out as 42522612 C>G needs C but not covered
1.031 was filtered out as 42522612 C>G needs C but not covered
1.032 was filtered out as 42522612 C>G needs C but not covered
1.033 was filtered out as 42522612 C>G needs C but not covered
1.034 was filtered out as 42522612 C>G needs C but not covered
1.035 was filtered out as 42522612 C>G needs C but not covered
1.036 was filtered out as 42522612 C>G needs C but not covered
1.037 was filtered out as 42522612 C>G needs C but not covered
1.038 was filtered out as 42522612 C>G needs C but not covered
1.039 was filtered out as 42522612 C>G needs C but not covered
1.040 was filtered out as 42522612 C>G needs C but not covered
1.041 was filtered out as 42522612 C>G needs C but not covered
1.042 was filtered out as 42522612 C>G needs C but not covered
1.043 was filtered out as 42522612 C>G needs C but not covered
1.044 was filtered out as 42522612 C>G needs C but not covered
1.045 was filtered out as 42522612 C>G needs C but not covered
1.046 was filtered out as 42522612 C>G needs C but not covered
1.047 was filtered out as 42522612 C>G needs C but not covered
1.048 was filtered out as 42522612 C>G needs C but not covered
1.049 was filtered out as 42522612 C>G needs C but not covered
2.004 was filtered out as 42525131 C.C>G.T needs C but not covered
3.001 was filtered out as 42522612 C>G needs C but not covered
3.002 was filtered out as 42522612 C>G needs C but not covered
4.001 was filtered out as 42525820 G>T needs T but not covered
4.002 was filtered out as 42525820 G>T needs T but not covered
4.006 was filtered out as 42525820 G>T needs T but not covered
4.008 was filtered out as 42525820 G>T needs T but not covered
4.014 was filtered out as 42525820 G>T needs T but not covered
4.015 was filtered out as 42525820 G>T needs T but not covered
4.016 was filtered out as 42525820 G>T needs T but not covered
4.017 was filtered out as 42525820 G>T needs T but not covered
4.018 was filtered out as 42525820 G>T needs T but not covered
4.020 was filtered out as 42525820 G>T needs T but not covered
4.022 was filtered out as 42525820 G>T needs T but not covered
4.023 was filtered out as 42525820 G>T needs T but not covered
4.024 was filtered out as 42525820 G>T needs T but not covered
4.025 was filtered out as 42525820 G>T needs T but not covered
4.026 was filtered out as 42525820 G>T needs T but not covered
4.029 was filtered out as 42525820 G>T needs T but not covered
4.030 was filtered out as 42525820 G>T needs T but not covered
4.003 was filtered out as 42524946 C>T needs T but not covered
4.004 was filtered out as 42524946 C>T needs T but not covered
4.005 was filtered out as 42524946 C>T needs T but not covered
4.011 was filtered out as 42524946 C>T needs T but not covered
4.019 was filtered out as 42524946 C>T needs T but not covered
4.007 was filtered out as 42525820 G>T needs T but not covered
4.009 was filtered out as 42522612 C>G needs C but not covered
4.010 was filtered out as 42524946 C>T needs T but not covered
4.012 was filtered out as 42522612 C>G needs C but not covered
4.013 was filtered out as 42525820 G>T needs T but not covered
4.021 was filtered out as 42525820 G>T needs T but not covered
4.027 was filtered out as 42522612 C>G needs C but not covered
4.028 was filtered out as 42524946 C>T needs T but not covered
4.1013 was filtered out as 42522612 C>G needs C but not covered
4.1021 was filtered out as 42522612 C>G needs C but not covered
4.2021 was filtered out as 42525810 T>C needs C but not covered
5.001 was filtered out as 42522612 C>G needs C but not covered
6.001 was filtered out as 42522612 C>G needs C but not covered
6.002 was filtered out as 42522612 C>G needs C but not covered
6.005 was filtered out as 42522612 C>G needs C but not covered
6.006 was filtered out as 42522612 C>G needs C but not covered
6.003 was filtered out as 42525085 delA needs N but not covered
6.004 was filtered out as 42522612 C>G needs C but not covered
7.001 was filtered out as 42522612 C>G needs C but not covered
8.001 was filtered out as 42525034 C>A needs A but not covered
9.001 was filtered out as 42522612 C>G needs C but not covered
9.002 was filtered out as 42522612 C>G needs C but not covered
11.001 was filtered out as 42525911 C>G needs G but not covered
12.001 was filtered out as 42526669 C>T needs T but not covered
12.002 was filtered out as 42526669 C>T needs T but not covered
14.001 was filtered out as 42525034 C>T needs T but not covered
15.001 was filtered out as 42522612 C>G needs C but not covered
15.002 was filtered out as 42522612 C>G needs C but not covered
15.003 was filtered out as 42522612 C>G needs C but not covered
17.001 was filtered out as 42525771 G>A needs A but not covered
17.002 was filtered out as 42525771 G>A needs A but not covered
17.003 was filtered out as 42525771 G>A needs A but not covered
17.004 was filtered out as 42525771 G>A needs A but not covered
17.005 was filtered out as 42525771 G>A needs A but not covered
17.006 was filtered out as 42525771 G>A needs A but not covered
18.001 was filtered out as 42522612 C>G needs C but not covered
19.001 was filtered out as 42524250 delAGTT needs N but not covered
20.001 was filtered out as 42524815 insC needs P but not covered
21.001 was filtered out as 42524212 insG needs P but not covered
21.002 was filtered out as 42524212 insG needs P but not covered
22.001 was filtered out as 42522612 C>G needs C but not covered
23.001 was filtered out as 42522612 C>G needs C but not covered
24.001 was filtered out as 42522612 C>G needs C but not covered
25.001 was filtered out as 42522612 C>G needs C but not covered
26.001 was filtered out as 42522612 C>G needs C but not covered
27.001 was filtered out as 42522612 C>G needs C but not covered
28.001 was filtered out as 42526774 C>T needs T but not covered
28.002 was filtered out as 42526774 C>T needs T but not covered
29.001 was filtered out as 42525131 C.C>G.T needs M but not covered
30.001 was filtered out as 42524928 insGGGGCGAAA not covered (cov=0)
31.001 was filtered out as 42522750 C>T needs T but not covered
32.001 was filtered out as 42522939 C>T needs T but not covered
33.001 was filtered out as 42522612 C>G needs C but not covered
33.002 was filtered out as 42522612 C>G needs C but not covered
34.001 was filtered out as 42522612 C>G needs C but not covered
35.001 was filtered out as 42526762 C>T needs T but not covered
35.002 was filtered out as 42526762 C>T needs T but not covered
35.003 was filtered out as 42526762 C>T needs T but not covered
35.004 was filtered out as 42526762 C>T needs T but not covered
35.005 was filtered out as 42526762 C>T needs T but not covered
35.006 was filtered out as 42526762 C>T needs T but not covered
35.007 was filtered out as 42526762 C>T needs T but not covered
36.001 was filtered out as 42522664 G>C needs C but not covered
36.002 was filtered out as 42522664 G>C needs C but not covered
36.003 was filtered out as 42522664 G>C needs C but not covered
36.004 was filtered out as 42522664 G>C needs C but not covered
36.1001 was filtered out as 42522612 C>G needs C but not covered
37.001 was filtered out as 42524849 C>T needs T but not covered
38.001 was filtered out as 42522612 C>G needs C but not covered
39.002 was filtered out as 42525131 C.C>G.T needs C but not covered
40.001 was filtered out as 42525771 G>A needs A but not covered
42.001 was filtered out as 42523531 insAC needs P but not covered
43.001 was filtered out as 42522612 C>G needs C but not covered
43.002 was filtered out as 42522612 C>G needs C but not covered
44.001 was filtered out as 42522612 C>G needs C but not covered
45.001 was filtered out as 42525076 C>T needs T but not covered
45.002 was filtered out as 42525076 C>T needs T but not covered
45.003 was filtered out as 42525076 C>T needs T but not covered
45.004 was filtered out as 42525076 C>T needs T but not covered
46.001 was filtered out as 42525076 C>T needs T but not covered
46.002 was filtered out as 42525076 C>T needs T but not covered
46.003 was filtered out as 42525076 C>T needs T but not covered
47.001 was filtered out as 42526720 G>A needs A but not covered
48.001 was filtered out as 42522612 C>G needs C but not covered
49.001 was filtered out as 42525181 A>T needs T but not covered
50.001 was filtered out as 42522612 C>G needs C but not covered
51.001 was filtered out as 42523620 T>G needs G but not covered
52.001 was filtered out as 42522915 C>T needs T but not covered
52.002 was filtered out as 42522915 C>T needs T but not covered
53.001 was filtered out as 42522612 C>G needs C but not covered
54.001 was filtered out as 42524236 G>A needs A but not covered
55.001 was filtered out as 42522957 T>G needs G but not covered
56.001 was filtered out as 42523591 G>A needs A but not covered
56.002 was filtered out as 42523591 G>A needs A but not covered
56.003 was filtered out as 42523591 G>A needs A but not covered
57.001 was filtered out as 42522664 G>C needs C but not covered
57.1001 was filtered out as 42522612 C>G needs C but not covered
58.001 was filtered out as 42525771 G>A needs A but not covered
59.001 was filtered out as 42523853 C>T needs T but not covered
60.001 was filtered out as 42522612 C>G needs C but not covered
61.001 was filtered out as 42522612 C>G needs C but not covered
62.001 was filtered out as 42522612 C>G needs C but not covered
63.001 was filtered out as 42522612 C>G needs C but not covered
64.001 was filtered out as 42525771 G>A needs A but not covered
68.001 was filtered out as 42522612 C>G needs C but not covered
68.002 was filtered out as 42522612 C>G needs C but not covered
70.001 was filtered out as 42525131 C.C>G.T needs M but not covered
71.001 was filtered out as 42522612 C>G needs C but not covered
71.002 was filtered out as 42522612 C>G needs C but not covered
71.003 was filtered out as 42522612 C>G needs C but not covered
72.001 was filtered out as 42523474 C>T needs T but not covered
73.001 was filtered out as 42525781 C>T needs T but not covered
74.001 was filtered out as 42522612 C>G needs C but not covered
75.001 was filtered out as 42522612 C>G needs C but not covered
75.002 was filtered out as 42522612 C>G needs C but not covered
81.001 was filtered out as 42522612 C>G needs C but not covered
82.001 was filtered out as 42522612 C>G needs C but not covered
83.001 was filtered out as 42522664 G>C needs C but not covered
83.002 was filtered out as 42522664 G>C needs C but not covered
83.003 was filtered out as 42522664 G>C needs C but not covered
83.1003 was filtered out as 42522612 C>G needs C but not covered
84.001 was filtered out as 42524218 G>T needs T but not covered
84.002 was filtered out as 42524218 G>T needs T but not covered
85.001 was filtered out as 42522635 A>C needs C but not covered
86.001 was filtered out as 42522612 C>G needs C but not covered
87.001 was filtered out as 42526779 G>A needs A but not covered
88.001 was filtered out as 42525780 A>G needs G but not covered
89.001 was filtered out as 42522612 C>G needs C but not covered
90.001 was filtered out as 42522612 C>G needs C but not covered
91.001 was filtered out as 42522612 C>G needs C but not covered
92.001 was filtered out as 42522612 C>G needs C but not covered
93.001 was filtered out as 42522612 C>G needs C but not covered
94.001 was filtered out as 42523611 T>C needs C but not covered
94.002 was filtered out as 42523611 T>C needs C but not covered
95.001 was filtered out as 42523458 C>T needs T but not covered
96.001 was filtered out as 42522612 C>G needs C but not covered
97.001 was filtered out as 42522612 C>G needs C but not covered
98.001 was filtered out as 42522682 G>C needs C but not covered
99.001 was filtered out as 42525828 C>G needs G but not covered
100.001 was filtered out as 42523964 delG needs N but not covered
101.001 was filtered out as 42523847 delCACATCCGGATGTAGGATC needs N but not covered
102.001 was filtered out as 42525822 G>A needs A but not covered
103.001 was filtered out as 42525043 T>C needs C but not covered
104.001 was filtered out as 42525072 T>A needs A but not covered
105.001 was filtered out as 42523524 A>G needs G but not covered
106.001 was filtered out as 42522612 C>G needs C but not covered
106.002 was filtered out as 42522612 C>G needs C but not covered
106.003 was filtered out as 42522612 C>G needs C but not covered
107.001 was filtered out as 42522612 C>G needs C but not covered
108.001 was filtered out as 42522612 C>G needs C but not covered
109.001 was filtered out as 42522612 C>G needs C but not covered
110.001 was filtered out as 42522612 C>G needs C but not covered
111.001 was filtered out as 42525760 C>T needs T but not covered
111.002 was filtered out as 42525760 C>T needs T but not covered
112.001 was filtered out as 42522612 C>G needs C but not covered
113.001 was filtered out as 42522612 C>G needs C but not covered
114.001 was filtered out as 42525034 C>T needs T but not covered
115.001 was filtered out as 42522612 C>G needs C but not covered
116.001 was filtered out as 42522612 C>G needs C but not covered
117.001 was filtered out as 42523612 C>T needs T but not covered
118.001 was filtered out as 42522612 C>G needs C but not covered
119.001 was filtered out as 42522612 C>G needs C but not covered
120.001 was filtered out as 42522612 C>G needs C but not covered
121.001 was filtered out as 42525043 T>C needs C but not covered
122.001 was filtered out as 42522612 C>G needs C but not covered
123.001 was filtered out as 42523923 A>G needs G but not covered
124.001 was filtered out as 42522612 C>G needs C but not covered
124.002 was filtered out as 42522612 C>G needs C but not covered
125.001 was filtered out as 42522720 C>T needs T but not covered
126.001 was filtered out as 42525135 G>A needs A but not covered
127.001 was filtered out as 42522612 C>G needs C but not covered
128.001 was filtered out as 42525888 A>C needs C but not covered
129.001 was filtered out as 42525156 C>T needs T but not covered
130.001 was filtered out as 42522612 C>G needs C but not covered
131.001 was filtered out as 42522612 C>G needs C but not covered
132.001 was filtered out as 42523974 T>C needs C but not covered
133.001 was filtered out as 42523603 C>T needs T but not covered
134.001 was filtered out as 42522612 C>G needs C but not covered
135.001 was filtered out as 42522927 G>A needs A but not covered
136.001 was filtered out as 42522878 G>A needs A but not covered
137.001 was filtered out as 42522612 C>G needs C but not covered
138.001 was filtered out as 42522648 C>T needs T but not covered
139.001 was filtered out as 42522612 C>G needs C but not covered
140.001 was filtered out as 42522612 C>G needs C but not covered
141.001 was filtered out as 42522664 G>C needs C but not covered
141.1001 was filtered out as 42522612 C>G needs C but not covered
142.001 was filtered out as 42526711 G>A needs A but not covered
143.001 was filtered out as 42522612 C>G needs C but not covered
144.001 was filtered out as 42522612 C>G needs C but not covered
145.001 was filtered out as 42522612 C>G needs C but not covered
146.001 was filtered out as 42526716 C>T needs T but not covered
147.001 was filtered out as 42524928 insGGGGCGAAA not covered (cov=0)
148.001 was filtered out as 42526716 C>T needs T but not covered
149.001 was filtered out as 42525131 C.C>G.T needs M but not covered
152.001 was filtered out as 42522612 C>G needs C but not covered
153.001 was filtered out as 42522612 C>G needs C but not covered
154.001 was filtered out as 42525771 G>A needs A but not covered
155.001 was filtered out as 42525131 C.C>G.T needs M but not covered
156.001 was filtered out as 42525131 C.C>G.T needs M but not covered
157.001 was filtered out as 42525131 C.C>G.T needs M but not covered
158.001 was filtered out as 42523606 T>G needs G but not covered
159.001 was filtered out as 42526671 G>A needs A but not covered
160.001 was filtered out as 42525820 G>T needs T but not covered
161.001 was filtered out as 42525184 C>A needs A but not covered
162.001 was filtered out as 42522939 C>T needs T but not covered
163.001 was filtered out as 42525157 A>G needs G but not covered
[filter] CYP2D6 2.001 => 2.001; 2.002; 2.003; 2.005; 2.006; 2.007; 2.008; 2.009; 2.010; 2.011; 2.012; 2.013; 2.014; 2.015; 2.016; 2.017; 2.018; 2.019; 2.020; 2.021; 2.022; 2.023; 2.024; 2.025; 2.026; 2.027; 2.028; 2.030
[filter] CYP2D6 10.001 => 10.001; 10.002; 10.003; 10.004; 10.005; 10.006; 10.007; 10.1004
[filter] CYP2D6 39.001 => 39.001
[filter] CYP2D6 41.001 => 41.001; 41.002; 41.003; 41.004; 41.005
[filter] CYP2D6 65.001 => 65.001
[filter] CYP2D6 69.001 => 69.001
[filter] valid_alleles=44
Step 0: Loss=1.1349, CN=[2.0999167]
Step 100: Loss=0.4586, CN=[3.933809]
Step 200: Loss=0.4500, CN=[3.971679]
Step 300: Loss=0.4474, CN=[3.9836123]
Step 400: Loss=0.4462, CN=[3.9890878]

=== Fit ===
Region 0: obs=5.588, exp=3.992, diff=+1.596 *
Region 1: obs=4.848, exp=3.992, diff=+0.855 *
Region 2: obs=4.152, exp=3.992, diff=+0.160 
Region 3: obs=4.624, exp=3.992, diff=+0.632 *
Region 4: obs=4.470, exp=3.992, diff=+0.478 
Region 5: obs=5.737, exp=3.992, diff=+1.745 *
Region 6: obs=4.839, exp=3.992, diff=+0.847 *
Region 7: obs=4.958, exp=3.992, diff=+0.966 *
Region 8: obs=4.226, exp=3.992, diff=+0.234 
Region 9: obs=4.474, exp=3.992, diff=+0.482 
Region 10: obs=4.785, exp=3.992, diff=+0.793 *
Region 11: obs=5.092, exp=3.992, diff=+1.100 *
Region 12: obs=4.798, exp=3.992, diff=+0.806 *
Region 13: obs=5.338, exp=3.992, diff=+1.346 *
Region 14: obs=6.371, exp=3.992, diff=+2.379 *
Region 15: obs=5.576, exp=3.992, diff=+1.584 *
Region 16: obs=5.083, exp=3.992, diff=+1.091 *
Region 17: obs=3.577, exp=3.992, diff=-0.415 
Region 18: obs=2.615, exp=3.992, diff=-1.377 *
Region 19: obs=2.878, exp=3.992, diff=-1.114 *
Region 20: obs=2.534, exp=3.992, diff=-1.458 *
Region 21: obs=0.000, exp=3.992, diff=-3.992 *
Region 22: obs=3.390, exp=3.992, diff=-0.602 *

[Gene CN Results]
  CYP2D6: 3.99 → 3.9920973777770996

=== CYP2D6 Fusion Template CN Estimation ===

Using CN configs: ['1', '68.001', '141.1001']

Region coverage:
  up: 5.6
  utr5: 4.8
  e1: 4.2
  i1: 4.6
  e2: 4.5
  i2: 5.7
  e3: 4.8
  i3: 5.0
  e4: 4.2
  i4: 4.5
  e5: 4.8
  i5: 5.1
  e6: 4.8
  i6: 5.3
  e7: 6.4
  i7: 5.6
  e8: 5.1
  i8: 3.6
  e9: 2.6
  utr3: 2.9
  ins: 2.5
  pce: 0.0
  rep: 3.4
  e1_2d7: 0.3
  e2_2d7: 0.8
  e3_2d7: 0.3
  e5_2d7: 0.2
  e6_2d7: 0.6
  e9_2d7: 1.9
  pce_2d7: 2.8

CN configs: ['1', '68.001', '141.1001']
PCE contributions: {'1': tensor(0.), '68.001': tensor(1.), '141.1001': tensor(1.)}
Gene CN: 3.99 → required total: 4
Respect gene CN constraint: True
Enumerating configurations that sum to 4...
Evaluated 12 configurations

Top 5 configurations:
  1. loss=17.92: 1:2, 141.1001:2
  2. loss=20.85: 1:3, 141.1001:1
  3. loss=25.50: 1:1, 141.1001:3
  4. loss=46.85: 1:2, 68.001:1, 141.1001:1
  5. loss=49.77: 1:3, 68.001:1

Best CN assignment (loss=17.92):
  1: 2
  141.1001: 2
  Total: 4

Fit comparison:
  up: obs=5.6, exp=4.0, diff=+1.6
  utr5: obs=4.8, exp=4.0, diff=+0.8
  e1: obs=4.2, exp=4.0, diff=+0.2
  i1: obs=4.6, exp=4.0, diff=+0.6
  e2: obs=4.5, exp=4.0, diff=+0.5
  i2: obs=5.7, exp=4.0, diff=+1.7
  e3: obs=4.8, exp=4.0, diff=+0.8
  i3: obs=5.0, exp=4.0, diff=+1.0
  e4: obs=4.2, exp=4.0, diff=+0.2
  i4: obs=4.5, exp=4.0, diff=+0.5
  e5: obs=4.8, exp=4.0, diff=+0.8
  i5: obs=5.1, exp=4.0, diff=+1.1
  e6: obs=4.8, exp=4.0, diff=+0.8
  i6: obs=5.3, exp=4.0, diff=+1.3
  e7: obs=6.4, exp=4.0, diff=+2.4
  i7: obs=5.6, exp=4.0, diff=+1.6
  e8: obs=5.1, exp=4.0, diff=+1.1
  i8: obs=3.6, exp=4.0, diff=-0.4
  e9: obs=2.6, exp=2.0, diff=+0.6
  utr3: obs=2.9, exp=2.0, diff=+0.9
  ins: obs=2.5, exp=2.0, diff=+0.5
  pce: obs=0.0, exp=0.0, diff=+0.0
  rep: obs=3.4, exp=2.0, diff=+1.4
  e1_2d7: obs=0.3, exp=0.0, diff=+0.3
  e2_2d7: obs=0.8, exp=0.0, diff=+0.8
  e3_2d7: obs=0.3, exp=0.0, diff=+0.3
  e5_2d7: obs=0.2, exp=0.0, diff=+0.2
  e6_2d7: obs=0.6, exp=0.0, diff=+0.6
  e9_2d7: obs=1.9, exp=2.0, diff=-0.1
  pce_2d7: obs=2.8, exp=2.0, diff=+0.8

[Selected CN Configs] 1:2, 141.1001:2
  Total CYP2D6 CN: 4

[Filtering alleles by cn_config]

  WARNING: CN config '141.1001' has no valid alleles!
  Re-enabling alleles and filtering by their own functional mutations...
  Rescued 2 alleles for cn_config '141.1001'

Kept alleles by cn_config:
  1: 6 major alleles
    *10.001, *2.001, *39.001, *41.001, *65.001, *69.001
  141.1001: 2 major alleles
    *36.1001, *83.1003

  Filtered: 0 alleles
  Kept: 46 alleles

[Updating N variant counts for deleted regions]
  CN config '141.1001' (CN=2): deleted regions = ['e9', 'utr3', 'ins', 'pce', 'rep']
    Expected N count per position: 37
  Total updated: 39 positions

[Rebuilding allele vectors for fusion cn_configs]
Using device: cuda

CYP2D6*2.001:

CYP2D6*2.002:

CYP2D6*2.003:

CYP2D6*2.005:

CYP2D6*2.006:

CYP2D6*2.007:

CYP2D6*2.008:

CYP2D6*2.009:

CYP2D6*2.010:

CYP2D6*2.011:

CYP2D6*2.012:

CYP2D6*2.013:

CYP2D6*2.014:

CYP2D6*2.015:

CYP2D6*2.016:

CYP2D6*2.017:

CYP2D6*2.018:

CYP2D6*2.019:

CYP2D6*2.020:

CYP2D6*2.021:

CYP2D6*2.022:

CYP2D6*2.023:

CYP2D6*2.024:

CYP2D6*2.025:

CYP2D6*2.026:

CYP2D6*2.027:

CYP2D6*2.028:

CYP2D6*2.030:

CYP2D6*10.001:

CYP2D6*10.002:

CYP2D6*10.003:

CYP2D6*10.004:

CYP2D6*10.005:

CYP2D6*10.006:

CYP2D6*10.007:

CYP2D6*10.1004:

CYP2D6*36.1001:

CYP2D6*39.001:

CYP2D6*41.001:

CYP2D6*41.002:

CYP2D6*41.003:

CYP2D6*41.004:

CYP2D6*41.005:

CYP2D6*65.001:

CYP2D6*69.001:

CYP2D6*83.1003:

=== Running VAE with seed 42 ===
Global Pooled JS: 0.084773
functional kld weight 0.0
Seed 42, Step    0: Loss = 2343.25 (Recon: 1943.50, Allele KL: 211.79, Base KL: 139314.62, Functional KL: 0.08
Global Pooled JS: 0.007636
functional kld weight 27.77777777777777
Seed 42, Step  500: Loss = 726.76 (Recon: 584.56, Allele KL: 41.62, Base KL: 25898.26, Functional KL: 0.01
Global Pooled JS: 0.008512
functional kld weight 222.22222222222217
Seed 42, Step 1000: Loss = 723.74 (Recon: 580.09, Allele KL: 56.19, Base KL: 25057.82, Functional KL: 0.01
Global Pooled JS: 0.008470
functional kld weight 750.0
Seed 42, Step 1500: Loss = 728.64 (Recon: 575.14, Allele KL: 65.29, Base KL: 25710.90, Functional KL: 0.01
Global Pooled JS: 0.009321
functional kld weight 1777.7777777777774
Seed 42, Step 2000: Loss = 757.03 (Recon: 578.02, Allele KL: 84.25, Base KL: 25739.63, Functional KL: 0.01
Global Pooled JS: 0.006330
functional kld weight 3472.222222222223
Seed 42, Step 2500: Loss = 743.13 (Recon: 582.33, Allele KL: 47.22, Base KL: 27576.41, Functional KL: 0.01

Top Variants with Coverage Mismatches:
Rank   Variant                        Expected     Observed     Diff       |Div|       
------------------------------------------------------------------------------------------
1      CYP2D6:42522612→G              35.41        49.00        -13.59     0.001468    
2      CYP2D6:42526693→A              55.36        41.00        14.36      0.001447    
3      CYP2D6:42526693→G              18.28        15.00        3.28       0.000219    
4      CYP2D6:42523942→A              17.65        21.00        -3.35      0.000193    
5      CYP2D6:42526693→P              0.18         0.00         0.18       0.000171    
6      CYP2D6:42526693→T              0.18         0.00         0.18       0.000167    
7      CYP2D6:42526693→N              0.18         0.00         0.18       0.000167    
8      CYP2D6:42526693→M              0.18         0.00         0.18       0.000167    
9      CYP2D6:42526693→C              0.18         0.00         0.18       0.000167    
10     CYP2D6:42522612→M              0.13         0.00         0.13       0.000122    
11     CYP2D6:42522612→A              0.13         0.00         0.13       0.000121    
12     CYP2D6:42522612→T              0.13         0.00         0.13       0.000121    
13     CYP2D6:42522612→P              0.13         0.00         0.13       0.000121    
14     CYP2D6:42522612→C              0.13         0.00         0.13       0.000119    
15     CYP2D6:42523804→C              58.06        62.00        -3.94      0.000085    
16     CYP2D6:42523942→G              56.52        53.00        3.52       0.000078    
17     CYP2D6:42523942→T              0.08         0.00         0.08       0.000071    
18     CYP2D6:42523942→P              0.08         0.00         0.08       0.000071    
19     CYP2D6:42523942→C              0.08         0.00         0.08       0.000071    
20     CYP2D6:42523942→M              0.07         0.00         0.07       0.000070    
21     CYP2D6:42523942→N              0.07         0.00         0.07       0.000069    
22     CYP2D6:42523804→M              0.07         0.00         0.07       0.000060    
23     CYP2D6:42523804→P              0.06         0.00         0.06       0.000060    
24     CYP2D6:42523804→N              0.06         0.00         0.06       0.000060    
25     CYP2D6:42523804→G              0.06         0.00         0.06       0.000059    
26     CYP2D6:42523804→A              0.06         0.00         0.06       0.000058    
27     CYP2D6:42525131→G              74.50        78.00        -3.50      0.000052    
28     CYP2D6:42525131→C              0.04         0.00         0.04       0.000039    
29     CYP2D6:42522612→N              38.49        37.00        1.49       0.000020    
30     CYP2D6:42523804→T              16.17        17.00        -0.83      0.000014    
31     CYP2D6:42525131→A              0.00         0.00         0.00       0.000000    
32     CYP2D6:42525131→M              0.00         0.00         0.00       0.000000    
33     CYP2D6:42525131→N              0.00         0.00         0.00       0.000000    
34     CYP2D6:42525131→P              0.00         0.00         0.00       0.000000    
35     CYP2D6:42525131→T              0.00         0.00         0.00       0.000000    
New best model with final loss: 766.73

=== Multi-Seed VAE Results ===
Best model had seed 42 with final loss: 766.73
All seeds final losses:
  Seed 42: Total=766.73 (Recon=577.55, A_KL=62.22, B_KL=30318.40) <- Best

[Raw]:
CYP2D6*36: Normalized=0.5138, Unnormalized=0.51
CYP2D6*10: Normalized=0.2420, Unnormalized=0.24
CYP2D6*41: Normalized=0.2212, Unnormalized=0.22

Allocating by cn_config:

Major allele -> cn_config mapping:
  *10 -> 1
  *2 -> 1
  *36 -> 141.1001
  *39 -> 1
  *41 -> 1
  *65 -> 1
  *69 -> 1
  *83 -> 141.1001
  CN config '1' (CN=2): {'10': 1, '41': 1}
  CN config '141.1001' (CN=2): {'36': 2}

[Alleles]
CYP2D6*10
CYP2D6*41
CYP2D6*36
CYP2D6*36
	Command being timed: "python cyp.py CYP2D6 /project/shared/aldy-data/wgs/NA18540.wgs.cram"
	User time (seconds): 75.29
	System time (seconds): 14.42
	Percent of CPU this job got: 99%
	Elapsed (wall clock) time (h:mm:ss or m:ss): 1:29.94
	Average shared text size (kbytes): 0
	Average unshared data size (kbytes): 0
	Average stack size (kbytes): 0
	Average total size (kbytes): 0
	Maximum resident set size (kbytes): 2004820
	Average resident set size (kbytes): 0
	Major (requiring I/O) page faults: 0
	Minor (reclaiming a frame) page faults: 700888
	Voluntary context switches: 9656
	Involuntary context switches: 110
	Swaps: 0
	File system inputs: 0
	File system outputs: 64
	Socket messages sent: 0
	Socket messages received: 0
	Signals delivered: 0
	Page size (bytes): 4096
	Exit status: 0
