[info] total indices 441
[info] total variants 441
2.001 was filtered out as 41497273 C>T needs T but not covered
2.002 was filtered out as 41497273 C>T needs T but not covered
3.001 was filtered out as 41515254 C>A needs A but not covered
5.001 was filtered out as 41522714 C>T needs T but not covered
5.002 was filtered out as 41522714 C>T needs T but not covered
5.003 was filtered out as 41522714 C>T needs T but not covered
7.001 was filtered out as 41522714 C>T needs T but not covered
8.001 was filtered out as 41510281 A>G needs G but not covered
10.001 was filtered out as 41497273 C>T needs T but not covered
11.001 was filtered out as 41497345 A>G needs G but not covered
12.001 was filtered out as 41510029 G>A needs A but not covered
13.001 was filtered out as 41510281 A>G needs G but not covered
14.001 was filtered out as 41510285 G>A needs A but not covered
15.001 was filtered out as 41518597 T>A needs A but not covered
17.001 was filtered out as 41497285 A>T needs T but not covered
17.002 was filtered out as 41497285 A>T needs T but not covered
18.001 was filtered out as 41518220 T>C needs C but not covered
18.002 was filtered out as 41518220 T>C needs C but not covered
19.001 was filtered out as 41518243 C>T needs T but not covered
20.001 was filtered out as 41512827 C>T needs T but not covered
21.001 was filtered out as 41518707 C>A needs A but not covered
22.001 was filtered out as 41497128 T>C needs C but not covered
23.001 was filtered out as 41522630 A>G needs G but not covered
24.001 was filtered out as 41522682 G>A needs A but not covered
25.001 was filtered out as 41522709 A>T needs T but not covered
26.001 was filtered out as 41512823 C>G needs G but not covered
27.001 was filtered out as 41512917 T>C needs C but not covered
28.001 was filtered out as 41515992 C>G needs G but not covered
31.001 was filtered out as 41516012 C>A needs A but not covered
32.001 was filtered out as 41518644 G>A needs A but not covered
33.001 was filtered out as 41522714 C>A needs A but not covered
34.001 was filtered out as 41497128 T>C needs C but not covered
35.001 was filtered out as 41497128 T>C needs C but not covered
36.001 was filtered out as 41497128 T>C needs C but not covered
37.001 was filtered out as 41512872 T>G needs G but not covered
38.001 was filtered out as 41509919 T>A needs A but not covered
[filter] CYP2B6 1 => 1.001; 1.002; 1.003; 1.004; 1.005; 1.006; 1.007; 1.008; 1.009; 1.010; 1.011; 1.012; 1.013; 1.014; 1.015
[filter] CYP2B6 4 => 4.001; 4.002
[filter] CYP2B6 6 => 6.001; 6.002; 6.003; 6.004
[filter] CYP2B6 9 => 9.001
[filter] valid_alleles=22
Step 0: Loss=0.0635, CN=[2.0999167]
Step 100: Loss=0.0375, CN=[2.2404437]
Step 200: Loss=0.0375, CN=[2.2411633]
Step 300: Loss=0.0375, CN=[2.2411609]
Step 400: Loss=0.0375, CN=[2.2411606]

=== Fit ===
Region 0: obs=2.159, exp=2.241, diff=-0.082 
Region 1: obs=2.154, exp=2.241, diff=-0.087 
Region 2: obs=1.787, exp=2.241, diff=-0.454 
Region 3: obs=2.248, exp=2.241, diff=+0.006 
Region 4: obs=1.737, exp=2.241, diff=-0.504 *
Region 5: obs=2.156, exp=2.241, diff=-0.086 
Region 6: obs=2.563, exp=2.241, diff=+0.322 
Region 7: obs=2.205, exp=2.241, diff=-0.036 
Region 8: obs=2.690, exp=2.241, diff=+0.448 
Region 9: obs=1.905, exp=2.241, diff=-0.336 
Region 10: obs=2.507, exp=2.241, diff=+0.266 
Region 11: obs=2.797, exp=2.241, diff=+0.555 *
Region 12: obs=2.673, exp=2.241, diff=+0.431 
Region 13: obs=2.253, exp=2.241, diff=+0.012 
Region 14: obs=2.073, exp=2.241, diff=-0.168 
Region 15: obs=2.360, exp=2.241, diff=+0.119 
Region 16: obs=2.200, exp=2.241, diff=-0.041 
Region 17: obs=2.290, exp=2.241, diff=+0.049 
Region 18: obs=2.014, exp=2.241, diff=-0.228 
Region 19: obs=2.224, exp=2.241, diff=-0.017 
Region 20: obs=2.122, exp=2.241, diff=-0.119 

[Gene CN Results]
  CYP2B6: 2.24 → 2.2411606311798096
Using device: cuda

CYP2B6*1.001:

CYP2B6*1.002:

CYP2B6*1.003:

CYP2B6*1.004:

CYP2B6*1.005:

CYP2B6*1.006:

CYP2B6*1.007:

CYP2B6*1.008:

CYP2B6*1.009:

CYP2B6*1.010:

CYP2B6*1.011:

CYP2B6*1.012:

CYP2B6*1.013:

CYP2B6*1.014:

CYP2B6*1.015:

CYP2B6*4.001:

CYP2B6*4.002:

CYP2B6*6.001:

CYP2B6*6.002:

CYP2B6*6.003:

CYP2B6*6.004:

CYP2B6*9.001:

=== Running VAE with seed 1024 ===
Global Pooled JS: 0.155324
functional kld weight 0.0
Seed 1024, Step    0: Loss = 1008.33 (Recon: 957.77, Allele KL: 23.33, Base KL: 2477.77, Functional KL: 0.16
Global Pooled JS: 0.011773
functional kld weight 27.77777777777777
Seed 1024, Step  500: Loss = 294.24 (Recon: 226.20, Allele KL: 41.01, Base KL: 1879.92, Functional KL: 0.01
Global Pooled JS: 0.007266
functional kld weight 222.22222222222217
Seed 1024, Step 1000: Loss = 299.44 (Recon: 241.13, Allele KL: 29.50, Base KL: 2133.22, Functional KL: 0.01
Global Pooled JS: 0.005276
functional kld weight 750.0
Seed 1024, Step 1500: Loss = 301.42 (Recon: 240.37, Allele KL: 29.26, Base KL: 2906.08, Functional KL: 0.01
Global Pooled JS: 0.006884
functional kld weight 1777.7777777777774
Seed 1024, Step 2000: Loss = 308.83 (Recon: 224.53, Allele KL: 43.33, Base KL: 4095.96, Functional KL: 0.01
Global Pooled JS: 0.003810
functional kld weight 3472.222222222223
Seed 1024, Step 2500: Loss = 319.17 (Recon: 240.81, Allele KL: 33.44, Base KL: 6659.92, Functional KL: 0.00

Top Variants with Coverage Mismatches:
Rank   Variant                        Expected     Observed     Diff       |Div|       
------------------------------------------------------------------------------------------
1      CYP2B6:41515262→A              16.62        23.00        -6.38      0.000811    
2      CYP2B6:41512840→T              20.74        22.00        -1.26      0.000259    
3      CYP2B6:41515262→M              0.05         0.00         0.05       0.000226    
4      CYP2B6:41515262→N              0.05         0.00         0.05       0.000222    
5      CYP2B6:41515262→T              0.05         0.00         0.05       0.000219    
6      CYP2B6:41515262→P              0.05         0.00         0.05       0.000218    
7      CYP2B6:41515262→C              0.05         0.00         0.05       0.000211    
8      CYP2B6:41512840→A              0.04         0.00         0.04       0.000171    
9      CYP2B6:41512840→N              0.04         0.00         0.04       0.000164    
10     CYP2B6:41512840→P              0.04         0.00         0.04       0.000163    
11     CYP2B6:41512840→M              0.04         0.00         0.04       0.000159    
12     CYP2B6:41512840→C              0.04         0.00         0.04       0.000158    
13     CYP2B6:41515262→G              24.77        27.00        -2.23      0.000156    
14     CYP2B6:41512840→G              20.71        25.00        -4.29      0.000041    
New best model with final loss: 343.01

=== Multi-Seed VAE Results ===
Best model had seed 1024 with final loss: 343.01
All seeds final losses:
  Seed 1024: Total=343.01 (Recon=250.28, A_KL=38.50, B_KL=9432.17) <- Best

[Raw]:
CYP2B6*6: Normalized=0.4999, Unnormalized=0.50
CYP2B6*1: Normalized=0.3934, Unnormalized=0.39

[Alleles]
CYP2B6*6
CYP2B6*1
	Command being timed: "python cyp.py CYP2B6 /project/shared/aldy-data/wgs/NA18509.wgs.cram 1024"
	User time (seconds): 53.76
	System time (seconds): 12.04
	Percent of CPU this job got: 98%
	Elapsed (wall clock) time (h:mm:ss or m:ss): 1:06.77
	Average shared text size (kbytes): 0
	Average unshared data size (kbytes): 0
	Average stack size (kbytes): 0
	Average total size (kbytes): 0
	Maximum resident set size (kbytes): 1884996
	Average resident set size (kbytes): 0
	Major (requiring I/O) page faults: 0
	Minor (reclaiming a frame) page faults: 584872
	Voluntary context switches: 10158
	Involuntary context switches: 120
	Swaps: 0
	File system inputs: 0
	File system outputs: 24
	Socket messages sent: 0
	Socket messages received: 0
	Signals delivered: 0
	Page size (bytes): 4096
	Exit status: 0
