[info] total indices 224
[info] total variants 224
2.001 was filtered out as 96818105 T>A needs A but not covered
2.002 was filtered out as 96818105 T>A needs A but not covered
3.001 was filtered out as 96827029 C>T needs T but not covered
3.002 was filtered out as 96827029 C>T needs T but not covered
4.001 was filtered out as 96818118 G>C needs C but not covered
4.002 was filtered out as 96818118 G>C needs C but not covered
5.001 was filtered out as 96826970 delT needs N but not covered
6.001 was filtered out as 96824687 C>T needs T but not covered
7.001 was filtered out as 96824642 G>A needs A but not covered
8.001 was filtered out as 96824642 G>C needs C but not covered
9.001 was filtered out as 96818170 T>C needs C but not covered
10.001 was filtered out as 96802646 C>A needs A but not covered
11.001 was filtered out as 96805707 C>A needs A but not covered
12.001 was filtered out as 96796973 delCAA needs N but not covered
13.001 was filtered out as 96818241 A>C needs C but not covered
14.001 was filtered out as 96818198 C>G needs G but not covered
15.001 was filtered out as 96824657 C>T needs T but not covered
16.001 was filtered out as 96802803 A>G needs G but not covered
17.001 was filtered out as 96818180 T>C needs C but not covered
18.001 was filtered out as 96802714 G>A needs A but not covered
[filter] CYP2C8 1.001 => 1.001; 1.002; 1.003; 1.004; 1.005; 1.006; 1.007; 1.008; 1.009; 1.010; 1.011; 1.012; 1.013; 1.014; 1.015; 1.016; 1.017; 1.018
[filter] valid_alleles=18
Step 0: Loss=0.1895, CN=[2.0999167]
Step 100: Loss=0.0194, CN=[2.6196656]
Step 200: Loss=0.0194, CN=[2.622019]
Step 300: Loss=0.0194, CN=[2.62203]
Step 400: Loss=0.0194, CN=[2.62203]

=== Fit ===
Region 0: obs=2.977, exp=2.622, diff=+0.355 
Region 1: obs=2.340, exp=2.622, diff=-0.282 
Region 2: obs=2.552, exp=2.622, diff=-0.070 
Region 3: obs=2.905, exp=2.622, diff=+0.283 
Region 4: obs=2.726, exp=2.622, diff=+0.104 
Region 5: obs=2.455, exp=2.622, diff=-0.167 
Region 6: obs=2.725, exp=2.622, diff=+0.103 
Region 7: obs=2.574, exp=2.622, diff=-0.048 
Region 8: obs=2.633, exp=2.622, diff=+0.011 
Region 9: obs=2.485, exp=2.622, diff=-0.137 
Region 10: obs=2.999, exp=2.622, diff=+0.377 
Region 11: obs=2.611, exp=2.622, diff=-0.011 
Region 12: obs=2.291, exp=2.622, diff=-0.331 
Region 13: obs=2.658, exp=2.622, diff=+0.036 
Region 14: obs=2.547, exp=2.622, diff=-0.075 
Region 15: obs=2.661, exp=2.622, diff=+0.039 
Region 16: obs=2.588, exp=2.622, diff=-0.034 
Region 17: obs=2.230, exp=2.622, diff=-0.392 
Region 18: obs=2.794, exp=2.622, diff=+0.172 
Region 19: obs=2.718, exp=2.622, diff=+0.096 
Region 20: obs=2.592, exp=2.622, diff=-0.030 

[Gene CN Results]
  CYP2C8: 2.62 → 2.622030019760132
Using device: cuda

CYP2C8*1.001:

CYP2C8*1.002:

CYP2C8*1.003:

CYP2C8*1.004:

CYP2C8*1.005:

CYP2C8*1.006:

CYP2C8*1.007:

CYP2C8*1.008:

CYP2C8*1.009:

CYP2C8*1.010:

CYP2C8*1.011:

CYP2C8*1.012:

CYP2C8*1.013:

CYP2C8*1.014:

CYP2C8*1.015:

CYP2C8*1.016:

CYP2C8*1.017:

CYP2C8*1.018:

=== Running VAE with seed 42 ===
Global Pooled JS: 0.000000
functional kld weight 0.0
Seed 42, Step    0: Loss = 193.87 (Recon: 149.54, Allele KL: 15.48, Base KL: 1404.81, Functional KL: 0.00
Global Pooled JS: 0.000000
functional kld weight 27.77777777777777
Seed 42, Step  500: Loss = 147.30 (Recon: 99.19, Allele KL: 20.50, Base KL: 3633.71, Functional KL: 0.00
Global Pooled JS: 0.000000
functional kld weight 222.22222222222217
Seed 42, Step 1000: Loss = 122.32 (Recon: 76.42, Allele KL: 17.40, Base KL: 3632.09, Functional KL: 0.00
Global Pooled JS: 0.000000
functional kld weight 750.0
Seed 42, Step 1500: Loss = 155.38 (Recon: 112.98, Allele KL: 12.58, Base KL: 3864.75, Functional KL: 0.00
Global Pooled JS: 0.000000
functional kld weight 1777.7777777777774
Seed 42, Step 2000: Loss = 127.16 (Recon: 73.84, Allele KL: 24.81, Base KL: 3470.08, Functional KL: 0.00
Global Pooled JS: 0.000000
functional kld weight 3472.222222222223
Seed 42, Step 2500: Loss = 129.45 (Recon: 79.64, Allele KL: 21.56, Base KL: 3795.13, Functional KL: 0.00

Top Variants with Coverage Mismatches:
Rank   Variant                        Expected     Observed     Diff       |Div|       
------------------------------------------------------------------------------------------
New best model with final loss: 126.57

=== Multi-Seed VAE Results ===
Best model had seed 42 with final loss: 126.57
All seeds final losses:
  Seed 42: Total=126.57 (Recon=80.46, A_KL=17.43, B_KL=3768.45) <- Best

[Raw]:
CYP2C8*1: Normalized=1.0000, Unnormalized=1.00

[Alleles]
CYP2C8*1
CYP2C8*1
	Command being timed: "python cyp.py CYP2C8 /project/shared/aldy-data/wgs/NA06991.wgs.cram 42"
	User time (seconds): 96.23
	System time (seconds): 20.18
	Percent of CPU this job got: 99%
	Elapsed (wall clock) time (h:mm:ss or m:ss): 1:56.68
	Average shared text size (kbytes): 0
	Average unshared data size (kbytes): 0
	Average stack size (kbytes): 0
	Average total size (kbytes): 0
	Maximum resident set size (kbytes): 1907752
	Average resident set size (kbytes): 0
	Major (requiring I/O) page faults: 0
	Minor (reclaiming a frame) page faults: 617051
	Voluntary context switches: 10448
	Involuntary context switches: 194
	Swaps: 0
	File system inputs: 0
	File system outputs: 24
	Socket messages sent: 0
	Socket messages received: 0
	Signals delivered: 0
	Page size (bytes): 4096
	Exit status: 0
