[info] total indices 224
[info] total variants 224
2.001 was filtered out as 96818105 T>A needs A but not covered
2.002 was filtered out as 96818105 T>A needs A but not covered
4.001 was filtered out as 96818118 G>C needs C but not covered
4.002 was filtered out as 96818118 G>C needs C but not covered
5.001 was filtered out as 96826970 delT needs N but not covered
6.001 was filtered out as 96824687 C>T needs T but not covered
7.001 was filtered out as 96824642 G>A needs A but not covered
8.001 was filtered out as 96824642 G>C needs C but not covered
9.001 was filtered out as 96818170 T>C needs C but not covered
10.001 was filtered out as 96802646 C>A needs A but not covered
11.001 was filtered out as 96805707 C>A needs A but not covered
12.001 was filtered out as 96796973 delCAA needs N but not covered
13.001 was filtered out as 96818241 A>C needs C but not covered
14.001 was filtered out as 96818198 C>G needs G but not covered
15.001 was filtered out as 96824657 C>T needs T but not covered
16.001 was filtered out as 96802803 A>G needs G but not covered
17.001 was filtered out as 96818180 T>C needs C but not covered
18.001 was filtered out as 96802714 G>A needs A but not covered
[filter] CYP2C8 1.001 => 1.001; 1.002; 1.003; 1.004; 1.005; 1.006; 1.007; 1.008; 1.009; 1.010; 1.011; 1.012; 1.013; 1.014; 1.015; 1.016; 1.017; 1.018
[filter] CYP2C8 3.001 => 3.001; 3.002
[filter] valid_alleles=20
Step 0: Loss=0.0257, CN=[2.0999167]
Step 100: Loss=0.0100, CN=[2.176313]
Step 200: Loss=0.0100, CN=[2.1770716]
Step 300: Loss=0.0100, CN=[2.1770718]
Step 400: Loss=0.0100, CN=[2.1770723]

=== Fit ===
Region 0: obs=2.183, exp=2.177, diff=+0.006 
Region 1: obs=2.271, exp=2.177, diff=+0.094 
Region 2: obs=1.768, exp=2.177, diff=-0.409 
Region 3: obs=2.368, exp=2.177, diff=+0.191 
Region 4: obs=2.029, exp=2.177, diff=-0.148 
Region 5: obs=2.156, exp=2.177, diff=-0.021 
Region 6: obs=2.034, exp=2.177, diff=-0.143 
Region 7: obs=2.339, exp=2.177, diff=+0.162 
Region 8: obs=2.099, exp=2.177, diff=-0.078 
Region 9: obs=2.212, exp=2.177, diff=+0.035 
Region 10: obs=2.299, exp=2.177, diff=+0.122 
Region 11: obs=2.176, exp=2.177, diff=-0.001 
Region 12: obs=2.363, exp=2.177, diff=+0.186 
Region 13: obs=2.274, exp=2.177, diff=+0.097 
Region 14: obs=1.994, exp=2.177, diff=-0.184 
Region 15: obs=2.274, exp=2.177, diff=+0.097 
Region 16: obs=2.160, exp=2.177, diff=-0.017 
Region 17: obs=2.326, exp=2.177, diff=+0.149 
Region 18: obs=2.114, exp=2.177, diff=-0.063 
Region 19: obs=2.164, exp=2.177, diff=-0.013 
Region 20: obs=2.118, exp=2.177, diff=-0.059 

[Gene CN Results]
  CYP2C8: 2.18 → 2.177072048187256
Using device: cuda

CYP2C8*1.001:

CYP2C8*1.002:

CYP2C8*1.003:

CYP2C8*1.004:

CYP2C8*1.005:

CYP2C8*1.006:

CYP2C8*1.007:

CYP2C8*1.008:

CYP2C8*1.009:

CYP2C8*1.010:

CYP2C8*1.011:

CYP2C8*1.012:

CYP2C8*1.013:

CYP2C8*1.014:

CYP2C8*1.015:

CYP2C8*1.016:

CYP2C8*1.017:

CYP2C8*1.018:

CYP2C8*3.001:

CYP2C8*3.002:

=== Running VAE with seed 42 ===
Global Pooled JS: 0.148891
functional kld weight 0.0
Seed 42, Step    0: Loss = 269.88 (Recon: 230.79, Allele KL: 13.29, Base KL: 1713.47, Functional KL: 0.15
Global Pooled JS: 0.018455
functional kld weight 27.77777777777777
Seed 42, Step  500: Loss = 141.91 (Recon: 97.39, Allele KL: 17.62, Base KL: 3463.32, Functional KL: 0.02
Global Pooled JS: 0.016791
functional kld weight 222.22222222222217
Seed 42, Step 1000: Loss = 138.31 (Recon: 86.97, Allele KL: 21.68, Base KL: 3584.01, Functional KL: 0.02
Global Pooled JS: 0.011254
functional kld weight 750.0
Seed 42, Step 1500: Loss = 146.01 (Recon: 91.99, Allele KL: 18.08, Base KL: 4425.98, Functional KL: 0.01
Global Pooled JS: 0.003193
functional kld weight 1777.7777777777774
Seed 42, Step 2000: Loss = 147.50 (Recon: 94.21, Allele KL: 18.66, Base KL: 5764.10, Functional KL: 0.00
Global Pooled JS: 0.002649
functional kld weight 3472.222222222223
Seed 42, Step 2500: Loss = 150.50 (Recon: 80.27, Allele KL: 31.54, Base KL: 7311.62, Functional KL: 0.00

Top Variants with Coverage Mismatches:
Rank   Variant                        Expected     Observed     Diff       |Div|       
------------------------------------------------------------------------------------------
1      CYP2C8:96827029→T              19.84        18.00        1.84       0.000174    
2      CYP2C8:96798748→T              23.74        25.00        -1.26      0.000168    
3      CYP2C8:96827029→P              0.04         0.00         0.04       0.000140    
4      CYP2C8:96827029→A              0.04         0.00         0.04       0.000140    
5      CYP2C8:96827029→G              0.04         0.00         0.04       0.000139    
6      CYP2C8:96827029→N              0.03         0.00         0.03       0.000138    
7      CYP2C8:96827029→M              0.03         0.00         0.03       0.000138    
8      CYP2C8:96798748→G              0.03         0.00         0.03       0.000133    
9      CYP2C8:96798748→P              0.03         0.00         0.03       0.000132    
10     CYP2C8:96798748→N              0.03         0.00         0.03       0.000132    
11     CYP2C8:96798748→M              0.03         0.00         0.03       0.000131    
12     CYP2C8:96798748→A              0.03         0.00         0.03       0.000131    
13     CYP2C8:96798748→C              19.85        20.00        -0.15      0.000018    
14     CYP2C8:96827029→C              23.74        23.00        0.74       0.000007    
New best model with final loss: 164.73

=== Multi-Seed VAE Results ===
Best model had seed 42 with final loss: 164.73
All seeds final losses:
  Seed 42: Total=164.73 (Recon=83.79, A_KL=24.40, B_KL=9928.25) <- Best

[Raw]:
CYP2C8*1: Normalized=0.5415, Unnormalized=0.54
CYP2C8*3: Normalized=0.4585, Unnormalized=0.46

[Alleles]
CYP2C8*1
CYP2C8*3
	Command being timed: "python cyp.py CYP2C8 /project/shared/aldy-data/wgs/NA07029.wgs.cram 42"
	User time (seconds): 94.98
	System time (seconds): 21.58
	Percent of CPU this job got: 99%
	Elapsed (wall clock) time (h:mm:ss or m:ss): 1:56.87
	Average shared text size (kbytes): 0
	Average unshared data size (kbytes): 0
	Average stack size (kbytes): 0
	Average total size (kbytes): 0
	Maximum resident set size (kbytes): 1881412
	Average resident set size (kbytes): 0
	Major (requiring I/O) page faults: 0
	Minor (reclaiming a frame) page faults: 496114
	Voluntary context switches: 9946
	Involuntary context switches: 201
	Swaps: 0
	File system inputs: 0
	File system outputs: 24
	Socket messages sent: 0
	Socket messages received: 0
	Signals delivered: 0
	Page size (bytes): 4096
	Exit status: 0
