[info] total indices 224
[info] total variants 224
2.001 was filtered out as 96818105 T>A needs A but not covered
2.002 was filtered out as 96818105 T>A needs A but not covered
3.001 was filtered out as 96827029 C>T needs T but not covered
3.002 was filtered out as 96827029 C>T needs T but not covered
4.001 was filtered out as 96818118 G>C needs C but not covered
4.002 was filtered out as 96818118 G>C needs C but not covered
5.001 was filtered out as 96826970 delT needs N but not covered
6.001 was filtered out as 96824687 C>T needs T but not covered
7.001 was filtered out as 96824642 G>A needs A but not covered
8.001 was filtered out as 96824642 G>C needs C but not covered
9.001 was filtered out as 96818170 T>C needs C but not covered
10.001 was filtered out as 96802646 C>A needs A but not covered
11.001 was filtered out as 96805707 C>A needs A but not covered
12.001 was filtered out as 96796973 delCAA needs N but not covered
13.001 was filtered out as 96818241 A>C needs C but not covered
14.001 was filtered out as 96818198 C>G needs G but not covered
15.001 was filtered out as 96824657 C>T needs T but not covered
16.001 was filtered out as 96802803 A>G needs G but not covered
18.001 was filtered out as 96802714 G>A needs A but not covered
[filter] CYP2C8 1.001 => 1.001; 1.002; 1.003; 1.004; 1.005; 1.006; 1.007; 1.008; 1.009; 1.010; 1.011; 1.012; 1.013; 1.014; 1.015; 1.016; 1.017; 1.018
[filter] CYP2C8 17.001 => 17.001
[filter] valid_alleles=19
Step 0: Loss=0.1209, CN=[2.0999167]
Step 100: Loss=0.0369, CN=[2.4407597]
Step 200: Loss=0.0369, CN=[2.441768]
Step 300: Loss=0.0369, CN=[2.4417746]
Step 400: Loss=0.0369, CN=[2.4417746]

=== Fit ===
Region 0: obs=2.310, exp=2.442, diff=-0.132 
Region 1: obs=2.710, exp=2.442, diff=+0.268 
Region 2: obs=2.197, exp=2.442, diff=-0.244 
Region 3: obs=2.409, exp=2.442, diff=-0.033 
Region 4: obs=2.289, exp=2.442, diff=-0.153 
Region 5: obs=2.308, exp=2.442, diff=-0.134 
Region 6: obs=2.301, exp=2.442, diff=-0.141 
Region 7: obs=2.504, exp=2.442, diff=+0.062 
Region 8: obs=2.303, exp=2.442, diff=-0.139 
Region 9: obs=2.410, exp=2.442, diff=-0.032 
Region 10: obs=1.813, exp=2.442, diff=-0.628 *
Region 11: obs=2.502, exp=2.442, diff=+0.060 
Region 12: obs=2.898, exp=2.442, diff=+0.456 
Region 13: obs=2.378, exp=2.442, diff=-0.064 
Region 14: obs=2.137, exp=2.442, diff=-0.305 
Region 15: obs=2.630, exp=2.442, diff=+0.188 
Region 16: obs=2.660, exp=2.442, diff=+0.218 
Region 17: obs=2.518, exp=2.442, diff=+0.076 
Region 18: obs=3.135, exp=2.442, diff=+0.693 *
Region 19: obs=2.684, exp=2.442, diff=+0.242 
Region 20: obs=2.249, exp=2.442, diff=-0.193 

[Gene CN Results]
  CYP2C8: 2.44 → 2.441774606704712
Using device: cuda

CYP2C8*1.001:

CYP2C8*1.002:

CYP2C8*1.003:

CYP2C8*1.004:

CYP2C8*1.005:

CYP2C8*1.006:

CYP2C8*1.007:

CYP2C8*1.008:

CYP2C8*1.009:

CYP2C8*1.010:

CYP2C8*1.011:

CYP2C8*1.012:

CYP2C8*1.013:

CYP2C8*1.014:

CYP2C8*1.015:

CYP2C8*1.016:

CYP2C8*1.017:

CYP2C8*1.018:

CYP2C8*17.001:

=== Running VAE with seed 42 ===
Global Pooled JS: 0.129421
functional kld weight 0.0
Seed 42, Step    0: Loss = 245.23 (Recon: 205.65, Allele KL: 11.15, Base KL: 2123.64, Functional KL: 0.13
Global Pooled JS: 0.012698
functional kld weight 27.77777777777777
Seed 42, Step  500: Loss = 141.74 (Recon: 98.96, Allele KL: 14.24, Base KL: 3795.56, Functional KL: 0.01
Global Pooled JS: 0.006032
functional kld weight 222.22222222222217
Seed 42, Step 1000: Loss = 130.46 (Recon: 83.67, Allele KL: 18.08, Base KL: 3749.95, Functional KL: 0.01
Global Pooled JS: 0.025844
functional kld weight 750.0
Seed 42, Step 1500: Loss = 162.35 (Recon: 103.02, Allele KL: 10.97, Base KL: 4405.67, Functional KL: 0.03
Global Pooled JS: 0.003307
functional kld weight 1777.7777777777774
Seed 42, Step 2000: Loss = 144.99 (Recon: 90.23, Allele KL: 18.92, Base KL: 5669.27, Functional KL: 0.00
Global Pooled JS: 0.001760
functional kld weight 3472.222222222223
Seed 42, Step 2500: Loss = 145.66 (Recon: 83.35, Allele KL: 26.00, Base KL: 6954.30, Functional KL: 0.00

Top Variants with Coverage Mismatches:
Rank   Variant                        Expected     Observed     Diff       |Div|       
------------------------------------------------------------------------------------------
1      CYP2C8:96818180→P              0.02         0.00         0.02       0.000163    
2      CYP2C8:96818180→N              0.02         0.00         0.02       0.000163    
3      CYP2C8:96818180→A              0.02         0.00         0.02       0.000160    
4      CYP2C8:96818180→G              0.02         0.00         0.02       0.000160    
5      CYP2C8:96818180→M              0.02         0.00         0.02       0.000155    
6      CYP2C8:96818180→C              16.81        12.00        4.81       0.000003    
7      CYP2C8:96818180→T              31.08        22.00        9.08       0.000000    
New best model with final loss: 149.68

=== Multi-Seed VAE Results ===
Best model had seed 42 with final loss: 149.68
All seeds final losses:
  Seed 42: Total=149.68 (Recon=90.05, A_KL=19.58, B_KL=8154.08) <- Best

[Raw]:
CYP2C8*1: Normalized=0.6469, Unnormalized=0.65
CYP2C8*17: Normalized=0.3531, Unnormalized=0.35

[Alleles]
CYP2C8*1
CYP2C8*17
	Command being timed: "python cyp.py CYP2C8 /project/shared/aldy-data/wgs/NA19213.wgs.cram 42"
	User time (seconds): 98.04
	System time (seconds): 20.33
	Percent of CPU this job got: 99%
	Elapsed (wall clock) time (h:mm:ss or m:ss): 1:58.65
	Average shared text size (kbytes): 0
	Average unshared data size (kbytes): 0
	Average stack size (kbytes): 0
	Average total size (kbytes): 0
	Maximum resident set size (kbytes): 1916936
	Average resident set size (kbytes): 0
	Major (requiring I/O) page faults: 0
	Minor (reclaiming a frame) page faults: 544385
	Voluntary context switches: 9950
	Involuntary context switches: 206
	Swaps: 0
	File system inputs: 0
	File system outputs: 24
	Socket messages sent: 0
	Socket messages received: 0
	Signals delivered: 0
	Page size (bytes): 4096
	Exit status: 0
