[info] total indices 175
[info] total variants 175
1.001 was filtered out as 99270538 T>C needs T but not covered
1.002 was filtered out as 99270538 T>C needs T but not covered
1.003 was filtered out as 99270538 T>C needs T but not covered
1.004 was filtered out as 99270538 T>C needs T but not covered
1.005 was filtered out as 99270538 T>C needs T but not covered
3.002 was filtered out as 99273814 G>A needs A but not covered
3.003 was filtered out as 99270275 A>C needs C but not covered
3.004 was filtered out as 99245973 A>G needs G but not covered
3.005 was filtered out as 99264572 A>G needs G but not covered
3.006 was filtered out as 99247742 T>C needs C but not covered
3.007 was filtered out as 99247771 A>G needs G but not covered
3.008 was filtered out as 99273744 T>C needs C but not covered
3.009 was filtered out as 99262859 T>C needs C but not covered
3.010 was filtered out as 99250235 G>T needs T but not covered
3.017 was filtered out as 99262850 A>C needs C but not covered
6.001 was filtered out as 99270538 T>C needs T but not covered
7.001 was filtered out as 99270538 T>C needs T but not covered
8.001 was filtered out as 99270538 T>C needs T but not covered
9.001 was filtered out as 99270538 T>C needs T but not covered
[filter] CYP3A5 3 => 3.001; 3.012; 3.013; 3.014; 3.015; 3.016
[filter] valid_alleles=6
Step 0: Loss=0.2010, CN=[2.0999167]
Step 100: Loss=0.0494, CN=[2.612609]
Step 200: Loss=0.0494, CN=[2.6136231]
Step 300: Loss=0.0494, CN=[2.6136274]
Step 400: Loss=0.0494, CN=[2.6136274]

=== Fit ===
Region 0: obs=2.569, exp=2.614, diff=-0.045 
Region 1: obs=2.196, exp=2.614, diff=-0.417 
Region 2: obs=2.342, exp=2.614, diff=-0.272 
Region 3: obs=2.575, exp=2.614, diff=-0.039 
Region 4: obs=2.704, exp=2.614, diff=+0.090 
Region 5: obs=2.286, exp=2.614, diff=-0.328 
Region 6: obs=3.542, exp=2.614, diff=+0.928 *
Region 7: obs=2.578, exp=2.614, diff=-0.036 
Region 8: obs=3.122, exp=2.614, diff=+0.508 *
Region 9: obs=2.830, exp=2.614, diff=+0.216 
Region 10: obs=3.170, exp=2.614, diff=+0.556 *
Region 11: obs=2.670, exp=2.614, diff=+0.056 
Region 12: obs=2.965, exp=2.614, diff=+0.351 
Region 13: obs=2.623, exp=2.614, diff=+0.009 
Region 14: obs=2.549, exp=2.614, diff=-0.065 
Region 15: obs=2.598, exp=2.614, diff=-0.016 
Region 16: obs=3.216, exp=2.614, diff=+0.602 *
Region 17: obs=2.494, exp=2.614, diff=-0.120 
Region 18: obs=2.097, exp=2.614, diff=-0.517 *
Region 19: obs=2.644, exp=2.614, diff=+0.030 
Region 20: obs=2.210, exp=2.614, diff=-0.404 
Region 21: obs=2.763, exp=2.614, diff=+0.149 
Region 22: obs=2.715, exp=2.614, diff=+0.102 
Region 23: obs=2.559, exp=2.614, diff=-0.055 
Region 24: obs=2.546, exp=2.614, diff=-0.068 
Region 25: obs=2.616, exp=2.614, diff=+0.002 
Region 26: obs=2.465, exp=2.614, diff=-0.149 
Region 27: obs=2.151, exp=2.614, diff=-0.462 
Region 28: obs=2.581, exp=2.614, diff=-0.032 

[Gene CN Results]
  CYP3A5: 2.61 → 2.6136274337768555
Using device: cuda

CYP3A5*3.001:

CYP3A5*3.012:

CYP3A5*3.013:

CYP3A5*3.014:

CYP3A5*3.015:

CYP3A5*3.016:

=== Running VAE with seed 3141 ===
Global Pooled JS: 0.017278
functional kld weight 0.0
Seed 3141, Step    0: Loss = 112.71 (Recon: 82.00, Allele KL: 4.11, Base KL: 169.66, Functional KL: 0.02
Global Pooled JS: 0.009674
functional kld weight 27.77777777777777
Seed 3141, Step  500: Loss = 63.27 (Recon: 29.47, Allele KL: 8.69, Base KL: 4511.31, Functional KL: 0.01
Global Pooled JS: 0.007204
functional kld weight 222.22222222222217
Seed 3141, Step 1000: Loss = 60.15 (Recon: 25.55, Allele KL: 7.77, Base KL: 5311.04, Functional KL: 0.01
Global Pooled JS: 0.004700
functional kld weight 750.0
Seed 3141, Step 1500: Loss = 61.14 (Recon: 24.42, Allele KL: 6.70, Base KL: 6743.83, Functional KL: 0.00
Global Pooled JS: 0.004137
functional kld weight 1777.7777777777774
Seed 3141, Step 2000: Loss = 73.65 (Recon: 28.31, Allele KL: 9.12, Base KL: 8918.02, Functional KL: 0.00
Global Pooled JS: 0.002132
functional kld weight 3472.222222222223
Seed 3141, Step 2500: Loss = 68.55 (Recon: 22.69, Allele KL: 7.84, Base KL: 11345.33, Functional KL: 0.00

Top Variants with Coverage Mismatches:
Rank   Variant                        Expected     Observed     Diff       |Div|       
------------------------------------------------------------------------------------------
1      CYP3A5:99270538→T              0.03         0.00         0.03       0.000253    
2      CYP3A5:99270538→A              0.03         0.00         0.03       0.000252    
3      CYP3A5:99270538→M              0.03         0.00         0.03       0.000251    
4      CYP3A5:99270538→G              0.03         0.00         0.03       0.000251    
5      CYP3A5:99270538→P              0.03         0.00         0.03       0.000251    
6      CYP3A5:99270538→N              0.03         0.00         0.03       0.000249    
7      CYP3A5:99270538→C              45.80        52.00        -6.20      0.000002    
New best model with final loss: 73.32

=== Multi-Seed VAE Results ===
Best model had seed 3141 with final loss: 73.32
All seeds final losses:
  Seed 3141: Total=73.32 (Recon=21.75, A_KL=10.71, B_KL=14024.51) <- Best

[Raw]:
CYP3A5*3: Normalized=1.0000, Unnormalized=1.00

[Alleles]
CYP3A5*3
CYP3A5*3
	Command being timed: "python cyp.py CYP3A5 /project/shared/aldy-data/wgs/NA11832.wgs.cram 3141"
	User time (seconds): 51.98
	System time (seconds): 10.57
	Percent of CPU this job got: 98%
	Elapsed (wall clock) time (h:mm:ss or m:ss): 1:03.57
	Average shared text size (kbytes): 0
	Average unshared data size (kbytes): 0
	Average stack size (kbytes): 0
	Average total size (kbytes): 0
	Maximum resident set size (kbytes): 1890296
	Average resident set size (kbytes): 0
	Major (requiring I/O) page faults: 0
	Minor (reclaiming a frame) page faults: 628615
	Voluntary context switches: 10027
	Involuntary context switches: 171
	Swaps: 0
	File system inputs: 0
	File system outputs: 24
	Socket messages sent: 0
	Socket messages received: 0
	Signals delivered: 0
	Page size (bytes): 4096
	Exit status: 0
