[info] total indices 175
[info] total variants 175
3.002 was filtered out as 99273814 G>A needs A but not covered
3.003 was filtered out as 99270275 A>C needs C but not covered
3.004 was filtered out as 99245973 A>G needs G but not covered
3.005 was filtered out as 99264572 A>G needs G but not covered
3.006 was filtered out as 99247742 T>C needs C but not covered
3.007 was filtered out as 99247771 A>G needs G but not covered
3.008 was filtered out as 99273744 T>C needs C but not covered
3.009 was filtered out as 99262859 T>C needs C but not covered
3.010 was filtered out as 99250235 G>T needs T but not covered
3.017 was filtered out as 99262850 A>C needs C but not covered
6.001 was filtered out as 99262834 C>T needs T but not covered
7.001 was filtered out as 99250392 insA needs P but not covered
8.001 was filtered out as 99273820 G>A needs A but not covered
9.001 was filtered out as 99258138 C>T needs T but not covered
[filter] CYP3A5 1 => 1.001; 1.002; 1.003; 1.004; 1.005
[filter] CYP3A5 3 => 3.001; 3.012; 3.013; 3.014; 3.015; 3.016
[filter] valid_alleles=11
Step 0: Loss=0.1162, CN=[2.0999167]
Step 100: Loss=0.0259, CN=[2.4449453]
Step 200: Loss=0.0259, CN=[2.4458127]
Step 300: Loss=0.0259, CN=[2.4458194]
Step 400: Loss=0.0259, CN=[2.4458196]

=== Fit ===
Region 0: obs=2.448, exp=2.446, diff=+0.002 
Region 1: obs=2.140, exp=2.446, diff=-0.306 
Region 2: obs=2.376, exp=2.446, diff=-0.070 
Region 3: obs=2.259, exp=2.446, diff=-0.187 
Region 4: obs=2.623, exp=2.446, diff=+0.177 
Region 5: obs=1.993, exp=2.446, diff=-0.453 
Region 6: obs=3.013, exp=2.446, diff=+0.567 *
Region 7: obs=2.437, exp=2.446, diff=-0.009 
Region 8: obs=2.114, exp=2.446, diff=-0.332 
Region 9: obs=2.522, exp=2.446, diff=+0.077 
Region 10: obs=2.697, exp=2.446, diff=+0.251 
Region 11: obs=2.256, exp=2.446, diff=-0.190 
Region 12: obs=2.570, exp=2.446, diff=+0.124 
Region 13: obs=2.630, exp=2.446, diff=+0.184 
Region 14: obs=2.427, exp=2.446, diff=-0.019 
Region 15: obs=2.528, exp=2.446, diff=+0.083 
Region 16: obs=2.311, exp=2.446, diff=-0.135 
Region 17: obs=2.651, exp=2.446, diff=+0.205 
Region 18: obs=2.941, exp=2.446, diff=+0.495 
Region 19: obs=2.614, exp=2.446, diff=+0.168 
Region 20: obs=2.176, exp=2.446, diff=-0.270 
Region 21: obs=2.486, exp=2.446, diff=+0.040 
Region 22: obs=2.329, exp=2.446, diff=-0.117 
Region 23: obs=2.244, exp=2.446, diff=-0.201 
Region 24: obs=2.443, exp=2.446, diff=-0.003 
Region 25: obs=2.648, exp=2.446, diff=+0.203 
Region 26: obs=2.313, exp=2.446, diff=-0.133 
Region 27: obs=2.305, exp=2.446, diff=-0.141 
Region 28: obs=2.504, exp=2.446, diff=+0.058 

[Gene CN Results]
  CYP3A5: 2.45 → 2.44581937789917
Using device: cuda

CYP3A5*1.001:

CYP3A5*1.002:

CYP3A5*1.003:

CYP3A5*1.004:

CYP3A5*1.005:

CYP3A5*3.001:

CYP3A5*3.012:

CYP3A5*3.013:

CYP3A5*3.014:

CYP3A5*3.015:

CYP3A5*3.016:

=== Running VAE with seed 3141 ===
Global Pooled JS: 0.115783
functional kld weight 0.0
Seed 3141, Step    0: Loss = 146.33 (Recon: 116.95, Allele KL: 2.71, Base KL: 331.61, Functional KL: 0.12
Global Pooled JS: 0.009453
functional kld weight 27.77777777777777
Seed 3141, Step  500: Loss = 90.53 (Recon: 55.40, Allele KL: 8.12, Base KL: 2497.91, Functional KL: 0.01
Global Pooled JS: 0.012670
functional kld weight 222.22222222222217
Seed 3141, Step 1000: Loss = 90.61 (Recon: 52.17, Allele KL: 8.84, Base KL: 2686.47, Functional KL: 0.01
Global Pooled JS: 0.005154
functional kld weight 750.0
Seed 3141, Step 1500: Loss = 92.79 (Recon: 48.22, Allele KL: 13.50, Base KL: 3448.24, Functional KL: 0.01
Global Pooled JS: 0.004175
functional kld weight 1777.7777777777774
Seed 3141, Step 2000: Loss = 95.97 (Recon: 47.25, Allele KL: 13.27, Base KL: 4463.58, Functional KL: 0.00
Global Pooled JS: 0.003487
functional kld weight 3472.222222222223
Seed 3141, Step 2500: Loss = 104.35 (Recon: 46.48, Allele KL: 16.07, Base KL: 6173.78, Functional KL: 0.00

Top Variants with Coverage Mismatches:
Rank   Variant                        Expected     Observed     Diff       |Div|       
------------------------------------------------------------------------------------------
1      CYP3A5:99270538→A              0.03         0.00         0.03       0.000260    
2      CYP3A5:99270538→G              0.03         0.00         0.03       0.000255    
3      CYP3A5:99270538→N              0.03         0.00         0.03       0.000253    
4      CYP3A5:99270538→P              0.03         0.00         0.03       0.000251    
5      CYP3A5:99270538→M              0.03         0.00         0.03       0.000250    
6      CYP3A5:99270538→T              19.19        20.00        -0.81      0.000025    
7      CYP3A5:99270538→C              15.89        16.00        -0.11      0.000013    
New best model with final loss: 108.16

=== Multi-Seed VAE Results ===
Best model had seed 3141 with final loss: 108.16
All seeds final losses:
  Seed 3141: Total=108.16 (Recon=45.90, A_KL=16.90, B_KL=8017.50) <- Best

[Raw]:
CYP3A5*1: Normalized=0.5441, Unnormalized=0.54
CYP3A5*3: Normalized=0.4559, Unnormalized=0.46

[Alleles]
CYP3A5*1
CYP3A5*3
	Command being timed: "python cyp.py CYP3A5 /project/shared/aldy-data/wgs/NA18959.wgs.cram 3141"
	User time (seconds): 96.89
	System time (seconds): 19.38
	Percent of CPU this job got: 99%
	Elapsed (wall clock) time (h:mm:ss or m:ss): 1:56.54
	Average shared text size (kbytes): 0
	Average unshared data size (kbytes): 0
	Average stack size (kbytes): 0
	Average total size (kbytes): 0
	Maximum resident set size (kbytes): 1868152
	Average resident set size (kbytes): 0
	Major (requiring I/O) page faults: 0
	Minor (reclaiming a frame) page faults: 604358
	Voluntary context switches: 9975
	Involuntary context switches: 203
	Swaps: 0
	File system inputs: 0
	File system outputs: 24
	Socket messages sent: 0
	Socket messages received: 0
	Signals delivered: 0
	Page size (bytes): 4096
	Exit status: 0
