[info] total indices 175
[info] total variants 175
3.002 was filtered out as 99273814 G>A needs A but not covered
3.003 was filtered out as 99270275 A>C needs C but not covered
3.004 was filtered out as 99245973 A>G needs G but not covered
3.005 was filtered out as 99264572 A>G needs G but not covered
3.006 was filtered out as 99247742 T>C needs C but not covered
3.007 was filtered out as 99247771 A>G needs G but not covered
3.008 was filtered out as 99273744 T>C needs C but not covered
3.009 was filtered out as 99262859 T>C needs C but not covered
3.010 was filtered out as 99250235 G>T needs T but not covered
3.017 was filtered out as 99262850 A>C needs C but not covered
6.001 was filtered out as 99262834 C>T needs T but not covered
7.001 was filtered out as 99250392 insA needs P but not covered
8.001 was filtered out as 99273820 G>A needs A but not covered
9.001 was filtered out as 99258138 C>T needs T but not covered
[filter] CYP3A5 1 => 1.001; 1.002; 1.003; 1.004; 1.005
[filter] CYP3A5 3 => 3.001; 3.012; 3.013; 3.014; 3.015; 3.016
[filter] valid_alleles=11
Step 0: Loss=0.3345, CN=[2.0999167]
Step 100: Loss=0.0368, CN=[2.9134123]
Step 200: Loss=0.0368, CN=[2.9160726]
Step 300: Loss=0.0368, CN=[2.9160774]
Step 400: Loss=0.0368, CN=[2.9160774]

=== Fit ===
Region 0: obs=2.936, exp=2.916, diff=+0.020 
Region 1: obs=3.390, exp=2.916, diff=+0.474 
Region 2: obs=2.743, exp=2.916, diff=-0.173 
Region 3: obs=2.742, exp=2.916, diff=-0.174 
Region 4: obs=2.495, exp=2.916, diff=-0.421 
Region 5: obs=2.373, exp=2.916, diff=-0.543 *
Region 6: obs=2.479, exp=2.916, diff=-0.437 
Region 7: obs=3.096, exp=2.916, diff=+0.180 
Region 8: obs=2.505, exp=2.916, diff=-0.411 
Region 9: obs=2.938, exp=2.916, diff=+0.022 
Region 10: obs=3.363, exp=2.916, diff=+0.447 
Region 11: obs=2.868, exp=2.916, diff=-0.048 
Region 12: obs=2.980, exp=2.916, diff=+0.064 
Region 13: obs=3.060, exp=2.916, diff=+0.144 
Region 14: obs=3.003, exp=2.916, diff=+0.087 
Region 15: obs=2.806, exp=2.916, diff=-0.110 
Region 16: obs=3.035, exp=2.916, diff=+0.119 
Region 17: obs=2.972, exp=2.916, diff=+0.056 
Region 18: obs=3.062, exp=2.916, diff=+0.146 
Region 19: obs=2.865, exp=2.916, diff=-0.051 
Region 20: obs=2.465, exp=2.916, diff=-0.451 
Region 21: obs=2.805, exp=2.916, diff=-0.111 
Region 22: obs=3.014, exp=2.916, diff=+0.098 
Region 23: obs=2.924, exp=2.916, diff=+0.008 
Region 24: obs=2.904, exp=2.916, diff=-0.012 
Region 25: obs=3.087, exp=2.916, diff=+0.171 
Region 26: obs=3.525, exp=2.916, diff=+0.609 *
Region 27: obs=3.197, exp=2.916, diff=+0.280 
Region 28: obs=3.000, exp=2.916, diff=+0.084 

[Gene CN Results]
  CYP3A5: 2.92 → 2.9160773754119873
Using device: cuda

CYP3A5*1.001:

CYP3A5*1.002:

CYP3A5*1.003:

CYP3A5*1.004:

CYP3A5*1.005:

CYP3A5*3.001:

CYP3A5*3.012:

CYP3A5*3.013:

CYP3A5*3.014:

CYP3A5*3.015:

CYP3A5*3.016:

=== Running VAE with seed 3141 ===
Global Pooled JS: 0.144563
functional kld weight 0.0
Seed 3141, Step    0: Loss = 255.99 (Recon: 223.69, Allele KL: 6.25, Base KL: 588.87, Functional KL: 0.14
Global Pooled JS: 0.009404
functional kld weight 27.77777777777777
Seed 3141, Step  500: Loss = 103.51 (Recon: 64.82, Allele KL: 10.89, Base KL: 3789.83, Functional KL: 0.01
Global Pooled JS: 0.007646
functional kld weight 222.22222222222217
Seed 3141, Step 1000: Loss = 101.08 (Recon: 60.49, Allele KL: 11.10, Base KL: 4088.99, Functional KL: 0.01
Global Pooled JS: 0.004690
functional kld weight 750.0
Seed 3141, Step 1500: Loss = 103.89 (Recon: 53.25, Allele KL: 19.21, Base KL: 4793.58, Functional KL: 0.00
Global Pooled JS: 0.006078
functional kld weight 1777.7777777777774
Seed 3141, Step 2000: Loss = 109.94 (Recon: 53.82, Allele KL: 16.37, Base KL: 5904.51, Functional KL: 0.01
Global Pooled JS: 0.003413
functional kld weight 3472.222222222223
Seed 3141, Step 2500: Loss = 114.07 (Recon: 55.72, Allele KL: 15.59, Base KL: 7594.26, Functional KL: 0.00

Top Variants with Coverage Mismatches:
Rank   Variant                        Expected     Observed     Diff       |Div|       
------------------------------------------------------------------------------------------
1      CYP3A5:99270538→A              0.03         0.00         0.03       0.000222    
2      CYP3A5:99270538→G              0.03         0.00         0.03       0.000218    
3      CYP3A5:99270538→N              0.03         0.00         0.03       0.000215    
4      CYP3A5:99270538→P              0.03         0.00         0.03       0.000213    
5      CYP3A5:99270538→M              0.03         0.00         0.03       0.000212    
6      CYP3A5:99270538→C              23.92        24.00        -0.08      0.000061    
7      CYP3A5:99270538→T              28.42        27.00        1.42       0.000033    
New best model with final loss: 113.20

=== Multi-Seed VAE Results ===
Best model had seed 3141 with final loss: 113.20
All seeds final losses:
  Seed 3141: Total=113.20 (Recon=50.99, A_KL=22.41, B_KL=9422.85) <- Best

[Raw]:
CYP3A5*1: Normalized=0.5404, Unnormalized=0.54
CYP3A5*3: Normalized=0.4596, Unnormalized=0.46

[Alleles]
CYP3A5*1
CYP3A5*3
	Command being timed: "python cyp.py CYP3A5 /project/shared/aldy-data/wgs/NA18524.wgs.cram 3141"
	User time (seconds): 97.54
	System time (seconds): 20.50
	Percent of CPU this job got: 99%
	Elapsed (wall clock) time (h:mm:ss or m:ss): 1:58.33
	Average shared text size (kbytes): 0
	Average unshared data size (kbytes): 0
	Average stack size (kbytes): 0
	Average total size (kbytes): 0
	Maximum resident set size (kbytes): 1886916
	Average resident set size (kbytes): 0
	Major (requiring I/O) page faults: 0
	Minor (reclaiming a frame) page faults: 664522
	Voluntary context switches: 10064
	Involuntary context switches: 215
	Swaps: 0
	File system inputs: 0
	File system outputs: 24
	Socket messages sent: 0
	Socket messages received: 0
	Signals delivered: 0
	Page size (bytes): 4096
	Exit status: 0
