[info] total indices 175
[info] total variants 175
1.001 was filtered out as 99270538 T>C needs T but not covered
1.002 was filtered out as 99270538 T>C needs T but not covered
1.003 was filtered out as 99270538 T>C needs T but not covered
1.004 was filtered out as 99270538 T>C needs T but not covered
1.005 was filtered out as 99270538 T>C needs T but not covered
3.002 was filtered out as 99273814 G>A needs A but not covered
3.003 was filtered out as 99270275 A>C needs C but not covered
3.004 was filtered out as 99245973 A>G needs G but not covered
3.005 was filtered out as 99264572 A>G needs G but not covered
3.006 was filtered out as 99247742 T>C needs C but not covered
3.007 was filtered out as 99247771 A>G needs G but not covered
3.008 was filtered out as 99273744 T>C needs C but not covered
3.009 was filtered out as 99262859 T>C needs C but not covered
3.010 was filtered out as 99250235 G>T needs T but not covered
3.017 was filtered out as 99262850 A>C needs C but not covered
6.001 was filtered out as 99270538 T>C needs T but not covered
7.001 was filtered out as 99270538 T>C needs T but not covered
8.001 was filtered out as 99270538 T>C needs T but not covered
9.001 was filtered out as 99270538 T>C needs T but not covered
[filter] CYP3A5 3 => 3.001; 3.012; 3.013; 3.014; 3.015; 3.016
[filter] valid_alleles=6
Step 0: Loss=0.0982, CN=[2.0999167]
Step 100: Loss=0.0906, CN=[2.1477156]
Step 200: Loss=0.0906, CN=[2.147249]
Step 300: Loss=0.0906, CN=[2.1472473]
Step 400: Loss=0.0906, CN=[2.1472473]

=== Fit ===
Region 0: obs=2.165, exp=2.147, diff=+0.018 
Region 1: obs=1.036, exp=2.147, diff=-1.111 *
Region 2: obs=1.283, exp=2.147, diff=-0.864 *
Region 3: obs=2.118, exp=2.147, diff=-0.029 
Region 4: obs=2.788, exp=2.147, diff=+0.641 *
Region 5: obs=1.903, exp=2.147, diff=-0.244 
Region 6: obs=1.538, exp=2.147, diff=-0.609 *
Region 7: obs=2.028, exp=2.147, diff=-0.120 
Region 8: obs=2.097, exp=2.147, diff=-0.050 
Region 9: obs=2.271, exp=2.147, diff=+0.124 
Region 10: obs=1.838, exp=2.147, diff=-0.309 
Region 11: obs=2.105, exp=2.147, diff=-0.042 
Region 12: obs=2.080, exp=2.147, diff=-0.068 
Region 13: obs=2.325, exp=2.147, diff=+0.178 
Region 14: obs=2.457, exp=2.147, diff=+0.310 
Region 15: obs=2.444, exp=2.147, diff=+0.296 
Region 16: obs=3.307, exp=2.147, diff=+1.160 *
Region 17: obs=2.690, exp=2.147, diff=+0.542 *
Region 18: obs=2.672, exp=2.147, diff=+0.525 *
Region 19: obs=2.021, exp=2.147, diff=-0.126 
Region 20: obs=1.758, exp=2.147, diff=-0.389 
Region 21: obs=2.265, exp=2.147, diff=+0.118 
Region 22: obs=1.656, exp=2.147, diff=-0.491 
Region 23: obs=2.304, exp=2.147, diff=+0.156 
Region 24: obs=1.581, exp=2.147, diff=-0.566 *
Region 25: obs=2.129, exp=2.147, diff=-0.018 
Region 26: obs=2.306, exp=2.147, diff=+0.159 
Region 27: obs=2.752, exp=2.147, diff=+0.604 *
Region 28: obs=2.174, exp=2.147, diff=+0.027 

[Gene CN Results]
  CYP3A5: 2.15 → 2.147247314453125
Using device: cuda

CYP3A5*3.001:

CYP3A5*3.012:

CYP3A5*3.013:

CYP3A5*3.014:

CYP3A5*3.015:

CYP3A5*3.016:

=== Running VAE with seed 3141 ===
Global Pooled JS: 0.017300
functional kld weight 0.0
Seed 3141, Step    0: Loss = 106.97 (Recon: 77.54, Allele KL: 2.86, Base KL: 126.04, Functional KL: 0.02
Global Pooled JS: 0.009532
functional kld weight 27.77777777777777
Seed 3141, Step  500: Loss = 70.54 (Recon: 34.10, Allele KL: 12.27, Base KL: 3840.51, Functional KL: 0.01
Global Pooled JS: 0.007546
functional kld weight 222.22222222222217
Seed 3141, Step 1000: Loss = 68.17 (Recon: 34.73, Allele KL: 6.95, Base KL: 4570.56, Functional KL: 0.01
Global Pooled JS: 0.005411
functional kld weight 750.0
Seed 3141, Step 1500: Loss = 70.87 (Recon: 35.84, Allele KL: 4.64, Base KL: 6013.19, Functional KL: 0.01
Global Pooled JS: 0.004634
functional kld weight 1777.7777777777774
Seed 3141, Step 2000: Loss = 82.81 (Recon: 38.17, Allele KL: 7.77, Base KL: 8234.69, Functional KL: 0.00
Global Pooled JS: 0.002156
functional kld weight 3472.222222222223
Seed 3141, Step 2500: Loss = 77.34 (Recon: 31.88, Allele KL: 7.78, Base KL: 10725.88, Functional KL: 0.00

Top Variants with Coverage Mismatches:
Rank   Variant                        Expected     Observed     Diff       |Div|       
------------------------------------------------------------------------------------------
1      CYP3A5:99270538→T              0.03         0.00         0.03       0.000261    
2      CYP3A5:99270538→A              0.03         0.00         0.03       0.000260    
3      CYP3A5:99270538→M              0.03         0.00         0.03       0.000259    
4      CYP3A5:99270538→G              0.03         0.00         0.03       0.000259    
5      CYP3A5:99270538→P              0.03         0.00         0.03       0.000259    
6      CYP3A5:99270538→N              0.03         0.00         0.03       0.000256    
7      CYP3A5:99270538→C              35.34        50.00        -14.66     0.000003    
New best model with final loss: 82.04

=== Multi-Seed VAE Results ===
Best model had seed 3141 with final loss: 82.04
All seeds final losses:
  Seed 3141: Total=82.04 (Recon=31.25, A_KL=9.99, B_KL=13487.80) <- Best

[Raw]:
CYP3A5*3: Normalized=1.0000, Unnormalized=1.00

[Alleles]
CYP3A5*3
CYP3A5*3
	Command being timed: "python cyp.py CYP3A5 /project/shared/aldy-data/wgs/NA18552.wgs.cram 3141"
	User time (seconds): 95.96
	System time (seconds): 20.61
	Percent of CPU this job got: 99%
	Elapsed (wall clock) time (h:mm:ss or m:ss): 1:56.82
	Average shared text size (kbytes): 0
	Average unshared data size (kbytes): 0
	Average stack size (kbytes): 0
	Average total size (kbytes): 0
	Maximum resident set size (kbytes): 1901448
	Average resident set size (kbytes): 0
	Major (requiring I/O) page faults: 0
	Minor (reclaiming a frame) page faults: 543843
	Voluntary context switches: 10263
	Involuntary context switches: 187
	Swaps: 0
	File system inputs: 0
	File system outputs: 24
	Socket messages sent: 0
	Socket messages received: 0
	Signals delivered: 0
	Page size (bytes): 4096
	Exit status: 0
