[info] total indices 175
[info] total variants 175
3.002 was filtered out as 99273814 G>A needs A but not covered
3.003 was filtered out as 99270275 A>C needs C but not covered
3.004 was filtered out as 99245973 A>G needs G but not covered
3.005 was filtered out as 99264572 A>G needs G but not covered
3.006 was filtered out as 99247742 T>C needs C but not covered
3.007 was filtered out as 99247771 A>G needs G but not covered
3.008 was filtered out as 99273744 T>C needs C but not covered
3.009 was filtered out as 99262859 T>C needs C but not covered
3.010 was filtered out as 99250235 G>T needs T but not covered
3.017 was filtered out as 99262850 A>C needs C but not covered
6.001 was filtered out as 99262834 C>T needs T but not covered
7.001 was filtered out as 99250392 insA needs P but not covered
8.001 was filtered out as 99273820 G>A needs A but not covered
9.001 was filtered out as 99258138 C>T needs T but not covered
[filter] CYP3A5 1 => 1.001; 1.002; 1.003; 1.004; 1.005
[filter] CYP3A5 3 => 3.001; 3.012; 3.013; 3.014; 3.015; 3.016
[filter] valid_alleles=11
Step 0: Loss=0.1542, CN=[2.0999167]
Step 100: Loss=0.0598, CN=[2.4890325]
Step 200: Loss=0.0598, CN=[2.4870355]
Step 300: Loss=0.0598, CN=[2.487024]
Step 400: Loss=0.0598, CN=[2.4870243]

=== Fit ===
Region 0: obs=2.490, exp=2.487, diff=+0.003 
Region 1: obs=2.020, exp=2.487, diff=-0.467 
Region 2: obs=2.370, exp=2.487, diff=-0.117 
Region 3: obs=2.235, exp=2.487, diff=-0.252 
Region 4: obs=1.498, exp=2.487, diff=-0.989 *
Region 5: obs=2.042, exp=2.487, diff=-0.445 
Region 6: obs=3.008, exp=2.487, diff=+0.521 *
Region 7: obs=2.532, exp=2.487, diff=+0.045 
Region 8: obs=2.282, exp=2.487, diff=-0.205 
Region 9: obs=2.569, exp=2.487, diff=+0.082 
Region 10: obs=2.496, exp=2.487, diff=+0.009 
Region 11: obs=2.567, exp=2.487, diff=+0.080 
Region 12: obs=2.209, exp=2.487, diff=-0.278 
Region 13: obs=2.545, exp=2.487, diff=+0.058 
Region 14: obs=3.250, exp=2.487, diff=+0.763 *
Region 15: obs=3.097, exp=2.487, diff=+0.610 *
Region 16: obs=2.803, exp=2.487, diff=+0.316 
Region 17: obs=2.603, exp=2.487, diff=+0.116 
Region 18: obs=2.754, exp=2.487, diff=+0.267 
Region 19: obs=2.510, exp=2.487, diff=+0.023 
Region 20: obs=2.463, exp=2.487, diff=-0.024 
Region 21: obs=2.365, exp=2.487, diff=-0.122 
Region 22: obs=2.840, exp=2.487, diff=+0.353 
Region 23: obs=2.636, exp=2.487, diff=+0.149 
Region 24: obs=2.719, exp=2.487, diff=+0.232 
Region 25: obs=2.373, exp=2.487, diff=-0.114 
Region 26: obs=2.054, exp=2.487, diff=-0.433 
Region 27: obs=1.937, exp=2.487, diff=-0.550 *
Region 28: obs=2.712, exp=2.487, diff=+0.225 

[Gene CN Results]
  CYP3A5: 2.49 → 2.4870243072509766
Using device: cuda

CYP3A5*1.001:

CYP3A5*1.002:

CYP3A5*1.003:

CYP3A5*1.004:

CYP3A5*1.005:

CYP3A5*3.001:

CYP3A5*3.012:

CYP3A5*3.013:

CYP3A5*3.014:

CYP3A5*3.015:

CYP3A5*3.016:

=== Running VAE with seed 3141 ===
Global Pooled JS: 0.175149
functional kld weight 0.0
Seed 3141, Step    0: Loss = 190.98 (Recon: 159.99, Allele KL: 4.62, Base KL: 463.92, Functional KL: 0.18
Global Pooled JS: 0.004707
functional kld weight 27.77777777777777
Seed 3141, Step  500: Loss = 97.60 (Recon: 59.16, Allele KL: 11.47, Base KL: 3050.51, Functional KL: 0.00
Global Pooled JS: 0.006452
functional kld weight 222.22222222222217
Seed 3141, Step 1000: Loss = 98.39 (Recon: 60.60, Allele KL: 9.07, Base KL: 3286.71, Functional KL: 0.01
Global Pooled JS: 0.005847
functional kld weight 750.0
Seed 3141, Step 1500: Loss = 101.31 (Recon: 54.54, Allele KL: 14.99, Base KL: 3867.80, Functional KL: 0.01
Global Pooled JS: 0.003942
functional kld weight 1777.7777777777774
Seed 3141, Step 2000: Loss = 103.94 (Recon: 54.23, Allele KL: 14.66, Base KL: 4669.25, Functional KL: 0.00
Global Pooled JS: 0.003406
functional kld weight 3472.222222222223
Seed 3141, Step 2500: Loss = 111.65 (Recon: 54.53, Allele KL: 15.60, Base KL: 6236.43, Functional KL: 0.00

Top Variants with Coverage Mismatches:
Rank   Variant                        Expected     Observed     Diff       |Div|       
------------------------------------------------------------------------------------------
1      CYP3A5:99270538→A              0.03         0.00         0.03       0.000226    
2      CYP3A5:99270538→G              0.03         0.00         0.03       0.000221    
3      CYP3A5:99270538→N              0.03         0.00         0.03       0.000219    
4      CYP3A5:99270538→P              0.03         0.00         0.03       0.000217    
5      CYP3A5:99270538→M              0.03         0.00         0.03       0.000215    
6      CYP3A5:99270538→C              16.95        14.00        2.95       0.000055    
7      CYP3A5:99270538→T              26.21        23.00        3.21       0.000053    
New best model with final loss: 114.50

=== Multi-Seed VAE Results ===
Best model had seed 3141 with final loss: 114.50
All seeds final losses:
  Seed 3141: Total=114.50 (Recon=51.22, A_KL=21.56, B_KL=7941.06) <- Best

[Raw]:
CYP3A5*1: Normalized=0.6046, Unnormalized=0.60
CYP3A5*3: Normalized=0.3954, Unnormalized=0.40

[Alleles]
CYP3A5*1
CYP3A5*3
	Command being timed: "python cyp.py CYP3A5 /project/shared/aldy-data/wgs/NA18544.wgs.cram 3141"
	User time (seconds): 96.78
	System time (seconds): 20.02
	Percent of CPU this job got: 99%
	Elapsed (wall clock) time (h:mm:ss or m:ss): 1:57.08
	Average shared text size (kbytes): 0
	Average unshared data size (kbytes): 0
	Average stack size (kbytes): 0
	Average total size (kbytes): 0
	Maximum resident set size (kbytes): 1880628
	Average resident set size (kbytes): 0
	Major (requiring I/O) page faults: 0
	Minor (reclaiming a frame) page faults: 484584
	Voluntary context switches: 9946
	Involuntary context switches: 191
	Swaps: 0
	File system inputs: 0
	File system outputs: 24
	Socket messages sent: 0
	Socket messages received: 0
	Signals delivered: 0
	Page size (bytes): 4096
	Exit status: 0
