[info] total indices 175
[info] total variants 175
3.002 was filtered out as 99273814 G>A needs A but not covered
3.003 was filtered out as 99270275 A>C needs C but not covered
3.004 was filtered out as 99245973 A>G needs G but not covered
3.005 was filtered out as 99264572 A>G needs G but not covered
3.006 was filtered out as 99247742 T>C needs C but not covered
3.007 was filtered out as 99247771 A>G needs G but not covered
3.008 was filtered out as 99273744 T>C needs C but not covered
3.009 was filtered out as 99262859 T>C needs C but not covered
3.010 was filtered out as 99250235 G>T needs T but not covered
3.017 was filtered out as 99262850 A>C needs C but not covered
6.001 was filtered out as 99262834 C>T needs T but not covered
7.001 was filtered out as 99250392 insA needs P but not covered
8.001 was filtered out as 99273820 G>A needs A but not covered
9.001 was filtered out as 99258138 C>T needs T but not covered
[filter] CYP3A5 1 => 1.001; 1.002; 1.003; 1.004; 1.005
[filter] CYP3A5 3 => 3.001; 3.012; 3.013; 3.014; 3.015; 3.016
[filter] valid_alleles=11
Step 0: Loss=0.0364, CN=[2.0999167]
Step 100: Loss=0.0344, CN=[2.063672]
Step 200: Loss=0.0344, CN=[2.0635803]
Step 300: Loss=0.0344, CN=[2.0635817]
Step 400: Loss=0.0344, CN=[2.063582]

=== Fit ===
Region 0: obs=2.062, exp=2.064, diff=-0.002 
Region 1: obs=1.571, exp=2.064, diff=-0.493 
Region 2: obs=1.646, exp=2.064, diff=-0.417 
Region 3: obs=1.979, exp=2.064, diff=-0.084 
Region 4: obs=2.544, exp=2.064, diff=+0.480 
Region 5: obs=2.078, exp=2.064, diff=+0.014 
Region 6: obs=2.341, exp=2.064, diff=+0.277 
Region 7: obs=2.091, exp=2.064, diff=+0.028 
Region 8: obs=2.140, exp=2.064, diff=+0.076 
Region 9: obs=2.089, exp=2.064, diff=+0.025 
Region 10: obs=1.815, exp=2.064, diff=-0.249 
Region 11: obs=2.354, exp=2.064, diff=+0.291 
Region 12: obs=2.289, exp=2.064, diff=+0.226 
Region 13: obs=2.233, exp=2.064, diff=+0.169 
Region 14: obs=2.218, exp=2.064, diff=+0.154 
Region 15: obs=2.028, exp=2.064, diff=-0.036 
Region 16: obs=1.586, exp=2.064, diff=-0.478 
Region 17: obs=2.161, exp=2.064, diff=+0.098 
Region 18: obs=2.716, exp=2.064, diff=+0.653 *
Region 19: obs=2.268, exp=2.064, diff=+0.204 
Region 20: obs=1.771, exp=2.064, diff=-0.293 
Region 21: obs=2.087, exp=2.064, diff=+0.023 
Region 22: obs=2.249, exp=2.064, diff=+0.186 
Region 23: obs=2.128, exp=2.064, diff=+0.065 
Region 24: obs=1.869, exp=2.064, diff=-0.194 
Region 25: obs=1.836, exp=2.064, diff=-0.227 
Region 26: obs=1.741, exp=2.064, diff=-0.323 
Region 27: obs=1.996, exp=2.064, diff=-0.068 
Region 28: obs=2.111, exp=2.064, diff=+0.048 

[Gene CN Results]
  CYP3A5: 2.06 → 2.063582181930542
Using device: cuda

CYP3A5*1.001:

CYP3A5*1.002:

CYP3A5*1.003:

CYP3A5*1.004:

CYP3A5*1.005:

CYP3A5*3.001:

CYP3A5*3.012:

CYP3A5*3.013:

CYP3A5*3.014:

CYP3A5*3.015:

CYP3A5*3.016:

=== Running VAE with seed 3141 ===
Global Pooled JS: 0.087338
functional kld weight 0.0
Seed 3141, Step    0: Loss = 216.58 (Recon: 185.94, Allele KL: 4.27, Base KL: 437.89, Functional KL: 0.09
Global Pooled JS: 0.035180
functional kld weight 27.77777777777777
Seed 3141, Step  500: Loss = 101.55 (Recon: 62.64, Allele KL: 11.28, Base KL: 3130.83, Functional KL: 0.04
Global Pooled JS: 0.015244
functional kld weight 222.22222222222217
Seed 3141, Step 1000: Loss = 99.72 (Recon: 54.09, Allele KL: 15.55, Base KL: 3344.31, Functional KL: 0.02
Global Pooled JS: 0.006044
functional kld weight 750.0
Seed 3141, Step 1500: Loss = 106.42 (Recon: 58.75, Allele KL: 15.36, Base KL: 4213.70, Functional KL: 0.01
Global Pooled JS: 0.002521
functional kld weight 1777.7777777777774
Seed 3141, Step 2000: Loss = 104.55 (Recon: 54.99, Allele KL: 16.17, Base KL: 5659.14, Functional KL: 0.00
Global Pooled JS: 0.002045
functional kld weight 3472.222222222223
Seed 3141, Step 2500: Loss = 108.60 (Recon: 52.63, Allele KL: 18.34, Base KL: 7362.62, Functional KL: 0.00

Top Variants with Coverage Mismatches:
Rank   Variant                        Expected     Observed     Diff       |Div|       
------------------------------------------------------------------------------------------
1      CYP3A5:99270538→A              0.03         0.00         0.03       0.000279    
2      CYP3A5:99270538→G              0.03         0.00         0.03       0.000275    
3      CYP3A5:99270538→N              0.03         0.00         0.03       0.000272    
4      CYP3A5:99270538→P              0.03         0.00         0.03       0.000270    
5      CYP3A5:99270538→M              0.03         0.00         0.03       0.000269    
6      CYP3A5:99270538→T              18.53        18.00        0.53       0.000103    
7      CYP3A5:99270538→C              24.30        22.00        2.30       0.000051    
New best model with final loss: 114.47

=== Multi-Seed VAE Results ===
Best model had seed 3141 with final loss: 114.47
All seeds final losses:
  Seed 3141: Total=114.47 (Recon=52.96, A_KL=17.66, B_KL=9551.49) <- Best

[Raw]:
CYP3A5*3: Normalized=0.5701, Unnormalized=0.57
CYP3A5*1: Normalized=0.4299, Unnormalized=0.43

[Alleles]
CYP3A5*3
CYP3A5*1
	Command being timed: "python cyp.py CYP3A5 /project/shared/aldy-data/wgs/NA19176.wgs.cram 3141"
	User time (seconds): 96.02
	System time (seconds): 19.92
	Percent of CPU this job got: 99%
	Elapsed (wall clock) time (h:mm:ss or m:ss): 1:56.21
	Average shared text size (kbytes): 0
	Average unshared data size (kbytes): 0
	Average stack size (kbytes): 0
	Average total size (kbytes): 0
	Maximum resident set size (kbytes): 1875372
	Average resident set size (kbytes): 0
	Major (requiring I/O) page faults: 0
	Minor (reclaiming a frame) page faults: 528442
	Voluntary context switches: 9930
	Involuntary context switches: 167
	Swaps: 0
	File system inputs: 0
	File system outputs: 24
	Socket messages sent: 0
	Socket messages received: 0
	Signals delivered: 0
	Page size (bytes): 4096
	Exit status: 0
