[info] total indices 224
[info] total variants 224
2.001 was filtered out as 96818105 T>A needs A but not covered
2.002 was filtered out as 96818105 T>A needs A but not covered
3.001 was filtered out as 96827029 C>T needs T but not covered
3.002 was filtered out as 96827029 C>T needs T but not covered
4.001 was filtered out as 96818118 G>C needs C but not covered
4.002 was filtered out as 96818118 G>C needs C but not covered
5.001 was filtered out as 96826970 delT needs N but not covered
6.001 was filtered out as 96824687 C>T needs T but not covered
7.001 was filtered out as 96824642 G>A needs A but not covered
8.001 was filtered out as 96824642 G>C needs C but not covered
9.001 was filtered out as 96818170 T>C needs C but not covered
10.001 was filtered out as 96802646 C>A needs A but not covered
11.001 was filtered out as 96805707 C>A needs A but not covered
12.001 was filtered out as 96796973 delCAA needs N but not covered
13.001 was filtered out as 96818241 A>C needs C but not covered
14.001 was filtered out as 96818198 C>G needs G but not covered
15.001 was filtered out as 96824657 C>T needs T but not covered
16.001 was filtered out as 96802803 A>G needs G but not covered
17.001 was filtered out as 96818180 T>C needs C but not covered
18.001 was filtered out as 96802714 G>A needs A but not covered
[filter] CYP2C8 1.001 => 1.001; 1.002; 1.003; 1.004; 1.005; 1.006; 1.007; 1.008; 1.009; 1.010; 1.011; 1.012; 1.013; 1.014; 1.015; 1.016; 1.017; 1.018
[filter] valid_alleles=18
Step 0: Loss=0.0297, CN=[1.9000832]
Step 100: Loss=0.0193, CN=[1.8541569]
Step 200: Loss=0.0193, CN=[1.8537468]
Step 300: Loss=0.0193, CN=[1.8537457]
Step 400: Loss=0.0193, CN=[1.8537459]

=== Fit ===
Region 0: obs=1.820, exp=1.854, diff=-0.034 
Region 1: obs=2.062, exp=1.854, diff=+0.208 
Region 2: obs=1.691, exp=1.854, diff=-0.162 
Region 3: obs=1.916, exp=1.854, diff=+0.062 
Region 4: obs=1.389, exp=1.854, diff=-0.465 
Region 5: obs=2.243, exp=1.854, diff=+0.390 
Region 6: obs=1.610, exp=1.854, diff=-0.244 
Region 7: obs=2.089, exp=1.854, diff=+0.235 
Region 8: obs=2.149, exp=1.854, diff=+0.296 
Region 9: obs=1.808, exp=1.854, diff=-0.046 
Region 10: obs=1.953, exp=1.854, diff=+0.099 
Region 11: obs=1.896, exp=1.854, diff=+0.043 
Region 12: obs=1.798, exp=1.854, diff=-0.056 
Region 13: obs=2.011, exp=1.854, diff=+0.157 
Region 14: obs=1.676, exp=1.854, diff=-0.177 
Region 15: obs=1.895, exp=1.854, diff=+0.041 
Region 16: obs=1.845, exp=1.854, diff=-0.009 
Region 17: obs=1.763, exp=1.854, diff=-0.090 
Region 18: obs=1.567, exp=1.854, diff=-0.287 
Region 19: obs=1.863, exp=1.854, diff=+0.009 
Region 20: obs=1.885, exp=1.854, diff=+0.031 

[Gene CN Results]
  CYP2C8: 1.85 → 1.853745460510254
Using device: cuda

CYP2C8*1.001:

CYP2C8*1.002:

CYP2C8*1.003:

CYP2C8*1.004:

CYP2C8*1.005:

CYP2C8*1.006:

CYP2C8*1.007:

CYP2C8*1.008:

CYP2C8*1.009:

CYP2C8*1.010:

CYP2C8*1.011:

CYP2C8*1.012:

CYP2C8*1.013:

CYP2C8*1.014:

CYP2C8*1.015:

CYP2C8*1.016:

CYP2C8*1.017:

CYP2C8*1.018:

=== Running VAE with seed 456 ===
Global Pooled JS: 0.000000
functional kld weight 0.0
Seed 456, Step    0: Loss = 196.46 (Recon: 145.12, Allele KL: 22.25, Base KL: 1702.05, Functional KL: 0.00
Global Pooled JS: 0.000000
functional kld weight 27.77777777777777
Seed 456, Step  500: Loss = 116.78 (Recon: 76.30, Allele KL: 12.21, Base KL: 3556.91, Functional KL: 0.00
Global Pooled JS: 0.000000
functional kld weight 222.22222222222217
Seed 456, Step 1000: Loss = 129.05 (Recon: 73.13, Allele KL: 28.23, Base KL: 3484.27, Functional KL: 0.00
Global Pooled JS: 0.000000
functional kld weight 750.0
Seed 456, Step 1500: Loss = 132.68 (Recon: 89.46, Allele KL: 14.19, Base KL: 3515.37, Functional KL: 0.00
Global Pooled JS: 0.000000
functional kld weight 1777.7777777777774
Seed 456, Step 2000: Loss = 124.44 (Recon: 80.20, Allele KL: 15.84, Base KL: 3349.29, Functional KL: 0.00
Global Pooled JS: 0.000000
functional kld weight 3472.222222222223
Seed 456, Step 2500: Loss = 126.10 (Recon: 77.04, Allele KL: 21.03, Base KL: 3674.91, Functional KL: 0.00

Top Variants with Coverage Mismatches:
Rank   Variant                        Expected     Observed     Diff       |Div|       
------------------------------------------------------------------------------------------
New best model with final loss: 121.36

=== Multi-Seed VAE Results ===
Best model had seed 456 with final loss: 121.36
All seeds final losses:
  Seed 456: Total=121.36 (Recon=75.74, A_KL=17.58, B_KL=3580.68) <- Best

[Raw]:
CYP2C8*1: Normalized=1.0000, Unnormalized=1.00

[Alleles]
CYP2C8*1
CYP2C8*1
	Command being timed: "python cyp.py CYP2C8 /project/shared/aldy-data/wgs/NA07056.wgs.cram 456"
	User time (seconds): 97.33
	System time (seconds): 21.05
	Percent of CPU this job got: 99%
	Elapsed (wall clock) time (h:mm:ss or m:ss): 1:58.67
	Average shared text size (kbytes): 0
	Average unshared data size (kbytes): 0
	Average stack size (kbytes): 0
	Average total size (kbytes): 0
	Maximum resident set size (kbytes): 1898136
	Average resident set size (kbytes): 0
	Major (requiring I/O) page faults: 0
	Minor (reclaiming a frame) page faults: 523421
	Voluntary context switches: 9959
	Involuntary context switches: 192
	Swaps: 0
	File system inputs: 0
	File system outputs: 24
	Socket messages sent: 0
	Socket messages received: 0
	Signals delivered: 0
	Page size (bytes): 4096
	Exit status: 0
