[info] total indices 224
[info] total variants 224
2.001 was filtered out as 96818105 T>A needs A but not covered
2.002 was filtered out as 96818105 T>A needs A but not covered
4.001 was filtered out as 96818118 G>C needs C but not covered
4.002 was filtered out as 96818118 G>C needs C but not covered
5.001 was filtered out as 96826970 delT needs N but not covered
6.001 was filtered out as 96824687 C>T needs T but not covered
7.001 was filtered out as 96824642 G>A needs A but not covered
8.001 was filtered out as 96824642 G>C needs C but not covered
9.001 was filtered out as 96818170 T>C needs C but not covered
10.001 was filtered out as 96802646 C>A needs A but not covered
11.001 was filtered out as 96805707 C>A needs A but not covered
12.001 was filtered out as 96796973 delCAA needs N but not covered
13.001 was filtered out as 96818241 A>C needs C but not covered
14.001 was filtered out as 96818198 C>G needs G but not covered
15.001 was filtered out as 96824657 C>T needs T but not covered
16.001 was filtered out as 96802803 A>G needs G but not covered
17.001 was filtered out as 96818180 T>C needs C but not covered
18.001 was filtered out as 96802714 G>A needs A but not covered
[filter] CYP2C8 1.001 => 1.001; 1.002; 1.003; 1.004; 1.005; 1.006; 1.007; 1.008; 1.009; 1.010; 1.011; 1.012; 1.013; 1.014; 1.015; 1.016; 1.017; 1.018
[filter] CYP2C8 3.001 => 3.001; 3.002
[filter] valid_alleles=20
Step 0: Loss=0.1419, CN=[2.0999167]
Step 100: Loss=0.0435, CN=[2.502855]
Step 200: Loss=0.0435, CN=[2.5013957]
Step 300: Loss=0.0435, CN=[2.5013876]
Step 400: Loss=0.0435, CN=[2.5013876]

=== Fit ===
Region 0: obs=2.286, exp=2.501, diff=-0.216 
Region 1: obs=2.917, exp=2.501, diff=+0.416 
Region 2: obs=2.179, exp=2.501, diff=-0.322 
Region 3: obs=2.354, exp=2.501, diff=-0.147 
Region 4: obs=2.423, exp=2.501, diff=-0.078 
Region 5: obs=2.935, exp=2.501, diff=+0.434 
Region 6: obs=2.631, exp=2.501, diff=+0.129 
Region 7: obs=2.478, exp=2.501, diff=-0.024 
Region 8: obs=3.008, exp=2.501, diff=+0.507 *
Region 9: obs=2.333, exp=2.501, diff=-0.169 
Region 10: obs=2.378, exp=2.501, diff=-0.123 
Region 11: obs=2.320, exp=2.501, diff=-0.181 
Region 12: obs=2.361, exp=2.501, diff=-0.140 
Region 13: obs=2.418, exp=2.501, diff=-0.083 
Region 14: obs=1.688, exp=2.501, diff=-0.814 *
Region 15: obs=2.439, exp=2.501, diff=-0.062 
Region 16: obs=2.372, exp=2.501, diff=-0.129 
Region 17: obs=2.677, exp=2.501, diff=+0.176 
Region 18: obs=2.954, exp=2.501, diff=+0.453 
Region 19: obs=2.743, exp=2.501, diff=+0.242 
Region 20: obs=2.327, exp=2.501, diff=-0.174 

[Gene CN Results]
  CYP2C8: 2.50 → 2.501387596130371
Using device: cuda

CYP2C8*1.001:

CYP2C8*1.002:

CYP2C8*1.003:

CYP2C8*1.004:

CYP2C8*1.005:

CYP2C8*1.006:

CYP2C8*1.007:

CYP2C8*1.008:

CYP2C8*1.009:

CYP2C8*1.010:

CYP2C8*1.011:

CYP2C8*1.012:

CYP2C8*1.013:

CYP2C8*1.014:

CYP2C8*1.015:

CYP2C8*1.016:

CYP2C8*1.017:

CYP2C8*1.018:

CYP2C8*3.001:

CYP2C8*3.002:

=== Running VAE with seed 456 ===
Global Pooled JS: 0.161508
functional kld weight 0.0
Seed 456, Step    0: Loss = 348.56 (Recon: 280.51, Allele KL: 40.76, Base KL: 2620.85, Functional KL: 0.16
Global Pooled JS: 0.010831
functional kld weight 27.77777777777777
Seed 456, Step  500: Loss = 141.23 (Recon: 93.12, Allele KL: 20.56, Base KL: 4738.42, Functional KL: 0.01
Global Pooled JS: 0.007259
functional kld weight 222.22222222222217
Seed 456, Step 1000: Loss = 147.14 (Recon: 94.02, Allele KL: 24.02, Base KL: 4951.21, Functional KL: 0.01
Global Pooled JS: 0.007650
functional kld weight 750.0
Seed 456, Step 1500: Loss = 161.16 (Recon: 108.25, Allele KL: 17.99, Base KL: 5965.65, Functional KL: 0.01
Global Pooled JS: 0.007375
functional kld weight 1777.7777777777774
Seed 456, Step 2000: Loss = 161.49 (Recon: 99.73, Allele KL: 18.69, Base KL: 7239.66, Functional KL: 0.01
Global Pooled JS: 0.007448
functional kld weight 3472.222222222223
Seed 456, Step 2500: Loss = 179.67 (Recon: 103.24, Allele KL: 18.71, Base KL: 9308.45, Functional KL: 0.01

Top Variants with Coverage Mismatches:
Rank   Variant                        Expected     Observed     Diff       |Div|       
------------------------------------------------------------------------------------------
1      CYP2C8:96827029→T              25.39        28.00        -2.61      0.001332    
2      CYP2C8:96798748→C              25.32        19.00        6.32       0.000959    
3      CYP2C8:96827029→C              26.42        22.00        4.42       0.000205    
4      CYP2C8:96798748→M              0.05         0.00         0.05       0.000161    
5      CYP2C8:96798748→P              0.05         0.00         0.05       0.000161    
6      CYP2C8:96798748→G              0.05         0.00         0.05       0.000160    
7      CYP2C8:96798748→N              0.05         0.00         0.05       0.000159    
8      CYP2C8:96798748→A              0.05         0.00         0.05       0.000158    
9      CYP2C8:96827029→G              0.04         0.00         0.04       0.000126    
10     CYP2C8:96827029→P              0.04         0.00         0.04       0.000124    
11     CYP2C8:96827029→N              0.04         0.00         0.04       0.000124    
12     CYP2C8:96827029→A              0.04         0.00         0.04       0.000121    
13     CYP2C8:96827029→M              0.04         0.00         0.04       0.000119    
14     CYP2C8:96798748→T              26.44        25.00        1.44       0.000066    
New best model with final loss: 178.68

=== Multi-Seed VAE Results ===
Best model had seed 456 with final loss: 178.68
All seeds final losses:
  Seed 456: Total=178.68 (Recon=93.97, A_KL=25.98, B_KL=11861.42) <- Best

[Raw]:
CYP2C8*1: Normalized=0.5072, Unnormalized=0.51
CYP2C8*3: Normalized=0.4928, Unnormalized=0.49

[Alleles]
CYP2C8*1
CYP2C8*3
	Command being timed: "python cyp.py CYP2C8 /project/shared/aldy-data/wgs/NA12003.wgs.cram 456"
	User time (seconds): 98.65
	System time (seconds): 20.75
	Percent of CPU this job got: 99%
	Elapsed (wall clock) time (h:mm:ss or m:ss): 1:59.68
	Average shared text size (kbytes): 0
	Average unshared data size (kbytes): 0
	Average stack size (kbytes): 0
	Average total size (kbytes): 0
	Maximum resident set size (kbytes): 1897808
	Average resident set size (kbytes): 0
	Major (requiring I/O) page faults: 0
	Minor (reclaiming a frame) page faults: 603305
	Voluntary context switches: 10083
	Involuntary context switches: 189
	Swaps: 0
	File system inputs: 0
	File system outputs: 24
	Socket messages sent: 0
	Socket messages received: 0
	Signals delivered: 0
	Page size (bytes): 4096
	Exit status: 0
