[info] total indices 224
[info] total variants 224
2.001 was filtered out as 96818105 T>A needs A but not covered
2.002 was filtered out as 96818105 T>A needs A but not covered
3.001 was filtered out as 96827029 C>T needs T but not covered
3.002 was filtered out as 96827029 C>T needs T but not covered
4.001 was filtered out as 96818118 G>C needs C but not covered
4.002 was filtered out as 96818118 G>C needs C but not covered
5.001 was filtered out as 96826970 delT needs N but not covered
6.001 was filtered out as 96824687 C>T needs T but not covered
7.001 was filtered out as 96824642 G>A needs A but not covered
8.001 was filtered out as 96824642 G>C needs C but not covered
9.001 was filtered out as 96818170 T>C needs C but not covered
10.001 was filtered out as 96802646 C>A needs A but not covered
11.001 was filtered out as 96805707 C>A needs A but not covered
12.001 was filtered out as 96796973 delCAA needs N but not covered
13.001 was filtered out as 96818241 A>C needs C but not covered
14.001 was filtered out as 96818198 C>G needs G but not covered
15.001 was filtered out as 96824657 C>T needs T but not covered
16.001 was filtered out as 96802803 A>G needs G but not covered
17.001 was filtered out as 96818180 T>C needs C but not covered
18.001 was filtered out as 96802714 G>A needs A but not covered
[filter] CYP2C8 1.001 => 1.001; 1.002; 1.003; 1.004; 1.005; 1.006; 1.007; 1.008; 1.009; 1.010; 1.011; 1.012; 1.013; 1.014; 1.015; 1.016; 1.017; 1.018
[filter] valid_alleles=18
Step 0: Loss=0.0645, CN=[2.0999167]
Step 100: Loss=0.0258, CN=[2.2835212]
Step 200: Loss=0.0258, CN=[2.2830267]
Step 300: Loss=0.0258, CN=[2.28302]
Step 400: Loss=0.0258, CN=[2.28302]

=== Fit ===
Region 0: obs=2.367, exp=2.283, diff=+0.084 
Region 1: obs=2.180, exp=2.283, diff=-0.103 
Region 2: obs=2.288, exp=2.283, diff=+0.005 
Region 3: obs=2.506, exp=2.283, diff=+0.223 
Region 4: obs=2.121, exp=2.283, diff=-0.162 
Region 5: obs=1.944, exp=2.283, diff=-0.339 
Region 6: obs=1.852, exp=2.283, diff=-0.431 
Region 7: obs=2.535, exp=2.283, diff=+0.252 
Region 8: obs=1.943, exp=2.283, diff=-0.340 
Region 9: obs=2.197, exp=2.283, diff=-0.086 
Region 10: obs=2.130, exp=2.283, diff=-0.153 
Region 11: obs=2.509, exp=2.283, diff=+0.226 
Region 12: obs=2.335, exp=2.283, diff=+0.052 
Region 13: obs=2.469, exp=2.283, diff=+0.186 
Region 14: obs=2.735, exp=2.283, diff=+0.452 
Region 15: obs=2.471, exp=2.283, diff=+0.188 
Region 16: obs=2.070, exp=2.283, diff=-0.213 
Region 17: obs=2.303, exp=2.283, diff=+0.020 
Region 18: obs=2.089, exp=2.283, diff=-0.194 
Region 19: obs=2.534, exp=2.283, diff=+0.251 
Region 20: obs=2.365, exp=2.283, diff=+0.082 

[Gene CN Results]
  CYP2C8: 2.28 → 2.283019781112671
Using device: cuda

CYP2C8*1.001:

CYP2C8*1.002:

CYP2C8*1.003:

CYP2C8*1.004:

CYP2C8*1.005:

CYP2C8*1.006:

CYP2C8*1.007:

CYP2C8*1.008:

CYP2C8*1.009:

CYP2C8*1.010:

CYP2C8*1.011:

CYP2C8*1.012:

CYP2C8*1.013:

CYP2C8*1.014:

CYP2C8*1.015:

CYP2C8*1.016:

CYP2C8*1.017:

CYP2C8*1.018:

=== Running VAE with seed 456 ===
Global Pooled JS: 0.000000
functional kld weight 0.0
Seed 456, Step    0: Loss = 263.48 (Recon: 213.17, Allele KL: 20.73, Base KL: 2176.14, Functional KL: 0.00
Global Pooled JS: 0.000000
functional kld weight 27.77777777777777
Seed 456, Step  500: Loss = 114.50 (Recon: 69.53, Allele KL: 15.06, Base KL: 6369.49, Functional KL: 0.00
Global Pooled JS: 0.000000
functional kld weight 222.22222222222217
Seed 456, Step 1000: Loss = 119.32 (Recon: 69.92, Allele KL: 19.41, Base KL: 6432.81, Functional KL: 0.00
Global Pooled JS: 0.000000
functional kld weight 750.0
Seed 456, Step 1500: Loss = 126.82 (Recon: 75.99, Allele KL: 20.64, Base KL: 6318.56, Functional KL: 0.00
Global Pooled JS: 0.000000
functional kld weight 1777.7777777777774
Seed 456, Step 2000: Loss = 124.84 (Recon: 81.17, Allele KL: 13.19, Base KL: 6365.30, Functional KL: 0.00
Global Pooled JS: 0.000000
functional kld weight 3472.222222222223
Seed 456, Step 2500: Loss = 127.33 (Recon: 80.18, Allele KL: 17.04, Base KL: 6156.23, Functional KL: 0.00

Top Variants with Coverage Mismatches:
Rank   Variant                        Expected     Observed     Diff       |Div|       
------------------------------------------------------------------------------------------
New best model with final loss: 127.53

=== Multi-Seed VAE Results ===
Best model had seed 456 with final loss: 127.53
All seeds final losses:
  Seed 456: Total=127.53 (Recon=75.54, A_KL=21.71, B_KL=6389.08) <- Best

[Raw]:
CYP2C8*1: Normalized=1.0000, Unnormalized=1.00

[Alleles]
CYP2C8*1
CYP2C8*1
	Command being timed: "python cyp.py CYP2C8 /project/shared/aldy-data/wgs/NA19147.wgs.cram 456"
	User time (seconds): 99.73
	System time (seconds): 20.75
	Percent of CPU this job got: 99%
	Elapsed (wall clock) time (h:mm:ss or m:ss): 2:00.79
	Average shared text size (kbytes): 0
	Average unshared data size (kbytes): 0
	Average stack size (kbytes): 0
	Average total size (kbytes): 0
	Maximum resident set size (kbytes): 1899912
	Average resident set size (kbytes): 0
	Major (requiring I/O) page faults: 0
	Minor (reclaiming a frame) page faults: 657642
	Voluntary context switches: 10011
	Involuntary context switches: 222
	Swaps: 0
	File system inputs: 0
	File system outputs: 24
	Socket messages sent: 0
	Socket messages received: 0
	Signals delivered: 0
	Page size (bytes): 4096
	Exit status: 0
