[info] total indices 224
[info] total variants 224
1.001 was filtered out as 96818105 T>A needs T but not covered
1.002 was filtered out as 96818105 T>A needs T but not covered
1.003 was filtered out as 96818105 T>A needs T but not covered
1.004 was filtered out as 96818105 T>A needs T but not covered
1.005 was filtered out as 96818105 T>A needs T but not covered
1.006 was filtered out as 96818105 T>A needs T but not covered
1.007 was filtered out as 96818105 T>A needs T but not covered
1.008 was filtered out as 96818105 T>A needs T but not covered
1.009 was filtered out as 96818105 T>A needs T but not covered
1.010 was filtered out as 96818105 T>A needs T but not covered
1.011 was filtered out as 96818105 T>A needs T but not covered
1.012 was filtered out as 96818105 T>A needs T but not covered
1.013 was filtered out as 96818105 T>A needs T but not covered
1.014 was filtered out as 96818105 T>A needs T but not covered
1.015 was filtered out as 96818105 T>A needs T but not covered
1.016 was filtered out as 96818105 T>A needs T but not covered
1.017 was filtered out as 96818105 T>A needs T but not covered
1.018 was filtered out as 96818105 T>A needs T but not covered
3.001 was filtered out as 96818105 T>A needs T but not covered
3.002 was filtered out as 96818105 T>A needs T but not covered
4.001 was filtered out as 96818105 T>A needs T but not covered
4.002 was filtered out as 96818105 T>A needs T but not covered
5.001 was filtered out as 96818105 T>A needs T but not covered
6.001 was filtered out as 96818105 T>A needs T but not covered
7.001 was filtered out as 96818105 T>A needs T but not covered
8.001 was filtered out as 96818105 T>A needs T but not covered
9.001 was filtered out as 96818105 T>A needs T but not covered
10.001 was filtered out as 96818105 T>A needs T but not covered
11.001 was filtered out as 96818105 T>A needs T but not covered
12.001 was filtered out as 96818105 T>A needs T but not covered
13.001 was filtered out as 96818105 T>A needs T but not covered
14.001 was filtered out as 96818105 T>A needs T but not covered
15.001 was filtered out as 96818105 T>A needs T but not covered
16.001 was filtered out as 96818105 T>A needs T but not covered
17.001 was filtered out as 96818105 T>A needs T but not covered
18.001 was filtered out as 96818105 T>A needs T but not covered
[filter] CYP2C8 2.001 => 2.001; 2.002
[filter] valid_alleles=2
Step 0: Loss=0.0482, CN=[2.0999167]
Step 100: Loss=0.0421, CN=[2.1165006]
Step 200: Loss=0.0421, CN=[2.1164908]
Step 300: Loss=0.0421, CN=[2.1164908]
Step 400: Loss=0.0421, CN=[2.1164908]

=== Fit ===
Region 0: obs=2.195, exp=2.116, diff=+0.079 
Region 1: obs=2.456, exp=2.116, diff=+0.340 
Region 2: obs=2.265, exp=2.116, diff=+0.149 
Region 3: obs=2.059, exp=2.116, diff=-0.058 
Region 4: obs=1.688, exp=2.116, diff=-0.428 
Region 5: obs=1.638, exp=2.116, diff=-0.479 
Region 6: obs=1.740, exp=2.116, diff=-0.376 
Region 7: obs=2.134, exp=2.116, diff=+0.017 
Region 8: obs=2.274, exp=2.116, diff=+0.158 
Region 9: obs=2.004, exp=2.116, diff=-0.113 
Region 10: obs=2.111, exp=2.116, diff=-0.005 
Region 11: obs=2.108, exp=2.116, diff=-0.009 
Region 12: obs=2.366, exp=2.116, diff=+0.250 
Region 13: obs=1.886, exp=2.116, diff=-0.230 
Region 14: obs=1.410, exp=2.116, diff=-0.706 *
Region 15: obs=2.155, exp=2.116, diff=+0.039 
Region 16: obs=2.123, exp=2.116, diff=+0.006 
Region 17: obs=2.355, exp=2.116, diff=+0.239 
Region 18: obs=2.664, exp=2.116, diff=+0.548 *
Region 19: obs=2.400, exp=2.116, diff=+0.284 
Region 20: obs=2.254, exp=2.116, diff=+0.138 

[Gene CN Results]
  CYP2C8: 2.12 → 2.116490602493286
Using device: cuda

CYP2C8*2.001:

CYP2C8*2.002:

=== Running VAE with seed 456 ===
Global Pooled JS: 0.016575
functional kld weight 0.0
Seed 456, Step    0: Loss = 78.76 (Recon: 63.72, Allele KL: 0.35, Base KL: 11.22, Functional KL: 0.02
Global Pooled JS: 0.006717
functional kld weight 27.77777777777777
Seed 456, Step  500: Loss = 21.61 (Recon: 8.70, Allele KL: 2.24, Base KL: 2954.20, Functional KL: 0.01
Global Pooled JS: 0.005171
functional kld weight 222.22222222222217
Seed 456, Step 1000: Loss = 20.85 (Recon: 6.16, Allele KL: 3.19, Base KL: 3611.33, Functional KL: 0.01
Global Pooled JS: 0.003746
functional kld weight 750.0
Seed 456, Step 1500: Loss = 22.96 (Recon: 5.63, Allele KL: 3.30, Base KL: 5011.79, Functional KL: 0.00
Global Pooled JS: 0.002419
functional kld weight 1777.7777777777774
Seed 456, Step 2000: Loss = 25.85 (Recon: 5.82, Allele KL: 3.01, Base KL: 7130.44, Functional KL: 0.00
Global Pooled JS: 0.001965
functional kld weight 3472.222222222223
Seed 456, Step 2500: Loss = 31.92 (Recon: 7.31, Allele KL: 2.84, Base KL: 9367.83, Functional KL: 0.00

Top Variants with Coverage Mismatches:
Rank   Variant                        Expected     Observed     Diff       |Div|       
------------------------------------------------------------------------------------------
1      CYP2C8:96818105→C              0.02         0.00         0.02       0.000216    
2      CYP2C8:96818105→M              0.02         0.00         0.02       0.000215    
3      CYP2C8:96818105→N              0.02         0.00         0.02       0.000214    
4      CYP2C8:96818105→T              0.02         0.00         0.02       0.000213    
5      CYP2C8:96818105→P              0.02         0.00         0.02       0.000211    
6      CYP2C8:96818105→G              0.02         0.00         0.02       0.000210    
7      CYP2C8:96818105→A              35.20        34.00        1.20       0.000002    
New best model with final loss: 32.76

=== Multi-Seed VAE Results ===
Best model had seed 456 with final loss: 32.76
All seeds final losses:
  Seed 456: Total=32.76 (Recon=5.48, A_KL=3.03, B_KL=11993.23) <- Best

[Raw]:
CYP2C8*2: Normalized=1.0000, Unnormalized=1.00

[Alleles]
CYP2C8*2
CYP2C8*2
	Command being timed: "python cyp.py CYP2C8 /project/shared/aldy-data/wgs/NA19176.wgs.cram 456"
	User time (seconds): 99.55
	System time (seconds): 20.18
	Percent of CPU this job got: 99%
	Elapsed (wall clock) time (h:mm:ss or m:ss): 1:59.99
	Average shared text size (kbytes): 0
	Average unshared data size (kbytes): 0
	Average stack size (kbytes): 0
	Average total size (kbytes): 0
	Maximum resident set size (kbytes): 1894272
	Average resident set size (kbytes): 0
	Major (requiring I/O) page faults: 0
	Minor (reclaiming a frame) page faults: 481063
	Voluntary context switches: 10038
	Involuntary context switches: 193
	Swaps: 0
	File system inputs: 0
	File system outputs: 24
	Socket messages sent: 0
	Socket messages received: 0
	Signals delivered: 0
	Page size (bytes): 4096
	Exit status: 0
