[info] total indices 175
[info] total variants 175
3.001 was filtered out as 99270538 T>C needs C but not covered
3.012 was filtered out as 99270538 T>C needs C but not covered
3.013 was filtered out as 99270538 T>C needs C but not covered
3.014 was filtered out as 99270538 T>C needs C but not covered
3.015 was filtered out as 99270538 T>C needs C but not covered
3.016 was filtered out as 99270538 T>C needs C but not covered
3.002 was filtered out as 99270538 T>C needs C but not covered
3.003 was filtered out as 99270538 T>C needs C but not covered
3.004 was filtered out as 99270538 T>C needs C but not covered
3.005 was filtered out as 99270538 T>C needs C but not covered
3.006 was filtered out as 99270538 T>C needs C but not covered
3.007 was filtered out as 99270538 T>C needs C but not covered
3.008 was filtered out as 99270538 T>C needs C but not covered
3.009 was filtered out as 99270538 T>C needs C but not covered
3.010 was filtered out as 99270538 T>C needs C but not covered
3.017 was filtered out as 99270538 T>C needs C but not covered
6.001 was filtered out as 99262834 C>T needs T but not covered
8.001 was filtered out as 99273820 G>A needs A but not covered
9.001 was filtered out as 99258138 C>T needs T but not covered
[filter] CYP3A5 1 => 1.001; 1.002; 1.003; 1.004; 1.005
[filter] CYP3A5 7 => 7.001
[filter] valid_alleles=6
Step 0: Loss=0.1012, CN=[2.0999167]
Step 100: Loss=0.0375, CN=[2.3861446]
Step 200: Loss=0.0375, CN=[2.3853683]
Step 300: Loss=0.0375, CN=[2.3853667]
Step 400: Loss=0.0375, CN=[2.3853667]

=== Fit ===
Region 0: obs=2.436, exp=2.385, diff=+0.050 
Region 1: obs=2.125, exp=2.385, diff=-0.261 
Region 2: obs=2.168, exp=2.385, diff=-0.217 
Region 3: obs=2.309, exp=2.385, diff=-0.077 
Region 4: obs=2.590, exp=2.385, diff=+0.205 
Region 5: obs=2.059, exp=2.385, diff=-0.326 
Region 6: obs=2.189, exp=2.385, diff=-0.196 
Region 7: obs=2.692, exp=2.385, diff=+0.307 
Region 8: obs=2.045, exp=2.385, diff=-0.341 
Region 9: obs=2.443, exp=2.385, diff=+0.057 
Region 10: obs=2.611, exp=2.385, diff=+0.225 
Region 11: obs=2.445, exp=2.385, diff=+0.060 
Region 12: obs=2.163, exp=2.385, diff=-0.222 
Region 13: obs=2.369, exp=2.385, diff=-0.016 
Region 14: obs=2.258, exp=2.385, diff=-0.128 
Region 15: obs=2.942, exp=2.385, diff=+0.556 *
Region 16: obs=2.848, exp=2.385, diff=+0.463 
Region 17: obs=2.245, exp=2.385, diff=-0.141 
Region 18: obs=1.895, exp=2.385, diff=-0.490 
Region 19: obs=2.368, exp=2.385, diff=-0.018 
Region 20: obs=2.243, exp=2.385, diff=-0.142 
Region 21: obs=2.331, exp=2.385, diff=-0.054 
Region 22: obs=2.528, exp=2.385, diff=+0.143 
Region 23: obs=2.400, exp=2.385, diff=+0.015 
Region 24: obs=1.978, exp=2.385, diff=-0.407 
Region 25: obs=2.415, exp=2.385, diff=+0.029 
Region 26: obs=2.943, exp=2.385, diff=+0.558 *
Region 27: obs=2.866, exp=2.385, diff=+0.481 
Region 28: obs=2.387, exp=2.385, diff=+0.001 

[Gene CN Results]
  CYP3A5: 2.39 → 2.385366678237915
Using device: cuda

CYP3A5*1.001:

CYP3A5*1.002:

CYP3A5*1.003:

CYP3A5*1.004:

CYP3A5*1.005:

CYP3A5*7.001:

=== Running VAE with seed 2048 ===
Global Pooled JS: 0.055585
functional kld weight 0.0
Seed 2048, Step    0: Loss = 102.24 (Recon: 81.31, Allele KL: 2.72, Base KL: 84.49, Functional KL: 0.06
Global Pooled JS: 0.003080
functional kld weight 27.77777777777777
Seed 2048, Step  500: Loss = 52.21 (Recon: 23.58, Allele KL: 12.29, Base KL: 2852.10, Functional KL: 0.00
Global Pooled JS: 0.003516
functional kld weight 222.22222222222217
Seed 2048, Step 1000: Loss = 53.92 (Recon: 27.18, Allele KL: 9.38, Base KL: 2985.01, Functional KL: 0.00
Global Pooled JS: 0.008009
functional kld weight 750.0
Seed 2048, Step 1500: Loss = 62.58 (Recon: 27.86, Allele KL: 11.66, Base KL: 3490.00, Functional KL: 0.01
Global Pooled JS: 0.001307
functional kld weight 1777.7777777777774
Seed 2048, Step 2000: Loss = 63.03 (Recon: 31.77, Allele KL: 10.97, Base KL: 4226.42, Functional KL: 0.00
Global Pooled JS: 0.001290
functional kld weight 3472.222222222223
Seed 2048, Step 2500: Loss = 61.20 (Recon: 24.70, Allele KL: 13.45, Base KL: 5373.07, Functional KL: 0.00

Top Variants with Coverage Mismatches:
Rank   Variant                        Expected     Observed     Diff       |Div|       
------------------------------------------------------------------------------------------
1      CYP3A5:99250392→A              0.02         0.00         0.02       0.000143    
2      CYP3A5:99250392→N              0.02         0.00         0.02       0.000141    
3      CYP3A5:99250392→M              0.02         0.00         0.02       0.000140    
4      CYP3A5:99250392→C              0.02         0.00         0.02       0.000140    
5      CYP3A5:99250392→G              0.02         0.00         0.02       0.000139    
6      CYP3A5:99250392→P              15.29        18.00        -2.71      0.000023    
7      CYP3A5:99250392→T              37.60        46.00        -8.40      0.000015    
New best model with final loss: 64.87

=== Multi-Seed VAE Results ===
Best model had seed 2048 with final loss: 64.87
All seeds final losses:
  Seed 2048: Total=64.87 (Recon=28.81, A_KL=10.83, B_KL=6646.40) <- Best

[Raw]:
CYP3A5*1: Normalized=0.7089, Unnormalized=0.71
CYP3A5*7: Normalized=0.2911, Unnormalized=0.29

[Alleles]
CYP3A5*1
CYP3A5*7
	Command being timed: "python cyp.py CYP3A5 /project/shared/aldy-data/wgs/NA18509.wgs.cram 2048"
	User time (seconds): 51.33
	System time (seconds): 11.15
	Percent of CPU this job got: 99%
	Elapsed (wall clock) time (h:mm:ss or m:ss): 1:03.02
	Average shared text size (kbytes): 0
	Average unshared data size (kbytes): 0
	Average stack size (kbytes): 0
	Average total size (kbytes): 0
	Maximum resident set size (kbytes): 1873564
	Average resident set size (kbytes): 0
	Major (requiring I/O) page faults: 0
	Minor (reclaiming a frame) page faults: 489591
	Voluntary context switches: 10012
	Involuntary context switches: 96
	Swaps: 0
	File system inputs: 0
	File system outputs: 24
	Socket messages sent: 0
	Socket messages received: 0
	Signals delivered: 0
	Page size (bytes): 4096
	Exit status: 0
