[info] total indices 175
[info] total variants 175
3.002 was filtered out as 99273814 G>A needs A but not covered
3.003 was filtered out as 99270275 A>C needs C but not covered
3.004 was filtered out as 99245973 A>G needs G but not covered
3.005 was filtered out as 99264572 A>G needs G but not covered
3.006 was filtered out as 99247742 T>C needs C but not covered
3.007 was filtered out as 99247771 A>G needs G but not covered
3.008 was filtered out as 99273744 T>C needs C but not covered
3.009 was filtered out as 99262859 T>C needs C but not covered
3.010 was filtered out as 99250235 G>T needs T but not covered
3.017 was filtered out as 99262850 A>C needs C but not covered
6.001 was filtered out as 99262834 C>T needs T but not covered
7.001 was filtered out as 99250392 insA needs P but not covered
8.001 was filtered out as 99273820 G>A needs A but not covered
9.001 was filtered out as 99258138 C>T needs T but not covered
[filter] CYP3A5 1 => 1.001; 1.002; 1.003; 1.004; 1.005
[filter] CYP3A5 3 => 3.001; 3.012; 3.013; 3.014; 3.015; 3.016
[filter] valid_alleles=11
Step 0: Loss=0.0888, CN=[2.0999167]
Step 100: Loss=0.0420, CN=[2.3342993]
Step 200: Loss=0.0420, CN=[2.333283]
Step 300: Loss=0.0420, CN=[2.3332865]
Step 400: Loss=0.0420, CN=[2.3332868]

=== Fit ===
Region 0: obs=2.355, exp=2.333, diff=+0.022 
Region 1: obs=1.821, exp=2.333, diff=-0.512 *
Region 2: obs=1.662, exp=2.333, diff=-0.672 *
Region 3: obs=2.424, exp=2.333, diff=+0.091 
Region 4: obs=2.427, exp=2.333, diff=+0.094 
Region 5: obs=2.089, exp=2.333, diff=-0.244 
Region 6: obs=2.347, exp=2.333, diff=+0.014 
Region 7: obs=2.124, exp=2.333, diff=-0.210 
Region 8: obs=2.158, exp=2.333, diff=-0.175 
Region 9: obs=2.288, exp=2.333, diff=-0.045 
Region 10: obs=2.768, exp=2.333, diff=+0.435 
Region 11: obs=2.545, exp=2.333, diff=+0.211 
Region 12: obs=1.733, exp=2.333, diff=-0.601 *
Region 13: obs=2.463, exp=2.333, diff=+0.130 
Region 14: obs=2.843, exp=2.333, diff=+0.510 *
Region 15: obs=2.941, exp=2.333, diff=+0.608 *
Region 16: obs=2.749, exp=2.333, diff=+0.415 
Region 17: obs=2.511, exp=2.333, diff=+0.178 
Region 18: obs=2.043, exp=2.333, diff=-0.291 
Region 19: obs=2.459, exp=2.333, diff=+0.126 
Region 20: obs=2.478, exp=2.333, diff=+0.144 
Region 21: obs=2.374, exp=2.333, diff=+0.040 
Region 22: obs=2.252, exp=2.333, diff=-0.081 
Region 23: obs=2.266, exp=2.333, diff=-0.067 
Region 24: obs=2.167, exp=2.333, diff=-0.167 
Region 25: obs=2.331, exp=2.333, diff=-0.003 
Region 26: obs=2.380, exp=2.333, diff=+0.047 
Region 27: obs=2.255, exp=2.333, diff=-0.078 
Region 28: obs=2.246, exp=2.333, diff=-0.087 

[Gene CN Results]
  CYP3A5: 2.33 → 2.333286762237549
Using device: cuda

CYP3A5*1.001:

CYP3A5*1.002:

CYP3A5*1.003:

CYP3A5*1.004:

CYP3A5*1.005:

CYP3A5*3.001:

CYP3A5*3.012:

CYP3A5*3.013:

CYP3A5*3.014:

CYP3A5*3.015:

CYP3A5*3.016:

=== Running VAE with seed 2048 ===
Global Pooled JS: 0.105845
functional kld weight 0.0
Seed 2048, Step    0: Loss = 162.72 (Recon: 128.01, Allele KL: 8.26, Base KL: 506.69, Functional KL: 0.11
Global Pooled JS: 0.017109
functional kld weight 27.77777777777777
Seed 2048, Step  500: Loss = 96.70 (Recon: 59.28, Allele KL: 9.95, Base KL: 3432.19, Functional KL: 0.02
Global Pooled JS: 0.006052
functional kld weight 222.22222222222217
Seed 2048, Step 1000: Loss = 98.64 (Recon: 59.74, Allele KL: 9.89, Base KL: 3648.56, Functional KL: 0.01
Global Pooled JS: 0.004027
functional kld weight 750.0
Seed 2048, Step 1500: Loss = 99.32 (Recon: 58.57, Allele KL: 9.31, Base KL: 4596.00, Functional KL: 0.00
Global Pooled JS: 0.004372
functional kld weight 1777.7777777777774
Seed 2048, Step 2000: Loss = 110.70 (Recon: 61.00, Allele KL: 12.10, Base KL: 6052.84, Functional KL: 0.00
Global Pooled JS: 0.003002
functional kld weight 3472.222222222223
Seed 2048, Step 2500: Loss = 113.69 (Recon: 54.81, Allele KL: 17.47, Base KL: 7754.63, Functional KL: 0.00

Top Variants with Coverage Mismatches:
Rank   Variant                        Expected     Observed     Diff       |Div|       
------------------------------------------------------------------------------------------
1      CYP3A5:99270538→P              0.04         0.00         0.04       0.000290    
2      CYP3A5:99270538→M              0.04         0.00         0.04       0.000284    
3      CYP3A5:99270538→A              0.04         0.00         0.04       0.000284    
4      CYP3A5:99270538→G              0.04         0.00         0.04       0.000284    
5      CYP3A5:99270538→N              0.04         0.00         0.04       0.000283    
6      CYP3A5:99270538→C              25.18        27.00        -1.82      0.000210    
7      CYP3A5:99270538→T              20.93        20.00        0.93       0.000200    
New best model with final loss: 118.06

=== Multi-Seed VAE Results ===
Best model had seed 2048 with final loss: 118.06
All seeds final losses:
  Seed 2048: Total=118.06 (Recon=56.11, A_KL=15.58, B_KL=9674.82) <- Best

[Raw]:
CYP3A5*3: Normalized=0.5490, Unnormalized=0.55
CYP3A5*1: Normalized=0.4510, Unnormalized=0.45

[Alleles]
CYP3A5*3
CYP3A5*1
	Command being timed: "python cyp.py CYP3A5 /project/shared/aldy-data/wgs/NA19095.wgs.cram 2048"
	User time (seconds): 51.95
	System time (seconds): 11.47
	Percent of CPU this job got: 98%
	Elapsed (wall clock) time (h:mm:ss or m:ss): 1:04.07
	Average shared text size (kbytes): 0
	Average unshared data size (kbytes): 0
	Average stack size (kbytes): 0
	Average total size (kbytes): 0
	Maximum resident set size (kbytes): 1891184
	Average resident set size (kbytes): 0
	Major (requiring I/O) page faults: 0
	Minor (reclaiming a frame) page faults: 604016
	Voluntary context switches: 9928
	Involuntary context switches: 148
	Swaps: 0
	File system inputs: 0
	File system outputs: 24
	Socket messages sent: 0
	Socket messages received: 0
	Signals delivered: 0
	Page size (bytes): 4096
	Exit status: 0
