[info] total indices 175
[info] total variants 175
1.001 was filtered out as 99270538 T>C needs T but not covered
1.002 was filtered out as 99270538 T>C needs T but not covered
1.003 was filtered out as 99270538 T>C needs T but not covered
1.004 was filtered out as 99270538 T>C needs T but not covered
1.005 was filtered out as 99270538 T>C needs T but not covered
3.002 was filtered out as 99273814 G>A needs A but not covered
3.003 was filtered out as 99270275 A>C needs C but not covered
3.004 was filtered out as 99245973 A>G needs G but not covered
3.006 was filtered out as 99247742 T>C needs C but not covered
3.007 was filtered out as 99247771 A>G needs G but not covered
3.008 was filtered out as 99273744 T>C needs C but not covered
3.009 was filtered out as 99262859 T>C needs C but not covered
3.010 was filtered out as 99250235 G>T needs T but not covered
3.017 was filtered out as 99262850 A>C needs C but not covered
6.001 was filtered out as 99270538 T>C needs T but not covered
7.001 was filtered out as 99270538 T>C needs T but not covered
8.001 was filtered out as 99270538 T>C needs T but not covered
9.001 was filtered out as 99270538 T>C needs T but not covered
[filter] CYP3A5 3 => 3.001; 3.012; 3.013; 3.014; 3.015; 3.016
[filter] CYP3A5 3G(*5) => 3.005
[filter] valid_alleles=7
Step 0: Loss=0.0802, CN=[2.0999167]
Step 100: Loss=0.0454, CN=[2.283287]
Step 200: Loss=0.0454, CN=[2.2829497]
Step 300: Loss=0.0454, CN=[2.2829442]
Step 400: Loss=0.0454, CN=[2.282944]

=== Fit ===
Region 0: obs=2.346, exp=2.283, diff=+0.063 
Region 1: obs=2.065, exp=2.283, diff=-0.217 
Region 2: obs=1.703, exp=2.283, diff=-0.580 *
Region 3: obs=2.298, exp=2.283, diff=+0.015 
Region 4: obs=2.521, exp=2.283, diff=+0.238 
Region 5: obs=2.097, exp=2.283, diff=-0.186 
Region 6: obs=1.878, exp=2.283, diff=-0.404 
Region 7: obs=2.385, exp=2.283, diff=+0.102 
Region 8: obs=2.388, exp=2.283, diff=+0.105 
Region 9: obs=2.393, exp=2.283, diff=+0.110 
Region 10: obs=2.797, exp=2.283, diff=+0.514 *
Region 11: obs=2.039, exp=2.283, diff=-0.244 
Region 12: obs=2.180, exp=2.283, diff=-0.103 
Region 13: obs=2.443, exp=2.283, diff=+0.160 
Region 14: obs=2.631, exp=2.283, diff=+0.348 
Region 15: obs=2.260, exp=2.283, diff=-0.023 
Region 16: obs=2.610, exp=2.283, diff=+0.327 
Region 17: obs=2.299, exp=2.283, diff=+0.016 
Region 18: obs=1.994, exp=2.283, diff=-0.289 
Region 19: obs=2.285, exp=2.283, diff=+0.002 
Region 20: obs=1.833, exp=2.283, diff=-0.450 
Region 21: obs=2.245, exp=2.283, diff=-0.038 
Region 22: obs=2.375, exp=2.283, diff=+0.092 
Region 23: obs=2.159, exp=2.283, diff=-0.124 
Region 24: obs=2.082, exp=2.283, diff=-0.201 
Region 25: obs=2.131, exp=2.283, diff=-0.152 
Region 26: obs=3.277, exp=2.283, diff=+0.994 *
Region 27: obs=2.770, exp=2.283, diff=+0.487 
Region 28: obs=2.150, exp=2.283, diff=-0.133 

[Gene CN Results]
  CYP3A5: 2.28 → 2.2829442024230957
Using device: cuda

CYP3A5*3.001:

CYP3A5*3.012:

CYP3A5*3.013:

CYP3A5*3.014:

CYP3A5*3.015:

CYP3A5*3.016:

CYP3A5*3.005:

=== Running VAE with seed 456 ===
Global Pooled JS: 0.075359
functional kld weight 0.0
Seed 456, Step    0: Loss = 143.98 (Recon: 116.16, Allele KL: 3.32, Base KL: 164.39, Functional KL: 0.08
Global Pooled JS: 0.010405
functional kld weight 27.77777777777777
Seed 456, Step  500: Loss = 67.86 (Recon: 32.77, Allele KL: 11.66, Base KL: 3419.54, Functional KL: 0.01
Global Pooled JS: 0.011723
functional kld weight 222.22222222222217
Seed 456, Step 1000: Loss = 66.87 (Recon: 32.59, Allele KL: 8.31, Base KL: 3861.31, Functional KL: 0.01
Global Pooled JS: 0.019636
functional kld weight 750.0
Seed 456, Step 1500: Loss = 85.62 (Recon: 36.88, Allele KL: 9.70, Base KL: 5054.26, Functional KL: 0.02
Global Pooled JS: 0.007426
functional kld weight 1777.7777777777774
Seed 456, Step 2000: Loss = 82.51 (Recon: 31.00, Allele KL: 12.07, Base KL: 7264.97, Functional KL: 0.01
Global Pooled JS: 0.007498
functional kld weight 3472.222222222223
Seed 456, Step 2500: Loss = 98.22 (Recon: 32.41, Allele KL: 10.49, Base KL: 10434.70, Functional KL: 0.01

Top Variants with Coverage Mismatches:
Rank   Variant                        Expected     Observed     Diff       |Div|       
------------------------------------------------------------------------------------------
1      CYP3A5:99270538→C              42.23        40.00        2.23       0.001118    
2      CYP3A5:99264572→A              23.42        30.00        -6.58      0.000983    
3      CYP3A5:99270538→G              0.08         0.00         0.08       0.000327    
4      CYP3A5:99270538→N              0.08         0.00         0.08       0.000327    
5      CYP3A5:99270538→A              0.08         0.00         0.08       0.000325    
6      CYP3A5:99270538→T              0.08         0.00         0.08       0.000324    
7      CYP3A5:99270538→M              0.08         0.00         0.08       0.000321    
8      CYP3A5:99270538→P              0.08         0.00         0.08       0.000321    
9      CYP3A5:99264572→G              19.13        23.00        -3.87      0.000289    
10     CYP3A5:99264572→M              0.03         0.00         0.03       0.000129    
11     CYP3A5:99264572→P              0.03         0.00         0.03       0.000128    
12     CYP3A5:99264572→C              0.03         0.00         0.03       0.000128    
13     CYP3A5:99264572→T              0.03         0.00         0.03       0.000127    
14     CYP3A5:99264572→N              0.03         0.00         0.03       0.000126    
New best model with final loss: 112.11

=== Multi-Seed VAE Results ===
Best model had seed 456 with final loss: 112.11
All seeds final losses:
  Seed 456: Total=112.11 (Recon=33.26, A_KL=13.20, B_KL=14299.45) <- Best

[Raw]:
CYP3A5*3: Normalized=1.0000, Unnormalized=1.00

[Alleles]
CYP3A5*3
CYP3A5*3
	Command being timed: "python cyp.py CYP3A5 /project/shared/aldy-data/wgs/HG00436.wgs.cram 456"
	User time (seconds): 52.00
	System time (seconds): 10.80
	Percent of CPU this job got: 98%
	Elapsed (wall clock) time (h:mm:ss or m:ss): 1:03.48
	Average shared text size (kbytes): 0
	Average unshared data size (kbytes): 0
	Average stack size (kbytes): 0
	Average total size (kbytes): 0
	Maximum resident set size (kbytes): 1882728
	Average resident set size (kbytes): 0
	Major (requiring I/O) page faults: 0
	Minor (reclaiming a frame) page faults: 599692
	Voluntary context switches: 10430
	Involuntary context switches: 125
	Swaps: 0
	File system inputs: 0
	File system outputs: 24
	Socket messages sent: 0
	Socket messages received: 0
	Signals delivered: 0
	Page size (bytes): 4096
	Exit status: 0
