[info] total indices 175
[info] total variants 175
1.001 was filtered out as 99270538 T>C needs T but not covered
1.002 was filtered out as 99270538 T>C needs T but not covered
1.003 was filtered out as 99270538 T>C needs T but not covered
1.004 was filtered out as 99270538 T>C needs T but not covered
1.005 was filtered out as 99270538 T>C needs T but not covered
3.002 was filtered out as 99273814 G>A needs A but not covered
3.003 was filtered out as 99270275 A>C needs C but not covered
3.004 was filtered out as 99245973 A>G needs G but not covered
3.005 was filtered out as 99264572 A>G needs G but not covered
3.006 was filtered out as 99247742 T>C needs C but not covered
3.007 was filtered out as 99247771 A>G needs G but not covered
3.008 was filtered out as 99273744 T>C needs C but not covered
3.009 was filtered out as 99262859 T>C needs C but not covered
3.010 was filtered out as 99250235 G>T needs T but not covered
3.017 was filtered out as 99262850 A>C needs C but not covered
6.001 was filtered out as 99270538 T>C needs T but not covered
7.001 was filtered out as 99270538 T>C needs T but not covered
8.001 was filtered out as 99270538 T>C needs T but not covered
9.001 was filtered out as 99270538 T>C needs T but not covered
[filter] CYP3A5 3 => 3.001; 3.012; 3.013; 3.014; 3.015; 3.016
[filter] valid_alleles=6
Step 0: Loss=0.1157, CN=[2.0999167]
Step 100: Loss=0.0298, CN=[2.4371889]
Step 200: Loss=0.0298, CN=[2.4383993]
Step 300: Loss=0.0298, CN=[2.438404]
Step 400: Loss=0.0298, CN=[2.438404]

=== Fit ===
Region 0: obs=2.602, exp=2.438, diff=+0.164 
Region 1: obs=2.397, exp=2.438, diff=-0.041 
Region 2: obs=2.360, exp=2.438, diff=-0.078 
Region 3: obs=2.684, exp=2.438, diff=+0.246 
Region 4: obs=2.825, exp=2.438, diff=+0.387 
Region 5: obs=2.442, exp=2.438, diff=+0.004 
Region 6: obs=1.808, exp=2.438, diff=-0.631 *
Region 7: obs=2.343, exp=2.438, diff=-0.095 
Region 8: obs=2.611, exp=2.438, diff=+0.172 
Region 9: obs=2.796, exp=2.438, diff=+0.357 
Region 10: obs=2.171, exp=2.438, diff=-0.267 
Region 11: obs=2.363, exp=2.438, diff=-0.075 
Region 12: obs=1.996, exp=2.438, diff=-0.442 
Region 13: obs=2.411, exp=2.438, diff=-0.027 
Region 14: obs=2.950, exp=2.438, diff=+0.512 *
Region 15: obs=2.383, exp=2.438, diff=-0.055 
Region 16: obs=2.553, exp=2.438, diff=+0.115 
Region 17: obs=2.581, exp=2.438, diff=+0.143 
Region 18: obs=2.257, exp=2.438, diff=-0.181 
Region 19: obs=2.465, exp=2.438, diff=+0.027 
Region 20: obs=2.094, exp=2.438, diff=-0.344 
Region 21: obs=2.451, exp=2.438, diff=+0.012 
Region 22: obs=2.699, exp=2.438, diff=+0.261 
Region 23: obs=2.524, exp=2.438, diff=+0.086 
Region 24: obs=2.117, exp=2.438, diff=-0.321 
Region 25: obs=2.315, exp=2.438, diff=-0.123 
Region 26: obs=2.488, exp=2.438, diff=+0.050 
Region 27: obs=2.369, exp=2.438, diff=-0.069 
Region 28: obs=2.536, exp=2.438, diff=+0.098 

[Gene CN Results]
  CYP3A5: 2.44 → 2.438404083251953
Using device: cuda

CYP3A5*3.001:

CYP3A5*3.012:

CYP3A5*3.013:

CYP3A5*3.014:

CYP3A5*3.015:

CYP3A5*3.016:

=== Running VAE with seed 456 ===
Global Pooled JS: 0.017560
functional kld weight 0.0
Seed 456, Step    0: Loss = 96.28 (Recon: 64.17, Allele KL: 5.15, Base KL: 161.12, Functional KL: 0.02
Global Pooled JS: 0.009386
functional kld weight 27.77777777777777
Seed 456, Step  500: Loss = 56.87 (Recon: 25.36, Allele KL: 6.64, Base KL: 4616.82, Functional KL: 0.01
Global Pooled JS: 0.006975
functional kld weight 222.22222222222217
Seed 456, Step 1000: Loss = 59.58 (Recon: 22.81, Allele KL: 10.42, Base KL: 5232.78, Functional KL: 0.01
Global Pooled JS: 0.005903
functional kld weight 750.0
Seed 456, Step 1500: Loss = 70.19 (Recon: 30.70, Allele KL: 7.99, Base KL: 6802.11, Functional KL: 0.01
Global Pooled JS: 0.003251
functional kld weight 1777.7777777777774
Seed 456, Step 2000: Loss = 66.53 (Recon: 23.14, Allele KL: 9.34, Base KL: 8784.35, Functional KL: 0.00
Global Pooled JS: 0.002948
functional kld weight 3472.222222222223
Seed 456, Step 2500: Loss = 77.02 (Recon: 27.07, Allele KL: 8.53, Base KL: 11587.59, Functional KL: 0.00

Top Variants with Coverage Mismatches:
Rank   Variant                        Expected     Observed     Diff       |Div|       
------------------------------------------------------------------------------------------
1      CYP3A5:99270538→P              0.03         0.00         0.03       0.000235    
2      CYP3A5:99270538→T              0.03         0.00         0.03       0.000235    
3      CYP3A5:99270538→G              0.03         0.00         0.03       0.000234    
4      CYP3A5:99270538→A              0.03         0.00         0.03       0.000234    
5      CYP3A5:99270538→M              0.03         0.00         0.03       0.000228    
6      CYP3A5:99270538→N              0.03         0.00         0.03       0.000228    
7      CYP3A5:99270538→C              46.81        44.00        2.81       0.000002    
New best model with final loss: 86.15

=== Multi-Seed VAE Results ===
Best model had seed 456 with final loss: 86.15
All seeds final losses:
  Seed 456: Total=86.15 (Recon=26.15, A_KL=12.47, B_KL=13990.63) <- Best

[Raw]:
CYP3A5*3: Normalized=1.0000, Unnormalized=1.00

[Alleles]
CYP3A5*3
CYP3A5*3
	Command being timed: "python cyp.py CYP3A5 /project/shared/aldy-data/wgs/NA07357.wgs.cram 456"
	User time (seconds): 51.49
	System time (seconds): 10.81
	Percent of CPU this job got: 99%
	Elapsed (wall clock) time (h:mm:ss or m:ss): 1:02.67
	Average shared text size (kbytes): 0
	Average unshared data size (kbytes): 0
	Average stack size (kbytes): 0
	Average total size (kbytes): 0
	Maximum resident set size (kbytes): 1905840
	Average resident set size (kbytes): 0
	Major (requiring I/O) page faults: 0
	Minor (reclaiming a frame) page faults: 604207
	Voluntary context switches: 9930
	Involuntary context switches: 72
	Swaps: 0
	File system inputs: 0
	File system outputs: 24
	Socket messages sent: 0
	Socket messages received: 0
	Signals delivered: 0
	Page size (bytes): 4096
	Exit status: 0
