[info] total indices 175
[info] total variants 175
1.001 was filtered out as 99270538 T>C needs T but not covered
1.002 was filtered out as 99270538 T>C needs T but not covered
1.003 was filtered out as 99270538 T>C needs T but not covered
1.004 was filtered out as 99270538 T>C needs T but not covered
1.005 was filtered out as 99270538 T>C needs T but not covered
3.002 was filtered out as 99273814 G>A needs A but not covered
3.003 was filtered out as 99270275 A>C needs C but not covered
3.004 was filtered out as 99245973 A>G needs G but not covered
3.005 was filtered out as 99264572 A>G needs G but not covered
3.006 was filtered out as 99247742 T>C needs C but not covered
3.007 was filtered out as 99247771 A>G needs G but not covered
3.008 was filtered out as 99273744 T>C needs C but not covered
3.009 was filtered out as 99262859 T>C needs C but not covered
3.010 was filtered out as 99250235 G>T needs T but not covered
3.017 was filtered out as 99262850 A>C needs C but not covered
6.001 was filtered out as 99270538 T>C needs T but not covered
7.001 was filtered out as 99270538 T>C needs T but not covered
8.001 was filtered out as 99270538 T>C needs T but not covered
9.001 was filtered out as 99270538 T>C needs T but not covered
[filter] CYP3A5 3 => 3.001; 3.012; 3.013; 3.014; 3.015; 3.016
[filter] valid_alleles=6
Step 0: Loss=0.0872, CN=[2.0999167]
Step 100: Loss=0.0298, CN=[2.355319]
Step 200: Loss=0.0298, CN=[2.3538427]
Step 300: Loss=0.0298, CN=[2.3538368]
Step 400: Loss=0.0298, CN=[2.3538365]

=== Fit ===
Region 0: obs=2.180, exp=2.354, diff=-0.173 
Region 1: obs=2.131, exp=2.354, diff=-0.223 
Region 2: obs=2.246, exp=2.354, diff=-0.108 
Region 3: obs=2.295, exp=2.354, diff=-0.059 
Region 4: obs=2.466, exp=2.354, diff=+0.112 
Region 5: obs=2.455, exp=2.354, diff=+0.101 
Region 6: obs=2.680, exp=2.354, diff=+0.326 
Region 7: obs=2.560, exp=2.354, diff=+0.206 
Region 8: obs=2.612, exp=2.354, diff=+0.258 
Region 9: obs=2.399, exp=2.354, diff=+0.045 
Region 10: obs=2.802, exp=2.354, diff=+0.448 
Region 11: obs=2.362, exp=2.354, diff=+0.009 
Region 12: obs=1.658, exp=2.354, diff=-0.696 *
Region 13: obs=2.398, exp=2.354, diff=+0.044 
Region 14: obs=2.109, exp=2.354, diff=-0.245 
Region 15: obs=2.431, exp=2.354, diff=+0.077 
Region 16: obs=2.665, exp=2.354, diff=+0.311 
Region 17: obs=2.567, exp=2.354, diff=+0.213 
Region 18: obs=2.532, exp=2.354, diff=+0.178 
Region 19: obs=2.111, exp=2.354, diff=-0.243 
Region 20: obs=1.826, exp=2.354, diff=-0.528 *
Region 21: obs=2.276, exp=2.354, diff=-0.078 
Region 22: obs=2.287, exp=2.354, diff=-0.067 
Region 23: obs=2.280, exp=2.354, diff=-0.074 
Region 24: obs=2.375, exp=2.354, diff=+0.021 
Region 25: obs=2.198, exp=2.354, diff=-0.155 
Region 26: obs=2.579, exp=2.354, diff=+0.225 
Region 27: obs=2.458, exp=2.354, diff=+0.104 
Region 28: obs=2.101, exp=2.354, diff=-0.253 

[Gene CN Results]
  CYP3A5: 2.35 → 2.3538365364074707
Using device: cuda

CYP3A5*3.001:

CYP3A5*3.012:

CYP3A5*3.013:

CYP3A5*3.014:

CYP3A5*3.015:

CYP3A5*3.016:

=== Running VAE with seed 456 ===
Global Pooled JS: 0.017540
functional kld weight 0.0
Seed 456, Step    0: Loss = 98.10 (Recon: 66.08, Allele KL: 5.12, Base KL: 151.12, Functional KL: 0.02
Global Pooled JS: 0.009010
functional kld weight 27.77777777777777
Seed 456, Step  500: Loss = 56.95 (Recon: 25.67, Allele KL: 6.47, Base KL: 4519.02, Functional KL: 0.01
Global Pooled JS: 0.006722
functional kld weight 222.22222222222217
Seed 456, Step 1000: Loss = 59.80 (Recon: 23.01, Allele KL: 10.57, Base KL: 5140.85, Functional KL: 0.01
Global Pooled JS: 0.006048
functional kld weight 750.0
Seed 456, Step 1500: Loss = 70.19 (Recon: 31.12, Allele KL: 7.46, Base KL: 6674.94, Functional KL: 0.01
Global Pooled JS: 0.003208
functional kld weight 1777.7777777777774
Seed 456, Step 2000: Loss = 66.52 (Recon: 23.24, Allele KL: 9.38, Base KL: 8689.82, Functional KL: 0.00
Global Pooled JS: 0.002983
functional kld weight 3472.222222222223
Seed 456, Step 2500: Loss = 76.58 (Recon: 26.77, Allele KL: 8.37, Base KL: 11421.91, Functional KL: 0.00

Top Variants with Coverage Mismatches:
Rank   Variant                        Expected     Observed     Diff       |Div|       
------------------------------------------------------------------------------------------
1      CYP3A5:99270538→P              0.03         0.00         0.03       0.000234    
2      CYP3A5:99270538→T              0.03         0.00         0.03       0.000234    
3      CYP3A5:99270538→G              0.03         0.00         0.03       0.000234    
4      CYP3A5:99270538→A              0.03         0.00         0.03       0.000234    
5      CYP3A5:99270538→M              0.03         0.00         0.03       0.000228    
6      CYP3A5:99270538→N              0.03         0.00         0.03       0.000228    
7      CYP3A5:99270538→C              45.15        54.00        -8.85      0.000002    
New best model with final loss: 85.93

=== Multi-Seed VAE Results ===
Best model had seed 456 with final loss: 85.93
All seeds final losses:
  Seed 456: Total=85.93 (Recon=26.20, A_KL=12.41, B_KL=13825.96) <- Best

[Raw]:
CYP3A5*3: Normalized=1.0000, Unnormalized=1.00

[Alleles]
CYP3A5*3
CYP3A5*3
	Command being timed: "python cyp.py CYP3A5 /project/shared/aldy-data/wgs/NA11993.wgs.cram 456"
	User time (seconds): 51.73
	System time (seconds): 12.18
	Percent of CPU this job got: 99%
	Elapsed (wall clock) time (h:mm:ss or m:ss): 1:04.34
	Average shared text size (kbytes): 0
	Average unshared data size (kbytes): 0
	Average stack size (kbytes): 0
	Average total size (kbytes): 0
	Maximum resident set size (kbytes): 1903504
	Average resident set size (kbytes): 0
	Major (requiring I/O) page faults: 0
	Minor (reclaiming a frame) page faults: 498973
	Voluntary context switches: 11506
	Involuntary context switches: 1610
	Swaps: 0
	File system inputs: 0
	File system outputs: 24
	Socket messages sent: 0
	Socket messages received: 0
	Signals delivered: 0
	Page size (bytes): 4096
	Exit status: 0
