[info] total indices 175
[info] total variants 175
1.001 was filtered out as 99270538 T>C needs T but not covered
1.002 was filtered out as 99270538 T>C needs T but not covered
1.003 was filtered out as 99270538 T>C needs T but not covered
1.004 was filtered out as 99270538 T>C needs T but not covered
1.005 was filtered out as 99270538 T>C needs T but not covered
3.002 was filtered out as 99273814 G>A needs A but not covered
3.003 was filtered out as 99270275 A>C needs C but not covered
3.004 was filtered out as 99245973 A>G needs G but not covered
3.005 was filtered out as 99264572 A>G needs G but not covered
3.006 was filtered out as 99247742 T>C needs C but not covered
3.007 was filtered out as 99247771 A>G needs G but not covered
3.008 was filtered out as 99273744 T>C needs C but not covered
3.009 was filtered out as 99262859 T>C needs C but not covered
3.010 was filtered out as 99250235 G>T needs T but not covered
3.017 was filtered out as 99262850 A>C needs C but not covered
6.001 was filtered out as 99270538 T>C needs T but not covered
7.001 was filtered out as 99270538 T>C needs T but not covered
8.001 was filtered out as 99270538 T>C needs T but not covered
9.001 was filtered out as 99270538 T>C needs T but not covered
[filter] CYP3A5 3 => 3.001; 3.012; 3.013; 3.014; 3.015; 3.016
[filter] valid_alleles=6
Step 0: Loss=0.0615, CN=[2.0999167]
Step 100: Loss=0.0448, CN=[2.194097]
Step 200: Loss=0.0448, CN=[2.1936514]
Step 300: Loss=0.0448, CN=[2.1936471]
Step 400: Loss=0.0448, CN=[2.1936467]

=== Fit ===
Region 0: obs=2.210, exp=2.194, diff=+0.016 
Region 1: obs=1.724, exp=2.194, diff=-0.469 
Region 2: obs=2.335, exp=2.194, diff=+0.142 
Region 3: obs=2.169, exp=2.194, diff=-0.025 
Region 4: obs=2.369, exp=2.194, diff=+0.175 
Region 5: obs=2.061, exp=2.194, diff=-0.133 
Region 6: obs=1.510, exp=2.194, diff=-0.683 *
Region 7: obs=2.193, exp=2.194, diff=-0.001 
Region 8: obs=2.071, exp=2.194, diff=-0.123 
Region 9: obs=2.291, exp=2.194, diff=+0.097 
Region 10: obs=2.145, exp=2.194, diff=-0.049 
Region 11: obs=2.604, exp=2.194, diff=+0.410 
Region 12: obs=2.026, exp=2.194, diff=-0.168 
Region 13: obs=2.292, exp=2.194, diff=+0.098 
Region 14: obs=2.367, exp=2.194, diff=+0.173 
Region 15: obs=2.596, exp=2.194, diff=+0.403 
Region 16: obs=3.111, exp=2.194, diff=+0.917 *
Region 17: obs=2.538, exp=2.194, diff=+0.344 
Region 18: obs=2.211, exp=2.194, diff=+0.017 
Region 19: obs=2.383, exp=2.194, diff=+0.189 
Region 20: obs=1.633, exp=2.194, diff=-0.561 *
Region 21: obs=2.200, exp=2.194, diff=+0.007 
Region 22: obs=1.960, exp=2.194, diff=-0.233 
Region 23: obs=1.949, exp=2.194, diff=-0.245 
Region 24: obs=1.812, exp=2.194, diff=-0.382 
Region 25: obs=2.352, exp=2.194, diff=+0.158 
Region 26: obs=2.324, exp=2.194, diff=+0.131 
Region 27: obs=2.093, exp=2.194, diff=-0.100 
Region 28: obs=2.260, exp=2.194, diff=+0.066 

[Gene CN Results]
  CYP3A5: 2.19 → 2.1936469078063965
Using device: cuda

CYP3A5*3.001:

CYP3A5*3.012:

CYP3A5*3.013:

CYP3A5*3.014:

CYP3A5*3.015:

CYP3A5*3.016:

=== Running VAE with seed 456 ===
Global Pooled JS: 0.017549
functional kld weight 0.0
Seed 456, Step    0: Loss = 117.63 (Recon: 86.71, Allele KL: 3.99, Base KL: 146.82, Functional KL: 0.02
Global Pooled JS: 0.010567
functional kld weight 27.77777777777777
Seed 456, Step  500: Loss = 66.43 (Recon: 33.56, Allele KL: 7.57, Base KL: 4155.32, Functional KL: 0.01
Global Pooled JS: 0.008709
functional kld weight 222.22222222222217
Seed 456, Step 1000: Loss = 66.22 (Recon: 31.31, Allele KL: 7.74, Base KL: 4764.52, Functional KL: 0.01
Global Pooled JS: 0.006798
functional kld weight 750.0
Seed 456, Step 1500: Loss = 74.89 (Recon: 34.69, Allele KL: 8.11, Base KL: 6593.32, Functional KL: 0.01
Global Pooled JS: 0.004581
functional kld weight 1777.7777777777774
Seed 456, Step 2000: Loss = 76.22 (Recon: 30.57, Allele KL: 8.14, Base KL: 9395.46, Functional KL: 0.00
Global Pooled JS: 0.003603
functional kld weight 3472.222222222223
Seed 456, Step 2500: Loss = 88.05 (Recon: 32.98, Allele KL: 9.64, Base KL: 13051.35, Functional KL: 0.00

Top Variants with Coverage Mismatches:
Rank   Variant                        Expected     Observed     Diff       |Div|       
------------------------------------------------------------------------------------------
1      CYP3A5:99270538→T              0.05         0.00         0.05       0.000361    
2      CYP3A5:99270538→A              0.05         0.00         0.05       0.000361    
3      CYP3A5:99270538→G              0.05         0.00         0.05       0.000360    
4      CYP3A5:99270538→P              0.05         0.00         0.05       0.000357    
5      CYP3A5:99270538→N              0.05         0.00         0.05       0.000355    
6      CYP3A5:99270538→M              0.05         0.00         0.05       0.000351    
7      CYP3A5:99270538→C              45.22        64.00        -18.78     0.000005    
New best model with final loss: 97.51

=== Multi-Seed VAE Results ===
Best model had seed 456 with final loss: 97.51
All seeds final losses:
  Seed 456: Total=97.51 (Recon=32.02, A_KL=12.39, B_KL=16894.55) <- Best

[Raw]:
CYP3A5*3: Normalized=1.0000, Unnormalized=1.00

[Alleles]
CYP3A5*3
CYP3A5*3
	Command being timed: "python cyp.py CYP3A5 /project/shared/aldy-data/wgs/NA12145.wgs.cram 456"
	User time (seconds): 51.79
	System time (seconds): 10.56
	Percent of CPU this job got: 98%
	Elapsed (wall clock) time (h:mm:ss or m:ss): 1:03.62
	Average shared text size (kbytes): 0
	Average unshared data size (kbytes): 0
	Average stack size (kbytes): 0
	Average total size (kbytes): 0
	Maximum resident set size (kbytes): 1896232
	Average resident set size (kbytes): 0
	Major (requiring I/O) page faults: 0
	Minor (reclaiming a frame) page faults: 661359
	Voluntary context switches: 9995
	Involuntary context switches: 110
	Swaps: 0
	File system inputs: 0
	File system outputs: 24
	Socket messages sent: 0
	Socket messages received: 0
	Signals delivered: 0
	Page size (bytes): 4096
	Exit status: 0
