[info] total indices 175
[info] total variants 175
3.002 was filtered out as 99273814 G>A needs A but not covered
3.003 was filtered out as 99270275 A>C needs C but not covered
3.004 was filtered out as 99245973 A>G needs G but not covered
3.005 was filtered out as 99264572 A>G needs G but not covered
3.006 was filtered out as 99247742 T>C needs C but not covered
3.007 was filtered out as 99247771 A>G needs G but not covered
3.008 was filtered out as 99273744 T>C needs C but not covered
3.009 was filtered out as 99262859 T>C needs C but not covered
3.010 was filtered out as 99250235 G>T needs T but not covered
3.017 was filtered out as 99262850 A>C needs C but not covered
6.001 was filtered out as 99262834 C>T needs T but not covered
7.001 was filtered out as 99250392 insA needs P but not covered
8.001 was filtered out as 99273820 G>A needs A but not covered
9.001 was filtered out as 99258138 C>T needs T but not covered
[filter] CYP3A5 1 => 1.001; 1.002; 1.003; 1.004; 1.005
[filter] CYP3A5 3 => 3.001; 3.012; 3.013; 3.014; 3.015; 3.016
[filter] valid_alleles=11
Step 0: Loss=0.0658, CN=[2.0999167]
Step 100: Loss=0.0354, CN=[2.25555]
Step 200: Loss=0.0354, CN=[2.254457]
Step 300: Loss=0.0354, CN=[2.2544608]
Step 400: Loss=0.0354, CN=[2.2544608]

=== Fit ===
Region 0: obs=2.404, exp=2.254, diff=+0.149 
Region 1: obs=1.636, exp=2.254, diff=-0.619 *
Region 2: obs=1.987, exp=2.254, diff=-0.268 
Region 3: obs=2.516, exp=2.254, diff=+0.262 
Region 4: obs=2.034, exp=2.254, diff=-0.221 
Region 5: obs=2.169, exp=2.254, diff=-0.085 
Region 6: obs=1.730, exp=2.254, diff=-0.525 *
Region 7: obs=2.052, exp=2.254, diff=-0.203 
Region 8: obs=2.281, exp=2.254, diff=+0.027 
Region 9: obs=2.545, exp=2.254, diff=+0.291 
Region 10: obs=2.436, exp=2.254, diff=+0.182 
Region 11: obs=2.295, exp=2.254, diff=+0.041 
Region 12: obs=2.234, exp=2.254, diff=-0.020 
Region 13: obs=2.467, exp=2.254, diff=+0.212 
Region 14: obs=2.660, exp=2.254, diff=+0.406 
Region 15: obs=2.646, exp=2.254, diff=+0.391 
Region 16: obs=2.197, exp=2.254, diff=-0.057 
Region 17: obs=2.511, exp=2.254, diff=+0.256 
Region 18: obs=1.936, exp=2.254, diff=-0.318 
Region 19: obs=2.403, exp=2.254, diff=+0.149 
Region 20: obs=2.311, exp=2.254, diff=+0.057 
Region 21: obs=2.203, exp=2.254, diff=-0.052 
Region 22: obs=2.286, exp=2.254, diff=+0.032 
Region 23: obs=2.511, exp=2.254, diff=+0.257 
Region 24: obs=2.163, exp=2.254, diff=-0.091 
Region 25: obs=2.480, exp=2.254, diff=+0.225 
Region 26: obs=2.014, exp=2.254, diff=-0.241 
Region 27: obs=1.732, exp=2.254, diff=-0.523 *
Region 28: obs=2.375, exp=2.254, diff=+0.120 

[Gene CN Results]
  CYP3A5: 2.25 → 2.254460573196411
Using device: cuda

CYP3A5*1.001:

CYP3A5*1.002:

CYP3A5*1.003:

CYP3A5*1.004:

CYP3A5*1.005:

CYP3A5*3.001:

CYP3A5*3.012:

CYP3A5*3.013:

CYP3A5*3.014:

CYP3A5*3.015:

CYP3A5*3.016:

=== Running VAE with seed 456 ===
Global Pooled JS: 0.010213
functional kld weight 0.0
Seed 456, Step    0: Loss = 254.41 (Recon: 218.38, Allele KL: 8.80, Base KL: 407.99, Functional KL: 0.01
Global Pooled JS: 0.025558
functional kld weight 27.77777777777777
Seed 456, Step  500: Loss = 97.64 (Recon: 65.48, Allele KL: 5.04, Base KL: 2081.24, Functional KL: 0.03
Global Pooled JS: 0.006023
functional kld weight 222.22222222222217
Seed 456, Step 1000: Loss = 106.79 (Recon: 69.15, Allele KL: 9.28, Base KL: 2375.40, Functional KL: 0.01
Global Pooled JS: 0.008025
functional kld weight 750.0
Seed 456, Step 1500: Loss = 107.11 (Recon: 62.90, Allele KL: 10.95, Base KL: 3054.06, Functional KL: 0.01
Global Pooled JS: 0.002796
functional kld weight 1777.7777777777774
Seed 456, Step 2000: Loss = 107.08 (Recon: 61.65, Allele KL: 12.20, Base KL: 4308.77, Functional KL: 0.00
Global Pooled JS: 0.002375
functional kld weight 3472.222222222223
Seed 456, Step 2500: Loss = 110.41 (Recon: 56.58, Allele KL: 16.05, Base KL: 6137.67, Functional KL: 0.00

Top Variants with Coverage Mismatches:
Rank   Variant                        Expected     Observed     Diff       |Div|       
------------------------------------------------------------------------------------------
1      CYP3A5:99270538→N              0.02         0.00         0.02       0.000240    
2      CYP3A5:99270538→G              0.02         0.00         0.02       0.000237    
3      CYP3A5:99270538→A              0.02         0.00         0.02       0.000235    
4      CYP3A5:99270538→M              0.02         0.00         0.02       0.000234    
5      CYP3A5:99270538→P              0.02         0.00         0.02       0.000233    
6      CYP3A5:99270538→C              17.60        24.00        -6.40      0.000025    
7      CYP3A5:99270538→T              16.69        22.00        -5.31      0.000012    
New best model with final loss: 118.74

=== Multi-Seed VAE Results ===
Best model had seed 456 with final loss: 118.74
All seeds final losses:
  Seed 456: Total=118.74 (Recon=56.90, A_KL=19.26, B_KL=8142.05) <- Best

[Raw]:
CYP3A5*3: Normalized=0.5159, Unnormalized=0.52
CYP3A5*1: Normalized=0.4841, Unnormalized=0.48

[Alleles]
CYP3A5*3
CYP3A5*1
	Command being timed: "python cyp.py CYP3A5 /project/shared/aldy-data/wgs/NA18868.wgs.cram 456"
	User time (seconds): 51.48
	System time (seconds): 10.84
	Percent of CPU this job got: 99%
	Elapsed (wall clock) time (h:mm:ss or m:ss): 1:02.86
	Average shared text size (kbytes): 0
	Average unshared data size (kbytes): 0
	Average stack size (kbytes): 0
	Average total size (kbytes): 0
	Maximum resident set size (kbytes): 1882212
	Average resident set size (kbytes): 0
	Major (requiring I/O) page faults: 0
	Minor (reclaiming a frame) page faults: 609363
	Voluntary context switches: 9940
	Involuntary context switches: 102
	Swaps: 0
	File system inputs: 0
	File system outputs: 24
	Socket messages sent: 0
	Socket messages received: 0
	Signals delivered: 0
	Page size (bytes): 4096
	Exit status: 0
