[info] total indices 175
[info] total variants 175
3.002 was filtered out as 99273814 G>A needs A but not covered
3.003 was filtered out as 99270275 A>C needs C but not covered
3.004 was filtered out as 99245973 A>G needs G but not covered
3.005 was filtered out as 99264572 A>G needs G but not covered
3.006 was filtered out as 99247742 T>C needs C but not covered
3.007 was filtered out as 99247771 A>G needs G but not covered
3.008 was filtered out as 99273744 T>C needs C but not covered
3.009 was filtered out as 99262859 T>C needs C but not covered
3.010 was filtered out as 99250235 G>T needs T but not covered
3.017 was filtered out as 99262850 A>C needs C but not covered
6.001 was filtered out as 99262834 C>T needs T but not covered
7.001 was filtered out as 99250392 insA needs P but not covered
8.001 was filtered out as 99273820 G>A needs A but not covered
9.001 was filtered out as 99258138 C>T needs T but not covered
[filter] CYP3A5 1 => 1.001; 1.002; 1.003; 1.004; 1.005
[filter] CYP3A5 3 => 3.001; 3.012; 3.013; 3.014; 3.015; 3.016
[filter] valid_alleles=11
Step 0: Loss=0.0456, CN=[1.9000832]
Step 100: Loss=0.0337, CN=[1.8400557]
Step 200: Loss=0.0337, CN=[1.8402015]
Step 300: Loss=0.0337, CN=[1.840198]
Step 400: Loss=0.0337, CN=[1.8401983]

=== Fit ===
Region 0: obs=1.864, exp=1.840, diff=+0.024 
Region 1: obs=1.947, exp=1.840, diff=+0.107 
Region 2: obs=1.526, exp=1.840, diff=-0.315 
Region 3: obs=1.637, exp=1.840, diff=-0.203 
Region 4: obs=1.809, exp=1.840, diff=-0.031 
Region 5: obs=1.672, exp=1.840, diff=-0.168 
Region 6: obs=1.488, exp=1.840, diff=-0.352 
Region 7: obs=1.934, exp=1.840, diff=+0.094 
Region 8: obs=2.384, exp=1.840, diff=+0.543 *
Region 9: obs=1.870, exp=1.840, diff=+0.029 
Region 10: obs=1.715, exp=1.840, diff=-0.125 
Region 11: obs=1.996, exp=1.840, diff=+0.156 
Region 12: obs=2.075, exp=1.840, diff=+0.234 
Region 13: obs=1.714, exp=1.840, diff=-0.126 
Region 14: obs=1.555, exp=1.840, diff=-0.285 
Region 15: obs=1.827, exp=1.840, diff=-0.013 
Region 16: obs=2.396, exp=1.840, diff=+0.556 *
Region 17: obs=1.815, exp=1.840, diff=-0.026 
Region 18: obs=1.676, exp=1.840, diff=-0.164 
Region 19: obs=1.821, exp=1.840, diff=-0.019 
Region 20: obs=1.522, exp=1.840, diff=-0.319 
Region 21: obs=1.778, exp=1.840, diff=-0.062 
Region 22: obs=1.649, exp=1.840, diff=-0.191 
Region 23: obs=1.863, exp=1.840, diff=+0.023 
Region 24: obs=1.695, exp=1.840, diff=-0.146 
Region 25: obs=1.937, exp=1.840, diff=+0.097 
Region 26: obs=2.582, exp=1.840, diff=+0.742 *
Region 27: obs=2.223, exp=1.840, diff=+0.382 
Region 28: obs=1.738, exp=1.840, diff=-0.103 

[Gene CN Results]
  CYP3A5: 1.84 → 1.840198278427124
Using device: cuda

CYP3A5*1.001:

CYP3A5*1.002:

CYP3A5*1.003:

CYP3A5*1.004:

CYP3A5*1.005:

CYP3A5*3.001:

CYP3A5*3.012:

CYP3A5*3.013:

CYP3A5*3.014:

CYP3A5*3.015:

CYP3A5*3.016:

=== Running VAE with seed 456 ===
Global Pooled JS: 0.011259
functional kld weight 0.0
Seed 456, Step    0: Loss = 189.90 (Recon: 143.72, Allele KL: 19.04, Base KL: 978.49, Functional KL: 0.01
Global Pooled JS: 0.008668
functional kld weight 27.77777777777777
Seed 456, Step  500: Loss = 101.54 (Recon: 62.35, Allele KL: 11.43, Base KL: 3824.38, Functional KL: 0.01
Global Pooled JS: 0.008331
functional kld weight 222.22222222222217
Seed 456, Step 1000: Loss = 101.72 (Recon: 60.55, Allele KL: 11.64, Base KL: 4126.20, Functional KL: 0.01
Global Pooled JS: 0.003810
functional kld weight 750.0
Seed 456, Step 1500: Loss = 106.49 (Recon: 60.33, Allele KL: 15.05, Base KL: 4804.62, Functional KL: 0.00
Global Pooled JS: 0.004072
functional kld weight 1777.7777777777774
Seed 456, Step 2000: Loss = 106.52 (Recon: 53.96, Allele KL: 16.44, Base KL: 5878.14, Functional KL: 0.00
Global Pooled JS: 0.001542
functional kld weight 3472.222222222223
Seed 456, Step 2500: Loss = 110.43 (Recon: 53.29, Allele KL: 21.42, Base KL: 7492.67, Functional KL: 0.00

Top Variants with Coverage Mismatches:
Rank   Variant                        Expected     Observed     Diff       |Div|       
------------------------------------------------------------------------------------------
1      CYP3A5:99270538→N              0.04         0.00         0.04       0.000243    
2      CYP3A5:99270538→G              0.04         0.00         0.04       0.000240    
3      CYP3A5:99270538→A              0.04         0.00         0.04       0.000238    
4      CYP3A5:99270538→M              0.04         0.00         0.04       0.000238    
5      CYP3A5:99270538→P              0.04         0.00         0.04       0.000236    
6      CYP3A5:99270538→C              23.73        23.00        0.73       0.000019    
7      CYP3A5:99270538→T              29.69        28.00        1.69       0.000005    
New best model with final loss: 114.74

=== Multi-Seed VAE Results ===
Best model had seed 456 with final loss: 114.74
All seeds final losses:
  Seed 456: Total=114.74 (Recon=55.91, A_KL=18.04, B_KL=9319.88) <- Best

[Raw]:
CYP3A5*1: Normalized=0.5530, Unnormalized=0.55
CYP3A5*3: Normalized=0.4470, Unnormalized=0.45

[Alleles]
CYP3A5*1
CYP3A5*3
	Command being timed: "python cyp.py CYP3A5 /project/shared/aldy-data/wgs/NA19109.wgs.cram 456"
	User time (seconds): 52.83
	System time (seconds): 10.65
	Percent of CPU this job got: 99%
	Elapsed (wall clock) time (h:mm:ss or m:ss): 1:04.13
	Average shared text size (kbytes): 0
	Average unshared data size (kbytes): 0
	Average stack size (kbytes): 0
	Average total size (kbytes): 0
	Maximum resident set size (kbytes): 1897240
	Average resident set size (kbytes): 0
	Major (requiring I/O) page faults: 0
	Minor (reclaiming a frame) page faults: 623862
	Voluntary context switches: 10047
	Involuntary context switches: 129
	Swaps: 0
	File system inputs: 0
	File system outputs: 24
	Socket messages sent: 0
	Socket messages received: 0
	Signals delivered: 0
	Page size (bytes): 4096
	Exit status: 0
