[info] total indices 175
[info] total variants 175
3.002 was filtered out as 99273814 G>A needs A but not covered
3.003 was filtered out as 99270275 A>C needs C but not covered
3.004 was filtered out as 99245973 A>G needs G but not covered
3.005 was filtered out as 99264572 A>G needs G but not covered
3.006 was filtered out as 99247742 T>C needs C but not covered
3.007 was filtered out as 99247771 A>G needs G but not covered
3.008 was filtered out as 99273744 T>C needs C but not covered
3.009 was filtered out as 99262859 T>C needs C but not covered
3.010 was filtered out as 99250235 G>T needs T but not covered
3.017 was filtered out as 99262850 A>C needs C but not covered
6.001 was filtered out as 99262834 C>T needs T but not covered
7.001 was filtered out as 99250392 insA needs P but not covered
8.001 was filtered out as 99273820 G>A needs A but not covered
9.001 was filtered out as 99258138 C>T needs T but not covered
[filter] CYP3A5 1 => 1.001; 1.002; 1.003; 1.004; 1.005
[filter] CYP3A5 3 => 3.001; 3.012; 3.013; 3.014; 3.015; 3.016
[filter] valid_alleles=11
Step 0: Loss=0.1056, CN=[2.0999167]
Step 100: Loss=0.0398, CN=[2.387397]
Step 200: Loss=0.0398, CN=[2.3886108]
Step 300: Loss=0.0398, CN=[2.3886108]
Step 400: Loss=0.0398, CN=[2.3886106]

=== Fit ===
Region 0: obs=2.433, exp=2.389, diff=+0.044 
Region 1: obs=2.546, exp=2.389, diff=+0.158 
Region 2: obs=2.272, exp=2.389, diff=-0.117 
Region 3: obs=2.450, exp=2.389, diff=+0.061 
Region 4: obs=2.318, exp=2.389, diff=-0.071 
Region 5: obs=2.032, exp=2.389, diff=-0.357 
Region 6: obs=2.396, exp=2.389, diff=+0.007 
Region 7: obs=2.227, exp=2.389, diff=-0.162 
Region 8: obs=3.162, exp=2.389, diff=+0.773 *
Region 9: obs=2.478, exp=2.389, diff=+0.089 
Region 10: obs=2.696, exp=2.389, diff=+0.308 
Region 11: obs=2.229, exp=2.389, diff=-0.160 
Region 12: obs=1.671, exp=2.389, diff=-0.718 *
Region 13: obs=2.466, exp=2.389, diff=+0.078 
Region 14: obs=2.549, exp=2.389, diff=+0.160 
Region 15: obs=2.408, exp=2.389, diff=+0.019 
Region 16: obs=3.105, exp=2.389, diff=+0.717 *
Region 17: obs=2.430, exp=2.389, diff=+0.041 
Region 18: obs=2.382, exp=2.389, diff=-0.006 
Region 19: obs=2.555, exp=2.389, diff=+0.166 
Region 20: obs=1.743, exp=2.389, diff=-0.645 *
Region 21: obs=2.365, exp=2.389, diff=-0.023 
Region 22: obs=2.241, exp=2.389, diff=-0.148 
Region 23: obs=2.322, exp=2.389, diff=-0.067 
Region 24: obs=2.335, exp=2.389, diff=-0.053 
Region 25: obs=2.429, exp=2.389, diff=+0.040 
Region 26: obs=2.398, exp=2.389, diff=+0.010 
Region 27: obs=2.253, exp=2.389, diff=-0.136 
Region 28: obs=2.507, exp=2.389, diff=+0.119 

[Gene CN Results]
  CYP3A5: 2.39 → 2.388610601425171
Using device: cuda

CYP3A5*1.001:

CYP3A5*1.002:

CYP3A5*1.003:

CYP3A5*1.004:

CYP3A5*1.005:

CYP3A5*3.001:

CYP3A5*3.012:

CYP3A5*3.013:

CYP3A5*3.014:

CYP3A5*3.015:

CYP3A5*3.016:

=== Running VAE with seed 456 ===
Global Pooled JS: 0.036820
functional kld weight 0.0
Seed 456, Step    0: Loss = 171.40 (Recon: 126.46, Allele KL: 18.08, Base KL: 869.90, Functional KL: 0.04
Global Pooled JS: 0.006369
functional kld weight 27.77777777777777
Seed 456, Step  500: Loss = 102.44 (Recon: 59.85, Allele KL: 15.18, Base KL: 3762.57, Functional KL: 0.01
Global Pooled JS: 0.010657
functional kld weight 222.22222222222217
Seed 456, Step 1000: Loss = 105.27 (Recon: 63.81, Allele KL: 11.30, Base KL: 4069.48, Functional KL: 0.01
Global Pooled JS: 0.004500
functional kld weight 750.0
Seed 456, Step 1500: Loss = 109.16 (Recon: 62.01, Allele KL: 15.33, Base KL: 4973.57, Functional KL: 0.00
Global Pooled JS: 0.004317
functional kld weight 1777.7777777777774
Seed 456, Step 2000: Loss = 109.53 (Recon: 56.91, Allele KL: 15.65, Base KL: 6166.00, Functional KL: 0.00
Global Pooled JS: 0.002049
functional kld weight 3472.222222222223
Seed 456, Step 2500: Loss = 114.33 (Recon: 59.91, Allele KL: 16.11, Base KL: 8009.64, Functional KL: 0.00

Top Variants with Coverage Mismatches:
Rank   Variant                        Expected     Observed     Diff       |Div|       
------------------------------------------------------------------------------------------
1      CYP3A5:99270538→N              0.04         0.00         0.04       0.000250    
2      CYP3A5:99270538→G              0.04         0.00         0.04       0.000247    
3      CYP3A5:99270538→A              0.04         0.00         0.04       0.000246    
4      CYP3A5:99270538→M              0.04         0.00         0.04       0.000245    
5      CYP3A5:99270538→P              0.04         0.00         0.04       0.000243    
6      CYP3A5:99270538→C              27.87        38.00        -10.13     0.000012    
7      CYP3A5:99270538→T              23.24        31.00        -7.76      0.000004    
New best model with final loss: 118.24

=== Multi-Seed VAE Results ===
Best model had seed 456 with final loss: 118.24
All seeds final losses:
  Seed 456: Total=118.24 (Recon=57.62, A_KL=18.94, B_KL=9982.42) <- Best

[Raw]:
CYP3A5*3: Normalized=0.5479, Unnormalized=0.55
CYP3A5*1: Normalized=0.4521, Unnormalized=0.45

[Alleles]
CYP3A5*3
CYP3A5*1
	Command being timed: "python cyp.py CYP3A5 /project/shared/aldy-data/wgs/NA19908.wgs.cram 456"
	User time (seconds): 51.94
	System time (seconds): 10.45
	Percent of CPU this job got: 99%
	Elapsed (wall clock) time (h:mm:ss or m:ss): 1:02.72
	Average shared text size (kbytes): 0
	Average unshared data size (kbytes): 0
	Average stack size (kbytes): 0
	Average total size (kbytes): 0
	Maximum resident set size (kbytes): 1902496
	Average resident set size (kbytes): 0
	Major (requiring I/O) page faults: 0
	Minor (reclaiming a frame) page faults: 562107
	Voluntary context switches: 9915
	Involuntary context switches: 109
	Swaps: 0
	File system inputs: 0
	File system outputs: 24
	Socket messages sent: 0
	Socket messages received: 0
	Signals delivered: 0
	Page size (bytes): 4096
	Exit status: 0
