[info] total indices 175
[info] total variants 175
3.001 was filtered out as 99270538 T>C needs C but not covered
3.012 was filtered out as 99270538 T>C needs C but not covered
3.013 was filtered out as 99270538 T>C needs C but not covered
3.014 was filtered out as 99270538 T>C needs C but not covered
3.015 was filtered out as 99270538 T>C needs C but not covered
3.016 was filtered out as 99270538 T>C needs C but not covered
3.002 was filtered out as 99270538 T>C needs C but not covered
3.003 was filtered out as 99270538 T>C needs C but not covered
3.004 was filtered out as 99270538 T>C needs C but not covered
3.005 was filtered out as 99270538 T>C needs C but not covered
3.006 was filtered out as 99270538 T>C needs C but not covered
3.007 was filtered out as 99270538 T>C needs C but not covered
3.008 was filtered out as 99270538 T>C needs C but not covered
3.009 was filtered out as 99270538 T>C needs C but not covered
3.010 was filtered out as 99270538 T>C needs C but not covered
3.017 was filtered out as 99270538 T>C needs C but not covered
7.001 was filtered out as 99250392 insA needs P but not covered
8.001 was filtered out as 99273820 G>A needs A but not covered
9.001 was filtered out as 99258138 C>T needs T but not covered
[filter] CYP3A5 1 => 1.001; 1.002; 1.003; 1.004; 1.005
[filter] CYP3A5 6 => 6.001
[filter] valid_alleles=6
Step 0: Loss=0.1198, CN=[2.0999167]
Step 100: Loss=0.0664, CN=[2.3581014]
Step 200: Loss=0.0664, CN=[2.356614]
Step 300: Loss=0.0664, CN=[2.3566096]
Step 400: Loss=0.0664, CN=[2.3566098]

=== Fit ===
Region 0: obs=2.481, exp=2.357, diff=+0.124 
Region 1: obs=1.296, exp=2.357, diff=-1.061 *
Region 2: obs=1.102, exp=2.357, diff=-1.254 *
Region 3: obs=2.457, exp=2.357, diff=+0.100 
Region 4: obs=1.807, exp=2.357, diff=-0.550 *
Region 5: obs=2.306, exp=2.357, diff=-0.051 
Region 6: obs=3.018, exp=2.357, diff=+0.662 *
Region 7: obs=2.693, exp=2.357, diff=+0.336 
Region 8: obs=2.651, exp=2.357, diff=+0.294 
Region 9: obs=2.519, exp=2.357, diff=+0.162 
Region 10: obs=2.051, exp=2.357, diff=-0.305 
Region 11: obs=2.484, exp=2.357, diff=+0.128 
Region 12: obs=2.202, exp=2.357, diff=-0.154 
Region 13: obs=2.399, exp=2.357, diff=+0.042 
Region 14: obs=2.080, exp=2.357, diff=-0.277 
Region 15: obs=2.322, exp=2.357, diff=-0.035 
Region 16: obs=2.208, exp=2.357, diff=-0.148 
Region 17: obs=2.405, exp=2.357, diff=+0.048 
Region 18: obs=2.298, exp=2.357, diff=-0.059 
Region 19: obs=2.598, exp=2.357, diff=+0.241 
Region 20: obs=1.860, exp=2.357, diff=-0.496 
Region 21: obs=2.178, exp=2.357, diff=-0.179 
Region 22: obs=2.700, exp=2.357, diff=+0.343 
Region 23: obs=2.552, exp=2.357, diff=+0.196 
Region 24: obs=2.715, exp=2.357, diff=+0.359 
Region 25: obs=2.607, exp=2.357, diff=+0.250 
Region 26: obs=2.513, exp=2.357, diff=+0.156 
Region 27: obs=2.076, exp=2.357, diff=-0.281 
Region 28: obs=2.561, exp=2.357, diff=+0.205 

[Gene CN Results]
  CYP3A5: 2.36 → 2.356609582901001
Using device: cuda

CYP3A5*1.001:

CYP3A5*1.002:

CYP3A5*1.003:

CYP3A5*1.004:

CYP3A5*1.005:

CYP3A5*6.001:

=== Running VAE with seed 456 ===
Global Pooled JS: 0.076124
functional kld weight 0.0
Seed 456, Step    0: Loss = 117.75 (Recon: 95.34, Allele KL: 3.74, Base KL: 124.25, Functional KL: 0.08
Global Pooled JS: 0.006748
functional kld weight 27.77777777777777
Seed 456, Step  500: Loss = 55.20 (Recon: 25.25, Allele KL: 13.14, Base KL: 2842.34, Functional KL: 0.01
Global Pooled JS: 0.015883
functional kld weight 222.22222222222217
Seed 456, Step 1000: Loss = 54.94 (Recon: 25.77, Allele KL: 8.96, Base KL: 3109.31, Functional KL: 0.02
Global Pooled JS: 0.011292
functional kld weight 750.0
Seed 456, Step 1500: Loss = 64.32 (Recon: 27.25, Allele KL: 11.06, Base KL: 3961.04, Functional KL: 0.01
Global Pooled JS: 0.002160
functional kld weight 1777.7777777777774
Seed 456, Step 2000: Loss = 57.40 (Recon: 23.20, Allele KL: 11.85, Base KL: 5163.22, Functional KL: 0.00
Global Pooled JS: 0.003501
functional kld weight 3472.222222222223
Seed 456, Step 2500: Loss = 69.30 (Recon: 25.22, Allele KL: 11.87, Base KL: 6713.14, Functional KL: 0.00

Top Variants with Coverage Mismatches:
Rank   Variant                        Expected     Observed     Diff       |Div|       
------------------------------------------------------------------------------------------
1      CYP3A5:99262834→G              0.02         0.00         0.02       0.000170    
2      CYP3A5:99262834→A              0.02         0.00         0.02       0.000169    
3      CYP3A5:99262834→N              0.02         0.00         0.02       0.000168    
4      CYP3A5:99262834→M              0.02         0.00         0.02       0.000168    
5      CYP3A5:99262834→P              0.02         0.00         0.02       0.000167    
6      CYP3A5:99262834→T              22.10        18.00        4.10       0.000023    
7      CYP3A5:99262834→C              21.59        17.00        4.59       0.000014    
New best model with final loss: 68.86

=== Multi-Seed VAE Results ===
Best model had seed 456 with final loss: 68.86
All seeds final losses:
  Seed 456: Total=68.86 (Recon=25.01, A_KL=14.47, B_KL=8380.24) <- Best

[Raw]:
CYP3A5*6: Normalized=0.5077, Unnormalized=0.51
CYP3A5*1: Normalized=0.4923, Unnormalized=0.49

[Alleles]
CYP3A5*6
CYP3A5*1
	Command being timed: "python cyp.py CYP3A5 /project/shared/aldy-data/wgs/NA19226.wgs.cram 456"
	User time (seconds): 51.34
	System time (seconds): 12.03
	Percent of CPU this job got: 99%
	Elapsed (wall clock) time (h:mm:ss or m:ss): 1:03.87
	Average shared text size (kbytes): 0
	Average unshared data size (kbytes): 0
	Average stack size (kbytes): 0
	Average total size (kbytes): 0
	Maximum resident set size (kbytes): 1893548
	Average resident set size (kbytes): 0
	Major (requiring I/O) page faults: 0
	Minor (reclaiming a frame) page faults: 534654
	Voluntary context switches: 11488
	Involuntary context switches: 1432
	Swaps: 0
	File system inputs: 0
	File system outputs: 24
	Socket messages sent: 0
	Socket messages received: 0
	Signals delivered: 0
	Page size (bytes): 4096
	Exit status: 0
