[info] total indices 175
[info] total variants 175
3.001 was filtered out as 99270538 T>C needs C but not covered
3.012 was filtered out as 99270538 T>C needs C but not covered
3.013 was filtered out as 99270538 T>C needs C but not covered
3.014 was filtered out as 99270538 T>C needs C but not covered
3.015 was filtered out as 99270538 T>C needs C but not covered
3.016 was filtered out as 99270538 T>C needs C but not covered
3.002 was filtered out as 99270538 T>C needs C but not covered
3.003 was filtered out as 99270538 T>C needs C but not covered
3.004 was filtered out as 99270538 T>C needs C but not covered
3.005 was filtered out as 99270538 T>C needs C but not covered
3.006 was filtered out as 99270538 T>C needs C but not covered
3.007 was filtered out as 99270538 T>C needs C but not covered
3.008 was filtered out as 99270538 T>C needs C but not covered
3.009 was filtered out as 99270538 T>C needs C but not covered
3.010 was filtered out as 99270538 T>C needs C but not covered
3.017 was filtered out as 99270538 T>C needs C but not covered
6.001 was filtered out as 99262834 C>T needs T but not covered
8.001 was filtered out as 99273820 G>A needs A but not covered
9.001 was filtered out as 99258138 C>T needs T but not covered
[filter] CYP3A5 1 => 1.001; 1.002; 1.003; 1.004; 1.005
[filter] CYP3A5 7 => 7.001
[filter] valid_alleles=6
Step 0: Loss=0.0491, CN=[1.9000832]
Step 100: Loss=0.0415, CN=[1.8706633]
Step 200: Loss=0.0415, CN=[1.8706754]
Step 300: Loss=0.0415, CN=[1.8706725]
Step 400: Loss=0.0415, CN=[1.870673]

=== Fit ===
Region 0: obs=2.063, exp=1.871, diff=+0.192 
Region 1: obs=1.988, exp=1.871, diff=+0.117 
Region 2: obs=1.446, exp=1.871, diff=-0.425 
Region 3: obs=1.880, exp=1.871, diff=+0.009 
Region 4: obs=2.135, exp=1.871, diff=+0.264 
Region 5: obs=1.614, exp=1.871, diff=-0.257 
Region 6: obs=1.309, exp=1.871, diff=-0.562 *
Region 7: obs=1.916, exp=1.871, diff=+0.045 
Region 8: obs=1.502, exp=1.871, diff=-0.369 
Region 9: obs=2.062, exp=1.871, diff=+0.191 
Region 10: obs=1.634, exp=1.871, diff=-0.237 
Region 11: obs=1.974, exp=1.871, diff=+0.104 
Region 12: obs=1.674, exp=1.871, diff=-0.197 
Region 13: obs=1.962, exp=1.871, diff=+0.092 
Region 14: obs=1.872, exp=1.871, diff=+0.002 
Region 15: obs=2.408, exp=1.871, diff=+0.538 *
Region 16: obs=2.751, exp=1.871, diff=+0.880 *
Region 17: obs=1.967, exp=1.871, diff=+0.097 
Region 18: obs=1.775, exp=1.871, diff=-0.096 
Region 19: obs=2.102, exp=1.871, diff=+0.231 
Region 20: obs=1.743, exp=1.871, diff=-0.128 
Region 21: obs=1.923, exp=1.871, diff=+0.052 
Region 22: obs=1.541, exp=1.871, diff=-0.329 
Region 23: obs=1.803, exp=1.871, diff=-0.068 
Region 24: obs=1.609, exp=1.871, diff=-0.262 
Region 25: obs=2.149, exp=1.871, diff=+0.278 
Region 26: obs=2.167, exp=1.871, diff=+0.297 
Region 27: obs=1.622, exp=1.871, diff=-0.249 
Region 28: obs=2.015, exp=1.871, diff=+0.145 

[Gene CN Results]
  CYP3A5: 1.87 → 1.8706729412078857
Using device: cuda

CYP3A5*1.001:

CYP3A5*1.002:

CYP3A5*1.003:

CYP3A5*1.004:

CYP3A5*1.005:

CYP3A5*7.001:

=== Running VAE with seed 456 ===
Global Pooled JS: 0.005979
functional kld weight 0.0
Seed 456, Step    0: Loss = 80.17 (Recon: 59.86, Allele KL: 1.63, Base KL: 105.19, Functional KL: 0.01
Global Pooled JS: 0.008648
functional kld weight 27.77777777777777
Seed 456, Step  500: Loss = 50.72 (Recon: 22.17, Allele KL: 12.10, Base KL: 2583.25, Functional KL: 0.01
Global Pooled JS: 0.009872
functional kld weight 222.22222222222217
Seed 456, Step 1000: Loss = 48.17 (Recon: 23.31, Allele KL: 6.29, Base KL: 2735.41, Functional KL: 0.01
Global Pooled JS: 0.004228
functional kld weight 750.0
Seed 456, Step 1500: Loss = 53.84 (Recon: 24.69, Allele KL: 8.95, Base KL: 3221.26, Functional KL: 0.00
Global Pooled JS: 0.002714
functional kld weight 1777.7777777777774
Seed 456, Step 2000: Loss = 52.98 (Recon: 21.21, Allele KL: 9.43, Base KL: 4050.29, Functional KL: 0.00
Global Pooled JS: 0.002810
functional kld weight 3472.222222222223
Seed 456, Step 2500: Loss = 62.51 (Recon: 22.53, Allele KL: 11.56, Base KL: 5191.97, Functional KL: 0.00

Top Variants with Coverage Mismatches:
Rank   Variant                        Expected     Observed     Diff       |Div|       
------------------------------------------------------------------------------------------
1      CYP3A5:99250392→M              0.02         0.00         0.02       0.000145    
2      CYP3A5:99250392→G              0.02         0.00         0.02       0.000142    
3      CYP3A5:99250392→A              0.02         0.00         0.02       0.000141    
4      CYP3A5:99250392→N              0.02         0.00         0.02       0.000140    
5      CYP3A5:99250392→C              0.02         0.00         0.02       0.000140    
6      CYP3A5:99250392→P              11.02        12.00        -0.98      0.000056    
7      CYP3A5:99250392→T              27.10        28.00        -0.90      0.000016    
New best model with final loss: 59.61

=== Multi-Seed VAE Results ===
Best model had seed 456 with final loss: 59.61
All seeds final losses:
  Seed 456: Total=59.61 (Recon=23.44, A_KL=10.79, B_KL=6561.84) <- Best

[Raw]:
CYP3A5*1: Normalized=0.7089, Unnormalized=0.71
CYP3A5*7: Normalized=0.2911, Unnormalized=0.29

[Alleles]
CYP3A5*1
CYP3A5*7
	Command being timed: "python cyp.py CYP3A5 /project/shared/aldy-data/wgs/NA19917.wgs.cram 456"
	User time (seconds): 50.99
	System time (seconds): 10.53
	Percent of CPU this job got: 98%
	Elapsed (wall clock) time (h:mm:ss or m:ss): 1:02.19
	Average shared text size (kbytes): 0
	Average unshared data size (kbytes): 0
	Average stack size (kbytes): 0
	Average total size (kbytes): 0
	Maximum resident set size (kbytes): 1875396
	Average resident set size (kbytes): 0
	Major (requiring I/O) page faults: 0
	Minor (reclaiming a frame) page faults: 603710
	Voluntary context switches: 10093
	Involuntary context switches: 95
	Swaps: 0
	File system inputs: 0
	File system outputs: 32
	Socket messages sent: 0
	Socket messages received: 0
	Signals delivered: 0
	Page size (bytes): 4096
	Exit status: 0
