[info] total indices 175
[info] total variants 175
3.001 was filtered out as 99270538 T>C needs C but not covered
3.012 was filtered out as 99270538 T>C needs C but not covered
3.013 was filtered out as 99270538 T>C needs C but not covered
3.014 was filtered out as 99270538 T>C needs C but not covered
3.015 was filtered out as 99270538 T>C needs C but not covered
3.016 was filtered out as 99270538 T>C needs C but not covered
3.002 was filtered out as 99270538 T>C needs C but not covered
3.003 was filtered out as 99270538 T>C needs C but not covered
3.004 was filtered out as 99270538 T>C needs C but not covered
3.005 was filtered out as 99270538 T>C needs C but not covered
3.006 was filtered out as 99270538 T>C needs C but not covered
3.007 was filtered out as 99270538 T>C needs C but not covered
3.008 was filtered out as 99270538 T>C needs C but not covered
3.009 was filtered out as 99270538 T>C needs C but not covered
3.010 was filtered out as 99270538 T>C needs C but not covered
3.017 was filtered out as 99270538 T>C needs C but not covered
6.001 was filtered out as 99262834 C>T needs T but not covered
7.001 was filtered out as 99250392 insA needs P but not covered
8.001 was filtered out as 99273820 G>A needs A but not covered
9.001 was filtered out as 99258138 C>T needs T but not covered
[filter] CYP3A5 1 => 1.001; 1.002; 1.003; 1.004; 1.005
[filter] valid_alleles=5
Step 0: Loss=0.1845, CN=[2.0999167]
Step 100: Loss=0.0495, CN=[2.57088]
Step 200: Loss=0.0495, CN=[2.5732725]
Step 300: Loss=0.0495, CN=[2.573264]
Step 400: Loss=0.0495, CN=[2.573264]

=== Fit ===
Region 0: obs=2.662, exp=2.573, diff=+0.089 
Region 1: obs=2.135, exp=2.573, diff=-0.438 
Region 2: obs=2.513, exp=2.573, diff=-0.060 
Region 3: obs=2.359, exp=2.573, diff=-0.214 
Region 4: obs=2.587, exp=2.573, diff=+0.013 
Region 5: obs=2.374, exp=2.573, diff=-0.199 
Region 6: obs=2.008, exp=2.573, diff=-0.566 *
Region 7: obs=2.586, exp=2.573, diff=+0.012 
Region 8: obs=2.566, exp=2.573, diff=-0.007 
Region 9: obs=2.629, exp=2.573, diff=+0.056 
Region 10: obs=2.732, exp=2.573, diff=+0.158 
Region 11: obs=2.837, exp=2.573, diff=+0.264 
Region 12: obs=2.672, exp=2.573, diff=+0.099 
Region 13: obs=2.581, exp=2.573, diff=+0.008 
Region 14: obs=3.400, exp=2.573, diff=+0.827 *
Region 15: obs=2.781, exp=2.573, diff=+0.208 
Region 16: obs=3.305, exp=2.573, diff=+0.732 *
Region 17: obs=2.687, exp=2.573, diff=+0.113 
Region 18: obs=2.125, exp=2.573, diff=-0.448 
Region 19: obs=2.585, exp=2.573, diff=+0.012 
Region 20: obs=2.820, exp=2.573, diff=+0.246 
Region 21: obs=2.503, exp=2.573, diff=-0.070 
Region 22: obs=2.481, exp=2.573, diff=-0.093 
Region 23: obs=2.487, exp=2.573, diff=-0.086 
Region 24: obs=1.673, exp=2.573, diff=-0.900 *
Region 25: obs=2.600, exp=2.573, diff=+0.027 
Region 26: obs=2.900, exp=2.573, diff=+0.327 
Region 27: obs=2.516, exp=2.573, diff=-0.057 
Region 28: obs=2.614, exp=2.573, diff=+0.040 

[Gene CN Results]
  CYP3A5: 2.57 → 2.5732638835906982
Using device: cuda

CYP3A5*1.001:

CYP3A5*1.002:

CYP3A5*1.003:

CYP3A5*1.004:

CYP3A5*1.005:

=== Running VAE with seed 456 ===
Global Pooled JS: 0.000000
functional kld weight 0.0
Seed 456, Step    0: Loss = 131.16 (Recon: 109.08, Allele KL: 1.50, Base KL: 117.57, Functional KL: 0.00
Global Pooled JS: 0.000000
functional kld weight 27.77777777777777
Seed 456, Step  500: Loss = 44.82 (Recon: 18.72, Allele KL: 8.63, Base KL: 3741.39, Functional KL: 0.00
Global Pooled JS: 0.000000
functional kld weight 222.22222222222217
Seed 456, Step 1000: Loss = 39.53 (Recon: 15.81, Allele KL: 6.58, Base KL: 3690.65, Functional KL: 0.00
Global Pooled JS: 0.000000
functional kld weight 750.0
Seed 456, Step 1500: Loss = 42.74 (Recon: 14.76, Allele KL: 11.03, Base KL: 3695.08, Functional KL: 0.00
Global Pooled JS: 0.000000
functional kld weight 1777.7777777777774
Seed 456, Step 2000: Loss = 40.44 (Recon: 13.90, Allele KL: 9.60, Base KL: 3683.40, Functional KL: 0.00
Global Pooled JS: 0.000000
functional kld weight 3472.222222222223
Seed 456, Step 2500: Loss = 49.77 (Recon: 22.96, Allele KL: 9.27, Base KL: 3735.86, Functional KL: 0.00

Top Variants with Coverage Mismatches:
Rank   Variant                        Expected     Observed     Diff       |Div|       
------------------------------------------------------------------------------------------
New best model with final loss: 45.01

=== Multi-Seed VAE Results ===
Best model had seed 456 with final loss: 45.01
All seeds final losses:
  Seed 456: Total=45.01 (Recon=17.73, A_KL=9.93, B_KL=3704.45) <- Best

[Raw]:
CYP3A5*1: Normalized=1.0000, Unnormalized=1.00

[Alleles]
CYP3A5*1
CYP3A5*1
	Command being timed: "python cyp.py CYP3A5 /project/shared/aldy-data/wgs/NA19239.wgs.cram 456"
	User time (seconds): 51.12
	System time (seconds): 11.04
	Percent of CPU this job got: 98%
	Elapsed (wall clock) time (h:mm:ss or m:ss): 1:03.36
	Average shared text size (kbytes): 0
	Average unshared data size (kbytes): 0
	Average stack size (kbytes): 0
	Average total size (kbytes): 0
	Maximum resident set size (kbytes): 1904400
	Average resident set size (kbytes): 0
	Major (requiring I/O) page faults: 0
	Minor (reclaiming a frame) page faults: 547967
	Voluntary context switches: 10326
	Involuntary context switches: 1409
	Swaps: 0
	File system inputs: 0
	File system outputs: 24
	Socket messages sent: 0
	Socket messages received: 0
	Signals delivered: 0
	Page size (bytes): 4096
	Exit status: 0
