[info] total indices 175
[info] total variants 175
1.001 was filtered out as 99270538 T>C needs T but not covered
1.002 was filtered out as 99270538 T>C needs T but not covered
1.003 was filtered out as 99270538 T>C needs T but not covered
1.004 was filtered out as 99270538 T>C needs T but not covered
1.005 was filtered out as 99270538 T>C needs T but not covered
3.002 was filtered out as 99273814 G>A needs A but not covered
3.003 was filtered out as 99270275 A>C needs C but not covered
3.004 was filtered out as 99245973 A>G needs G but not covered
3.005 was filtered out as 99264572 A>G needs G but not covered
3.006 was filtered out as 99247742 T>C needs C but not covered
3.007 was filtered out as 99247771 A>G needs G but not covered
3.008 was filtered out as 99273744 T>C needs C but not covered
3.009 was filtered out as 99262859 T>C needs C but not covered
3.010 was filtered out as 99250235 G>T needs T but not covered
3.017 was filtered out as 99262850 A>C needs C but not covered
6.001 was filtered out as 99270538 T>C needs T but not covered
7.001 was filtered out as 99270538 T>C needs T but not covered
8.001 was filtered out as 99270538 T>C needs T but not covered
9.001 was filtered out as 99270538 T>C needs T but not covered
[filter] CYP3A5 3 => 3.001; 3.012; 3.013; 3.014; 3.015; 3.016
[filter] valid_alleles=6
Step 0: Loss=0.1009, CN=[2.0999167]
Step 100: Loss=0.0295, CN=[2.3958054]
Step 200: Loss=0.0295, CN=[2.395245]
Step 300: Loss=0.0295, CN=[2.3952477]
Step 400: Loss=0.0295, CN=[2.3952477]

=== Fit ===
Region 0: obs=2.339, exp=2.395, diff=-0.056 
Region 1: obs=2.593, exp=2.395, diff=+0.198 
Region 2: obs=2.400, exp=2.395, diff=+0.005 
Region 3: obs=2.268, exp=2.395, diff=-0.127 
Region 4: obs=2.327, exp=2.395, diff=-0.068 
Region 5: obs=2.086, exp=2.395, diff=-0.309 
Region 6: obs=2.335, exp=2.395, diff=-0.061 
Region 7: obs=2.563, exp=2.395, diff=+0.168 
Region 8: obs=2.608, exp=2.395, diff=+0.213 
Region 9: obs=2.570, exp=2.395, diff=+0.175 
Region 10: obs=2.436, exp=2.395, diff=+0.041 
Region 11: obs=1.935, exp=2.395, diff=-0.461 
Region 12: obs=1.983, exp=2.395, diff=-0.413 
Region 13: obs=2.501, exp=2.395, diff=+0.105 
Region 14: obs=2.453, exp=2.395, diff=+0.057 
Region 15: obs=2.564, exp=2.395, diff=+0.169 
Region 16: obs=2.804, exp=2.395, diff=+0.409 
Region 17: obs=2.202, exp=2.395, diff=-0.193 
Region 18: obs=2.255, exp=2.395, diff=-0.141 
Region 19: obs=2.616, exp=2.395, diff=+0.220 
Region 20: obs=2.155, exp=2.395, diff=-0.240 
Region 21: obs=2.336, exp=2.395, diff=-0.059 
Region 22: obs=2.090, exp=2.395, diff=-0.305 
Region 23: obs=2.395, exp=2.395, diff=-0.001 
Region 24: obs=2.090, exp=2.395, diff=-0.306 
Region 25: obs=2.209, exp=2.395, diff=-0.187 
Region 26: obs=2.780, exp=2.395, diff=+0.385 
Region 27: obs=2.842, exp=2.395, diff=+0.447 
Region 28: obs=2.730, exp=2.395, diff=+0.334 

[Gene CN Results]
  CYP3A5: 2.40 → 2.3952476978302
Using device: cuda

CYP3A5*3.001:

CYP3A5*3.012:

CYP3A5*3.013:

CYP3A5*3.014:

CYP3A5*3.015:

CYP3A5*3.016:

=== Running VAE with seed 4096 ===
Global Pooled JS: 0.017359
functional kld weight 0.0
Seed 4096, Step    0: Loss = 123.80 (Recon: 95.98, Allele KL: 1.55, Base KL: 118.52, Functional KL: 0.02
Global Pooled JS: 0.010217
functional kld weight 27.77777777777777
Seed 4096, Step  500: Loss = 64.52 (Recon: 33.15, Allele KL: 6.30, Base KL: 4252.45, Functional KL: 0.01
Global Pooled JS: 0.007547
functional kld weight 222.22222222222217
Seed 4096, Step 1000: Loss = 64.34 (Recon: 29.07, Allele KL: 8.63, Base KL: 4898.54, Functional KL: 0.01
Global Pooled JS: 0.009301
functional kld weight 750.0
Seed 4096, Step 1500: Loss = 89.48 (Recon: 48.40, Allele KL: 6.32, Base KL: 6500.22, Functional KL: 0.01
Global Pooled JS: 0.002979
functional kld weight 1777.7777777777774
Seed 4096, Step 2000: Loss = 72.66 (Recon: 25.83, Allele KL: 13.73, Base KL: 8663.19, Functional KL: 0.00
Global Pooled JS: 0.002219
functional kld weight 3472.222222222223
Seed 4096, Step 2500: Loss = 74.16 (Recon: 26.27, Allele KL: 9.58, Base KL: 11244.37, Functional KL: 0.00

Top Variants with Coverage Mismatches:
Rank   Variant                        Expected     Observed     Diff       |Div|       
------------------------------------------------------------------------------------------
1      CYP3A5:99270538→A              0.03         0.00         0.03       0.000255    
2      CYP3A5:99270538→P              0.03         0.00         0.03       0.000254    
3      CYP3A5:99270538→N              0.03         0.00         0.03       0.000251    
4      CYP3A5:99270538→M              0.03         0.00         0.03       0.000251    
5      CYP3A5:99270538→G              0.03         0.00         0.03       0.000249    
6      CYP3A5:99270538→T              0.03         0.00         0.03       0.000247    
7      CYP3A5:99270538→C              41.65        40.00        1.65       0.000002    
New best model with final loss: 79.73

=== Multi-Seed VAE Results ===
Best model had seed 4096 with final loss: 79.73
All seeds final losses:
  Seed 4096: Total=79.73 (Recon=26.50, A_KL=10.47, B_KL=13898.76) <- Best

[Raw]:
CYP3A5*3: Normalized=1.0000, Unnormalized=1.00

[Alleles]
CYP3A5*3
CYP3A5*3
	Command being timed: "python cyp.py CYP3A5 /project/shared/aldy-data/wgs/NA07055.wgs.cram 4096"
	User time (seconds): 51.79
	System time (seconds): 10.65
	Percent of CPU this job got: 99%
	Elapsed (wall clock) time (h:mm:ss or m:ss): 1:02.69
	Average shared text size (kbytes): 0
	Average unshared data size (kbytes): 0
	Average stack size (kbytes): 0
	Average total size (kbytes): 0
	Maximum resident set size (kbytes): 1890332
	Average resident set size (kbytes): 0
	Major (requiring I/O) page faults: 0
	Minor (reclaiming a frame) page faults: 547995
	Voluntary context switches: 9646
	Involuntary context switches: 102
	Swaps: 0
	File system inputs: 0
	File system outputs: 24
	Socket messages sent: 0
	Socket messages received: 0
	Signals delivered: 0
	Page size (bytes): 4096
	Exit status: 0
