[info] total indices 175
[info] total variants 175
3.002 was filtered out as 99273814 G>A needs A but not covered
3.003 was filtered out as 99270275 A>C needs C but not covered
3.004 was filtered out as 99245973 A>G needs G but not covered
3.005 was filtered out as 99264572 A>G needs G but not covered
3.006 was filtered out as 99247742 T>C needs C but not covered
3.007 was filtered out as 99247771 A>G needs G but not covered
3.008 was filtered out as 99273744 T>C needs C but not covered
3.009 was filtered out as 99262859 T>C needs C but not covered
3.010 was filtered out as 99250235 G>T needs T but not covered
3.017 was filtered out as 99262850 A>C needs C but not covered
6.001 was filtered out as 99262834 C>T needs T but not covered
7.001 was filtered out as 99250392 insA needs P but not covered
8.001 was filtered out as 99273820 G>A needs A but not covered
9.001 was filtered out as 99258138 C>T needs T but not covered
[filter] CYP3A5 1 => 1.001; 1.002; 1.003; 1.004; 1.005
[filter] CYP3A5 3 => 3.001; 3.012; 3.013; 3.014; 3.015; 3.016
[filter] valid_alleles=11
Step 0: Loss=0.5870, CN=[2.0999167]
Step 100: Loss=0.0719, CN=[3.4372237]
Step 200: Loss=0.0719, CN=[3.4349105]
Step 300: Loss=0.0719, CN=[3.4349203]
Step 400: Loss=0.0719, CN=[3.4349203]

=== Fit ===
Region 0: obs=3.650, exp=3.435, diff=+0.215 
Region 1: obs=3.124, exp=3.435, diff=-0.311 
Region 2: obs=2.514, exp=3.435, diff=-0.921 *
Region 3: obs=3.477, exp=3.435, diff=+0.042 
Region 4: obs=2.595, exp=3.435, diff=-0.840 *
Region 5: obs=3.085, exp=3.435, diff=-0.350 
Region 6: obs=3.531, exp=3.435, diff=+0.096 
Region 7: obs=3.521, exp=3.435, diff=+0.086 
Region 8: obs=3.120, exp=3.435, diff=-0.315 
Region 9: obs=3.782, exp=3.435, diff=+0.347 
Region 10: obs=3.531, exp=3.435, diff=+0.096 
Region 11: obs=3.389, exp=3.435, diff=-0.045 
Region 12: obs=3.280, exp=3.435, diff=-0.155 
Region 13: obs=3.617, exp=3.435, diff=+0.182 
Region 14: obs=4.027, exp=3.435, diff=+0.592 *
Region 15: obs=4.177, exp=3.435, diff=+0.742 *
Region 16: obs=4.182, exp=3.435, diff=+0.747 *
Region 17: obs=3.187, exp=3.435, diff=-0.248 
Region 18: obs=2.797, exp=3.435, diff=-0.638 *
Region 19: obs=3.434, exp=3.435, diff=-0.001 
Region 20: obs=3.299, exp=3.435, diff=-0.136 
Region 21: obs=3.547, exp=3.435, diff=+0.112 
Region 22: obs=3.172, exp=3.435, diff=-0.263 
Region 23: obs=3.534, exp=3.435, diff=+0.099 
Region 24: obs=3.518, exp=3.435, diff=+0.083 
Region 25: obs=3.662, exp=3.435, diff=+0.227 
Region 26: obs=3.693, exp=3.435, diff=+0.258 
Region 27: obs=3.023, exp=3.435, diff=-0.412 
Region 28: obs=3.827, exp=3.435, diff=+0.392 

[Gene CN Results]
  CYP3A5: 3.43 → 3.434920310974121
Using device: cuda

CYP3A5*1.001:

CYP3A5*1.002:

CYP3A5*1.003:

CYP3A5*1.004:

CYP3A5*1.005:

CYP3A5*3.001:

CYP3A5*3.012:

CYP3A5*3.013:

CYP3A5*3.014:

CYP3A5*3.015:

CYP3A5*3.016:

=== Running VAE with seed 4096 ===
Global Pooled JS: 0.163997
functional kld weight 0.0
Seed 4096, Step    0: Loss = 259.06 (Recon: 214.06, Allele KL: 18.68, Base KL: 1019.99, Functional KL: 0.16
Global Pooled JS: 0.005680
functional kld weight 27.77777777777777
Seed 4096, Step  500: Loss = 117.18 (Recon: 76.91, Allele KL: 11.99, Base KL: 4402.63, Functional KL: 0.01
Global Pooled JS: 0.008869
functional kld weight 222.22222222222217
Seed 4096, Step 1000: Loss = 107.62 (Recon: 65.46, Allele KL: 12.31, Base KL: 4643.57, Functional KL: 0.01
Global Pooled JS: 0.003539
functional kld weight 750.0
Seed 4096, Step 1500: Loss = 112.23 (Recon: 62.88, Allele KL: 18.70, Base KL: 5177.18, Functional KL: 0.00
Global Pooled JS: 0.004519
functional kld weight 1777.7777777777774
Seed 4096, Step 2000: Loss = 127.83 (Recon: 66.06, Allele KL: 24.45, Base KL: 6410.75, Functional KL: 0.00
Global Pooled JS: 0.001921
functional kld weight 3472.222222222223
Seed 4096, Step 2500: Loss = 119.42 (Recon: 63.08, Allele KL: 18.61, Base KL: 8083.38, Functional KL: 0.00

Top Variants with Coverage Mismatches:
Rank   Variant                        Expected     Observed     Diff       |Div|       
------------------------------------------------------------------------------------------
1      CYP3A5:99270538→T              27.01        22.00        5.01       0.000605    
2      CYP3A5:99270538→C              29.70        20.00        9.70       0.000524    
3      CYP3A5:99270538→M              0.04         0.00         0.04       0.000240    
4      CYP3A5:99270538→G              0.04         0.00         0.04       0.000236    
5      CYP3A5:99270538→P              0.04         0.00         0.04       0.000235    
6      CYP3A5:99270538→A              0.04         0.00         0.04       0.000234    
7      CYP3A5:99270538→N              0.04         0.00         0.04       0.000230    
New best model with final loss: 138.47

=== Multi-Seed VAE Results ===
Best model had seed 4096 with final loss: 138.47
All seeds final losses:
  Seed 4096: Total=138.47 (Recon=63.83, A_KL=24.24, B_KL=9897.62) <- Best

[Raw]:
CYP3A5*3: Normalized=0.5262, Unnormalized=0.53
CYP3A5*1: Normalized=0.4738, Unnormalized=0.47

[Alleles]
CYP3A5*3
CYP3A5*1
	Command being timed: "python cyp.py CYP3A5 /project/shared/aldy-data/wgs/NA18540.wgs.cram 4096"
	User time (seconds): 51.81
	System time (seconds): 10.89
	Percent of CPU this job got: 98%
	Elapsed (wall clock) time (h:mm:ss or m:ss): 1:03.43
	Average shared text size (kbytes): 0
	Average unshared data size (kbytes): 0
	Average stack size (kbytes): 0
	Average total size (kbytes): 0
	Maximum resident set size (kbytes): 1902880
	Average resident set size (kbytes): 0
	Major (requiring I/O) page faults: 0
	Minor (reclaiming a frame) page faults: 519083
	Voluntary context switches: 10113
	Involuntary context switches: 442
	Swaps: 0
	File system inputs: 0
	File system outputs: 24
	Socket messages sent: 0
	Socket messages received: 0
	Signals delivered: 0
	Page size (bytes): 4096
	Exit status: 0
