[info] total indices 175
[info] total variants 175
3.002 was filtered out as 99273814 G>A needs A but not covered
3.003 was filtered out as 99270275 A>C needs C but not covered
3.004 was filtered out as 99245973 A>G needs G but not covered
3.005 was filtered out as 99264572 A>G needs G but not covered
3.006 was filtered out as 99247742 T>C needs C but not covered
3.007 was filtered out as 99247771 A>G needs G but not covered
3.008 was filtered out as 99273744 T>C needs C but not covered
3.009 was filtered out as 99262859 T>C needs C but not covered
3.010 was filtered out as 99250235 G>T needs T but not covered
3.017 was filtered out as 99262850 A>C needs C but not covered
6.001 was filtered out as 99262834 C>T needs T but not covered
7.001 was filtered out as 99250392 insA needs P but not covered
8.001 was filtered out as 99273820 G>A needs A but not covered
9.001 was filtered out as 99258138 C>T needs T but not covered
[filter] CYP3A5 1 => 1.001; 1.002; 1.003; 1.004; 1.005
[filter] CYP3A5 3 => 3.001; 3.012; 3.013; 3.014; 3.015; 3.016
[filter] valid_alleles=11
Step 0: Loss=0.1542, CN=[2.0999167]
Step 100: Loss=0.0598, CN=[2.4890325]
Step 200: Loss=0.0598, CN=[2.4870355]
Step 300: Loss=0.0598, CN=[2.487024]
Step 400: Loss=0.0598, CN=[2.4870243]

=== Fit ===
Region 0: obs=2.490, exp=2.487, diff=+0.003 
Region 1: obs=2.020, exp=2.487, diff=-0.467 
Region 2: obs=2.370, exp=2.487, diff=-0.117 
Region 3: obs=2.235, exp=2.487, diff=-0.252 
Region 4: obs=1.498, exp=2.487, diff=-0.989 *
Region 5: obs=2.042, exp=2.487, diff=-0.445 
Region 6: obs=3.008, exp=2.487, diff=+0.521 *
Region 7: obs=2.532, exp=2.487, diff=+0.045 
Region 8: obs=2.282, exp=2.487, diff=-0.205 
Region 9: obs=2.569, exp=2.487, diff=+0.082 
Region 10: obs=2.496, exp=2.487, diff=+0.009 
Region 11: obs=2.567, exp=2.487, diff=+0.080 
Region 12: obs=2.209, exp=2.487, diff=-0.278 
Region 13: obs=2.545, exp=2.487, diff=+0.058 
Region 14: obs=3.250, exp=2.487, diff=+0.763 *
Region 15: obs=3.097, exp=2.487, diff=+0.610 *
Region 16: obs=2.803, exp=2.487, diff=+0.316 
Region 17: obs=2.603, exp=2.487, diff=+0.116 
Region 18: obs=2.754, exp=2.487, diff=+0.267 
Region 19: obs=2.510, exp=2.487, diff=+0.023 
Region 20: obs=2.463, exp=2.487, diff=-0.024 
Region 21: obs=2.365, exp=2.487, diff=-0.122 
Region 22: obs=2.840, exp=2.487, diff=+0.353 
Region 23: obs=2.636, exp=2.487, diff=+0.149 
Region 24: obs=2.719, exp=2.487, diff=+0.232 
Region 25: obs=2.373, exp=2.487, diff=-0.114 
Region 26: obs=2.054, exp=2.487, diff=-0.433 
Region 27: obs=1.937, exp=2.487, diff=-0.550 *
Region 28: obs=2.712, exp=2.487, diff=+0.225 

[Gene CN Results]
  CYP3A5: 2.49 → 2.4870243072509766
Using device: cuda

CYP3A5*1.001:

CYP3A5*1.002:

CYP3A5*1.003:

CYP3A5*1.004:

CYP3A5*1.005:

CYP3A5*3.001:

CYP3A5*3.012:

CYP3A5*3.013:

CYP3A5*3.014:

CYP3A5*3.015:

CYP3A5*3.016:

=== Running VAE with seed 4096 ===
Global Pooled JS: 0.183070
functional kld weight 0.0
Seed 4096, Step    0: Loss = 158.71 (Recon: 121.07, Allele KL: 11.49, Base KL: 675.28, Functional KL: 0.18
Global Pooled JS: 0.004810
functional kld weight 27.77777777777777
Seed 4096, Step  500: Loss = 102.82 (Recon: 63.99, Allele KL: 11.52, Base KL: 3082.00, Functional KL: 0.00
Global Pooled JS: 0.007131
functional kld weight 222.22222222222217
Seed 4096, Step 1000: Loss = 97.84 (Recon: 60.95, Allele KL: 8.08, Base KL: 3315.36, Functional KL: 0.01
Global Pooled JS: 0.005541
functional kld weight 750.0
Seed 4096, Step 1500: Loss = 97.80 (Recon: 52.33, Allele KL: 14.47, Base KL: 3710.69, Functional KL: 0.01
Global Pooled JS: 0.002271
functional kld weight 1777.7777777777774
Seed 4096, Step 2000: Loss = 107.26 (Recon: 52.68, Allele KL: 22.69, Base KL: 4738.66, Functional KL: 0.00
Global Pooled JS: 0.002122
functional kld weight 3472.222222222223
Seed 4096, Step 2500: Loss = 107.45 (Recon: 52.99, Allele KL: 17.43, Base KL: 6416.87, Functional KL: 0.00

Top Variants with Coverage Mismatches:
Rank   Variant                        Expected     Observed     Diff       |Div|       
------------------------------------------------------------------------------------------
1      CYP3A5:99270538→M              0.03         0.00         0.03       0.000274    
2      CYP3A5:99270538→G              0.03         0.00         0.03       0.000270    
3      CYP3A5:99270538→P              0.03         0.00         0.03       0.000270    
4      CYP3A5:99270538→A              0.03         0.00         0.03       0.000269    
5      CYP3A5:99270538→N              0.03         0.00         0.03       0.000265    
6      CYP3A5:99270538→C              17.21        14.00        3.21       0.000116    
7      CYP3A5:99270538→T              25.93        23.00        2.93       0.000107    
New best model with final loss: 117.46

=== Multi-Seed VAE Results ===
Best model had seed 4096 with final loss: 117.46
All seeds final losses:
  Seed 4096: Total=117.46 (Recon=55.29, A_KL=14.57, B_KL=7933.48) <- Best

[Raw]:
CYP3A5*1: Normalized=0.5978, Unnormalized=0.60
CYP3A5*3: Normalized=0.4022, Unnormalized=0.40

[Alleles]
CYP3A5*1
CYP3A5*3
	Command being timed: "python cyp.py CYP3A5 /project/shared/aldy-data/wgs/NA18544.wgs.cram 4096"
	User time (seconds): 51.73
	System time (seconds): 10.83
	Percent of CPU this job got: 98%
	Elapsed (wall clock) time (h:mm:ss or m:ss): 1:03.54
	Average shared text size (kbytes): 0
	Average unshared data size (kbytes): 0
	Average stack size (kbytes): 0
	Average total size (kbytes): 0
	Maximum resident set size (kbytes): 1884608
	Average resident set size (kbytes): 0
	Major (requiring I/O) page faults: 0
	Minor (reclaiming a frame) page faults: 615676
	Voluntary context switches: 9982
	Involuntary context switches: 107
	Swaps: 0
	File system inputs: 0
	File system outputs: 24
	Socket messages sent: 0
	Socket messages received: 0
	Signals delivered: 0
	Page size (bytes): 4096
	Exit status: 0
