[info] total indices 175
[info] total variants 175
3.002 was filtered out as 99273814 G>A needs A but not covered
3.003 was filtered out as 99270275 A>C needs C but not covered
3.004 was filtered out as 99245973 A>G needs G but not covered
3.005 was filtered out as 99264572 A>G needs G but not covered
3.006 was filtered out as 99247742 T>C needs C but not covered
3.007 was filtered out as 99247771 A>G needs G but not covered
3.008 was filtered out as 99273744 T>C needs C but not covered
3.009 was filtered out as 99262859 T>C needs C but not covered
3.010 was filtered out as 99250235 G>T needs T but not covered
3.017 was filtered out as 99262850 A>C needs C but not covered
6.001 was filtered out as 99262834 C>T needs T but not covered
7.001 was filtered out as 99250392 insA needs P but not covered
8.001 was filtered out as 99273820 G>A needs A but not covered
9.001 was filtered out as 99258138 C>T needs T but not covered
[filter] CYP3A5 1 => 1.001; 1.002; 1.003; 1.004; 1.005
[filter] CYP3A5 3 => 3.001; 3.012; 3.013; 3.014; 3.015; 3.016
[filter] valid_alleles=11
Step 0: Loss=0.1162, CN=[2.0999167]
Step 100: Loss=0.0259, CN=[2.4449453]
Step 200: Loss=0.0259, CN=[2.4458127]
Step 300: Loss=0.0259, CN=[2.4458194]
Step 400: Loss=0.0259, CN=[2.4458196]

=== Fit ===
Region 0: obs=2.448, exp=2.446, diff=+0.002 
Region 1: obs=2.140, exp=2.446, diff=-0.306 
Region 2: obs=2.376, exp=2.446, diff=-0.070 
Region 3: obs=2.259, exp=2.446, diff=-0.187 
Region 4: obs=2.623, exp=2.446, diff=+0.177 
Region 5: obs=1.993, exp=2.446, diff=-0.453 
Region 6: obs=3.013, exp=2.446, diff=+0.567 *
Region 7: obs=2.437, exp=2.446, diff=-0.009 
Region 8: obs=2.114, exp=2.446, diff=-0.332 
Region 9: obs=2.522, exp=2.446, diff=+0.077 
Region 10: obs=2.697, exp=2.446, diff=+0.251 
Region 11: obs=2.256, exp=2.446, diff=-0.190 
Region 12: obs=2.570, exp=2.446, diff=+0.124 
Region 13: obs=2.630, exp=2.446, diff=+0.184 
Region 14: obs=2.427, exp=2.446, diff=-0.019 
Region 15: obs=2.528, exp=2.446, diff=+0.083 
Region 16: obs=2.311, exp=2.446, diff=-0.135 
Region 17: obs=2.651, exp=2.446, diff=+0.205 
Region 18: obs=2.941, exp=2.446, diff=+0.495 
Region 19: obs=2.614, exp=2.446, diff=+0.168 
Region 20: obs=2.176, exp=2.446, diff=-0.270 
Region 21: obs=2.486, exp=2.446, diff=+0.040 
Region 22: obs=2.329, exp=2.446, diff=-0.117 
Region 23: obs=2.244, exp=2.446, diff=-0.201 
Region 24: obs=2.443, exp=2.446, diff=-0.003 
Region 25: obs=2.648, exp=2.446, diff=+0.203 
Region 26: obs=2.313, exp=2.446, diff=-0.133 
Region 27: obs=2.305, exp=2.446, diff=-0.141 
Region 28: obs=2.504, exp=2.446, diff=+0.058 

[Gene CN Results]
  CYP3A5: 2.45 → 2.44581937789917
Using device: cuda

CYP3A5*1.001:

CYP3A5*1.002:

CYP3A5*1.003:

CYP3A5*1.004:

CYP3A5*1.005:

CYP3A5*3.001:

CYP3A5*3.012:

CYP3A5*3.013:

CYP3A5*3.014:

CYP3A5*3.015:

CYP3A5*3.016:

=== Running VAE with seed 4096 ===
Global Pooled JS: 0.120281
functional kld weight 0.0
Seed 4096, Step    0: Loss = 134.54 (Recon: 100.36, Allele KL: 8.03, Base KL: 468.89, Functional KL: 0.12
Global Pooled JS: 0.007135
functional kld weight 27.77777777777777
Seed 4096, Step  500: Loss = 91.08 (Recon: 52.54, Allele KL: 11.76, Base KL: 2492.67, Functional KL: 0.01
Global Pooled JS: 0.006150
functional kld weight 222.22222222222217
Seed 4096, Step 1000: Loss = 89.52 (Recon: 54.08, Allele KL: 7.20, Base KL: 2744.91, Functional KL: 0.01
Global Pooled JS: 0.003810
functional kld weight 750.0
Seed 4096, Step 1500: Loss = 88.26 (Recon: 44.58, Allele KL: 14.25, Base KL: 3274.77, Functional KL: 0.00
Global Pooled JS: 0.006727
functional kld weight 1777.7777777777774
Seed 4096, Step 2000: Loss = 106.56 (Recon: 53.20, Allele KL: 13.00, Base KL: 4378.03, Functional KL: 0.01
Global Pooled JS: 0.002230
functional kld weight 3472.222222222223
Seed 4096, Step 2500: Loss = 98.66 (Recon: 45.88, Allele KL: 15.39, Base KL: 6155.53, Functional KL: 0.00

Top Variants with Coverage Mismatches:
Rank   Variant                        Expected     Observed     Diff       |Div|       
------------------------------------------------------------------------------------------
1      CYP3A5:99270538→T              18.19        20.00        -1.81      0.000353    
2      CYP3A5:99270538→C              16.88        16.00        0.88       0.000333    
3      CYP3A5:99270538→M              0.03         0.00         0.03       0.000270    
4      CYP3A5:99270538→G              0.03         0.00         0.03       0.000267    
5      CYP3A5:99270538→P              0.03         0.00         0.03       0.000266    
6      CYP3A5:99270538→A              0.03         0.00         0.03       0.000265    
7      CYP3A5:99270538→N              0.03         0.00         0.03       0.000261    
New best model with final loss: 109.70

=== Multi-Seed VAE Results ===
Best model had seed 4096 with final loss: 109.70
All seeds final losses:
  Seed 4096: Total=109.70 (Recon=45.41, A_KL=17.54, B_KL=8039.69) <- Best

[Raw]:
CYP3A5*1: Normalized=0.5157, Unnormalized=0.52
CYP3A5*3: Normalized=0.4843, Unnormalized=0.48

[Alleles]
CYP3A5*1
CYP3A5*3
	Command being timed: "python cyp.py CYP3A5 /project/shared/aldy-data/wgs/NA18959.wgs.cram 4096"
	User time (seconds): 51.45
	System time (seconds): 11.60
	Percent of CPU this job got: 99%
	Elapsed (wall clock) time (h:mm:ss or m:ss): 1:03.31
	Average shared text size (kbytes): 0
	Average unshared data size (kbytes): 0
	Average stack size (kbytes): 0
	Average total size (kbytes): 0
	Maximum resident set size (kbytes): 1866604
	Average resident set size (kbytes): 0
	Major (requiring I/O) page faults: 0
	Minor (reclaiming a frame) page faults: 589139
	Voluntary context switches: 9756
	Involuntary context switches: 945
	Swaps: 0
	File system inputs: 0
	File system outputs: 24
	Socket messages sent: 0
	Socket messages received: 0
	Signals delivered: 0
	Page size (bytes): 4096
	Exit status: 0
