[info] total indices 175
[info] total variants 175
3.001 was filtered out as 99270538 T>C needs C but not covered
3.012 was filtered out as 99270538 T>C needs C but not covered
3.013 was filtered out as 99270538 T>C needs C but not covered
3.014 was filtered out as 99270538 T>C needs C but not covered
3.015 was filtered out as 99270538 T>C needs C but not covered
3.016 was filtered out as 99270538 T>C needs C but not covered
3.002 was filtered out as 99270538 T>C needs C but not covered
3.003 was filtered out as 99270538 T>C needs C but not covered
3.004 was filtered out as 99270538 T>C needs C but not covered
3.005 was filtered out as 99270538 T>C needs C but not covered
3.006 was filtered out as 99270538 T>C needs C but not covered
3.007 was filtered out as 99270538 T>C needs C but not covered
3.008 was filtered out as 99270538 T>C needs C but not covered
3.009 was filtered out as 99270538 T>C needs C but not covered
3.010 was filtered out as 99270538 T>C needs C but not covered
3.017 was filtered out as 99270538 T>C needs C but not covered
7.001 was filtered out as 99250392 insA needs P but not covered
8.001 was filtered out as 99273820 G>A needs A but not covered
9.001 was filtered out as 99258138 C>T needs T but not covered
[filter] CYP3A5 1 => 1.001; 1.002; 1.003; 1.004; 1.005
[filter] CYP3A5 6 => 6.001
[filter] valid_alleles=6
Step 0: Loss=0.1236, CN=[2.0999167]
Step 100: Loss=0.0563, CN=[2.401655]
Step 200: Loss=0.0563, CN=[2.403406]
Step 300: Loss=0.0563, CN=[2.403397]
Step 400: Loss=0.0563, CN=[2.4033973]

=== Fit ===
Region 0: obs=2.425, exp=2.403, diff=+0.022 
Region 1: obs=2.073, exp=2.403, diff=-0.330 
Region 2: obs=1.808, exp=2.403, diff=-0.596 *
Region 3: obs=2.214, exp=2.403, diff=-0.189 
Region 4: obs=2.057, exp=2.403, diff=-0.346 
Region 5: obs=1.933, exp=2.403, diff=-0.471 
Region 6: obs=2.178, exp=2.403, diff=-0.225 
Region 7: obs=2.294, exp=2.403, diff=-0.110 
Region 8: obs=1.898, exp=2.403, diff=-0.505 *
Region 9: obs=2.335, exp=2.403, diff=-0.068 
Region 10: obs=3.081, exp=2.403, diff=+0.678 *
Region 11: obs=2.453, exp=2.403, diff=+0.049 
Region 12: obs=1.981, exp=2.403, diff=-0.423 
Region 13: obs=2.781, exp=2.403, diff=+0.378 
Region 14: obs=2.317, exp=2.403, diff=-0.086 
Region 15: obs=2.454, exp=2.403, diff=+0.051 
Region 16: obs=3.036, exp=2.403, diff=+0.632 *
Region 17: obs=2.442, exp=2.403, diff=+0.039 
Region 18: obs=1.874, exp=2.403, diff=-0.529 *
Region 19: obs=2.527, exp=2.403, diff=+0.123 
Region 20: obs=2.783, exp=2.403, diff=+0.380 
Region 21: obs=2.447, exp=2.403, diff=+0.044 
Region 22: obs=2.625, exp=2.403, diff=+0.222 
Region 23: obs=2.608, exp=2.403, diff=+0.204 
Region 24: obs=2.637, exp=2.403, diff=+0.234 
Region 25: obs=2.557, exp=2.403, diff=+0.154 
Region 26: obs=2.939, exp=2.403, diff=+0.535 *
Region 27: obs=2.646, exp=2.403, diff=+0.242 
Region 28: obs=2.511, exp=2.403, diff=+0.108 

[Gene CN Results]
  CYP3A5: 2.40 → 2.4033970832824707
Using device: cuda

CYP3A5*1.001:

CYP3A5*1.002:

CYP3A5*1.003:

CYP3A5*1.004:

CYP3A5*1.005:

CYP3A5*6.001:

=== Running VAE with seed 4096 ===
Global Pooled JS: 0.022144
functional kld weight 0.0
Seed 4096, Step    0: Loss = 102.48 (Recon: 81.13, Allele KL: 2.64, Base KL: 190.92, Functional KL: 0.02
Global Pooled JS: 0.006589
functional kld weight 27.77777777777777
Seed 4096, Step  500: Loss = 68.79 (Recon: 44.53, Allele KL: 7.02, Base KL: 2998.00, Functional KL: 0.01
Global Pooled JS: 0.005446
functional kld weight 222.22222222222217
Seed 4096, Step 1000: Loss = 49.20 (Recon: 24.39, Allele KL: 6.82, Base KL: 3250.89, Functional KL: 0.01
Global Pooled JS: 0.008125
functional kld weight 750.0
Seed 4096, Step 1500: Loss = 58.96 (Recon: 25.55, Allele KL: 9.89, Base KL: 4025.63, Functional KL: 0.01
Global Pooled JS: 0.006145
functional kld weight 1777.7777777777774
Seed 4096, Step 2000: Loss = 70.09 (Recon: 25.23, Allele KL: 15.50, Base KL: 5143.45, Functional KL: 0.01
Global Pooled JS: 0.001146
functional kld weight 3472.222222222223
Seed 4096, Step 2500: Loss = 59.38 (Recon: 22.01, Allele KL: 13.67, Base KL: 6518.94, Functional KL: 0.00

Top Variants with Coverage Mismatches:
Rank   Variant                        Expected     Observed     Diff       |Div|       
------------------------------------------------------------------------------------------
1      CYP3A5:99262834→A              0.03         0.00         0.03       0.000177    
2      CYP3A5:99262834→M              0.03         0.00         0.03       0.000175    
3      CYP3A5:99262834→G              0.03         0.00         0.03       0.000173    
4      CYP3A5:99262834→N              0.03         0.00         0.03       0.000173    
5      CYP3A5:99262834→P              0.03         0.00         0.03       0.000173    
6      CYP3A5:99262834→C              28.37        26.00        2.37       0.000044    
7      CYP3A5:99262834→T              24.10        21.00        3.10       0.000035    
New best model with final loss: 63.58

=== Multi-Seed VAE Results ===
Best model had seed 4096 with final loss: 63.58
All seeds final losses:
  Seed 4096: Total=63.58 (Recon=25.08, A_KL=11.25, B_KL=7984.65) <- Best

[Raw]:
CYP3A5*1: Normalized=0.5387, Unnormalized=0.54
CYP3A5*6: Normalized=0.4613, Unnormalized=0.46

[Alleles]
CYP3A5*1
CYP3A5*6
	Command being timed: "python cyp.py CYP3A5 /project/shared/aldy-data/wgs/NA19213.wgs.cram 4096"
	User time (seconds): 52.21
	System time (seconds): 9.72
	Percent of CPU this job got: 99%
	Elapsed (wall clock) time (h:mm:ss or m:ss): 1:02.26
	Average shared text size (kbytes): 0
	Average unshared data size (kbytes): 0
	Average stack size (kbytes): 0
	Average total size (kbytes): 0
	Maximum resident set size (kbytes): 1904320
	Average resident set size (kbytes): 0
	Major (requiring I/O) page faults: 0
	Minor (reclaiming a frame) page faults: 510818
	Voluntary context switches: 9755
	Involuntary context switches: 112
	Swaps: 0
	File system inputs: 0
	File system outputs: 24
	Socket messages sent: 0
	Socket messages received: 0
	Signals delivered: 0
	Page size (bytes): 4096
	Exit status: 0
