[info] total indices 224
[info] total variants 224
2.001 was filtered out as 96818105 T>A needs A but not covered
2.002 was filtered out as 96818105 T>A needs A but not covered
3.001 was filtered out as 96827029 C>T needs T but not covered
3.002 was filtered out as 96827029 C>T needs T but not covered
5.001 was filtered out as 96826970 delT needs N but not covered
6.001 was filtered out as 96824687 C>T needs T but not covered
7.001 was filtered out as 96824642 G>A needs A but not covered
8.001 was filtered out as 96824642 G>C needs C but not covered
9.001 was filtered out as 96818170 T>C needs C but not covered
10.001 was filtered out as 96802646 C>A needs A but not covered
11.001 was filtered out as 96805707 C>A needs A but not covered
12.001 was filtered out as 96796973 delCAA needs N but not covered
13.001 was filtered out as 96818241 A>C needs C but not covered
14.001 was filtered out as 96818198 C>G needs G but not covered
15.001 was filtered out as 96824657 C>T needs T but not covered
16.001 was filtered out as 96802803 A>G needs G but not covered
17.001 was filtered out as 96818180 T>C needs C but not covered
18.001 was filtered out as 96802714 G>A needs A but not covered
[filter] CYP2C8 1.001 => 1.001; 1.002; 1.003; 1.004; 1.005; 1.006; 1.007; 1.008; 1.009; 1.010; 1.011; 1.012; 1.013; 1.014; 1.015; 1.016; 1.017; 1.018
[filter] CYP2C8 4.001 => 4.001; 4.002
[filter] valid_alleles=20
Step 0: Loss=0.1667, CN=[2.0999167]
Step 100: Loss=0.0224, CN=[2.5710192]
Step 200: Loss=0.0223, CN=[2.5719934]
Step 300: Loss=0.0223, CN=[2.5719879]
Step 400: Loss=0.0223, CN=[2.571988]

=== Fit ===
Region 0: obs=2.777, exp=2.572, diff=+0.205 
Region 1: obs=2.428, exp=2.572, diff=-0.144 
Region 2: obs=2.615, exp=2.572, diff=+0.043 
Region 3: obs=2.352, exp=2.572, diff=-0.220 
Region 4: obs=2.521, exp=2.572, diff=-0.051 
Region 5: obs=2.842, exp=2.572, diff=+0.270 
Region 6: obs=2.550, exp=2.572, diff=-0.022 
Region 7: obs=2.892, exp=2.572, diff=+0.320 
Region 8: obs=2.853, exp=2.572, diff=+0.281 
Region 9: obs=2.481, exp=2.572, diff=-0.091 
Region 10: obs=2.873, exp=2.572, diff=+0.301 
Region 11: obs=2.573, exp=2.572, diff=+0.001 
Region 12: obs=2.335, exp=2.572, diff=-0.237 
Region 13: obs=2.639, exp=2.572, diff=+0.067 
Region 14: obs=2.329, exp=2.572, diff=-0.243 
Region 15: obs=2.420, exp=2.572, diff=-0.152 
Region 16: obs=2.436, exp=2.572, diff=-0.136 
Region 17: obs=2.117, exp=2.572, diff=-0.455 
Region 18: obs=2.514, exp=2.572, diff=-0.058 
Region 19: obs=2.580, exp=2.572, diff=+0.008 
Region 20: obs=2.884, exp=2.572, diff=+0.312 

[Gene CN Results]
  CYP2C8: 2.57 → 2.571988105773926
Using device: cuda

CYP2C8*1.001:

CYP2C8*1.002:

CYP2C8*1.003:

CYP2C8*1.004:

CYP2C8*1.005:

CYP2C8*1.006:

CYP2C8*1.007:

CYP2C8*1.008:

CYP2C8*1.009:

CYP2C8*1.010:

CYP2C8*1.011:

CYP2C8*1.012:

CYP2C8*1.013:

CYP2C8*1.014:

CYP2C8*1.015:

CYP2C8*1.016:

CYP2C8*1.017:

CYP2C8*1.018:

CYP2C8*4.001:

CYP2C8*4.002:

=== Running VAE with seed 5555 ===
Global Pooled JS: 0.084401
functional kld weight 0.0
Seed 5555, Step    0: Loss = 270.33 (Recon: 220.46, Allele KL: 21.25, Base KL: 1817.07, Functional KL: 0.08
Global Pooled JS: 0.007430
functional kld weight 27.77777777777777
Seed 5555, Step  500: Loss = 140.25 (Recon: 88.07, Allele KL: 24.92, Base KL: 3840.38, Functional KL: 0.01
Global Pooled JS: 0.008308
functional kld weight 222.22222222222217
Seed 5555, Step 1000: Loss = 146.93 (Recon: 93.50, Allele KL: 23.45, Base KL: 4253.92, Functional KL: 0.01
Global Pooled JS: 0.005516
functional kld weight 750.0
Seed 5555, Step 1500: Loss = 148.31 (Recon: 93.07, Allele KL: 22.17, Base KL: 5103.52, Functional KL: 0.01
Global Pooled JS: 0.008044
functional kld weight 1777.7777777777774
Seed 5555, Step 2000: Loss = 156.49 (Recon: 90.36, Allele KL: 21.57, Base KL: 6514.04, Functional KL: 0.01
Global Pooled JS: 0.001308
functional kld weight 3472.222222222223
Seed 5555, Step 2500: Loss = 152.53 (Recon: 87.60, Allele KL: 29.06, Base KL: 7990.37, Functional KL: 0.00

Top Variants with Coverage Mismatches:
Rank   Variant                        Expected     Observed     Diff       |Div|       
------------------------------------------------------------------------------------------
1      CYP2C8:96818118→N              0.03         0.00         0.03       0.000197    
2      CYP2C8:96818118→M              0.03         0.00         0.03       0.000197    
3      CYP2C8:96818118→A              0.03         0.00         0.03       0.000196    
4      CYP2C8:96818118→P              0.03         0.00         0.03       0.000196    
5      CYP2C8:96818118→T              0.03         0.00         0.03       0.000195    
6      CYP2C8:96818118→C              26.62        33.00        -6.38      0.000064    
7      CYP2C8:96818118→G              22.31        26.00        -3.69      0.000055    
New best model with final loss: 188.66

=== Multi-Seed VAE Results ===
Best model had seed 5555 with final loss: 188.66
All seeds final losses:
  Seed 5555: Total=188.66 (Recon=96.00, A_KL=20.22, B_KL=9799.98) <- Best

[Raw]:
CYP2C8*4: Normalized=0.5461, Unnormalized=0.55
CYP2C8*1: Normalized=0.4539, Unnormalized=0.45

[Alleles]
CYP2C8*4
CYP2C8*1
	Command being timed: "python cyp.py CYP2C8 /project/shared/aldy-data/wgs/NA07357.wgs.cram 5555"
	User time (seconds): 97.71
	System time (seconds): 20.39
	Percent of CPU this job got: 99%
	Elapsed (wall clock) time (h:mm:ss or m:ss): 1:58.43
	Average shared text size (kbytes): 0
	Average unshared data size (kbytes): 0
	Average stack size (kbytes): 0
	Average total size (kbytes): 0
	Maximum resident set size (kbytes): 1915176
	Average resident set size (kbytes): 0
	Major (requiring I/O) page faults: 0
	Minor (reclaiming a frame) page faults: 628256
	Voluntary context switches: 11084
	Involuntary context switches: 197
	Swaps: 0
	File system inputs: 0
	File system outputs: 24
	Socket messages sent: 0
	Socket messages received: 0
	Signals delivered: 0
	Page size (bytes): 4096
	Exit status: 0
