[info] total indices 224
[info] total variants 224
2.001 was filtered out as 96818105 T>A needs A but not covered
2.002 was filtered out as 96818105 T>A needs A but not covered
4.001 was filtered out as 96818118 G>C needs C but not covered
4.002 was filtered out as 96818118 G>C needs C but not covered
5.001 was filtered out as 96826970 delT needs N but not covered
6.001 was filtered out as 96824687 C>T needs T but not covered
7.001 was filtered out as 96824642 G>A needs A but not covered
8.001 was filtered out as 96824642 G>C needs C but not covered
9.001 was filtered out as 96818170 T>C needs C but not covered
10.001 was filtered out as 96802646 C>A needs A but not covered
11.001 was filtered out as 96805707 C>A needs A but not covered
12.001 was filtered out as 96796973 delCAA needs N but not covered
13.001 was filtered out as 96818241 A>C needs C but not covered
14.001 was filtered out as 96818198 C>G needs G but not covered
15.001 was filtered out as 96824657 C>T needs T but not covered
16.001 was filtered out as 96802803 A>G needs G but not covered
17.001 was filtered out as 96818180 T>C needs C but not covered
18.001 was filtered out as 96802714 G>A needs A but not covered
[filter] CYP2C8 1.001 => 1.001; 1.002; 1.003; 1.004; 1.005; 1.006; 1.007; 1.008; 1.009; 1.010; 1.011; 1.012; 1.013; 1.014; 1.015; 1.016; 1.017; 1.018
[filter] CYP2C8 3.001 => 3.001; 3.002
[filter] valid_alleles=20
Step 0: Loss=0.0257, CN=[2.0999167]
Step 100: Loss=0.0100, CN=[2.176313]
Step 200: Loss=0.0100, CN=[2.1770716]
Step 300: Loss=0.0100, CN=[2.1770718]
Step 400: Loss=0.0100, CN=[2.1770723]

=== Fit ===
Region 0: obs=2.183, exp=2.177, diff=+0.006 
Region 1: obs=2.271, exp=2.177, diff=+0.094 
Region 2: obs=1.768, exp=2.177, diff=-0.409 
Region 3: obs=2.368, exp=2.177, diff=+0.191 
Region 4: obs=2.029, exp=2.177, diff=-0.148 
Region 5: obs=2.156, exp=2.177, diff=-0.021 
Region 6: obs=2.034, exp=2.177, diff=-0.143 
Region 7: obs=2.339, exp=2.177, diff=+0.162 
Region 8: obs=2.099, exp=2.177, diff=-0.078 
Region 9: obs=2.212, exp=2.177, diff=+0.035 
Region 10: obs=2.299, exp=2.177, diff=+0.122 
Region 11: obs=2.176, exp=2.177, diff=-0.001 
Region 12: obs=2.363, exp=2.177, diff=+0.186 
Region 13: obs=2.274, exp=2.177, diff=+0.097 
Region 14: obs=1.994, exp=2.177, diff=-0.184 
Region 15: obs=2.274, exp=2.177, diff=+0.097 
Region 16: obs=2.160, exp=2.177, diff=-0.017 
Region 17: obs=2.326, exp=2.177, diff=+0.149 
Region 18: obs=2.114, exp=2.177, diff=-0.063 
Region 19: obs=2.164, exp=2.177, diff=-0.013 
Region 20: obs=2.118, exp=2.177, diff=-0.059 

[Gene CN Results]
  CYP2C8: 2.18 → 2.177072048187256
Using device: cuda

CYP2C8*1.001:

CYP2C8*1.002:

CYP2C8*1.003:

CYP2C8*1.004:

CYP2C8*1.005:

CYP2C8*1.006:

CYP2C8*1.007:

CYP2C8*1.008:

CYP2C8*1.009:

CYP2C8*1.010:

CYP2C8*1.011:

CYP2C8*1.012:

CYP2C8*1.013:

CYP2C8*1.014:

CYP2C8*1.015:

CYP2C8*1.016:

CYP2C8*1.017:

CYP2C8*1.018:

CYP2C8*3.001:

CYP2C8*3.002:

=== Running VAE with seed 5555 ===
Global Pooled JS: 0.013756
functional kld weight 0.0
Seed 5555, Step    0: Loss = 153.40 (Recon: 112.20, Allele KL: 15.18, Base KL: 1776.95, Functional KL: 0.01
Global Pooled JS: 0.022052
functional kld weight 27.77777777777777
Seed 5555, Step  500: Loss = 133.71 (Recon: 88.31, Allele KL: 18.98, Base KL: 3472.58, Functional KL: 0.02
Global Pooled JS: 0.005817
functional kld weight 222.22222222222217
Seed 5555, Step 1000: Loss = 138.07 (Recon: 88.55, Allele KL: 21.65, Base KL: 3676.44, Functional KL: 0.01
Global Pooled JS: 0.005405
functional kld weight 750.0
Seed 5555, Step 1500: Loss = 139.45 (Recon: 88.60, Allele KL: 19.47, Base KL: 4467.07, Functional KL: 0.01
Global Pooled JS: 0.006599
functional kld weight 1777.7777777777774
Seed 5555, Step 2000: Loss = 149.69 (Recon: 88.93, Allele KL: 20.31, Base KL: 5793.85, Functional KL: 0.01
Global Pooled JS: 0.002876
functional kld weight 3472.222222222223
Seed 5555, Step 2500: Loss = 148.91 (Recon: 85.75, Allele KL: 23.03, Base KL: 7526.17, Functional KL: 0.00

Top Variants with Coverage Mismatches:
Rank   Variant                        Expected     Observed     Diff       |Div|       
------------------------------------------------------------------------------------------
1      CYP2C8:96798748→C              18.61        20.00        -1.39      0.000221    
2      CYP2C8:96827029→C              24.98        23.00        1.98       0.000148    
3      CYP2C8:96827029→A              0.03         0.00         0.03       0.000132    
4      CYP2C8:96827029→M              0.03         0.00         0.03       0.000130    
5      CYP2C8:96827029→N              0.03         0.00         0.03       0.000130    
6      CYP2C8:96827029→P              0.03         0.00         0.03       0.000128    
7      CYP2C8:96827029→G              0.03         0.00         0.03       0.000127    
8      CYP2C8:96798748→G              0.03         0.00         0.03       0.000125    
9      CYP2C8:96798748→A              0.03         0.00         0.03       0.000125    
10     CYP2C8:96798748→P              0.03         0.00         0.03       0.000125    
11     CYP2C8:96798748→N              0.03         0.00         0.03       0.000125    
12     CYP2C8:96798748→M              0.03         0.00         0.03       0.000124    
13     CYP2C8:96798748→T              24.98        25.00        -0.02      0.000012    
14     CYP2C8:96827029→T              18.60        18.00        0.60       0.000007    
New best model with final loss: 163.93

=== Multi-Seed VAE Results ===
Best model had seed 5555 with final loss: 163.93
All seeds final losses:
  Seed 5555: Total=163.93 (Recon=81.24, A_KL=30.19, B_KL=9811.11) <- Best

[Raw]:
CYP2C8*1: Normalized=0.5701, Unnormalized=0.57
CYP2C8*3: Normalized=0.4299, Unnormalized=0.43

[Alleles]
CYP2C8*1
CYP2C8*3
	Command being timed: "python cyp.py CYP2C8 /project/shared/aldy-data/wgs/NA07029.wgs.cram 5555"
	User time (seconds): 97.19
	System time (seconds): 20.31
	Percent of CPU this job got: 99%
	Elapsed (wall clock) time (h:mm:ss or m:ss): 1:57.86
	Average shared text size (kbytes): 0
	Average unshared data size (kbytes): 0
	Average stack size (kbytes): 0
	Average total size (kbytes): 0
	Maximum resident set size (kbytes): 1908860
	Average resident set size (kbytes): 0
	Major (requiring I/O) page faults: 0
	Minor (reclaiming a frame) page faults: 608790
	Voluntary context switches: 10653
	Involuntary context switches: 197
	Swaps: 0
	File system inputs: 0
	File system outputs: 24
	Socket messages sent: 0
	Socket messages received: 0
	Signals delivered: 0
	Page size (bytes): 4096
	Exit status: 0
