[info] total indices 224
[info] total variants 224
2.001 was filtered out as 96818105 T>A needs A but not covered
2.002 was filtered out as 96818105 T>A needs A but not covered
3.001 was filtered out as 96827029 C>T needs T but not covered
3.002 was filtered out as 96827029 C>T needs T but not covered
5.001 was filtered out as 96826970 delT needs N but not covered
6.001 was filtered out as 96824687 C>T needs T but not covered
7.001 was filtered out as 96824642 G>A needs A but not covered
8.001 was filtered out as 96824642 G>C needs C but not covered
9.001 was filtered out as 96818170 T>C needs C but not covered
10.001 was filtered out as 96802646 C>A needs A but not covered
11.001 was filtered out as 96805707 C>A needs A but not covered
12.001 was filtered out as 96796973 delCAA needs N but not covered
13.001 was filtered out as 96818241 A>C needs C but not covered
14.001 was filtered out as 96818198 C>G needs G but not covered
15.001 was filtered out as 96824657 C>T needs T but not covered
16.001 was filtered out as 96802803 A>G needs G but not covered
17.001 was filtered out as 96818180 T>C needs C but not covered
18.001 was filtered out as 96802714 G>A needs A but not covered
[filter] CYP2C8 1.001 => 1.001; 1.002; 1.003; 1.004; 1.005; 1.006; 1.007; 1.008; 1.009; 1.010; 1.011; 1.012; 1.013; 1.014; 1.015; 1.016; 1.017; 1.018
[filter] CYP2C8 4.001 => 4.001; 4.002
[filter] valid_alleles=20
Step 0: Loss=0.2649, CN=[2.0999167]
Step 100: Loss=0.0201, CN=[2.7800517]
Step 200: Loss=0.0201, CN=[2.7791607]
Step 300: Loss=0.0201, CN=[2.7791502]
Step 400: Loss=0.0201, CN=[2.7791502]

=== Fit ===
Region 0: obs=2.975, exp=2.779, diff=+0.196 
Region 1: obs=2.896, exp=2.779, diff=+0.116 
Region 2: obs=2.759, exp=2.779, diff=-0.020 
Region 3: obs=2.839, exp=2.779, diff=+0.060 
Region 4: obs=2.755, exp=2.779, diff=-0.024 
Region 5: obs=2.625, exp=2.779, diff=-0.154 
Region 6: obs=2.787, exp=2.779, diff=+0.008 
Region 7: obs=2.635, exp=2.779, diff=-0.144 
Region 8: obs=2.695, exp=2.779, diff=-0.084 
Region 9: obs=2.576, exp=2.779, diff=-0.204 
Region 10: obs=2.463, exp=2.779, diff=-0.316 
Region 11: obs=2.749, exp=2.779, diff=-0.030 
Region 12: obs=2.586, exp=2.779, diff=-0.193 
Region 13: obs=3.075, exp=2.779, diff=+0.296 
Region 14: obs=3.290, exp=2.779, diff=+0.511 *
Region 15: obs=2.517, exp=2.779, diff=-0.262 
Region 16: obs=2.689, exp=2.779, diff=-0.090 
Region 17: obs=2.709, exp=2.779, diff=-0.070 
Region 18: obs=2.705, exp=2.779, diff=-0.074 
Region 19: obs=3.040, exp=2.779, diff=+0.260 
Region 20: obs=3.010, exp=2.779, diff=+0.231 

[Gene CN Results]
  CYP2C8: 2.78 → 2.7791504859924316
Using device: cuda

CYP2C8*1.001:

CYP2C8*1.002:

CYP2C8*1.003:

CYP2C8*1.004:

CYP2C8*1.005:

CYP2C8*1.006:

CYP2C8*1.007:

CYP2C8*1.008:

CYP2C8*1.009:

CYP2C8*1.010:

CYP2C8*1.011:

CYP2C8*1.012:

CYP2C8*1.013:

CYP2C8*1.014:

CYP2C8*1.015:

CYP2C8*1.016:

CYP2C8*1.017:

CYP2C8*1.018:

CYP2C8*4.001:

CYP2C8*4.002:

=== Running VAE with seed 5555 ===
Global Pooled JS: 0.035878
functional kld weight 0.0
Seed 5555, Step    0: Loss = 235.89 (Recon: 183.76, Allele KL: 23.43, Base KL: 1909.62, Functional KL: 0.04
Global Pooled JS: 0.011095
functional kld weight 27.77777777777777
Seed 5555, Step  500: Loss = 146.42 (Recon: 100.41, Allele KL: 18.28, Base KL: 3780.68, Functional KL: 0.01
Global Pooled JS: 0.004076
functional kld weight 222.22222222222217
Seed 5555, Step 1000: Loss = 151.40 (Recon: 99.34, Allele KL: 23.17, Base KL: 4084.47, Functional KL: 0.00
Global Pooled JS: 0.003205
functional kld weight 750.0
Seed 5555, Step 1500: Loss = 151.21 (Recon: 99.15, Allele KL: 21.06, Base KL: 4779.39, Functional KL: 0.00
Global Pooled JS: 0.005864
functional kld weight 1777.7777777777774
Seed 5555, Step 2000: Loss = 158.99 (Recon: 99.66, Allele KL: 18.95, Base KL: 5836.24, Functional KL: 0.01
Global Pooled JS: 0.001877
functional kld weight 3472.222222222223
Seed 5555, Step 2500: Loss = 159.24 (Recon: 100.30, Allele KL: 21.41, Base KL: 7181.02, Functional KL: 0.00

Top Variants with Coverage Mismatches:
Rank   Variant                        Expected     Observed     Diff       |Div|       
------------------------------------------------------------------------------------------
1      CYP2C8:96818118→M              0.03         0.00         0.03       0.000177    
2      CYP2C8:96818118→N              0.03         0.00         0.03       0.000177    
3      CYP2C8:96818118→A              0.03         0.00         0.03       0.000176    
4      CYP2C8:96818118→P              0.03         0.00         0.03       0.000175    
5      CYP2C8:96818118→T              0.03         0.00         0.03       0.000175    
6      CYP2C8:96818118→C              21.15        16.00        5.15       0.000001    
7      CYP2C8:96818118→G              29.19        22.00        7.19       0.000000    
New best model with final loss: 169.55

=== Multi-Seed VAE Results ===
Best model had seed 5555 with final loss: 169.55
All seeds final losses:
  Seed 5555: Total=169.55 (Recon=98.01, A_KL=23.27, B_KL=8858.27) <- Best

[Raw]:
CYP2C8*1: Normalized=0.5776, Unnormalized=0.58
CYP2C8*4: Normalized=0.4224, Unnormalized=0.42

[Alleles]
CYP2C8*1
CYP2C8*4
	Command being timed: "python cyp.py CYP2C8 /project/shared/aldy-data/wgs/NA18484.wgs.cram 5555"
	User time (seconds): 98.66
	System time (seconds): 19.84
	Percent of CPU this job got: 99%
	Elapsed (wall clock) time (h:mm:ss or m:ss): 1:58.88
	Average shared text size (kbytes): 0
	Average unshared data size (kbytes): 0
	Average stack size (kbytes): 0
	Average total size (kbytes): 0
	Maximum resident set size (kbytes): 1893300
	Average resident set size (kbytes): 0
	Major (requiring I/O) page faults: 0
	Minor (reclaiming a frame) page faults: 631401
	Voluntary context switches: 10025
	Involuntary context switches: 296
	Swaps: 0
	File system inputs: 0
	File system outputs: 24
	Socket messages sent: 0
	Socket messages received: 0
	Signals delivered: 0
	Page size (bytes): 4096
	Exit status: 0
