[info] total indices 224
[info] total variants 224
2.001 was filtered out as 96818105 T>A needs A but not covered
2.002 was filtered out as 96818105 T>A needs A but not covered
3.001 was filtered out as 96827029 C>T needs T but not covered
3.002 was filtered out as 96827029 C>T needs T but not covered
4.001 was filtered out as 96818118 G>C needs C but not covered
4.002 was filtered out as 96818118 G>C needs C but not covered
5.001 was filtered out as 96826970 delT needs N but not covered
6.001 was filtered out as 96824687 C>T needs T but not covered
7.001 was filtered out as 96824642 G>A needs A but not covered
8.001 was filtered out as 96824642 G>C needs C but not covered
9.001 was filtered out as 96818170 T>C needs C but not covered
10.001 was filtered out as 96802646 C>A needs A but not covered
11.001 was filtered out as 96805707 C>A needs A but not covered
12.001 was filtered out as 96796973 delCAA needs N but not covered
13.001 was filtered out as 96818241 A>C needs C but not covered
14.001 was filtered out as 96818198 C>G needs G but not covered
15.001 was filtered out as 96824657 C>T needs T but not covered
16.001 was filtered out as 96802803 A>G needs G but not covered
17.001 was filtered out as 96818180 T>C needs C but not covered
18.001 was filtered out as 96802714 G>A needs A but not covered
[filter] CYP2C8 1.001 => 1.001; 1.002; 1.003; 1.004; 1.005; 1.006; 1.007; 1.008; 1.009; 1.010; 1.011; 1.012; 1.013; 1.014; 1.015; 1.016; 1.017; 1.018
[filter] valid_alleles=18
Step 0: Loss=0.0513, CN=[2.0999167]
Step 100: Loss=0.0257, CN=[2.2357855]
Step 200: Loss=0.0257, CN=[2.2367322]
Step 300: Loss=0.0257, CN=[2.236737]
Step 400: Loss=0.0257, CN=[2.2367373]

=== Fit ===
Region 0: obs=2.311, exp=2.237, diff=+0.074 
Region 1: obs=1.998, exp=2.237, diff=-0.239 
Region 2: obs=2.340, exp=2.237, diff=+0.103 
Region 3: obs=2.025, exp=2.237, diff=-0.212 
Region 4: obs=2.466, exp=2.237, diff=+0.230 
Region 5: obs=2.483, exp=2.237, diff=+0.247 
Region 6: obs=2.815, exp=2.237, diff=+0.579 *
Region 7: obs=2.234, exp=2.237, diff=-0.003 
Region 8: obs=1.920, exp=2.237, diff=-0.317 
Region 9: obs=2.204, exp=2.237, diff=-0.032 
Region 10: obs=1.910, exp=2.237, diff=-0.327 
Region 11: obs=2.225, exp=2.237, diff=-0.012 
Region 12: obs=2.289, exp=2.237, diff=+0.052 
Region 13: obs=2.071, exp=2.237, diff=-0.166 
Region 14: obs=2.245, exp=2.237, diff=+0.008 
Region 15: obs=2.140, exp=2.237, diff=-0.097 
Region 16: obs=2.087, exp=2.237, diff=-0.150 
Region 17: obs=2.100, exp=2.237, diff=-0.136 
Region 18: obs=2.710, exp=2.237, diff=+0.474 
Region 19: obs=2.196, exp=2.237, diff=-0.041 
Region 20: obs=2.281, exp=2.237, diff=+0.044 

[Gene CN Results]
  CYP2C8: 2.24 → 2.236737012863159
Using device: cuda

CYP2C8*1.001:

CYP2C8*1.002:

CYP2C8*1.003:

CYP2C8*1.004:

CYP2C8*1.005:

CYP2C8*1.006:

CYP2C8*1.007:

CYP2C8*1.008:

CYP2C8*1.009:

CYP2C8*1.010:

CYP2C8*1.011:

CYP2C8*1.012:

CYP2C8*1.013:

CYP2C8*1.014:

CYP2C8*1.015:

CYP2C8*1.016:

CYP2C8*1.017:

CYP2C8*1.018:

=== Running VAE with seed 5555 ===
Global Pooled JS: 0.000000
functional kld weight 0.0
Seed 5555, Step    0: Loss = 246.70 (Recon: 205.40, Allele KL: 11.85, Base KL: 1477.35, Functional KL: 0.00
Global Pooled JS: 0.000000
functional kld weight 27.77777777777777
Seed 5555, Step  500: Loss = 107.19 (Recon: 62.93, Allele KL: 15.12, Base KL: 5665.64, Functional KL: 0.00
Global Pooled JS: 0.000000
functional kld weight 222.22222222222217
Seed 5555, Step 1000: Loss = 114.13 (Recon: 63.24, Allele KL: 21.80, Base KL: 5641.88, Functional KL: 0.00
Global Pooled JS: 0.000000
functional kld weight 750.0
Seed 5555, Step 1500: Loss = 115.71 (Recon: 61.87, Allele KL: 24.91, Base KL: 5565.56, Functional KL: 0.00
Global Pooled JS: 0.000000
functional kld weight 1777.7777777777774
Seed 5555, Step 2000: Loss = 119.49 (Recon: 66.31, Allele KL: 23.68, Base KL: 5758.67, Functional KL: 0.00
Global Pooled JS: 0.000000
functional kld weight 3472.222222222223
Seed 5555, Step 2500: Loss = 120.76 (Recon: 73.89, Allele KL: 17.17, Base KL: 5539.40, Functional KL: 0.00

Top Variants with Coverage Mismatches:
Rank   Variant                        Expected     Observed     Diff       |Div|       
------------------------------------------------------------------------------------------
New best model with final loss: 114.64

=== Multi-Seed VAE Results ===
Best model had seed 5555 with final loss: 114.64
All seeds final losses:
  Seed 5555: Total=114.64 (Recon=67.30, A_KL=17.87, B_KL=5735.13) <- Best

[Raw]:
CYP2C8*1: Normalized=1.0000, Unnormalized=1.00

[Alleles]
CYP2C8*1
CYP2C8*1
	Command being timed: "python cyp.py CYP2C8 /project/shared/aldy-data/wgs/NA18526.wgs.cram 5555"
	User time (seconds): 96.57
	System time (seconds): 20.06
	Percent of CPU this job got: 99%
	Elapsed (wall clock) time (h:mm:ss or m:ss): 1:56.90
	Average shared text size (kbytes): 0
	Average unshared data size (kbytes): 0
	Average stack size (kbytes): 0
	Average total size (kbytes): 0
	Maximum resident set size (kbytes): 1881328
	Average resident set size (kbytes): 0
	Major (requiring I/O) page faults: 0
	Minor (reclaiming a frame) page faults: 638288
	Voluntary context switches: 9952
	Involuntary context switches: 286
	Swaps: 0
	File system inputs: 0
	File system outputs: 24
	Socket messages sent: 0
	Socket messages received: 0
	Signals delivered: 0
	Page size (bytes): 4096
	Exit status: 0
