[info] total indices 224
[info] total variants 224
3.001 was filtered out as 96827029 C>T needs T but not covered
3.002 was filtered out as 96827029 C>T needs T but not covered
4.001 was filtered out as 96818118 G>C needs C but not covered
4.002 was filtered out as 96818118 G>C needs C but not covered
5.001 was filtered out as 96826970 delT needs N but not covered
6.001 was filtered out as 96824687 C>T needs T but not covered
7.001 was filtered out as 96824642 G>A needs A but not covered
8.001 was filtered out as 96824642 G>C needs C but not covered
9.001 was filtered out as 96818170 T>C needs C but not covered
10.001 was filtered out as 96802646 C>A needs A but not covered
11.001 was filtered out as 96805707 C>A needs A but not covered
12.001 was filtered out as 96796973 delCAA needs N but not covered
13.001 was filtered out as 96818241 A>C needs C but not covered
14.001 was filtered out as 96818198 C>G needs G but not covered
15.001 was filtered out as 96824657 C>T needs T but not covered
16.001 was filtered out as 96802803 A>G needs G but not covered
17.001 was filtered out as 96818180 T>C needs C but not covered
18.001 was filtered out as 96802714 G>A needs A but not covered
[filter] CYP2C8 1.001 => 1.001; 1.002; 1.003; 1.004; 1.005; 1.006; 1.007; 1.008; 1.009; 1.010; 1.011; 1.012; 1.013; 1.014; 1.015; 1.016; 1.017; 1.018
[filter] CYP2C8 2.001 => 2.001; 2.002
[filter] valid_alleles=20
Step 0: Loss=0.1040, CN=[2.0999167]
Step 100: Loss=0.0230, CN=[2.4097443]
Step 200: Loss=0.0230, CN=[2.4112537]
Step 300: Loss=0.0230, CN=[2.41125]
Step 400: Loss=0.0230, CN=[2.4112504]

=== Fit ===
Region 0: obs=2.446, exp=2.411, diff=+0.034 
Region 1: obs=2.548, exp=2.411, diff=+0.137 
Region 2: obs=2.182, exp=2.411, diff=-0.229 
Region 3: obs=2.192, exp=2.411, diff=-0.219 
Region 4: obs=2.072, exp=2.411, diff=-0.340 
Region 5: obs=2.224, exp=2.411, diff=-0.187 
Region 6: obs=2.797, exp=2.411, diff=+0.386 
Region 7: obs=2.540, exp=2.411, diff=+0.129 
Region 8: obs=2.171, exp=2.411, diff=-0.241 
Region 9: obs=2.313, exp=2.411, diff=-0.098 
Region 10: obs=2.594, exp=2.411, diff=+0.183 
Region 11: obs=2.505, exp=2.411, diff=+0.094 
Region 12: obs=2.659, exp=2.411, diff=+0.248 
Region 13: obs=2.529, exp=2.411, diff=+0.118 
Region 14: obs=2.578, exp=2.411, diff=+0.167 
Region 15: obs=2.554, exp=2.411, diff=+0.143 
Region 16: obs=2.494, exp=2.411, diff=+0.083 
Region 17: obs=2.622, exp=2.411, diff=+0.211 
Region 18: obs=1.930, exp=2.411, diff=-0.481 
Region 19: obs=2.292, exp=2.411, diff=-0.119 
Region 20: obs=2.394, exp=2.411, diff=-0.017 

[Gene CN Results]
  CYP2C8: 2.41 → 2.411250352859497
Using device: cuda

CYP2C8*1.001:

CYP2C8*1.002:

CYP2C8*1.003:

CYP2C8*1.004:

CYP2C8*1.005:

CYP2C8*1.006:

CYP2C8*1.007:

CYP2C8*1.008:

CYP2C8*1.009:

CYP2C8*1.010:

CYP2C8*1.011:

CYP2C8*1.012:

CYP2C8*1.013:

CYP2C8*1.014:

CYP2C8*1.015:

CYP2C8*1.016:

CYP2C8*1.017:

CYP2C8*1.018:

CYP2C8*2.001:

CYP2C8*2.002:

=== Running VAE with seed 5555 ===
Global Pooled JS: 0.041951
functional kld weight 0.0
Seed 5555, Step    0: Loss = 234.22 (Recon: 183.90, Allele KL: 21.69, Base KL: 1791.62, Functional KL: 0.04
Global Pooled JS: 0.005153
functional kld weight 27.77777777777777
Seed 5555, Step  500: Loss = 137.01 (Recon: 80.39, Allele KL: 29.63, Base KL: 3756.06, Functional KL: 0.01
Global Pooled JS: 0.020189
functional kld weight 222.22222222222217
Seed 5555, Step 1000: Loss = 142.44 (Recon: 86.62, Allele KL: 23.58, Base KL: 4137.14, Functional KL: 0.02
Global Pooled JS: 0.003749
functional kld weight 750.0
Seed 5555, Step 1500: Loss = 138.92 (Recon: 83.07, Allele KL: 24.51, Base KL: 4892.27, Functional KL: 0.00
Global Pooled JS: 0.008703
functional kld weight 1777.7777777777774
Seed 5555, Step 2000: Loss = 149.67 (Recon: 83.76, Allele KL: 20.65, Base KL: 6006.79, Functional KL: 0.01
Global Pooled JS: 0.001279
functional kld weight 3472.222222222223
Seed 5555, Step 2500: Loss = 143.83 (Recon: 82.78, Allele KL: 25.73, Base KL: 7393.66, Functional KL: 0.00

Top Variants with Coverage Mismatches:
Rank   Variant                        Expected     Observed     Diff       |Div|       
------------------------------------------------------------------------------------------
1      CYP2C8:96818105→N              0.03         0.00         0.03       0.000183    
2      CYP2C8:96818105→M              0.03         0.00         0.03       0.000183    
3      CYP2C8:96818105→P              0.03         0.00         0.03       0.000182    
4      CYP2C8:96818105→C              0.03         0.00         0.03       0.000182    
5      CYP2C8:96818105→G              0.03         0.00         0.03       0.000181    
6      CYP2C8:96818105→A              21.94        20.00        1.94       0.000001    
7      CYP2C8:96818105→T              28.59        26.00        2.59       0.000000    
New best model with final loss: 154.14

=== Multi-Seed VAE Results ===
Best model had seed 5555 with final loss: 154.14
All seeds final losses:
  Seed 5555: Total=154.14 (Recon=85.66, A_KL=21.36, B_KL=9053.15) <- Best

[Raw]:
CYP2C8*1: Normalized=0.5636, Unnormalized=0.56
CYP2C8*2: Normalized=0.4364, Unnormalized=0.44

[Alleles]
CYP2C8*1
CYP2C8*2
	Command being timed: "python cyp.py CYP2C8 /project/shared/aldy-data/wgs/NA19095.wgs.cram 5555"
	User time (seconds): 97.27
	System time (seconds): 20.36
	Percent of CPU this job got: 99%
	Elapsed (wall clock) time (h:mm:ss or m:ss): 1:57.88
	Average shared text size (kbytes): 0
	Average unshared data size (kbytes): 0
	Average stack size (kbytes): 0
	Average total size (kbytes): 0
	Maximum resident set size (kbytes): 1902248
	Average resident set size (kbytes): 0
	Major (requiring I/O) page faults: 0
	Minor (reclaiming a frame) page faults: 548897
	Voluntary context switches: 9928
	Involuntary context switches: 153
	Swaps: 0
	File system inputs: 0
	File system outputs: 24
	Socket messages sent: 0
	Socket messages received: 0
	Signals delivered: 0
	Page size (bytes): 4096
	Exit status: 0
