[info] total indices 2506
[info] total variants 2506
3.001 was filtered out as 42524243 delT needs N but not covered
3.002 was filtered out as 42524243 delT needs N but not covered
4.001 was filtered out as 42526693 G>A needs A but not covered
4.002 was filtered out as 42526693 G>A needs A but not covered
4.006 was filtered out as 42526693 G>A needs A but not covered
4.008 was filtered out as 42526693 G>A needs A but not covered
4.014 was filtered out as 42526693 G>A needs A but not covered
4.015 was filtered out as 42526693 G>A needs A but not covered
4.016 was filtered out as 42526693 G>A needs A but not covered
4.017 was filtered out as 42526693 G>A needs A but not covered
4.018 was filtered out as 42526693 G>A needs A but not covered
4.020 was filtered out as 42526693 G>A needs A but not covered
4.022 was filtered out as 42526693 G>A needs A but not covered
4.023 was filtered out as 42526693 G>A needs A but not covered
4.024 was filtered out as 42526693 G>A needs A but not covered
4.025 was filtered out as 42526693 G>A needs A but not covered
4.026 was filtered out as 42526693 G>A needs A but not covered
4.029 was filtered out as 42526693 G>A needs A but not covered
4.030 was filtered out as 42526693 G>A needs A but not covered
4.003 was filtered out as 42526693 G>A needs A but not covered
4.004 was filtered out as 42526693 G>A needs A but not covered
4.005 was filtered out as 42526693 G>A needs A but not covered
4.011 was filtered out as 42526693 G>A needs A but not covered
4.019 was filtered out as 42526693 G>A needs A but not covered
4.007 was filtered out as 42526693 G>A needs A but not covered
4.009 was filtered out as 42526693 G>A needs A but not covered
4.010 was filtered out as 42526693 G>A needs A but not covered
4.012 was filtered out as 42525820 G>T needs T but not covered
4.013 was filtered out as 42526693 G>A needs A but not covered
4.021 was filtered out as 42526693 G>A needs A but not covered
4.027 was filtered out as 42526693 G>A needs A but not covered
4.028 was filtered out as 42526693 G>A needs A but not covered
4.1013 was filtered out as 42526693 G>A needs A but not covered
4.1021 was filtered out as 42526693 G>A needs A but not covered
4.2021 was filtered out as 42526693 G>A needs A but not covered
6.001 was filtered out as 42525085 delA needs N but not covered
6.002 was filtered out as 42525085 delA needs N but not covered
6.005 was filtered out as 42525085 delA needs N but not covered
6.006 was filtered out as 42525085 delA needs N but not covered
6.003 was filtered out as 42525085 delA needs N but not covered
6.004 was filtered out as 42525085 delA needs N but not covered
7.001 was filtered out as 42523857 T>G needs G but not covered
8.001 was filtered out as 42525034 C>A needs A but not covered
9.001 was filtered out as 42524175 delCTT needs N but not covered
9.002 was filtered out as 42524175 delCTT needs N but not covered
10.001 was filtered out as 42526693 G>A needs A but not covered
10.002 was filtered out as 42526693 G>A needs A but not covered
10.003 was filtered out as 42526693 G>A needs A but not covered
10.004 was filtered out as 42526693 G>A needs A but not covered
10.005 was filtered out as 42526693 G>A needs A but not covered
10.006 was filtered out as 42526693 G>A needs A but not covered
10.007 was filtered out as 42526693 G>A needs A but not covered
10.1004 was filtered out as 42526693 G>A needs A but not covered
11.001 was filtered out as 42525911 C>G needs G but not covered
12.001 was filtered out as 42526669 C>T needs T but not covered
12.002 was filtered out as 42526669 C>T needs T but not covered
14.001 was filtered out as 42525034 C>T needs T but not covered
15.001 was filtered out as 42526655 insA needs P but not covered
15.002 was filtered out as 42526655 insA needs P but not covered
15.003 was filtered out as 42526655 insA needs P but not covered
17.001 was filtered out as 42525771 G>A needs A but not covered
17.002 was filtered out as 42525771 G>A needs A but not covered
17.003 was filtered out as 42525771 G>A needs A but not covered
17.004 was filtered out as 42525771 G>A needs A but not covered
17.005 was filtered out as 42525771 G>A needs A but not covered
17.006 was filtered out as 42525771 G>A needs A but not covered
18.001 was filtered out as 42522657 insCAGTGGGCA needs P but not covered
19.001 was filtered out as 42524250 delAGTT needs N but not covered
20.001 was filtered out as 42524815 insC needs P but not covered
21.001 was filtered out as 42524212 insG needs P but not covered
21.002 was filtered out as 42524212 insG needs P but not covered
22.001 was filtered out as 42526711 G>A needs A but not covered
23.001 was filtered out as 42525837 G>A needs A but not covered
24.001 was filtered out as 42523939 T>G needs G but not covered
25.001 was filtered out as 42523594 G>C needs C but not covered
26.001 was filtered out as 42523515 A>G needs G but not covered
27.001 was filtered out as 42522939 C>T needs T but not covered
28.001 was filtered out as 42526774 C>T needs T but not covered
28.002 was filtered out as 42526774 C>T needs T but not covered
29.001 was filtered out as 42525131 C.C>G.T needs M but not covered
30.001 was filtered out as 42524928 insGGGGCGAAA not covered (cov=0)
31.001 was filtered out as 42522750 C>T needs T but not covered
32.001 was filtered out as 42522939 C>T needs T but not covered
33.001 was filtered out as 42524309 C>A needs A but not covered
33.002 was filtered out as 42524309 C>A needs A but not covered
35.001 was filtered out as 42526762 C>T needs T but not covered
35.002 was filtered out as 42526762 C>T needs T but not covered
35.003 was filtered out as 42526762 C>T needs T but not covered
35.004 was filtered out as 42526762 C>T needs T but not covered
35.005 was filtered out as 42526762 C>T needs T but not covered
35.006 was filtered out as 42526762 C>T needs T but not covered
35.007 was filtered out as 42526762 C>T needs T but not covered
36.001 was filtered out as 42526693 G>A needs A but not covered
36.002 was filtered out as 42526693 G>A needs A but not covered
36.003 was filtered out as 42526693 G>A needs A but not covered
36.004 was filtered out as 42526693 G>A needs A but not covered
36.1001 was filtered out as 42526693 G>A needs A but not covered
37.001 was filtered out as 42526693 G>A needs A but not covered
38.001 was filtered out as 42524200 delTCAG needs N but not covered
40.001 was filtered out as 42525771 G>A needs A but not covered
42.001 was filtered out as 42523531 insAC needs P but not covered
43.001 was filtered out as 42526716 C>T needs T but not covered
43.002 was filtered out as 42526716 C>T needs T but not covered
44.001 was filtered out as 42526711 G>A needs A but not covered
45.001 was filtered out as 42525076 C>T needs T but not covered
45.002 was filtered out as 42525076 C>T needs T but not covered
45.003 was filtered out as 42525076 C>T needs T but not covered
45.004 was filtered out as 42525076 C>T needs T but not covered
46.001 was filtered out as 42525076 C>T needs T but not covered
46.002 was filtered out as 42525076 C>T needs T but not covered
46.003 was filtered out as 42525076 C>T needs T but not covered
47.001 was filtered out as 42526693 G>A needs A but not covered
48.001 was filtered out as 42525822 G>A needs A but not covered
49.001 was filtered out as 42526693 G>A needs A but not covered
50.001 was filtered out as 42525072 T>G needs G but not covered
51.001 was filtered out as 42523620 T>G needs G but not covered
52.001 was filtered out as 42526693 G>A needs A but not covered
52.002 was filtered out as 42526693 G>A needs A but not covered
53.001 was filtered out as 42525181 A>T needs T but not covered
54.001 was filtered out as 42526693 G>A needs A but not covered
55.001 was filtered out as 42522957 T>G needs G but not covered
56.001 was filtered out as 42523591 G>A needs A but not covered
56.002 was filtered out as 42526693 G>A needs A but not covered
56.003 was filtered out as 42526693 G>A needs A but not covered
57.001 was filtered out as 42526693 G>A needs A but not covered
57.1001 was filtered out as 42526693 G>A needs A but not covered
58.001 was filtered out as 42525771 G>A needs A but not covered
59.001 was filtered out as 42523853 C>T needs T but not covered
60.001 was filtered out as 42524904 insTA needs P but not covered
62.001 was filtered out as 42522748 G>A needs A but not covered
64.001 was filtered out as 42526693 G>A needs A but not covered
65.001 was filtered out as 42526693 G>A needs A but not covered
68.001 was filtered out as 42526693 G>A needs A but not covered
69.001 was filtered out as 42526693 G>A needs A but not covered
70.001 was filtered out as 42525131 C.C>G.T needs M but not covered
71.001 was filtered out as 42526668 C>T needs T but not covered
71.002 was filtered out as 42526668 C>T needs T but not covered
71.003 was filtered out as 42526668 C>T needs T but not covered
72.001 was filtered out as 42526693 G>A needs A but not covered
73.001 was filtered out as 42525781 C>T needs T but not covered
74.001 was filtered out as 42525820 G>T needs T but not covered
75.001 was filtered out as 42522747 C>T needs T but not covered
75.002 was filtered out as 42522747 C>T needs T but not covered
81.001 was filtered out as 42524213 G>A needs A but not covered
82.001 was filtered out as 42525820 G>T needs T but not covered
83.001 was filtered out as 42522664 G>C needs C but not covered
83.002 was filtered out as 42522664 G>C needs C but not covered
83.003 was filtered out as 42522664 G>C needs C but not covered
84.001 was filtered out as 42524218 G>T needs T but not covered
84.002 was filtered out as 42524218 G>T needs T but not covered
85.001 was filtered out as 42522635 A>C needs C but not covered
86.001 was filtered out as 42524186 C>T needs T but not covered
87.001 was filtered out as 42526693 G>A needs A but not covered
88.001 was filtered out as 42525780 A>G needs G but not covered
89.001 was filtered out as 42525114 A>G needs G but not covered
90.001 was filtered out as 42525099 T>C needs C but not covered
91.001 was filtered out as 42525057 C>G needs G but not covered
92.001 was filtered out as 42524797 delG needs N but not covered
93.001 was filtered out as 42524273 T>G needs G but not covered
94.001 was filtered out as 42526693 G>A needs A but not covered
94.002 was filtered out as 42526693 G>A needs A but not covered
95.001 was filtered out as 42526693 G>A needs A but not covered
96.001 was filtered out as 42522897 G>A needs A but not covered
97.001 was filtered out as 42522698 G>T needs T but not covered
98.001 was filtered out as 42522682 G>C needs C but not covered
99.001 was filtered out as 42526693 G>A needs A but not covered
100.001 was filtered out as 42526693 G>A needs A but not covered
101.001 was filtered out as 42526693 G>A needs A but not covered
102.001 was filtered out as 42525822 G>A needs A but not covered
103.001 was filtered out as 42525043 T>C needs C but not covered
104.001 was filtered out as 42525072 T>A needs A but not covered
105.001 was filtered out as 42523524 A>G needs G but not covered
106.001 was filtered out as 42522915 C>T needs T but not covered
106.002 was filtered out as 42522915 C>T needs T but not covered
106.003 was filtered out as 42522915 C>T needs T but not covered
107.001 was filtered out as 42525133 C>T needs T but not covered
108.001 was filtered out as 42523566 T>C needs C but not covered
109.001 was filtered out as 42524175 delCTT needs N but not covered
110.001 was filtered out as 42522736 C>T needs T but not covered
111.001 was filtered out as 42525760 C>T needs T but not covered
111.002 was filtered out as 42525760 C>T needs T but not covered
112.001 was filtered out as 42522606 G>A needs A but not covered
113.001 was filtered out as 42522753 C>T needs T but not covered
114.001 was filtered out as 42526693 G>A needs A but not covered
115.001 was filtered out as 42524175 delCTT needs N but not covered
116.001 was filtered out as 42523632 C>G needs G but not covered
117.001 was filtered out as 42523612 C>T needs T but not covered
118.001 was filtered out as 42523900 T>C needs C but not covered
120.001 was filtered out as 42526729 delG needs N but not covered
121.001 was filtered out as 42525043 T>C needs C but not covered
122.001 was filtered out as 42523513 C>T needs T but not covered
123.001 was filtered out as 42523923 A>G needs G but not covered
124.001 was filtered out as 42522982 delGA needs N but not covered
124.002 was filtered out as 42522982 delGA needs N but not covered
125.001 was filtered out as 42522720 C>T needs T but not covered
126.001 was filtered out as 42525135 G>A needs A but not covered
127.001 was filtered out as 42523527 C>T needs T but not covered
128.001 was filtered out as 42525888 A>C needs C but not covered
129.001 was filtered out as 42525156 C>T needs T but not covered
130.001 was filtered out as 42524879 CA>AG needs A but not covered
131.001 was filtered out as 42524326 A>G needs G but not covered
132.001 was filtered out as 42526693 G>A needs A but not covered
133.001 was filtered out as 42523603 C>T needs T but not covered
134.001 was filtered out as 42523590 C>T needs T but not covered
135.001 was filtered out as 42522927 G>A needs A but not covered
136.001 was filtered out as 42522878 G>A needs A but not covered
137.001 was filtered out as 42522579 C>T needs T but not covered
138.001 was filtered out as 42522648 C>T needs T but not covered
139.001 was filtered out as 42523527 C>T needs T but not covered
140.001 was filtered out as 42524330 G>A needs A but not covered
141.001 was filtered out as 42522664 G>C needs C but not covered
141.1001 was filtered out as 42525771 G>A needs A but not covered
142.001 was filtered out as 42526693 G>A needs A but not covered
143.001 was filtered out as 42526762 C>T needs T but not covered
144.001 was filtered out as 42524352 C>T needs T but not covered
145.001 was filtered out as 42524928 insGGGGCGAAA not covered (cov=0)
146.001 was filtered out as 42526716 C>T needs T but not covered
147.001 was filtered out as 42526693 G>A needs A but not covered
148.001 was filtered out as 42526716 C>T needs T but not covered
149.001 was filtered out as 42525131 C.C>G.T needs M but not covered
152.001 was filtered out as 42524341 G>A needs A but not covered
153.001 was filtered out as 42524808 C>T needs T but not covered
154.001 was filtered out as 42525771 G>A needs A but not covered
155.001 was filtered out as 42525131 C.C>G.T needs M but not covered
156.001 was filtered out as 42525131 C.C>G.T needs M but not covered
157.001 was filtered out as 42525131 C.C>G.T needs M but not covered
158.001 was filtered out as 42523606 T>G needs G but not covered
159.001 was filtered out as 42526671 G>A needs A but not covered
160.001 was filtered out as 42525820 G>T needs T but not covered
161.001 was filtered out as 42525184 C>A needs A but not covered
162.001 was filtered out as 42522939 C>T needs T but not covered
163.001 was filtered out as 42525157 A>G needs G but not covered
[filter] CYP2D6 1.001 => 1.001; 1.002; 1.003; 1.004; 1.005; 1.006; 1.007; 1.008; 1.009; 1.010; 1.011; 1.012; 1.013; 1.014; 1.015; 1.016; 1.017; 1.018; 1.019; 1.020; 1.021; 1.022; 1.023; 1.024; 1.025; 1.026; 1.027; 1.028; 1.029; 1.030; 1.031; 1.032; 1.033; 1.034; 1.035; 1.036; 1.037; 1.038; 1.039; 1.040; 1.041; 1.042; 1.043; 1.044; 1.045; 1.046; 1.047; 1.048; 1.049
[filter] CYP2D6 2.001 => 2.001; 2.002; 2.003; 2.004; 2.005; 2.006; 2.007; 2.008; 2.009; 2.010; 2.011; 2.012; 2.013; 2.014; 2.015; 2.016; 2.017; 2.018; 2.019; 2.020; 2.021; 2.022; 2.023; 2.024; 2.025; 2.026; 2.027; 2.028; 2.030
[filter] CYP2D6 5.001 => 5.001
[filter] CYP2D6 34.001 => 34.001
[filter] CYP2D6 39.001 => 39.001; 39.002
[filter] CYP2D6 41.001 => 41.001; 41.002; 41.003; 41.004; 41.005
[filter] CYP2D6 61.001 => 61.001
[filter] CYP2D6 63.001 => 63.001
[filter] CYP2D6 68.002 => 68.002
[filter] CYP2D6 83.1003 => 83.1003
[filter] CYP2D6 119.001 => 119.001
[filter] valid_alleles=92
Step 0: Loss=0.1603, CN=[2.0999167]
Step 100: Loss=0.1019, CN=[2.3920877]
Step 200: Loss=0.1019, CN=[2.3925657]
Step 300: Loss=0.1019, CN=[2.3925738]
Step 400: Loss=0.1019, CN=[2.392574]

=== Fit ===
Region 0: obs=2.956, exp=2.393, diff=+0.563 *
Region 1: obs=2.214, exp=2.393, diff=-0.178 
Region 2: obs=3.075, exp=2.393, diff=+0.682 *
Region 3: obs=2.510, exp=2.393, diff=+0.118 
Region 4: obs=2.474, exp=2.393, diff=+0.082 
Region 5: obs=2.668, exp=2.393, diff=+0.275 
Region 6: obs=2.469, exp=2.393, diff=+0.076 
Region 7: obs=1.941, exp=2.393, diff=-0.452 
Region 8: obs=2.196, exp=2.393, diff=-0.196 
Region 9: obs=1.990, exp=2.393, diff=-0.402 
Region 10: obs=2.249, exp=2.393, diff=-0.144 
Region 11: obs=2.258, exp=2.393, diff=-0.135 
Region 12: obs=2.522, exp=2.393, diff=+0.129 
Region 13: obs=2.915, exp=2.393, diff=+0.522 *
Region 14: obs=2.985, exp=2.393, diff=+0.593 *
Region 15: obs=2.732, exp=2.393, diff=+0.339 
Region 16: obs=2.476, exp=2.393, diff=+0.083 
Region 17: obs=2.091, exp=2.393, diff=-0.302 
Region 18: obs=1.954, exp=2.393, diff=-0.439 
Region 19: obs=2.094, exp=2.393, diff=-0.298 
Region 20: obs=2.582, exp=2.393, diff=+0.189 
Region 21: obs=0.000, exp=2.393, diff=-2.393 *
Region 22: obs=2.147, exp=2.393, diff=-0.246 

[Gene CN Results]
  CYP2D6: 2.39 → 2.392573833465576

=== CYP2D6 Fusion Template CN Estimation ===

Using CN configs: ['1', '68.001', '141.1001']

Region coverage:
  up: 3.0
  utr5: 2.2
  e1: 3.1
  i1: 2.5
  e2: 2.5
  i2: 2.7
  e3: 2.5
  i3: 1.9
  e4: 2.2
  i4: 2.0
  e5: 2.2
  i5: 2.3
  e6: 2.5
  i6: 2.9
  e7: 3.0
  i7: 2.7
  e8: 2.5
  i8: 2.1
  e9: 2.0
  utr3: 2.1
  ins: 2.6
  pce: 0.0
  rep: 2.1
  e1_2d7: 0.3
  e2_2d7: 0.1
  e3_2d7: 0.9
  e5_2d7: 0.1
  e6_2d7: 0.4
  e9_2d7: 0.4
  pce_2d7: 0.1

CN configs: ['1', '68.001', '141.1001']
PCE contributions: {'1': tensor(0.), '68.001': tensor(1.), '141.1001': tensor(1.)}
Gene CN: 2.39 → required total: 2
Respect gene CN constraint: True
Enumerating configurations that sum to 2...
Evaluated 6 configurations

Top 5 configurations:
  1. loss=6.21: 1:2
  2. loss=11.29: 1:1, 141.1001:1
  3. loss=26.86: 141.1001:2
  4. loss=31.41: 1:1, 68.001:1
  5. loss=46.99: 68.001:1, 141.1001:1

Best CN assignment (loss=6.21):
  1: 2
  Total: 2

Fit comparison:
  up: obs=3.0, exp=2.0, diff=+1.0
  utr5: obs=2.2, exp=2.0, diff=+0.2
  e1: obs=3.1, exp=2.0, diff=+1.1
  i1: obs=2.5, exp=2.0, diff=+0.5
  e2: obs=2.5, exp=2.0, diff=+0.5
  i2: obs=2.7, exp=2.0, diff=+0.7
  e3: obs=2.5, exp=2.0, diff=+0.5
  i3: obs=1.9, exp=2.0, diff=-0.1
  e4: obs=2.2, exp=2.0, diff=+0.2
  i4: obs=2.0, exp=2.0, diff=-0.0
  e5: obs=2.2, exp=2.0, diff=+0.2
  i5: obs=2.3, exp=2.0, diff=+0.3
  e6: obs=2.5, exp=2.0, diff=+0.5
  i6: obs=2.9, exp=2.0, diff=+0.9
  e7: obs=3.0, exp=2.0, diff=+1.0
  i7: obs=2.7, exp=2.0, diff=+0.7
  e8: obs=2.5, exp=2.0, diff=+0.5
  i8: obs=2.1, exp=2.0, diff=+0.1
  e9: obs=2.0, exp=2.0, diff=-0.0
  utr3: obs=2.1, exp=2.0, diff=+0.1
  ins: obs=2.6, exp=2.0, diff=+0.6
  pce: obs=0.0, exp=0.0, diff=+0.0
  rep: obs=2.1, exp=2.0, diff=+0.1
  e1_2d7: obs=0.3, exp=0.0, diff=+0.3
  e2_2d7: obs=0.1, exp=0.0, diff=+0.1
  e3_2d7: obs=0.9, exp=0.0, diff=+0.9
  e5_2d7: obs=0.1, exp=0.0, diff=+0.1
  e6_2d7: obs=0.4, exp=0.0, diff=+0.4
  e9_2d7: obs=0.4, exp=0.0, diff=+0.4
  pce_2d7: obs=0.1, exp=0.0, diff=+0.1

[Selected CN Configs] 1:2
  Total CYP2D6 CN: 2

[Filtering alleles by cn_config]

Kept alleles by cn_config:
  1: 6 major alleles
    *1.001, *119.001, *2.001, *34.001, *39.001, *41.001

  Filtered: 5 alleles
  Kept: 87 alleles

[Updating N variant counts for deleted regions]
  Total updated: 0 positions

[Rebuilding allele vectors for fusion cn_configs]
Using device: cuda

CYP2D6*1.001:

CYP2D6*1.002:

CYP2D6*1.003:

CYP2D6*1.004:

CYP2D6*1.005:

CYP2D6*1.006:

CYP2D6*1.007:

CYP2D6*1.008:

CYP2D6*1.009:

CYP2D6*1.010:

CYP2D6*1.011:

CYP2D6*1.012:

CYP2D6*1.013:

CYP2D6*1.014:

CYP2D6*1.015:

CYP2D6*1.016:

CYP2D6*1.017:

CYP2D6*1.018:

CYP2D6*1.019:

CYP2D6*1.020:

CYP2D6*1.021:

CYP2D6*1.022:

CYP2D6*1.023:

CYP2D6*1.024:

CYP2D6*1.025:

CYP2D6*1.026:

CYP2D6*1.027:

CYP2D6*1.028:

CYP2D6*1.029:

CYP2D6*1.030:

CYP2D6*1.031:

CYP2D6*1.032:

CYP2D6*1.033:

CYP2D6*1.034:

CYP2D6*1.035:

CYP2D6*1.036:

CYP2D6*1.037:

CYP2D6*1.038:

CYP2D6*1.039:

CYP2D6*1.040:

CYP2D6*1.041:

CYP2D6*1.042:

CYP2D6*1.043:

CYP2D6*1.044:

CYP2D6*1.045:

CYP2D6*1.046:

CYP2D6*1.047:

CYP2D6*1.048:

CYP2D6*1.049:

CYP2D6*2.001:

CYP2D6*2.002:

CYP2D6*2.003:

CYP2D6*2.004:

CYP2D6*2.005:

CYP2D6*2.006:

CYP2D6*2.007:

CYP2D6*2.008:

CYP2D6*2.009:

CYP2D6*2.010:

CYP2D6*2.011:

CYP2D6*2.012:

CYP2D6*2.013:

CYP2D6*2.014:

CYP2D6*2.015:

CYP2D6*2.016:

CYP2D6*2.017:

CYP2D6*2.018:

CYP2D6*2.019:

CYP2D6*2.020:

CYP2D6*2.021:

CYP2D6*2.022:

CYP2D6*2.023:

CYP2D6*2.024:

CYP2D6*2.025:

CYP2D6*2.026:

CYP2D6*2.027:

CYP2D6*2.028:

CYP2D6*2.030:

CYP2D6*34.001:

CYP2D6*39.001:

CYP2D6*39.002:

CYP2D6*41.001:

CYP2D6*41.002:

CYP2D6*41.003:

CYP2D6*41.004:

CYP2D6*41.005:

CYP2D6*119.001:

=== Running VAE with seed 789 ===
Global Pooled JS: 0.146175
functional kld weight 0.0
Seed 789, Step    0: Loss = 1791.58 (Recon: 1289.50, Allele KL: 217.12, Base KL: 179023.33, Functional KL: 0.15
Global Pooled JS: 0.009620
functional kld weight 27.77777777777777
Seed 789, Step  500: Loss = 802.67 (Recon: 666.46, Allele KL: 50.79, Base KL: 25930.01, Functional KL: 0.01
Global Pooled JS: 0.012676
functional kld weight 222.22222222222217
Seed 789, Step 1000: Loss = 825.99 (Recon: 688.12, Allele KL: 49.72, Base KL: 26112.64, Functional KL: 0.01
Global Pooled JS: 0.008900
functional kld weight 750.0
Seed 789, Step 1500: Loss = 815.45 (Recon: 666.21, Allele KL: 59.45, Base KL: 26829.78, Functional KL: 0.01
Global Pooled JS: 0.007727
functional kld weight 1777.7777777777774
Seed 789, Step 2000: Loss = 821.42 (Recon: 671.28, Allele KL: 40.97, Base KL: 28041.78, Functional KL: 0.01
Global Pooled JS: 0.008988
functional kld weight 3472.222222222223
Seed 789, Step 2500: Loss = 844.21 (Recon: 673.28, Allele KL: 40.11, Base KL: 30052.19, Functional KL: 0.01

Top Variants with Coverage Mismatches:
Rank   Variant                        Expected     Observed     Diff       |Div|       
------------------------------------------------------------------------------------------
1      CYP2D6:42523804→C              18.28        26.00        -7.72      0.001520    
2      CYP2D6:42525131→G              28.39        22.00        6.39       0.001363    
3      CYP2D6:42522612→C              17.49        13.00        4.49       0.001083    
4      CYP2D6:42525131→C              17.46        23.00        -5.54      0.000811    
5      CYP2D6:42522612→G              28.05        33.00        -4.95      0.000358    
6      CYP2D6:42523942→A              27.99        26.00        1.99       0.000195    
7      CYP2D6:42523942→M              0.07         0.00         0.07       0.000126    
8      CYP2D6:42523942→N              0.07         0.00         0.07       0.000125    
9      CYP2D6:42523942→C              0.07         0.00         0.07       0.000124    
10     CYP2D6:42523942→T              0.06         0.00         0.06       0.000123    
11     CYP2D6:42523942→P              0.06         0.00         0.06       0.000122    
12     CYP2D6:42522612→A              0.06         0.00         0.06       0.000118    
13     CYP2D6:42522612→P              0.06         0.00         0.06       0.000117    
14     CYP2D6:42522612→T              0.06         0.00         0.06       0.000115    
15     CYP2D6:42522612→N              0.06         0.00         0.06       0.000114    
16     CYP2D6:42522612→M              0.06         0.00         0.06       0.000112    
17     CYP2D6:42523804→P              0.06         0.00         0.06       0.000110    
18     CYP2D6:42523804→G              0.06         0.00         0.06       0.000109    
19     CYP2D6:42523804→N              0.06         0.00         0.06       0.000108    
20     CYP2D6:42523804→A              0.06         0.00         0.06       0.000108    
21     CYP2D6:42523804→M              0.05         0.00         0.05       0.000104    
22     CYP2D6:42523942→G              17.53        17.00        0.53       0.000043    
23     CYP2D6:42523804→T              27.29        29.00        -1.71      0.000018    
24     CYP2D6:42525131→A              0.00         0.00         0.00       0.000000    
25     CYP2D6:42525131→M              0.00         0.00         0.00       0.000000    
26     CYP2D6:42525131→N              0.00         0.00         0.00       0.000000    
27     CYP2D6:42525131→P              0.00         0.00         0.00       0.000000    
28     CYP2D6:42525131→T              0.00         0.00         0.00       0.000000    
New best model with final loss: 886.51

=== Multi-Seed VAE Results ===
Best model had seed 789 with final loss: 886.51
All seeds final losses:
  Seed 789: Total=886.51 (Recon=684.68, A_KL=52.51, B_KL=33041.60) <- Best

[Raw]:
CYP2D6*41: Normalized=0.6024, Unnormalized=0.60
CYP2D6*1: Normalized=0.3789, Unnormalized=0.38

Allocating by cn_config:

[Alleles]
CYP2D6*41
CYP2D6*1
	Command being timed: "python cyp.py CYP2D6 /project/shared/aldy-data/wgs/NA10847.wgs.cram 789"
	User time (seconds): 112.98
	System time (seconds): 22.49
	Percent of CPU this job got: 100%
	Elapsed (wall clock) time (h:mm:ss or m:ss): 2:14.78
	Average shared text size (kbytes): 0
	Average unshared data size (kbytes): 0
	Average stack size (kbytes): 0
	Average total size (kbytes): 0
	Maximum resident set size (kbytes): 2096420
	Average resident set size (kbytes): 0
	Major (requiring I/O) page faults: 0
	Minor (reclaiming a frame) page faults: 566099
	Voluntary context switches: 10162
	Involuntary context switches: 104
	Swaps: 0
	File system inputs: 0
	File system outputs: 64
	Socket messages sent: 0
	Socket messages received: 0
	Signals delivered: 0
	Page size (bytes): 4096
	Exit status: 0
