[info] total indices 441
[info] total variants 441
2.001 was filtered out as 41497273 C>T needs T but not covered
2.002 was filtered out as 41497273 C>T needs T but not covered
3.001 was filtered out as 41515254 C>A needs A but not covered
5.001 was filtered out as 41522714 C>T needs T but not covered
5.002 was filtered out as 41522714 C>T needs T but not covered
5.003 was filtered out as 41522714 C>T needs T but not covered
7.001 was filtered out as 41522714 C>T needs T but not covered
8.001 was filtered out as 41510281 A>G needs G but not covered
10.001 was filtered out as 41497273 C>T needs T but not covered
11.001 was filtered out as 41497345 A>G needs G but not covered
12.001 was filtered out as 41510029 G>A needs A but not covered
13.001 was filtered out as 41510281 A>G needs G but not covered
14.001 was filtered out as 41510285 G>A needs A but not covered
15.001 was filtered out as 41518597 T>A needs A but not covered
17.001 was filtered out as 41497285 A>T needs T but not covered
17.002 was filtered out as 41497285 A>T needs T but not covered
18.001 was filtered out as 41518220 T>C needs C but not covered
18.002 was filtered out as 41518220 T>C needs C but not covered
19.001 was filtered out as 41518243 C>T needs T but not covered
20.001 was filtered out as 41512827 C>T needs T but not covered
21.001 was filtered out as 41518707 C>A needs A but not covered
22.001 was filtered out as 41497128 T>C needs C but not covered
23.001 was filtered out as 41522630 A>G needs G but not covered
24.001 was filtered out as 41522682 G>A needs A but not covered
25.001 was filtered out as 41522709 A>T needs T but not covered
26.001 was filtered out as 41512823 C>G needs G but not covered
27.001 was filtered out as 41512917 T>C needs C but not covered
28.001 was filtered out as 41515992 C>G needs G but not covered
31.001 was filtered out as 41516012 C>A needs A but not covered
32.001 was filtered out as 41518644 G>A needs A but not covered
33.001 was filtered out as 41522714 C>A needs A but not covered
34.001 was filtered out as 41497128 T>C needs C but not covered
35.001 was filtered out as 41497128 T>C needs C but not covered
36.001 was filtered out as 41497128 T>C needs C but not covered
37.001 was filtered out as 41512872 T>G needs G but not covered
38.001 was filtered out as 41509919 T>A needs A but not covered
[filter] CYP2B6 1 => 1.001; 1.002; 1.003; 1.004; 1.005; 1.006; 1.007; 1.008; 1.009; 1.010; 1.011; 1.012; 1.013; 1.014; 1.015
[filter] CYP2B6 4 => 4.001; 4.002
[filter] CYP2B6 6 => 6.001; 6.002; 6.003; 6.004
[filter] CYP2B6 9 => 9.001
[filter] valid_alleles=22
Step 0: Loss=0.0377, CN=[1.9000832]
Step 100: Loss=0.0197, CN=[1.8046362]
Step 200: Loss=0.0197, CN=[1.8052874]
Step 300: Loss=0.0197, CN=[1.8052902]
Step 400: Loss=0.0197, CN=[1.8052905]

=== Fit ===
Region 0: obs=1.909, exp=1.805, diff=+0.103 
Region 1: obs=1.997, exp=1.805, diff=+0.191 
Region 2: obs=1.885, exp=1.805, diff=+0.080 
Region 3: obs=1.799, exp=1.805, diff=-0.006 
Region 4: obs=1.825, exp=1.805, diff=+0.020 
Region 5: obs=1.923, exp=1.805, diff=+0.118 
Region 6: obs=1.997, exp=1.805, diff=+0.192 
Region 7: obs=1.968, exp=1.805, diff=+0.163 
Region 8: obs=2.026, exp=1.805, diff=+0.221 
Region 9: obs=1.807, exp=1.805, diff=+0.002 
Region 10: obs=2.050, exp=1.805, diff=+0.245 
Region 11: obs=1.712, exp=1.805, diff=-0.093 
Region 12: obs=1.669, exp=1.805, diff=-0.136 
Region 13: obs=1.698, exp=1.805, diff=-0.107 
Region 14: obs=1.178, exp=1.805, diff=-0.627 *
Region 15: obs=1.557, exp=1.805, diff=-0.249 
Region 16: obs=1.619, exp=1.805, diff=-0.186 
Region 17: obs=1.897, exp=1.805, diff=+0.092 
Region 18: obs=1.569, exp=1.805, diff=-0.236 
Region 19: obs=1.908, exp=1.805, diff=+0.103 
Region 20: obs=1.791, exp=1.805, diff=-0.015 

[Gene CN Results]
  CYP2B6: 1.81 → 1.8052902221679688
Using device: cuda

CYP2B6*1.001:

CYP2B6*1.002:

CYP2B6*1.003:

CYP2B6*1.004:

CYP2B6*1.005:

CYP2B6*1.006:

CYP2B6*1.007:

CYP2B6*1.008:

CYP2B6*1.009:

CYP2B6*1.010:

CYP2B6*1.011:

CYP2B6*1.012:

CYP2B6*1.013:

CYP2B6*1.014:

CYP2B6*1.015:

CYP2B6*4.001:

CYP2B6*4.002:

CYP2B6*6.001:

CYP2B6*6.002:

CYP2B6*6.003:

CYP2B6*6.004:

CYP2B6*9.001:

=== Running VAE with seed 3141 ===
Global Pooled JS: 0.052098
functional kld weight 0.0
Seed 3141, Step    0: Loss = 508.25 (Recon: 460.81, Allele KL: 18.73, Base KL: 1942.38, Functional KL: 0.05
Global Pooled JS: 0.006964
functional kld weight 27.77777777777777
Seed 3141, Step  500: Loss = 226.61 (Recon: 169.69, Allele KL: 29.12, Base KL: 3743.11, Functional KL: 0.01
Global Pooled JS: 0.015655
functional kld weight 222.22222222222217
Seed 3141, Step 1000: Loss = 224.65 (Recon: 171.86, Allele KL: 21.15, Base KL: 3937.34, Functional KL: 0.02
Global Pooled JS: 0.003952
functional kld weight 750.0
Seed 3141, Step 1500: Loss = 241.44 (Recon: 185.92, Allele KL: 23.87, Base KL: 4614.21, Functional KL: 0.00
Global Pooled JS: 0.005743
functional kld weight 1777.7777777777774
Seed 3141, Step 2000: Loss = 236.48 (Recon: 165.99, Allele KL: 30.63, Base KL: 5766.03, Functional KL: 0.01
Global Pooled JS: 0.004082
functional kld weight 3472.222222222223
Seed 3141, Step 2500: Loss = 243.50 (Recon: 169.12, Allele KL: 28.26, Base KL: 7815.64, Functional KL: 0.00

Top Variants with Coverage Mismatches:
Rank   Variant                        Expected     Observed     Diff       |Div|       
------------------------------------------------------------------------------------------
1      CYP2B6:41515262→A              23.73        27.00        -3.27      0.000557    
2      CYP2B6:41512840→T              23.47        21.00        2.47       0.000360    
3      CYP2B6:41515262→C              0.04         0.00         0.04       0.000163    
4      CYP2B6:41515262→P              0.04         0.00         0.04       0.000163    
5      CYP2B6:41515262→N              0.04         0.00         0.04       0.000162    
6      CYP2B6:41512840→C              0.04         0.00         0.04       0.000160    
7      CYP2B6:41515262→M              0.04         0.00         0.04       0.000160    
8      CYP2B6:41512840→A              0.04         0.00         0.04       0.000158    
9      CYP2B6:41515262→T              0.04         0.00         0.04       0.000157    
10     CYP2B6:41512840→N              0.04         0.00         0.04       0.000155    
11     CYP2B6:41512840→M              0.04         0.00         0.04       0.000154    
12     CYP2B6:41512840→P              0.04         0.00         0.04       0.000153    
13     CYP2B6:41515262→G              23.55        22.00        1.55       0.000140    
14     CYP2B6:41512840→G              23.82        25.00        -1.18      0.000075    
New best model with final loss: 253.51

=== Multi-Seed VAE Results ===
Best model had seed 3141 with final loss: 253.51
All seeds final losses:
  Seed 3141: Total=253.51 (Recon=169.11, A_KL=29.21, B_KL=9970.63) <- Best

[Raw]:
CYP2B6*6: Normalized=0.4962, Unnormalized=0.50
CYP2B6*1: Normalized=0.4947, Unnormalized=0.49

[Alleles]
CYP2B6*6
CYP2B6*1
	Command being timed: "python cyp.py CYP2B6 /project/shared/aldy-data/wgs/NA19207.wgs.cram 3141"
	User time (seconds): 53.13
	System time (seconds): 10.43
	Percent of CPU this job got: 98%
	Elapsed (wall clock) time (h:mm:ss or m:ss): 1:04.23
	Average shared text size (kbytes): 0
	Average unshared data size (kbytes): 0
	Average stack size (kbytes): 0
	Average total size (kbytes): 0
	Maximum resident set size (kbytes): 1881284
	Average resident set size (kbytes): 0
	Major (requiring I/O) page faults: 0
	Minor (reclaiming a frame) page faults: 593834
	Voluntary context switches: 10005
	Involuntary context switches: 92
	Swaps: 0
	File system inputs: 0
	File system outputs: 24
	Socket messages sent: 0
	Socket messages received: 0
	Signals delivered: 0
	Page size (bytes): 4096
	Exit status: 0
