[info] total indices 175
[info] total variants 175
1.001 was filtered out as 99270538 T>C needs T but not covered
1.002 was filtered out as 99270538 T>C needs T but not covered
1.003 was filtered out as 99270538 T>C needs T but not covered
1.004 was filtered out as 99270538 T>C needs T but not covered
1.005 was filtered out as 99270538 T>C needs T but not covered
3.002 was filtered out as 99273814 G>A needs A but not covered
3.003 was filtered out as 99270275 A>C needs C but not covered
3.004 was filtered out as 99245973 A>G needs G but not covered
3.005 was filtered out as 99264572 A>G needs G but not covered
3.006 was filtered out as 99247742 T>C needs C but not covered
3.007 was filtered out as 99247771 A>G needs G but not covered
3.008 was filtered out as 99273744 T>C needs C but not covered
3.009 was filtered out as 99262859 T>C needs C but not covered
3.010 was filtered out as 99250235 G>T needs T but not covered
3.017 was filtered out as 99262850 A>C needs C but not covered
6.001 was filtered out as 99270538 T>C needs T but not covered
7.001 was filtered out as 99270538 T>C needs T but not covered
8.001 was filtered out as 99270538 T>C needs T but not covered
9.001 was filtered out as 99270538 T>C needs T but not covered
[filter] CYP3A5 3 => 3.001; 3.012; 3.013; 3.014; 3.015; 3.016
[filter] valid_alleles=6
Step 0: Loss=0.0477, CN=[1.9000832]
Step 100: Loss=0.0397, CN=[1.8666987]
Step 200: Loss=0.0397, CN=[1.8663739]
Step 300: Loss=0.0397, CN=[1.8663719]
Step 400: Loss=0.0397, CN=[1.8663721]

=== Fit ===
Region 0: obs=1.922, exp=1.866, diff=+0.055 
Region 1: obs=1.332, exp=1.866, diff=-0.535 *
Region 2: obs=1.349, exp=1.866, diff=-0.518 *
Region 3: obs=1.865, exp=1.866, diff=-0.001 
Region 4: obs=1.730, exp=1.866, diff=-0.136 
Region 5: obs=1.688, exp=1.866, diff=-0.178 
Region 6: obs=2.186, exp=1.866, diff=+0.320 
Region 7: obs=1.879, exp=1.866, diff=+0.012 
Region 8: obs=1.729, exp=1.866, diff=-0.138 
Region 9: obs=1.928, exp=1.866, diff=+0.062 
Region 10: obs=1.761, exp=1.866, diff=-0.105 
Region 11: obs=2.317, exp=1.866, diff=+0.451 
Region 12: obs=1.727, exp=1.866, diff=-0.140 
Region 13: obs=1.677, exp=1.866, diff=-0.189 
Region 14: obs=1.598, exp=1.866, diff=-0.268 
Region 15: obs=2.195, exp=1.866, diff=+0.328 
Region 16: obs=2.652, exp=1.866, diff=+0.785 *
Region 17: obs=2.148, exp=1.866, diff=+0.281 
Region 18: obs=1.700, exp=1.866, diff=-0.167 
Region 19: obs=2.116, exp=1.866, diff=+0.250 
Region 20: obs=2.023, exp=1.866, diff=+0.157 
Region 21: obs=1.866, exp=1.866, diff=-0.000 
Region 22: obs=1.478, exp=1.866, diff=-0.389 
Region 23: obs=1.855, exp=1.866, diff=-0.012 
Region 24: obs=1.656, exp=1.866, diff=-0.210 
Region 25: obs=1.957, exp=1.866, diff=+0.090 
Region 26: obs=2.274, exp=1.866, diff=+0.408 
Region 27: obs=1.769, exp=1.866, diff=-0.097 
Region 28: obs=1.983, exp=1.866, diff=+0.116 

[Gene CN Results]
  CYP3A5: 1.87 → 1.8663713932037354
Using device: cuda

CYP3A5*3.001:

CYP3A5*3.012:

CYP3A5*3.013:

CYP3A5*3.014:

CYP3A5*3.015:

CYP3A5*3.016:

=== Running VAE with seed 1024 ===
Global Pooled JS: 0.017380
functional kld weight 0.0
Seed 1024, Step    0: Loss = 107.55 (Recon: 75.99, Allele KL: 5.65, Base KL: 128.87, Functional KL: 0.02
Global Pooled JS: 0.011028
functional kld weight 27.77777777777777
Seed 1024, Step  500: Loss = 70.58 (Recon: 38.57, Allele KL: 6.08, Base KL: 4048.70, Functional KL: 0.01
Global Pooled JS: 0.007090
functional kld weight 222.22222222222217
Seed 1024, Step 1000: Loss = 56.64 (Recon: 23.12, Allele KL: 7.33, Base KL: 4741.87, Functional KL: 0.01
Global Pooled JS: 0.005302
functional kld weight 750.0
Seed 1024, Step 1500: Loss = 63.92 (Recon: 25.46, Allele KL: 8.14, Base KL: 6193.11, Functional KL: 0.01
Global Pooled JS: 0.003118
functional kld weight 1777.7777777777774
Seed 1024, Step 2000: Loss = 64.26 (Recon: 22.34, Allele KL: 8.51, Base KL: 8554.95, Functional KL: 0.00
Global Pooled JS: 0.001965
functional kld weight 3472.222222222223
Seed 1024, Step 2500: Loss = 67.44 (Recon: 21.49, Allele KL: 8.93, Base KL: 11057.74, Functional KL: 0.00

Top Variants with Coverage Mismatches:
Rank   Variant                        Expected     Observed     Diff       |Div|       
------------------------------------------------------------------------------------------
1      CYP3A5:99270538→P              0.03         0.00         0.03       0.000261    
2      CYP3A5:99270538→A              0.03         0.00         0.03       0.000257    
3      CYP3A5:99270538→G              0.03         0.00         0.03       0.000256    
4      CYP3A5:99270538→M              0.03         0.00         0.03       0.000255    
5      CYP3A5:99270538→N              0.03         0.00         0.03       0.000254    
6      CYP3A5:99270538→T              0.03         0.00         0.03       0.000253    
7      CYP3A5:99270538→C              38.99        47.00        -8.01      0.000002    
New best model with final loss: 74.62

=== Multi-Seed VAE Results ===
Best model had seed 1024 with final loss: 74.62
All seeds final losses:
  Seed 1024: Total=74.62 (Recon=21.86, A_KL=10.65, B_KL=13740.81) <- Best

[Raw]:
CYP3A5*3: Normalized=1.0000, Unnormalized=1.00

[Alleles]
CYP3A5*3
CYP3A5*3
	Command being timed: "python cyp.py CYP3A5 /project/shared/aldy-data/wgs/HG00276.wgs.cram 1024"
	User time (seconds): 51.96
	System time (seconds): 10.78
	Percent of CPU this job got: 99%
	Elapsed (wall clock) time (h:mm:ss or m:ss): 1:03.28
	Average shared text size (kbytes): 0
	Average unshared data size (kbytes): 0
	Average stack size (kbytes): 0
	Average total size (kbytes): 0
	Maximum resident set size (kbytes): 1899224
	Average resident set size (kbytes): 0
	Major (requiring I/O) page faults: 0
	Minor (reclaiming a frame) page faults: 628799
	Voluntary context switches: 9880
	Involuntary context switches: 107
	Swaps: 0
	File system inputs: 0
	File system outputs: 24
	Socket messages sent: 0
	Socket messages received: 0
	Signals delivered: 0
	Page size (bytes): 4096
	Exit status: 0
