[info] total indices 175
[info] total variants 175
1.001 was filtered out as 99270538 T>C needs T but not covered
1.002 was filtered out as 99270538 T>C needs T but not covered
1.003 was filtered out as 99270538 T>C needs T but not covered
1.004 was filtered out as 99270538 T>C needs T but not covered
1.005 was filtered out as 99270538 T>C needs T but not covered
3.002 was filtered out as 99273814 G>A needs A but not covered
3.003 was filtered out as 99270275 A>C needs C but not covered
3.004 was filtered out as 99245973 A>G needs G but not covered
3.005 was filtered out as 99264572 A>G needs G but not covered
3.006 was filtered out as 99247742 T>C needs C but not covered
3.007 was filtered out as 99247771 A>G needs G but not covered
3.008 was filtered out as 99273744 T>C needs C but not covered
3.009 was filtered out as 99262859 T>C needs C but not covered
3.010 was filtered out as 99250235 G>T needs T but not covered
3.017 was filtered out as 99262850 A>C needs C but not covered
6.001 was filtered out as 99270538 T>C needs T but not covered
7.001 was filtered out as 99270538 T>C needs T but not covered
8.001 was filtered out as 99270538 T>C needs T but not covered
9.001 was filtered out as 99270538 T>C needs T but not covered
[filter] CYP3A5 3 => 3.001; 3.012; 3.013; 3.014; 3.015; 3.016
[filter] valid_alleles=6
Step 0: Loss=0.2974, CN=[2.0999167]
Step 100: Loss=0.0600, CN=[2.7964666]
Step 200: Loss=0.0600, CN=[2.797284]
Step 300: Loss=0.0600, CN=[2.7972648]
Step 400: Loss=0.0600, CN=[2.7972648]

=== Fit ===
Region 0: obs=2.920, exp=2.797, diff=+0.123 
Region 1: obs=2.417, exp=2.797, diff=-0.380 
Region 2: obs=3.100, exp=2.797, diff=+0.303 
Region 3: obs=2.886, exp=2.797, diff=+0.089 
Region 4: obs=2.933, exp=2.797, diff=+0.136 
Region 5: obs=2.437, exp=2.797, diff=-0.360 
Region 6: obs=2.607, exp=2.797, diff=-0.190 
Region 7: obs=2.581, exp=2.797, diff=-0.217 
Region 8: obs=3.390, exp=2.797, diff=+0.592 *
Region 9: obs=2.766, exp=2.797, diff=-0.032 
Region 10: obs=2.731, exp=2.797, diff=-0.066 
Region 11: obs=2.505, exp=2.797, diff=-0.292 
Region 12: obs=2.362, exp=2.797, diff=-0.435 
Region 13: obs=2.759, exp=2.797, diff=-0.039 
Region 14: obs=2.668, exp=2.797, diff=-0.129 
Region 15: obs=3.035, exp=2.797, diff=+0.238 
Region 16: obs=3.084, exp=2.797, diff=+0.287 
Region 17: obs=2.573, exp=2.797, diff=-0.224 
Region 18: obs=2.407, exp=2.797, diff=-0.390 
Region 19: obs=2.758, exp=2.797, diff=-0.040 
Region 20: obs=2.710, exp=2.797, diff=-0.087 
Region 21: obs=2.918, exp=2.797, diff=+0.121 
Region 22: obs=2.430, exp=2.797, diff=-0.367 
Region 23: obs=2.743, exp=2.797, diff=-0.054 
Region 24: obs=2.922, exp=2.797, diff=+0.125 
Region 25: obs=2.895, exp=2.797, diff=+0.098 
Region 26: obs=4.178, exp=2.797, diff=+1.381 *
Region 27: obs=3.657, exp=2.797, diff=+0.860 *
Region 28: obs=3.081, exp=2.797, diff=+0.283 

[Gene CN Results]
  CYP3A5: 2.80 → 2.797264814376831
Using device: cuda

CYP3A5*3.001:

CYP3A5*3.012:

CYP3A5*3.013:

CYP3A5*3.014:

CYP3A5*3.015:

CYP3A5*3.016:

=== Running VAE with seed 1024 ===
Global Pooled JS: 0.017373
functional kld weight 0.0
Seed 1024, Step    0: Loss = 82.79 (Recon: 51.16, Allele KL: 5.66, Base KL: 141.92, Functional KL: 0.02
Global Pooled JS: 0.011657
functional kld weight 27.77777777777777
Seed 1024, Step  500: Loss = 69.25 (Recon: 38.75, Allele KL: 4.75, Base KL: 3914.25, Functional KL: 0.01
Global Pooled JS: 0.009435
functional kld weight 222.22222222222217
Seed 1024, Step 1000: Loss = 66.62 (Recon: 31.84, Allele KL: 7.35, Base KL: 4601.62, Functional KL: 0.01
Global Pooled JS: 0.006506
functional kld weight 750.0
Seed 1024, Step 1500: Loss = 69.01 (Recon: 31.11, Allele KL: 6.37, Base KL: 6423.43, Functional KL: 0.01
Global Pooled JS: 0.004740
functional kld weight 1777.7777777777774
Seed 1024, Step 2000: Loss = 77.39 (Recon: 29.33, Allele KL: 10.48, Base KL: 9243.70, Functional KL: 0.00
Global Pooled JS: 0.003106
functional kld weight 3472.222222222223
Seed 1024, Step 2500: Loss = 80.73 (Recon: 26.00, Allele KL: 11.54, Base KL: 12964.72, Functional KL: 0.00

Top Variants with Coverage Mismatches:
Rank   Variant                        Expected     Observed     Diff       |Div|       
------------------------------------------------------------------------------------------
1      CYP3A5:99270538→P              0.05         0.00         0.05       0.000387    
2      CYP3A5:99270538→A              0.05         0.00         0.05       0.000382    
3      CYP3A5:99270538→G              0.05         0.00         0.05       0.000379    
4      CYP3A5:99270538→M              0.05         0.00         0.05       0.000378    
5      CYP3A5:99270538→N              0.05         0.00         0.05       0.000377    
6      CYP3A5:99270538→T              0.05         0.00         0.05       0.000375    
7      CYP3A5:99270538→C              41.89        48.00        -6.11      0.000005    
New best model with final loss: 90.09

=== Multi-Seed VAE Results ===
Best model had seed 1024 with final loss: 90.09
All seeds final losses:
  Seed 1024: Total=90.09 (Recon=28.10, A_KL=10.26, B_KL=17164.32) <- Best

[Raw]:
CYP3A5*3: Normalized=1.0000, Unnormalized=1.00

[Alleles]
CYP3A5*3
CYP3A5*3
	Command being timed: "python cyp.py CYP3A5 /project/shared/aldy-data/wgs/NA12873.wgs.cram 1024"
	User time (seconds): 51.19
	System time (seconds): 10.92
	Percent of CPU this job got: 99%
	Elapsed (wall clock) time (h:mm:ss or m:ss): 1:02.61
	Average shared text size (kbytes): 0
	Average unshared data size (kbytes): 0
	Average stack size (kbytes): 0
	Average total size (kbytes): 0
	Maximum resident set size (kbytes): 1861892
	Average resident set size (kbytes): 0
	Major (requiring I/O) page faults: 0
	Minor (reclaiming a frame) page faults: 621700
	Voluntary context switches: 9975
	Involuntary context switches: 178
	Swaps: 0
	File system inputs: 0
	File system outputs: 24
	Socket messages sent: 0
	Socket messages received: 0
	Signals delivered: 0
	Page size (bytes): 4096
	Exit status: 0
