[info] total indices 175
[info] total variants 175
3.002 was filtered out as 99273814 G>A needs A but not covered
3.003 was filtered out as 99270275 A>C needs C but not covered
3.004 was filtered out as 99245973 A>G needs G but not covered
3.005 was filtered out as 99264572 A>G needs G but not covered
3.006 was filtered out as 99247742 T>C needs C but not covered
3.007 was filtered out as 99247771 A>G needs G but not covered
3.008 was filtered out as 99273744 T>C needs C but not covered
3.009 was filtered out as 99262859 T>C needs C but not covered
3.010 was filtered out as 99250235 G>T needs T but not covered
3.017 was filtered out as 99262850 A>C needs C but not covered
6.001 was filtered out as 99262834 C>T needs T but not covered
7.001 was filtered out as 99250392 insA needs P but not covered
8.001 was filtered out as 99273820 G>A needs A but not covered
9.001 was filtered out as 99258138 C>T needs T but not covered
[filter] CYP3A5 1 => 1.001; 1.002; 1.003; 1.004; 1.005
[filter] CYP3A5 3 => 3.001; 3.012; 3.013; 3.014; 3.015; 3.016
[filter] valid_alleles=11
Step 0: Loss=0.0896, CN=[2.0999167]
Step 100: Loss=0.0450, CN=[2.326669]
Step 200: Loss=0.0450, CN=[2.3270473]
Step 300: Loss=0.0450, CN=[2.3270454]
Step 400: Loss=0.0450, CN=[2.3270457]

=== Fit ===
Region 0: obs=2.306, exp=2.327, diff=-0.021 
Region 1: obs=1.809, exp=2.327, diff=-0.518 *
Region 2: obs=1.614, exp=2.327, diff=-0.713 *
Region 3: obs=2.268, exp=2.327, diff=-0.059 
Region 4: obs=2.814, exp=2.327, diff=+0.486 
Region 5: obs=2.164, exp=2.327, diff=-0.163 
Region 6: obs=2.411, exp=2.327, diff=+0.084 
Region 7: obs=2.163, exp=2.327, diff=-0.164 
Region 8: obs=2.037, exp=2.327, diff=-0.290 
Region 9: obs=2.285, exp=2.327, diff=-0.042 
Region 10: obs=2.368, exp=2.327, diff=+0.041 
Region 11: obs=2.625, exp=2.327, diff=+0.298 
Region 12: obs=2.563, exp=2.327, diff=+0.236 
Region 13: obs=2.359, exp=2.327, diff=+0.032 
Region 14: obs=2.789, exp=2.327, diff=+0.462 
Region 15: obs=2.395, exp=2.327, diff=+0.068 
Region 16: obs=2.624, exp=2.327, diff=+0.297 
Region 17: obs=2.332, exp=2.327, diff=+0.005 
Region 18: obs=2.068, exp=2.327, diff=-0.259 
Region 19: obs=2.251, exp=2.327, diff=-0.076 
Region 20: obs=1.648, exp=2.327, diff=-0.679 *
Region 21: obs=2.297, exp=2.327, diff=-0.030 
Region 22: obs=2.035, exp=2.327, diff=-0.292 
Region 23: obs=2.305, exp=2.327, diff=-0.022 
Region 24: obs=2.451, exp=2.327, diff=+0.124 
Region 25: obs=2.189, exp=2.327, diff=-0.138 
Region 26: obs=2.530, exp=2.327, diff=+0.203 
Region 27: obs=2.904, exp=2.327, diff=+0.577 *
Region 28: obs=2.548, exp=2.327, diff=+0.221 

[Gene CN Results]
  CYP3A5: 2.33 → 2.3270456790924072
Using device: cuda

CYP3A5*1.001:

CYP3A5*1.002:

CYP3A5*1.003:

CYP3A5*1.004:

CYP3A5*1.005:

CYP3A5*3.001:

CYP3A5*3.012:

CYP3A5*3.013:

CYP3A5*3.014:

CYP3A5*3.015:

CYP3A5*3.016:

=== Running VAE with seed 1024 ===
Global Pooled JS: 0.013047
functional kld weight 0.0
Seed 1024, Step    0: Loss = 188.79 (Recon: 154.01, Allele KL: 7.47, Base KL: 619.98, Functional KL: 0.01
Global Pooled JS: 0.010458
functional kld weight 27.77777777777777
Seed 1024, Step  500: Loss = 100.24 (Recon: 58.76, Allele KL: 14.58, Base KL: 3313.06, Functional KL: 0.01
Global Pooled JS: 0.004946
functional kld weight 222.22222222222217
Seed 1024, Step 1000: Loss = 103.27 (Recon: 63.43, Allele KL: 11.43, Base KL: 3606.59, Functional KL: 0.00
Global Pooled JS: 0.004108
functional kld weight 750.0
Seed 1024, Step 1500: Loss = 106.46 (Recon: 59.12, Allele KL: 16.44, Base KL: 4460.05, Functional KL: 0.00
Global Pooled JS: 0.003611
functional kld weight 1777.7777777777774
Seed 1024, Step 2000: Loss = 111.47 (Recon: 60.53, Allele KL: 15.70, Base KL: 5743.60, Functional KL: 0.00
Global Pooled JS: 0.001969
functional kld weight 3472.222222222223
Seed 1024, Step 2500: Loss = 116.49 (Recon: 61.13, Allele KL: 17.90, Base KL: 7419.42, Functional KL: 0.00

Top Variants with Coverage Mismatches:
Rank   Variant                        Expected     Observed     Diff       |Div|       
------------------------------------------------------------------------------------------
1      CYP3A5:99270538→M              0.03         0.00         0.03       0.000251    
2      CYP3A5:99270538→N              0.03         0.00         0.03       0.000250    
3      CYP3A5:99270538→P              0.03         0.00         0.03       0.000248    
4      CYP3A5:99270538→G              0.03         0.00         0.03       0.000246    
5      CYP3A5:99270538→A              0.03         0.00         0.03       0.000245    
6      CYP3A5:99270538→T              21.66        22.00        -0.34      0.000002    
7      CYP3A5:99270538→C              25.67        26.00        -0.33      0.000000    
New best model with final loss: 124.97

=== Multi-Seed VAE Results ===
Best model had seed 1024 with final loss: 124.97
All seeds final losses:
  Seed 1024: Total=124.97 (Recon=59.83, A_KL=19.36, B_KL=9441.74) <- Best

[Raw]:
CYP3A5*3: Normalized=0.5450, Unnormalized=0.54
CYP3A5*1: Normalized=0.4550, Unnormalized=0.46

[Alleles]
CYP3A5*3
CYP3A5*1
	Command being timed: "python cyp.py CYP3A5 /project/shared/aldy-data/wgs/NA12003.wgs.cram 1024"
	User time (seconds): 52.08
	System time (seconds): 10.82
	Percent of CPU this job got: 99%
	Elapsed (wall clock) time (h:mm:ss or m:ss): 1:03.42
	Average shared text size (kbytes): 0
	Average unshared data size (kbytes): 0
	Average stack size (kbytes): 0
	Average total size (kbytes): 0
	Maximum resident set size (kbytes): 1903568
	Average resident set size (kbytes): 0
	Major (requiring I/O) page faults: 0
	Minor (reclaiming a frame) page faults: 542629
	Voluntary context switches: 9876
	Involuntary context switches: 130
	Swaps: 0
	File system inputs: 0
	File system outputs: 24
	Socket messages sent: 0
	Socket messages received: 0
	Signals delivered: 0
	Page size (bytes): 4096
	Exit status: 0
