[info] total indices 175
[info] total variants 175
1.001 was filtered out as 99270538 T>C needs T but not covered
1.002 was filtered out as 99270538 T>C needs T but not covered
1.003 was filtered out as 99270538 T>C needs T but not covered
1.004 was filtered out as 99270538 T>C needs T but not covered
1.005 was filtered out as 99270538 T>C needs T but not covered
3.002 was filtered out as 99273814 G>A needs A but not covered
3.003 was filtered out as 99270275 A>C needs C but not covered
3.004 was filtered out as 99245973 A>G needs G but not covered
3.005 was filtered out as 99264572 A>G needs G but not covered
3.006 was filtered out as 99247742 T>C needs C but not covered
3.007 was filtered out as 99247771 A>G needs G but not covered
3.008 was filtered out as 99273744 T>C needs C but not covered
3.009 was filtered out as 99262859 T>C needs C but not covered
3.010 was filtered out as 99250235 G>T needs T but not covered
3.017 was filtered out as 99262850 A>C needs C but not covered
6.001 was filtered out as 99270538 T>C needs T but not covered
7.001 was filtered out as 99270538 T>C needs T but not covered
8.001 was filtered out as 99270538 T>C needs T but not covered
9.001 was filtered out as 99270538 T>C needs T but not covered
[filter] CYP3A5 3 => 3.001; 3.012; 3.013; 3.014; 3.015; 3.016
[filter] valid_alleles=6
Step 0: Loss=0.0841, CN=[2.0999167]
Step 100: Loss=0.0542, CN=[2.2638733]
Step 200: Loss=0.0542, CN=[2.2630522]
Step 300: Loss=0.0542, CN=[2.2630463]
Step 400: Loss=0.0542, CN=[2.2630463]

=== Fit ===
Region 0: obs=2.343, exp=2.263, diff=+0.080 
Region 1: obs=1.999, exp=2.263, diff=-0.264 
Region 2: obs=1.872, exp=2.263, diff=-0.391 
Region 3: obs=2.266, exp=2.263, diff=+0.003 
Region 4: obs=3.019, exp=2.263, diff=+0.756 *
Region 5: obs=1.959, exp=2.263, diff=-0.304 
Region 6: obs=2.251, exp=2.263, diff=-0.012 
Region 7: obs=2.543, exp=2.263, diff=+0.280 
Region 8: obs=2.360, exp=2.263, diff=+0.097 
Region 9: obs=2.431, exp=2.263, diff=+0.168 
Region 10: obs=1.891, exp=2.263, diff=-0.372 
Region 11: obs=2.487, exp=2.263, diff=+0.224 
Region 12: obs=2.550, exp=2.263, diff=+0.287 
Region 13: obs=2.343, exp=2.263, diff=+0.080 
Region 14: obs=2.453, exp=2.263, diff=+0.190 
Region 15: obs=2.272, exp=2.263, diff=+0.009 
Region 16: obs=1.932, exp=2.263, diff=-0.331 
Region 17: obs=2.392, exp=2.263, diff=+0.129 
Region 18: obs=1.659, exp=2.263, diff=-0.604 *
Region 19: obs=2.489, exp=2.263, diff=+0.226 
Region 20: obs=1.529, exp=2.263, diff=-0.734 *
Region 21: obs=2.155, exp=2.263, diff=-0.108 
Region 22: obs=1.747, exp=2.263, diff=-0.516 *
Region 23: obs=2.189, exp=2.263, diff=-0.074 
Region 24: obs=2.250, exp=2.263, diff=-0.013 
Region 25: obs=2.572, exp=2.263, diff=+0.309 
Region 26: obs=2.957, exp=2.263, diff=+0.694 *
Region 27: obs=2.459, exp=2.263, diff=+0.196 
Region 28: obs=2.357, exp=2.263, diff=+0.094 

[Gene CN Results]
  CYP3A5: 2.26 → 2.2630462646484375
Using device: cuda

CYP3A5*3.001:

CYP3A5*3.012:

CYP3A5*3.013:

CYP3A5*3.014:

CYP3A5*3.015:

CYP3A5*3.016:

=== Running VAE with seed 1024 ===
Global Pooled JS: 0.017279
functional kld weight 0.0
Seed 1024, Step    0: Loss = 131.46 (Recon: 97.96, Allele KL: 7.75, Base KL: 161.43, Functional KL: 0.02
Global Pooled JS: 0.010846
functional kld weight 27.77777777777777
Seed 1024, Step  500: Loss = 76.49 (Recon: 43.52, Allele KL: 6.76, Base KL: 4400.60, Functional KL: 0.01
Global Pooled JS: 0.006934
functional kld weight 222.22222222222217
Seed 1024, Step 1000: Loss = 58.41 (Recon: 24.71, Allele KL: 7.26, Base KL: 5098.48, Functional KL: 0.01
Global Pooled JS: 0.005169
functional kld weight 750.0
Seed 1024, Step 1500: Loss = 66.26 (Recon: 27.47, Allele KL: 8.36, Base KL: 6512.69, Functional KL: 0.01
Global Pooled JS: 0.003015
functional kld weight 1777.7777777777774
Seed 1024, Step 2000: Loss = 66.27 (Recon: 23.51, Allele KL: 9.34, Base KL: 8863.40, Functional KL: 0.00
Global Pooled JS: 0.001935
functional kld weight 3472.222222222223
Seed 1024, Step 2500: Loss = 69.08 (Recon: 22.88, Allele KL: 9.09, Base KL: 11323.89, Functional KL: 0.00

Top Variants with Coverage Mismatches:
Rank   Variant                        Expected     Observed     Diff       |Div|       
------------------------------------------------------------------------------------------
1      CYP3A5:99270538→P              0.03         0.00         0.03       0.000259    
2      CYP3A5:99270538→A              0.03         0.00         0.03       0.000255    
3      CYP3A5:99270538→G              0.03         0.00         0.03       0.000254    
4      CYP3A5:99270538→M              0.03         0.00         0.03       0.000253    
5      CYP3A5:99270538→N              0.03         0.00         0.03       0.000252    
6      CYP3A5:99270538→T              0.03         0.00         0.03       0.000251    
7      CYP3A5:99270538→C              44.64        54.00        -9.36      0.000002    
New best model with final loss: 76.40

=== Multi-Seed VAE Results ===
Best model had seed 1024 with final loss: 76.40
All seeds final losses:
  Seed 1024: Total=76.40 (Recon=23.36, A_KL=10.78, B_KL=13994.83) <- Best

[Raw]:
CYP3A5*3: Normalized=1.0000, Unnormalized=1.00

[Alleles]
CYP3A5*3
CYP3A5*3
	Command being timed: "python cyp.py CYP3A5 /project/shared/aldy-data/wgs/NA18992.wgs.cram 1024"
	User time (seconds): 52.41
	System time (seconds): 10.43
	Percent of CPU this job got: 99%
	Elapsed (wall clock) time (h:mm:ss or m:ss): 1:03.02
	Average shared text size (kbytes): 0
	Average unshared data size (kbytes): 0
	Average stack size (kbytes): 0
	Average total size (kbytes): 0
	Maximum resident set size (kbytes): 1892140
	Average resident set size (kbytes): 0
	Major (requiring I/O) page faults: 0
	Minor (reclaiming a frame) page faults: 484700
	Voluntary context switches: 9386
	Involuntary context switches: 111
	Swaps: 0
	File system inputs: 0
	File system outputs: 24
	Socket messages sent: 0
	Socket messages received: 0
	Signals delivered: 0
	Page size (bytes): 4096
	Exit status: 0
