[info] total indices 175
[info] total variants 175
3.002 was filtered out as 99273814 G>A needs A but not covered
3.003 was filtered out as 99270275 A>C needs C but not covered
3.004 was filtered out as 99245973 A>G needs G but not covered
3.005 was filtered out as 99264572 A>G needs G but not covered
3.006 was filtered out as 99247742 T>C needs C but not covered
3.007 was filtered out as 99247771 A>G needs G but not covered
3.008 was filtered out as 99273744 T>C needs C but not covered
3.009 was filtered out as 99262859 T>C needs C but not covered
3.010 was filtered out as 99250235 G>T needs T but not covered
3.017 was filtered out as 99262850 A>C needs C but not covered
6.001 was filtered out as 99262834 C>T needs T but not covered
7.001 was filtered out as 99250392 insA needs P but not covered
8.001 was filtered out as 99273820 G>A needs A but not covered
9.001 was filtered out as 99258138 C>T needs T but not covered
[filter] CYP3A5 1 => 1.001; 1.002; 1.003; 1.004; 1.005
[filter] CYP3A5 3 => 3.001; 3.012; 3.013; 3.014; 3.015; 3.016
[filter] valid_alleles=11
Step 0: Loss=0.1542, CN=[2.0999167]
Step 100: Loss=0.0598, CN=[2.4890325]
Step 200: Loss=0.0598, CN=[2.4870355]
Step 300: Loss=0.0598, CN=[2.487024]
Step 400: Loss=0.0598, CN=[2.4870243]

=== Fit ===
Region 0: obs=2.490, exp=2.487, diff=+0.003 
Region 1: obs=2.020, exp=2.487, diff=-0.467 
Region 2: obs=2.370, exp=2.487, diff=-0.117 
Region 3: obs=2.235, exp=2.487, diff=-0.252 
Region 4: obs=1.498, exp=2.487, diff=-0.989 *
Region 5: obs=2.042, exp=2.487, diff=-0.445 
Region 6: obs=3.008, exp=2.487, diff=+0.521 *
Region 7: obs=2.532, exp=2.487, diff=+0.045 
Region 8: obs=2.282, exp=2.487, diff=-0.205 
Region 9: obs=2.569, exp=2.487, diff=+0.082 
Region 10: obs=2.496, exp=2.487, diff=+0.009 
Region 11: obs=2.567, exp=2.487, diff=+0.080 
Region 12: obs=2.209, exp=2.487, diff=-0.278 
Region 13: obs=2.545, exp=2.487, diff=+0.058 
Region 14: obs=3.250, exp=2.487, diff=+0.763 *
Region 15: obs=3.097, exp=2.487, diff=+0.610 *
Region 16: obs=2.803, exp=2.487, diff=+0.316 
Region 17: obs=2.603, exp=2.487, diff=+0.116 
Region 18: obs=2.754, exp=2.487, diff=+0.267 
Region 19: obs=2.510, exp=2.487, diff=+0.023 
Region 20: obs=2.463, exp=2.487, diff=-0.024 
Region 21: obs=2.365, exp=2.487, diff=-0.122 
Region 22: obs=2.840, exp=2.487, diff=+0.353 
Region 23: obs=2.636, exp=2.487, diff=+0.149 
Region 24: obs=2.719, exp=2.487, diff=+0.232 
Region 25: obs=2.373, exp=2.487, diff=-0.114 
Region 26: obs=2.054, exp=2.487, diff=-0.433 
Region 27: obs=1.937, exp=2.487, diff=-0.550 *
Region 28: obs=2.712, exp=2.487, diff=+0.225 

[Gene CN Results]
  CYP3A5: 2.49 → 2.4870243072509766
Using device: cuda

CYP3A5*1.001:

CYP3A5*1.002:

CYP3A5*1.003:

CYP3A5*1.004:

CYP3A5*1.005:

CYP3A5*3.001:

CYP3A5*3.012:

CYP3A5*3.013:

CYP3A5*3.014:

CYP3A5*3.015:

CYP3A5*3.016:

=== Running VAE with seed 1024 ===
Global Pooled JS: 0.048154
functional kld weight 0.0
Seed 1024, Step    0: Loss = 152.44 (Recon: 119.24, Allele KL: 5.95, Base KL: 516.21, Functional KL: 0.05
Global Pooled JS: 0.004509
functional kld weight 27.77777777777777
Seed 1024, Step  500: Loss = 95.96 (Recon: 52.37, Allele KL: 17.24, Base KL: 3097.39, Functional KL: 0.00
Global Pooled JS: 0.008305
functional kld weight 222.22222222222217
Seed 1024, Step 1000: Loss = 96.41 (Recon: 59.72, Allele KL: 7.19, Base KL: 3330.27, Functional KL: 0.01
Global Pooled JS: 0.003435
functional kld weight 750.0
Seed 1024, Step 1500: Loss = 98.65 (Recon: 55.09, Allele KL: 13.64, Base KL: 3865.29, Functional KL: 0.00
Global Pooled JS: 0.005189
functional kld weight 1777.7777777777774
Seed 1024, Step 2000: Loss = 103.22 (Recon: 52.64, Allele KL: 13.14, Base KL: 4888.72, Functional KL: 0.01
Global Pooled JS: 0.001965
functional kld weight 3472.222222222223
Seed 1024, Step 2500: Loss = 106.71 (Recon: 55.07, Allele KL: 15.07, Base KL: 6218.39, Functional KL: 0.00

Top Variants with Coverage Mismatches:
Rank   Variant                        Expected     Observed     Diff       |Div|       
------------------------------------------------------------------------------------------
1      CYP3A5:99270538→M              0.03         0.00         0.03       0.000235    
2      CYP3A5:99270538→N              0.03         0.00         0.03       0.000234    
3      CYP3A5:99270538→P              0.03         0.00         0.03       0.000232    
4      CYP3A5:99270538→G              0.03         0.00         0.03       0.000230    
5      CYP3A5:99270538→A              0.03         0.00         0.03       0.000229    
6      CYP3A5:99270538→C              15.72        14.00        1.72       0.000079    
7      CYP3A5:99270538→T              27.43        23.00        4.43       0.000028    
New best model with final loss: 116.13

=== Multi-Seed VAE Results ===
Best model had seed 1024 with final loss: 116.13
All seeds final losses:
  Seed 1024: Total=116.13 (Recon=55.59, A_KL=17.35, B_KL=8009.65) <- Best

[Raw]:
CYP3A5*1: Normalized=0.6327, Unnormalized=0.63
CYP3A5*3: Normalized=0.3673, Unnormalized=0.37

[Alleles]
CYP3A5*1
CYP3A5*3
	Command being timed: "python cyp.py CYP3A5 /project/shared/aldy-data/wgs/NA18544.wgs.cram 1024"
	User time (seconds): 52.64
	System time (seconds): 11.43
	Percent of CPU this job got: 99%
	Elapsed (wall clock) time (h:mm:ss or m:ss): 1:04.57
	Average shared text size (kbytes): 0
	Average unshared data size (kbytes): 0
	Average stack size (kbytes): 0
	Average total size (kbytes): 0
	Maximum resident set size (kbytes): 1885756
	Average resident set size (kbytes): 0
	Major (requiring I/O) page faults: 0
	Minor (reclaiming a frame) page faults: 709958
	Voluntary context switches: 9843
	Involuntary context switches: 535
	Swaps: 0
	File system inputs: 0
	File system outputs: 24
	Socket messages sent: 0
	Socket messages received: 0
	Signals delivered: 0
	Page size (bytes): 4096
	Exit status: 0
