[info] total indices 175
[info] total variants 175
3.001 was filtered out as 99270538 T>C needs C but not covered
3.012 was filtered out as 99270538 T>C needs C but not covered
3.013 was filtered out as 99270538 T>C needs C but not covered
3.014 was filtered out as 99270538 T>C needs C but not covered
3.015 was filtered out as 99270538 T>C needs C but not covered
3.016 was filtered out as 99270538 T>C needs C but not covered
3.002 was filtered out as 99270538 T>C needs C but not covered
3.003 was filtered out as 99270538 T>C needs C but not covered
3.004 was filtered out as 99270538 T>C needs C but not covered
3.005 was filtered out as 99270538 T>C needs C but not covered
3.006 was filtered out as 99270538 T>C needs C but not covered
3.007 was filtered out as 99270538 T>C needs C but not covered
3.008 was filtered out as 99270538 T>C needs C but not covered
3.009 was filtered out as 99270538 T>C needs C but not covered
3.010 was filtered out as 99270538 T>C needs C but not covered
3.017 was filtered out as 99270538 T>C needs C but not covered
6.001 was filtered out as 99262834 C>T needs T but not covered
7.001 was filtered out as 99250392 insA needs P but not covered
8.001 was filtered out as 99273820 G>A needs A but not covered
9.001 was filtered out as 99258138 C>T needs T but not covered
[filter] CYP3A5 1 => 1.001; 1.002; 1.003; 1.004; 1.005
[filter] valid_alleles=5
Step 0: Loss=0.0758, CN=[2.0999167]
Step 100: Loss=0.0322, CN=[2.307362]
Step 200: Loss=0.0322, CN=[2.3086255]
Step 300: Loss=0.0322, CN=[2.3086216]
Step 400: Loss=0.0322, CN=[2.3086216]

=== Fit ===
Region 0: obs=2.313, exp=2.309, diff=+0.005 
Region 1: obs=2.005, exp=2.309, diff=-0.304 
Region 2: obs=1.530, exp=2.309, diff=-0.778 *
Region 3: obs=2.367, exp=2.309, diff=+0.058 
Region 4: obs=2.457, exp=2.309, diff=+0.148 
Region 5: obs=2.308, exp=2.309, diff=-0.001 
Region 6: obs=1.967, exp=2.309, diff=-0.342 
Region 7: obs=2.524, exp=2.309, diff=+0.216 
Region 8: obs=2.650, exp=2.309, diff=+0.341 
Region 9: obs=2.366, exp=2.309, diff=+0.057 
Region 10: obs=2.108, exp=2.309, diff=-0.201 
Region 11: obs=2.196, exp=2.309, diff=-0.113 
Region 12: obs=2.189, exp=2.309, diff=-0.120 
Region 13: obs=2.276, exp=2.309, diff=-0.033 
Region 14: obs=1.540, exp=2.309, diff=-0.768 *
Region 15: obs=2.493, exp=2.309, diff=+0.184 
Region 16: obs=2.591, exp=2.309, diff=+0.282 
Region 17: obs=2.563, exp=2.309, diff=+0.254 
Region 18: obs=2.417, exp=2.309, diff=+0.109 
Region 19: obs=2.462, exp=2.309, diff=+0.154 
Region 20: obs=2.110, exp=2.309, diff=-0.198 
Region 21: obs=2.286, exp=2.309, diff=-0.023 
Region 22: obs=2.314, exp=2.309, diff=+0.005 
Region 23: obs=2.362, exp=2.309, diff=+0.054 
Region 24: obs=2.355, exp=2.309, diff=+0.046 
Region 25: obs=2.300, exp=2.309, diff=-0.008 
Region 26: obs=2.580, exp=2.309, diff=+0.272 
Region 27: obs=2.342, exp=2.309, diff=+0.033 
Region 28: obs=2.434, exp=2.309, diff=+0.125 

[Gene CN Results]
  CYP3A5: 2.31 → 2.308621644973755
Using device: cuda

CYP3A5*1.001:

CYP3A5*1.002:

CYP3A5*1.003:

CYP3A5*1.004:

CYP3A5*1.005:

=== Running VAE with seed 1024 ===
Global Pooled JS: 0.000000
functional kld weight 0.0
Seed 1024, Step    0: Loss = 53.83 (Recon: 32.74, Allele KL: 0.60, Base KL: 41.08, Functional KL: 0.00
Global Pooled JS: 0.000000
functional kld weight 27.77777777777777
Seed 1024, Step  500: Loss = 57.94 (Recon: 35.31, Allele KL: 5.09, Base KL: 3008.19, Functional KL: 0.00
Global Pooled JS: 0.000000
functional kld weight 222.22222222222217
Seed 1024, Step 1000: Loss = 44.00 (Recon: 20.28, Allele KL: 5.62, Base KL: 2989.93, Functional KL: 0.00
Global Pooled JS: 0.000000
functional kld weight 750.0
Seed 1024, Step 1500: Loss = 41.17 (Recon: 18.58, Allele KL: 4.91, Base KL: 3037.35, Functional KL: 0.00
Global Pooled JS: 0.000000
functional kld weight 1777.7777777777774
Seed 1024, Step 2000: Loss = 44.86 (Recon: 20.63, Allele KL: 6.31, Base KL: 3014.37, Functional KL: 0.00
Global Pooled JS: 0.000000
functional kld weight 3472.222222222223
Seed 1024, Step 2500: Loss = 43.70 (Recon: 19.46, Allele KL: 6.20, Base KL: 3006.97, Functional KL: 0.00

Top Variants with Coverage Mismatches:
Rank   Variant                        Expected     Observed     Diff       |Div|       
------------------------------------------------------------------------------------------
New best model with final loss: 46.98

=== Multi-Seed VAE Results ===
Best model had seed 1024 with final loss: 46.98
All seeds final losses:
  Seed 1024: Total=46.98 (Recon=23.19, A_KL=5.79, B_KL=2946.89) <- Best

[Raw]:
CYP3A5*1: Normalized=1.0000, Unnormalized=1.00

[Alleles]
CYP3A5*1
CYP3A5*1
	Command being timed: "python cyp.py CYP3A5 /project/shared/aldy-data/wgs/NA19122.wgs.cram 1024"
	User time (seconds): 50.79
	System time (seconds): 11.53
	Percent of CPU this job got: 99%
	Elapsed (wall clock) time (h:mm:ss or m:ss): 1:02.68
	Average shared text size (kbytes): 0
	Average unshared data size (kbytes): 0
	Average stack size (kbytes): 0
	Average total size (kbytes): 0
	Maximum resident set size (kbytes): 1868436
	Average resident set size (kbytes): 0
	Major (requiring I/O) page faults: 0
	Minor (reclaiming a frame) page faults: 509034
	Voluntary context switches: 10007
	Involuntary context switches: 88
	Swaps: 0
	File system inputs: 0
	File system outputs: 24
	Socket messages sent: 0
	Socket messages received: 0
	Signals delivered: 0
	Page size (bytes): 4096
	Exit status: 0
