[info] total indices 175
[info] total variants 175
3.002 was filtered out as 99273814 G>A needs A but not covered
3.003 was filtered out as 99270275 A>C needs C but not covered
3.004 was filtered out as 99245973 A>G needs G but not covered
3.005 was filtered out as 99264572 A>G needs G but not covered
3.006 was filtered out as 99247742 T>C needs C but not covered
3.007 was filtered out as 99247771 A>G needs G but not covered
3.008 was filtered out as 99273744 T>C needs C but not covered
3.009 was filtered out as 99262859 T>C needs C but not covered
3.010 was filtered out as 99250235 G>T needs T but not covered
3.017 was filtered out as 99262850 A>C needs C but not covered
6.001 was filtered out as 99262834 C>T needs T but not covered
7.001 was filtered out as 99250392 insA needs P but not covered
8.001 was filtered out as 99273820 G>A needs A but not covered
9.001 was filtered out as 99258138 C>T needs T but not covered
[filter] CYP3A5 1 => 1.001; 1.002; 1.003; 1.004; 1.005
[filter] CYP3A5 3 => 3.001; 3.012; 3.013; 3.014; 3.015; 3.016
[filter] valid_alleles=11
Step 0: Loss=0.0668, CN=[2.0999167]
Step 100: Loss=0.0351, CN=[2.2647572]
Step 200: Loss=0.0351, CN=[2.2640948]
Step 300: Loss=0.0351, CN=[2.2640889]
Step 400: Loss=0.0351, CN=[2.2640889]

=== Fit ===
Region 0: obs=2.227, exp=2.264, diff=-0.037 
Region 1: obs=2.447, exp=2.264, diff=+0.183 
Region 2: obs=2.064, exp=2.264, diff=-0.200 
Region 3: obs=2.247, exp=2.264, diff=-0.017 
Region 4: obs=2.776, exp=2.264, diff=+0.512 *
Region 5: obs=1.720, exp=2.264, diff=-0.544 *
Region 6: obs=2.399, exp=2.264, diff=+0.135 
Region 7: obs=2.369, exp=2.264, diff=+0.105 
Region 8: obs=2.769, exp=2.264, diff=+0.505 *
Region 9: obs=2.289, exp=2.264, diff=+0.025 
Region 10: obs=2.306, exp=2.264, diff=+0.042 
Region 11: obs=2.329, exp=2.264, diff=+0.065 
Region 12: obs=1.727, exp=2.264, diff=-0.537 *
Region 13: obs=2.058, exp=2.264, diff=-0.207 
Region 14: obs=2.208, exp=2.264, diff=-0.057 
Region 15: obs=1.927, exp=2.264, diff=-0.337 
Region 16: obs=2.464, exp=2.264, diff=+0.200 
Region 17: obs=2.014, exp=2.264, diff=-0.250 
Region 18: obs=1.935, exp=2.264, diff=-0.329 
Region 19: obs=2.143, exp=2.264, diff=-0.121 
Region 20: obs=1.903, exp=2.264, diff=-0.361 
Region 21: obs=2.306, exp=2.264, diff=+0.042 
Region 22: obs=2.163, exp=2.264, diff=-0.102 
Region 23: obs=2.554, exp=2.264, diff=+0.290 
Region 24: obs=2.499, exp=2.264, diff=+0.235 
Region 25: obs=2.490, exp=2.264, diff=+0.226 
Region 26: obs=2.554, exp=2.264, diff=+0.290 
Region 27: obs=2.416, exp=2.264, diff=+0.152 
Region 28: obs=2.292, exp=2.264, diff=+0.028 

[Gene CN Results]
  CYP3A5: 2.26 → 2.2640888690948486
Using device: cuda

CYP3A5*1.001:

CYP3A5*1.002:

CYP3A5*1.003:

CYP3A5*1.004:

CYP3A5*1.005:

CYP3A5*3.001:

CYP3A5*3.012:

CYP3A5*3.013:

CYP3A5*3.014:

CYP3A5*3.015:

CYP3A5*3.016:

=== Running VAE with seed 1024 ===
Global Pooled JS: 0.044162
functional kld weight 0.0
Seed 1024, Step    0: Loss = 138.53 (Recon: 105.37, Allele KL: 5.97, Base KL: 506.23, Functional KL: 0.04
Global Pooled JS: 0.012166
functional kld weight 27.77777777777777
Seed 1024, Step  500: Loss = 103.77 (Recon: 62.42, Allele KL: 14.12, Base KL: 3510.78, Functional KL: 0.01
Global Pooled JS: 0.006144
functional kld weight 222.22222222222217
Seed 1024, Step 1000: Loss = 106.09 (Recon: 63.92, Allele KL: 13.37, Base KL: 4052.49, Functional KL: 0.01
Global Pooled JS: 0.005480
functional kld weight 750.0
Seed 1024, Step 1500: Loss = 108.05 (Recon: 59.39, Allele KL: 16.11, Base KL: 5200.22, Functional KL: 0.01
Global Pooled JS: 0.003891
functional kld weight 1777.7777777777774
Seed 1024, Step 2000: Loss = 118.54 (Recon: 66.46, Allele KL: 15.30, Base KL: 7031.30, Functional KL: 0.00
Global Pooled JS: 0.002258
functional kld weight 3472.222222222223
Seed 1024, Step 2500: Loss = 120.12 (Recon: 59.20, Allele KL: 21.46, Base KL: 8795.31, Functional KL: 0.00

Top Variants with Coverage Mismatches:
Rank   Variant                        Expected     Observed     Diff       |Div|       
------------------------------------------------------------------------------------------
1      CYP3A5:99270538→T              8.78         12.00        -3.22      0.000515    
2      CYP3A5:99270538→M              0.03         0.00         0.03       0.000236    
3      CYP3A5:99270538→N              0.03         0.00         0.03       0.000234    
4      CYP3A5:99270538→P              0.03         0.00         0.03       0.000233    
5      CYP3A5:99270538→G              0.03         0.00         0.03       0.000233    
6      CYP3A5:99270538→A              0.03         0.00         0.03       0.000229    
7      CYP3A5:99270538→C              36.57        42.00        -5.43      0.000106    
New best model with final loss: 131.86

=== Multi-Seed VAE Results ===
Best model had seed 1024 with final loss: 131.86
All seeds final losses:
  Seed 1024: Total=131.86 (Recon=60.99, A_KL=26.60, B_KL=11259.65) <- Best

[Raw]:
CYP3A5*3: Normalized=0.8080, Unnormalized=0.81
CYP3A5*1: Normalized=0.1920, Unnormalized=0.19

[Alleles]
CYP3A5*3
CYP3A5*1
	Command being timed: "python cyp.py CYP3A5 /project/shared/aldy-data/wgs/NA19147.wgs.cram 1024"
	User time (seconds): 51.83
	System time (seconds): 11.18
	Percent of CPU this job got: 98%
	Elapsed (wall clock) time (h:mm:ss or m:ss): 1:03.69
	Average shared text size (kbytes): 0
	Average unshared data size (kbytes): 0
	Average stack size (kbytes): 0
	Average total size (kbytes): 0
	Maximum resident set size (kbytes): 1894492
	Average resident set size (kbytes): 0
	Major (requiring I/O) page faults: 0
	Minor (reclaiming a frame) page faults: 602539
	Voluntary context switches: 11535
	Involuntary context switches: 1439
	Swaps: 0
	File system inputs: 0
	File system outputs: 24
	Socket messages sent: 0
	Socket messages received: 0
	Signals delivered: 0
	Page size (bytes): 4096
	Exit status: 0
