[info] total indices 224
[info] total variants 224
2.001 was filtered out as 96818105 T>A needs A but not covered
2.002 was filtered out as 96818105 T>A needs A but not covered
3.001 was filtered out as 96827029 C>T needs T but not covered
3.002 was filtered out as 96827029 C>T needs T but not covered
5.001 was filtered out as 96826970 delT needs N but not covered
6.001 was filtered out as 96824687 C>T needs T but not covered
7.001 was filtered out as 96824642 G>A needs A but not covered
8.001 was filtered out as 96824642 G>C needs C but not covered
9.001 was filtered out as 96818170 T>C needs C but not covered
10.001 was filtered out as 96802646 C>A needs A but not covered
11.001 was filtered out as 96805707 C>A needs A but not covered
12.001 was filtered out as 96796973 delCAA needs N but not covered
13.001 was filtered out as 96818241 A>C needs C but not covered
14.001 was filtered out as 96818198 C>G needs G but not covered
15.001 was filtered out as 96824657 C>T needs T but not covered
16.001 was filtered out as 96802803 A>G needs G but not covered
17.001 was filtered out as 96818180 T>C needs C but not covered
18.001 was filtered out as 96802714 G>A needs A but not covered
[filter] CYP2C8 1.001 => 1.001; 1.002; 1.003; 1.004; 1.005; 1.006; 1.007; 1.008; 1.009; 1.010; 1.011; 1.012; 1.013; 1.014; 1.015; 1.016; 1.017; 1.018
[filter] CYP2C8 4.001 => 4.001; 4.002
[filter] valid_alleles=20
Step 0: Loss=0.1937, CN=[2.0999167]
Step 100: Loss=0.0428, CN=[2.6187558]
Step 200: Loss=0.0428, CN=[2.620452]
Step 300: Loss=0.0428, CN=[2.620465]
Step 400: Loss=0.0428, CN=[2.620465]

=== Fit ===
Region 0: obs=2.702, exp=2.620, diff=+0.081 
Region 1: obs=2.507, exp=2.620, diff=-0.113 
Region 2: obs=2.870, exp=2.620, diff=+0.249 
Region 3: obs=2.384, exp=2.620, diff=-0.236 
Region 4: obs=2.719, exp=2.620, diff=+0.099 
Region 5: obs=2.561, exp=2.620, diff=-0.059 
Region 6: obs=3.107, exp=2.620, diff=+0.487 
Region 7: obs=2.997, exp=2.620, diff=+0.377 
Region 8: obs=2.095, exp=2.620, diff=-0.526 *
Region 9: obs=2.431, exp=2.620, diff=-0.190 
Region 10: obs=2.592, exp=2.620, diff=-0.029 
Region 11: obs=2.679, exp=2.620, diff=+0.059 
Region 12: obs=2.721, exp=2.620, diff=+0.100 
Region 13: obs=2.713, exp=2.620, diff=+0.093 
Region 14: obs=1.783, exp=2.620, diff=-0.838 *
Region 15: obs=2.679, exp=2.620, diff=+0.058 
Region 16: obs=2.403, exp=2.620, diff=-0.217 
Region 17: obs=2.603, exp=2.620, diff=-0.017 
Region 18: obs=2.527, exp=2.620, diff=-0.093 
Region 19: obs=3.133, exp=2.620, diff=+0.513 *
Region 20: obs=2.472, exp=2.620, diff=-0.148 

[Gene CN Results]
  CYP2C8: 2.62 → 2.6204652786254883
Using device: cuda

CYP2C8*1.001:

CYP2C8*1.002:

CYP2C8*1.003:

CYP2C8*1.004:

CYP2C8*1.005:

CYP2C8*1.006:

CYP2C8*1.007:

CYP2C8*1.008:

CYP2C8*1.009:

CYP2C8*1.010:

CYP2C8*1.011:

CYP2C8*1.012:

CYP2C8*1.013:

CYP2C8*1.014:

CYP2C8*1.015:

CYP2C8*1.016:

CYP2C8*1.017:

CYP2C8*1.018:

CYP2C8*4.001:

CYP2C8*4.002:

=== Running VAE with seed 9999 ===
Global Pooled JS: 0.102353
functional kld weight 0.0
Seed 9999, Step    0: Loss = 475.90 (Recon: 418.74, Allele KL: 27.57, Base KL: 3812.19, Functional KL: 0.10
Global Pooled JS: 0.031047
functional kld weight 27.77777777777777
Seed 9999, Step  500: Loss = 153.12 (Recon: 102.11, Allele KL: 22.99, Base KL: 3536.26, Functional KL: 0.03
Global Pooled JS: 0.004358
functional kld weight 222.22222222222217
Seed 9999, Step 1000: Loss = 150.13 (Recon: 101.45, Allele KL: 19.70, Base KL: 3684.75, Functional KL: 0.00
Global Pooled JS: 0.009954
functional kld weight 750.0
Seed 9999, Step 1500: Loss = 164.22 (Recon: 112.03, Allele KL: 15.93, Base KL: 4066.50, Functional KL: 0.01
Global Pooled JS: 0.024101
functional kld weight 1777.7777777777774
Seed 9999, Step 2000: Loss = 225.28 (Recon: 140.37, Allele KL: 12.09, Base KL: 5151.66, Functional KL: 0.02
Global Pooled JS: 0.002120
functional kld weight 3472.222222222223
Seed 9999, Step 2500: Loss = 160.35 (Recon: 98.32, Allele KL: 24.03, Base KL: 6546.47, Functional KL: 0.00

Top Variants with Coverage Mismatches:
Rank   Variant                        Expected     Observed     Diff       |Div|       
------------------------------------------------------------------------------------------
1      CYP2C8:96818118→C              23.58        19.00        4.58       0.000227    
2      CYP2C8:96818118→G              30.87        28.00        2.87       0.000198    
3      CYP2C8:96818118→N              0.03         0.00         0.03       0.000193    
4      CYP2C8:96818118→M              0.03         0.00         0.03       0.000191    
5      CYP2C8:96818118→P              0.03         0.00         0.03       0.000191    
6      CYP2C8:96818118→T              0.03         0.00         0.03       0.000189    
7      CYP2C8:96818118→A              0.03         0.00         0.03       0.000187    
New best model with final loss: 157.73

=== Multi-Seed VAE Results ===
Best model had seed 9999 with final loss: 157.73
All seeds final losses:
  Seed 9999: Total=157.73 (Recon=97.91, A_KL=19.82, B_KL=8025.49) <- Best

[Raw]:
CYP2C8*1: Normalized=0.5647, Unnormalized=0.56
CYP2C8*4: Normalized=0.4353, Unnormalized=0.44

[Alleles]
CYP2C8*1
CYP2C8*4
	Command being timed: "python cyp.py CYP2C8 /project/shared/aldy-data/wgs/NA07348.wgs.cram 9999"
	User time (seconds): 98.48
	System time (seconds): 20.10
	Percent of CPU this job got: 99%
	Elapsed (wall clock) time (h:mm:ss or m:ss): 1:58.90
	Average shared text size (kbytes): 0
	Average unshared data size (kbytes): 0
	Average stack size (kbytes): 0
	Average total size (kbytes): 0
	Maximum resident set size (kbytes): 1905900
	Average resident set size (kbytes): 0
	Major (requiring I/O) page faults: 0
	Minor (reclaiming a frame) page faults: 639874
	Voluntary context switches: 10761
	Involuntary context switches: 334
	Swaps: 0
	File system inputs: 0
	File system outputs: 24
	Socket messages sent: 0
	Socket messages received: 0
	Signals delivered: 0
	Page size (bytes): 4096
	Exit status: 0
