[info] total indices 224
[info] total variants 224
2.001 was filtered out as 96818105 T>A needs A but not covered
2.002 was filtered out as 96818105 T>A needs A but not covered
3.001 was filtered out as 96827029 C>T needs T but not covered
3.002 was filtered out as 96827029 C>T needs T but not covered
4.001 was filtered out as 96818118 G>C needs C but not covered
4.002 was filtered out as 96818118 G>C needs C but not covered
5.001 was filtered out as 96826970 delT needs N but not covered
6.001 was filtered out as 96824687 C>T needs T but not covered
7.001 was filtered out as 96824642 G>A needs A but not covered
8.001 was filtered out as 96824642 G>C needs C but not covered
9.001 was filtered out as 96818170 T>C needs C but not covered
10.001 was filtered out as 96802646 C>A needs A but not covered
11.001 was filtered out as 96805707 C>A needs A but not covered
12.001 was filtered out as 96796973 delCAA needs N but not covered
13.001 was filtered out as 96818241 A>C needs C but not covered
14.001 was filtered out as 96818198 C>G needs G but not covered
15.001 was filtered out as 96824657 C>T needs T but not covered
16.001 was filtered out as 96802803 A>G needs G but not covered
17.001 was filtered out as 96818180 T>C needs C but not covered
18.001 was filtered out as 96802714 G>A needs A but not covered
[filter] CYP2C8 1.001 => 1.001; 1.002; 1.003; 1.004; 1.005; 1.006; 1.007; 1.008; 1.009; 1.010; 1.011; 1.012; 1.013; 1.014; 1.015; 1.016; 1.017; 1.018
[filter] valid_alleles=18
Step 0: Loss=0.1701, CN=[2.0999167]
Step 100: Loss=0.0509, CN=[2.5337641]
Step 200: Loss=0.0509, CN=[2.5343769]
Step 300: Loss=0.0509, CN=[2.5343738]
Step 400: Loss=0.0509, CN=[2.5343735]

=== Fit ===
Region 0: obs=2.609, exp=2.534, diff=+0.075 
Region 1: obs=2.397, exp=2.534, diff=-0.137 
Region 2: obs=2.425, exp=2.534, diff=-0.109 
Region 3: obs=2.550, exp=2.534, diff=+0.015 
Region 4: obs=2.860, exp=2.534, diff=+0.326 
Region 5: obs=3.417, exp=2.534, diff=+0.882 *
Region 6: obs=2.715, exp=2.534, diff=+0.180 
Region 7: obs=2.607, exp=2.534, diff=+0.073 
Region 8: obs=2.546, exp=2.534, diff=+0.012 
Region 9: obs=2.570, exp=2.534, diff=+0.036 
Region 10: obs=2.698, exp=2.534, diff=+0.163 
Region 11: obs=2.484, exp=2.534, diff=-0.050 
Region 12: obs=2.515, exp=2.534, diff=-0.019 
Region 13: obs=2.541, exp=2.534, diff=+0.007 
Region 14: obs=3.334, exp=2.534, diff=+0.800 *
Region 15: obs=2.551, exp=2.534, diff=+0.017 
Region 16: obs=1.847, exp=2.534, diff=-0.688 *
Region 17: obs=2.293, exp=2.534, diff=-0.241 
Region 18: obs=2.177, exp=2.534, diff=-0.358 
Region 19: obs=2.274, exp=2.534, diff=-0.261 
Region 20: obs=2.307, exp=2.534, diff=-0.227 

[Gene CN Results]
  CYP2C8: 2.53 → 2.5343737602233887
Using device: cuda

CYP2C8*1.001:

CYP2C8*1.002:

CYP2C8*1.003:

CYP2C8*1.004:

CYP2C8*1.005:

CYP2C8*1.006:

CYP2C8*1.007:

CYP2C8*1.008:

CYP2C8*1.009:

CYP2C8*1.010:

CYP2C8*1.011:

CYP2C8*1.012:

CYP2C8*1.013:

CYP2C8*1.014:

CYP2C8*1.015:

CYP2C8*1.016:

CYP2C8*1.017:

CYP2C8*1.018:

=== Running VAE with seed 9999 ===
Global Pooled JS: 0.000000
functional kld weight 0.0
Seed 9999, Step    0: Loss = 235.00 (Recon: 183.09, Allele KL: 22.75, Base KL: 1661.20, Functional KL: 0.00
Global Pooled JS: 0.000000
functional kld weight 27.77777777777777
Seed 9999, Step  500: Loss = 132.15 (Recon: 83.29, Allele KL: 20.78, Base KL: 3331.06, Functional KL: 0.00
Global Pooled JS: 0.000000
functional kld weight 222.22222222222217
Seed 9999, Step 1000: Loss = 136.07 (Recon: 85.50, Allele KL: 22.51, Base KL: 3335.96, Functional KL: 0.00
Global Pooled JS: 0.000000
functional kld weight 750.0
Seed 9999, Step 1500: Loss = 139.37 (Recon: 92.59, Allele KL: 18.50, Base KL: 3314.86, Functional KL: 0.00
Global Pooled JS: 0.000000
functional kld weight 1777.7777777777774
Seed 9999, Step 2000: Loss = 133.55 (Recon: 83.10, Allele KL: 22.05, Base KL: 3404.29, Functional KL: 0.00
Global Pooled JS: 0.000000
functional kld weight 3472.222222222223
Seed 9999, Step 2500: Loss = 128.68 (Recon: 85.91, Allele KL: 14.04, Base KL: 3383.63, Functional KL: 0.00

Top Variants with Coverage Mismatches:
Rank   Variant                        Expected     Observed     Diff       |Div|       
------------------------------------------------------------------------------------------
New best model with final loss: 128.78

=== Multi-Seed VAE Results ===
Best model had seed 9999 with final loss: 128.78
All seeds final losses:
  Seed 9999: Total=128.78 (Recon=84.37, A_KL=15.90, B_KL=3422.80) <- Best

[Raw]:
CYP2C8*1: Normalized=1.0000, Unnormalized=1.00

[Alleles]
CYP2C8*1
CYP2C8*1
	Command being timed: "python cyp.py CYP2C8 /project/shared/aldy-data/wgs/NA18544.wgs.cram 9999"
	User time (seconds): 95.20
	System time (seconds): 20.40
	Percent of CPU this job got: 99%
	Elapsed (wall clock) time (h:mm:ss or m:ss): 1:55.87
	Average shared text size (kbytes): 0
	Average unshared data size (kbytes): 0
	Average stack size (kbytes): 0
	Average total size (kbytes): 0
	Maximum resident set size (kbytes): 1895844
	Average resident set size (kbytes): 0
	Major (requiring I/O) page faults: 0
	Minor (reclaiming a frame) page faults: 624672
	Voluntary context switches: 9918
	Involuntary context switches: 177
	Swaps: 0
	File system inputs: 0
	File system outputs: 24
	Socket messages sent: 0
	Socket messages received: 0
	Signals delivered: 0
	Page size (bytes): 4096
	Exit status: 0
