[info] total indices 224
[info] total variants 224
2.001 was filtered out as 96818105 T>A needs A but not covered
2.002 was filtered out as 96818105 T>A needs A but not covered
3.001 was filtered out as 96827029 C>T needs T but not covered
3.002 was filtered out as 96827029 C>T needs T but not covered
4.001 was filtered out as 96818118 G>C needs C but not covered
4.002 was filtered out as 96818118 G>C needs C but not covered
5.001 was filtered out as 96826970 delT needs N but not covered
6.001 was filtered out as 96824687 C>T needs T but not covered
7.001 was filtered out as 96824642 G>A needs A but not covered
8.001 was filtered out as 96824642 G>C needs C but not covered
9.001 was filtered out as 96818170 T>C needs C but not covered
10.001 was filtered out as 96802646 C>A needs A but not covered
11.001 was filtered out as 96805707 C>A needs A but not covered
12.001 was filtered out as 96796973 delCAA needs N but not covered
13.001 was filtered out as 96818241 A>C needs C but not covered
14.001 was filtered out as 96818198 C>G needs G but not covered
15.001 was filtered out as 96824657 C>T needs T but not covered
16.001 was filtered out as 96802803 A>G needs G but not covered
17.001 was filtered out as 96818180 T>C needs C but not covered
18.001 was filtered out as 96802714 G>A needs A but not covered
[filter] CYP2C8 1.001 => 1.001; 1.002; 1.003; 1.004; 1.005; 1.006; 1.007; 1.008; 1.009; 1.010; 1.011; 1.012; 1.013; 1.014; 1.015; 1.016; 1.017; 1.018
[filter] valid_alleles=18
Step 0: Loss=0.0696, CN=[2.0999167]
Step 100: Loss=0.0265, CN=[2.2973697]
Step 200: Loss=0.0265, CN=[2.2981138]
Step 300: Loss=0.0265, CN=[2.2981198]
Step 400: Loss=0.0265, CN=[2.2981198]

=== Fit ===
Region 0: obs=2.461, exp=2.298, diff=+0.163 
Region 1: obs=1.942, exp=2.298, diff=-0.356 
Region 2: obs=2.255, exp=2.298, diff=-0.043 
Region 3: obs=2.116, exp=2.298, diff=-0.182 
Region 4: obs=2.060, exp=2.298, diff=-0.239 
Region 5: obs=2.403, exp=2.298, diff=+0.104 
Region 6: obs=1.840, exp=2.298, diff=-0.458 
Region 7: obs=2.301, exp=2.298, diff=+0.002 
Region 8: obs=2.075, exp=2.298, diff=-0.223 
Region 9: obs=2.371, exp=2.298, diff=+0.073 
Region 10: obs=1.995, exp=2.298, diff=-0.303 
Region 11: obs=2.295, exp=2.298, diff=-0.003 
Region 12: obs=2.555, exp=2.298, diff=+0.257 
Region 13: obs=2.538, exp=2.298, diff=+0.240 
Region 14: obs=2.446, exp=2.298, diff=+0.148 
Region 15: obs=2.353, exp=2.298, diff=+0.055 
Region 16: obs=2.562, exp=2.298, diff=+0.264 
Region 17: obs=2.243, exp=2.298, diff=-0.056 
Region 18: obs=2.144, exp=2.298, diff=-0.154 
Region 19: obs=2.675, exp=2.298, diff=+0.377 
Region 20: obs=2.632, exp=2.298, diff=+0.333 

[Gene CN Results]
  CYP2C8: 2.30 → 2.29811954498291
Using device: cuda

CYP2C8*1.001:

CYP2C8*1.002:

CYP2C8*1.003:

CYP2C8*1.004:

CYP2C8*1.005:

CYP2C8*1.006:

CYP2C8*1.007:

CYP2C8*1.008:

CYP2C8*1.009:

CYP2C8*1.010:

CYP2C8*1.011:

CYP2C8*1.012:

CYP2C8*1.013:

CYP2C8*1.014:

CYP2C8*1.015:

CYP2C8*1.016:

CYP2C8*1.017:

CYP2C8*1.018:

=== Running VAE with seed 9999 ===
Global Pooled JS: 0.000000
functional kld weight 0.0
Seed 9999, Step    0: Loss = 326.70 (Recon: 271.39, Allele KL: 26.29, Base KL: 1842.96, Functional KL: 0.00
Global Pooled JS: 0.000000
functional kld weight 27.77777777777777
Seed 9999, Step  500: Loss = 149.82 (Recon: 97.44, Allele KL: 23.58, Base KL: 3995.61, Functional KL: 0.00
Global Pooled JS: 0.000000
functional kld weight 222.22222222222217
Seed 9999, Step 1000: Loss = 151.11 (Recon: 105.90, Allele KL: 15.97, Base KL: 4037.14, Functional KL: 0.00
Global Pooled JS: 0.000000
functional kld weight 750.0
Seed 9999, Step 1500: Loss = 160.66 (Recon: 110.17, Allele KL: 21.33, Base KL: 3971.86, Functional KL: 0.00
Global Pooled JS: 0.000000
functional kld weight 1777.7777777777774
Seed 9999, Step 2000: Loss = 149.04 (Recon: 101.36, Allele KL: 18.48, Base KL: 4193.05, Functional KL: 0.00
Global Pooled JS: 0.000000
functional kld weight 3472.222222222223
Seed 9999, Step 2500: Loss = 146.66 (Recon: 94.55, Allele KL: 23.72, Base KL: 3991.73, Functional KL: 0.00

Top Variants with Coverage Mismatches:
Rank   Variant                        Expected     Observed     Diff       |Div|       
------------------------------------------------------------------------------------------
New best model with final loss: 152.75

=== Multi-Seed VAE Results ===
Best model had seed 9999 with final loss: 152.75
All seeds final losses:
  Seed 9999: Total=152.75 (Recon=103.97, A_KL=19.77, B_KL=4014.93) <- Best

[Raw]:
CYP2C8*1: Normalized=1.0000, Unnormalized=1.00

[Alleles]
CYP2C8*1
CYP2C8*1
	Command being timed: "python cyp.py CYP2C8 /project/shared/aldy-data/wgs/NA19178.wgs.cram 9999"
	User time (seconds): 97.66
	System time (seconds): 20.42
	Percent of CPU this job got: 99%
	Elapsed (wall clock) time (h:mm:ss or m:ss): 1:58.47
	Average shared text size (kbytes): 0
	Average unshared data size (kbytes): 0
	Average stack size (kbytes): 0
	Average total size (kbytes): 0
	Maximum resident set size (kbytes): 1896580
	Average resident set size (kbytes): 0
	Major (requiring I/O) page faults: 0
	Minor (reclaiming a frame) page faults: 661048
	Voluntary context switches: 10192
	Involuntary context switches: 244
	Swaps: 0
	File system inputs: 0
	File system outputs: 24
	Socket messages sent: 0
	Socket messages received: 0
	Signals delivered: 0
	Page size (bytes): 4096
	Exit status: 0
