[info] total indices 224
[info] total variants 224
2.001 was filtered out as 96818105 T>A needs A but not covered
2.002 was filtered out as 96818105 T>A needs A but not covered
3.001 was filtered out as 96827029 C>T needs T but not covered
3.002 was filtered out as 96827029 C>T needs T but not covered
4.001 was filtered out as 96818118 G>C needs C but not covered
4.002 was filtered out as 96818118 G>C needs C but not covered
5.001 was filtered out as 96826970 delT needs N but not covered
6.001 was filtered out as 96824687 C>T needs T but not covered
7.001 was filtered out as 96824642 G>A needs A but not covered
8.001 was filtered out as 96824642 G>C needs C but not covered
9.001 was filtered out as 96818170 T>C needs C but not covered
10.001 was filtered out as 96802646 C>A needs A but not covered
11.001 was filtered out as 96805707 C>A needs A but not covered
12.001 was filtered out as 96796973 delCAA needs N but not covered
13.001 was filtered out as 96818241 A>C needs C but not covered
14.001 was filtered out as 96818198 C>G needs G but not covered
15.001 was filtered out as 96824657 C>T needs T but not covered
16.001 was filtered out as 96802803 A>G needs G but not covered
17.001 was filtered out as 96818180 T>C needs C but not covered
18.001 was filtered out as 96802714 G>A needs A but not covered
[filter] CYP2C8 1.001 => 1.001; 1.002; 1.003; 1.004; 1.005; 1.006; 1.007; 1.008; 1.009; 1.010; 1.011; 1.012; 1.013; 1.014; 1.015; 1.016; 1.017; 1.018
[filter] valid_alleles=18
Step 0: Loss=0.1640, CN=[2.0999167]
Step 100: Loss=0.0255, CN=[2.5557437]
Step 200: Loss=0.0255, CN=[2.5570886]
Step 300: Loss=0.0255, CN=[2.5570776]
Step 400: Loss=0.0255, CN=[2.5570776]

=== Fit ===
Region 0: obs=2.624, exp=2.557, diff=+0.067 
Region 1: obs=2.451, exp=2.557, diff=-0.106 
Region 2: obs=2.408, exp=2.557, diff=-0.149 
Region 3: obs=2.283, exp=2.557, diff=-0.274 
Region 4: obs=2.370, exp=2.557, diff=-0.187 
Region 5: obs=2.612, exp=2.557, diff=+0.054 
Region 6: obs=3.312, exp=2.557, diff=+0.755 *
Region 7: obs=2.471, exp=2.557, diff=-0.086 
Region 8: obs=2.630, exp=2.557, diff=+0.073 
Region 9: obs=2.510, exp=2.557, diff=-0.047 
Region 10: obs=2.285, exp=2.557, diff=-0.272 
Region 11: obs=2.527, exp=2.557, diff=-0.030 
Region 12: obs=2.916, exp=2.557, diff=+0.359 
Region 13: obs=2.627, exp=2.557, diff=+0.070 
Region 14: obs=2.526, exp=2.557, diff=-0.031 
Region 15: obs=2.647, exp=2.557, diff=+0.090 
Region 16: obs=2.559, exp=2.557, diff=+0.002 
Region 17: obs=2.823, exp=2.557, diff=+0.266 
Region 18: obs=2.657, exp=2.557, diff=+0.100 
Region 19: obs=2.465, exp=2.557, diff=-0.092 
Region 20: obs=2.250, exp=2.557, diff=-0.308 

[Gene CN Results]
  CYP2C8: 2.56 → 2.557077407836914
Using device: cuda

CYP2C8*1.001:

CYP2C8*1.002:

CYP2C8*1.003:

CYP2C8*1.004:

CYP2C8*1.005:

CYP2C8*1.006:

CYP2C8*1.007:

CYP2C8*1.008:

CYP2C8*1.009:

CYP2C8*1.010:

CYP2C8*1.011:

CYP2C8*1.012:

CYP2C8*1.013:

CYP2C8*1.014:

CYP2C8*1.015:

CYP2C8*1.016:

CYP2C8*1.017:

CYP2C8*1.018:

=== Running VAE with seed 9999 ===
Global Pooled JS: 0.000000
functional kld weight 0.0
Seed 9999, Step    0: Loss = 243.86 (Recon: 190.85, Allele KL: 23.84, Base KL: 1669.98, Functional KL: 0.00
Global Pooled JS: 0.000000
functional kld weight 27.77777777777777
Seed 9999, Step  500: Loss = 134.38 (Recon: 89.29, Allele KL: 16.19, Base KL: 3931.10, Functional KL: 0.00
Global Pooled JS: 0.000000
functional kld weight 222.22222222222217
Seed 9999, Step 1000: Loss = 135.63 (Recon: 88.62, Allele KL: 18.16, Base KL: 3915.26, Functional KL: 0.00
Global Pooled JS: 0.000000
functional kld weight 750.0
Seed 9999, Step 1500: Loss = 154.70 (Recon: 108.46, Allele KL: 16.61, Base KL: 3934.50, Functional KL: 0.00
Global Pooled JS: 0.000000
functional kld weight 1777.7777777777774
Seed 9999, Step 2000: Loss = 150.94 (Recon: 101.49, Allele KL: 20.91, Base KL: 3985.57, Functional KL: 0.00
Global Pooled JS: 0.000000
functional kld weight 3472.222222222223
Seed 9999, Step 2500: Loss = 137.08 (Recon: 89.43, Allele KL: 18.91, Base KL: 3884.17, Functional KL: 0.00

Top Variants with Coverage Mismatches:
Rank   Variant                        Expected     Observed     Diff       |Div|       
------------------------------------------------------------------------------------------
New best model with final loss: 137.59

=== Multi-Seed VAE Results ===
Best model had seed 9999 with final loss: 137.59
All seeds final losses:
  Seed 9999: Total=137.59 (Recon=89.95, A_KL=18.59, B_KL=3950.58) <- Best

[Raw]:
CYP2C8*1: Normalized=1.0000, Unnormalized=1.00

[Alleles]
CYP2C8*1
CYP2C8*1
	Command being timed: "python cyp.py CYP2C8 /project/shared/aldy-data/wgs/NA19226.wgs.cram 9999"
	User time (seconds): 91.36
	System time (seconds): 18.35
	Percent of CPU this job got: 99%
	Elapsed (wall clock) time (h:mm:ss or m:ss): 1:50.21
	Average shared text size (kbytes): 0
	Average unshared data size (kbytes): 0
	Average stack size (kbytes): 0
	Average total size (kbytes): 0
	Maximum resident set size (kbytes): 1893076
	Average resident set size (kbytes): 0
	Major (requiring I/O) page faults: 0
	Minor (reclaiming a frame) page faults: 660240
	Voluntary context switches: 11596
	Involuntary context switches: 1544
	Swaps: 0
	File system inputs: 0
	File system outputs: 24
	Socket messages sent: 0
	Socket messages received: 0
	Signals delivered: 0
	Page size (bytes): 4096
	Exit status: 0
