[info] total indices 441
[info] total variants 441
2.001 was filtered out as 41497273 C>T needs T but not covered
2.002 was filtered out as 41497273 C>T needs T but not covered
3.001 was filtered out as 41515254 C>A needs A but not covered
5.001 was filtered out as 41522714 C>T needs T but not covered
5.002 was filtered out as 41522714 C>T needs T but not covered
5.003 was filtered out as 41522714 C>T needs T but not covered
7.001 was filtered out as 41522714 C>T needs T but not covered
8.001 was filtered out as 41510281 A>G needs G but not covered
10.001 was filtered out as 41497273 C>T needs T but not covered
11.001 was filtered out as 41497345 A>G needs G but not covered
12.001 was filtered out as 41510029 G>A needs A but not covered
13.001 was filtered out as 41510281 A>G needs G but not covered
14.001 was filtered out as 41510285 G>A needs A but not covered
15.001 was filtered out as 41518597 T>A needs A but not covered
17.001 was filtered out as 41497285 A>T needs T but not covered
17.002 was filtered out as 41497285 A>T needs T but not covered
18.001 was filtered out as 41518220 T>C needs C but not covered
18.002 was filtered out as 41518220 T>C needs C but not covered
19.001 was filtered out as 41518243 C>T needs T but not covered
20.001 was filtered out as 41512827 C>T needs T but not covered
21.001 was filtered out as 41518707 C>A needs A but not covered
22.001 was filtered out as 41497128 T>C needs C but not covered
23.001 was filtered out as 41522630 A>G needs G but not covered
24.001 was filtered out as 41522682 G>A needs A but not covered
25.001 was filtered out as 41522709 A>T needs T but not covered
26.001 was filtered out as 41512823 C>G needs G but not covered
27.001 was filtered out as 41512917 T>C needs C but not covered
28.001 was filtered out as 41515992 C>G needs G but not covered
31.001 was filtered out as 41516012 C>A needs A but not covered
32.001 was filtered out as 41518644 G>A needs A but not covered
33.001 was filtered out as 41522714 C>A needs A but not covered
34.001 was filtered out as 41497128 T>C needs C but not covered
35.001 was filtered out as 41497128 T>C needs C but not covered
36.001 was filtered out as 41497128 T>C needs C but not covered
37.001 was filtered out as 41512872 T>G needs G but not covered
38.001 was filtered out as 41509919 T>A needs A but not covered
[filter] CYP2B6 1 => 1.001; 1.002; 1.003; 1.004; 1.005; 1.006; 1.007; 1.008; 1.009; 1.010; 1.011; 1.012; 1.013; 1.014; 1.015
[filter] CYP2B6 4 => 4.001; 4.002
[filter] CYP2B6 6 => 6.001; 6.002; 6.003; 6.004
[filter] CYP2B6 9 => 9.001
[filter] valid_alleles=22
Step 0: Loss=0.0277, CN=[1.9000832]
Step 100: Loss=0.0264, CN=[1.9476126]
Step 200: Loss=0.0264, CN=[1.9477503]
Step 300: Loss=0.0264, CN=[1.9477521]
Step 400: Loss=0.0264, CN=[1.9477526]

=== Fit ===
Region 0: obs=2.064, exp=1.948, diff=+0.117 
Region 1: obs=1.598, exp=1.948, diff=-0.350 
Region 2: obs=1.695, exp=1.948, diff=-0.253 
Region 3: obs=2.060, exp=1.948, diff=+0.113 
Region 4: obs=1.822, exp=1.948, diff=-0.126 
Region 5: obs=2.047, exp=1.948, diff=+0.099 
Region 6: obs=2.263, exp=1.948, diff=+0.316 
Region 7: obs=2.035, exp=1.948, diff=+0.087 
Region 8: obs=2.577, exp=1.948, diff=+0.629 *
Region 9: obs=1.911, exp=1.948, diff=-0.037 
Region 10: obs=1.572, exp=1.948, diff=-0.376 
Region 11: obs=1.645, exp=1.948, diff=-0.303 
Region 12: obs=2.123, exp=1.948, diff=+0.175 
Region 13: obs=2.036, exp=1.948, diff=+0.089 
Region 14: obs=1.971, exp=1.948, diff=+0.023 
Region 15: obs=1.876, exp=1.948, diff=-0.072 
Region 16: obs=2.037, exp=1.948, diff=+0.089 
Region 17: obs=2.098, exp=1.948, diff=+0.150 
Region 18: obs=1.697, exp=1.948, diff=-0.251 
Region 19: obs=2.034, exp=1.948, diff=+0.086 
Region 20: obs=1.870, exp=1.948, diff=-0.078 

[Gene CN Results]
  CYP2B6: 1.95 → 1.9477521181106567
Using device: cuda

CYP2B6*1.001:

CYP2B6*1.002:

CYP2B6*1.003:

CYP2B6*1.004:

CYP2B6*1.005:

CYP2B6*1.006:

CYP2B6*1.007:

CYP2B6*1.008:

CYP2B6*1.009:

CYP2B6*1.010:

CYP2B6*1.011:

CYP2B6*1.012:

CYP2B6*1.013:

CYP2B6*1.014:

CYP2B6*1.015:

CYP2B6*4.001:

CYP2B6*4.002:

CYP2B6*6.001:

CYP2B6*6.002:

CYP2B6*6.003:

CYP2B6*6.004:

CYP2B6*9.001:

=== Running VAE with seed 2048 ===
Global Pooled JS: 0.033014
functional kld weight 0.0
Seed 2048, Step    0: Loss = 453.17 (Recon: 387.48, Allele KL: 35.51, Base KL: 4498.33, Functional KL: 0.03
Global Pooled JS: 0.012202
functional kld weight 27.77777777777777
Seed 2048, Step  500: Loss = 197.08 (Recon: 142.07, Allele KL: 26.90, Base KL: 3951.04, Functional KL: 0.01
Global Pooled JS: 0.010622
functional kld weight 222.22222222222217
Seed 2048, Step 1000: Loss = 206.54 (Recon: 151.87, Allele KL: 23.87, Base KL: 4180.90, Functional KL: 0.01
Global Pooled JS: 0.010196
functional kld weight 750.0
Seed 2048, Step 1500: Loss = 210.64 (Recon: 150.95, Allele KL: 23.35, Base KL: 4593.02, Functional KL: 0.01
Global Pooled JS: 0.008783
functional kld weight 1777.7777777777774
Seed 2048, Step 2000: Loss = 216.29 (Recon: 148.19, Allele KL: 22.41, Base KL: 5789.81, Functional KL: 0.01
Global Pooled JS: 0.009125
functional kld weight 3472.222222222223
Seed 2048, Step 2500: Loss = 235.94 (Recon: 147.60, Allele KL: 24.84, Base KL: 7539.38, Functional KL: 0.01

Top Variants with Coverage Mismatches:
Rank   Variant                        Expected     Observed     Diff       |Div|       
------------------------------------------------------------------------------------------
1      CYP2B6:41512840→T              16.32        21.00        -4.68      0.003450    
2      CYP2B6:41515262→A              28.26        21.00        7.26       0.001425    
3      CYP2B6:41515262→G              15.20        11.00        4.20       0.000971    
4      CYP2B6:41515262→P              0.04         0.00         0.04       0.000152    
5      CYP2B6:41515262→M              0.04         0.00         0.04       0.000151    
6      CYP2B6:41515262→C              0.04         0.00         0.04       0.000150    
7      CYP2B6:41515262→T              0.04         0.00         0.04       0.000149    
8      CYP2B6:41515262→N              0.04         0.00         0.04       0.000148    
9      CYP2B6:41512840→A              0.03         0.00         0.03       0.000136    
10     CYP2B6:41512840→M              0.03         0.00         0.03       0.000135    
11     CYP2B6:41512840→N              0.03         0.00         0.03       0.000134    
12     CYP2B6:41512840→C              0.03         0.00         0.03       0.000134    
13     CYP2B6:41512840→P              0.03         0.00         0.03       0.000132    
14     CYP2B6:41512840→G              27.16        26.00        1.16       0.000127    
New best model with final loss: 252.43

=== Multi-Seed VAE Results ===
Best model had seed 2048 with final loss: 252.43
All seeds final losses:
  Seed 2048: Total=252.43 (Recon=145.93, A_KL=30.01, B_KL=9597.83) <- Best

[Raw]:
CYP2B6*1: Normalized=0.6170, Unnormalized=0.62
CYP2B6*6: Normalized=0.3494, Unnormalized=0.35

[Alleles]
CYP2B6*1
CYP2B6*6
	Command being timed: "python cyp.py CYP2B6 /project/shared/aldy-data/wgs/NA18992.wgs.cram 2048"
	User time (seconds): 52.52
	System time (seconds): 11.06
	Percent of CPU this job got: 98%
	Elapsed (wall clock) time (h:mm:ss or m:ss): 1:04.25
	Average shared text size (kbytes): 0
	Average unshared data size (kbytes): 0
	Average stack size (kbytes): 0
	Average total size (kbytes): 0
	Maximum resident set size (kbytes): 1861740
	Average resident set size (kbytes): 0
	Major (requiring I/O) page faults: 0
	Minor (reclaiming a frame) page faults: 606394
	Voluntary context switches: 9884
	Involuntary context switches: 115
	Swaps: 0
	File system inputs: 0
	File system outputs: 24
	Socket messages sent: 0
	Socket messages received: 0
	Signals delivered: 0
	Page size (bytes): 4096
	Exit status: 0
