[info] total indices 441
[info] total variants 441
2.001 was filtered out as 41497273 C>T needs T but not covered
2.002 was filtered out as 41497273 C>T needs T but not covered
3.001 was filtered out as 41515254 C>A needs A but not covered
5.001 was filtered out as 41522714 C>T needs T but not covered
5.002 was filtered out as 41522714 C>T needs T but not covered
5.003 was filtered out as 41522714 C>T needs T but not covered
7.001 was filtered out as 41522714 C>T needs T but not covered
8.001 was filtered out as 41510281 A>G needs G but not covered
10.001 was filtered out as 41497273 C>T needs T but not covered
11.001 was filtered out as 41497345 A>G needs G but not covered
12.001 was filtered out as 41510029 G>A needs A but not covered
13.001 was filtered out as 41510281 A>G needs G but not covered
14.001 was filtered out as 41510285 G>A needs A but not covered
15.001 was filtered out as 41518597 T>A needs A but not covered
18.001 was filtered out as 41518220 T>C needs C but not covered
18.002 was filtered out as 41518220 T>C needs C but not covered
19.001 was filtered out as 41518243 C>T needs T but not covered
20.001 was filtered out as 41512827 C>T needs T but not covered
21.001 was filtered out as 41518707 C>A needs A but not covered
22.001 was filtered out as 41497128 T>C needs C but not covered
23.001 was filtered out as 41522630 A>G needs G but not covered
24.001 was filtered out as 41522682 G>A needs A but not covered
25.001 was filtered out as 41522709 A>T needs T but not covered
26.001 was filtered out as 41512823 C>G needs G but not covered
27.001 was filtered out as 41512917 T>C needs C but not covered
28.001 was filtered out as 41515992 C>G needs G but not covered
31.001 was filtered out as 41516012 C>A needs A but not covered
32.001 was filtered out as 41518644 G>A needs A but not covered
33.001 was filtered out as 41522714 C>A needs A but not covered
34.001 was filtered out as 41497128 T>C needs C but not covered
35.001 was filtered out as 41497128 T>C needs C but not covered
36.001 was filtered out as 41497128 T>C needs C but not covered
37.001 was filtered out as 41512872 T>G needs G but not covered
38.001 was filtered out as 41509919 T>A needs A but not covered
[filter] CYP2B6 1 => 1.001; 1.002; 1.003; 1.004; 1.005; 1.006; 1.007; 1.008; 1.009; 1.010; 1.011; 1.012; 1.013; 1.014; 1.015
[filter] CYP2B6 4 => 4.001; 4.002
[filter] CYP2B6 6 => 6.001; 6.002; 6.003; 6.004
[filter] CYP2B6 9 => 9.001
[filter] CYP2B6 17 => 17.001; 17.002
[filter] valid_alleles=24
Step 0: Loss=0.0600, CN=[2.0999167]
Step 100: Loss=0.0256, CN=[2.2727354]
Step 200: Loss=0.0256, CN=[2.2717187]
Step 300: Loss=0.0256, CN=[2.2717168]
Step 400: Loss=0.0256, CN=[2.2717166]

=== Fit ===
Region 0: obs=2.271, exp=2.272, diff=-0.001 
Region 1: obs=2.277, exp=2.272, diff=+0.006 
Region 2: obs=2.388, exp=2.272, diff=+0.116 
Region 3: obs=2.390, exp=2.272, diff=+0.119 
Region 4: obs=1.884, exp=2.272, diff=-0.388 
Region 5: obs=1.948, exp=2.272, diff=-0.324 
Region 6: obs=2.110, exp=2.272, diff=-0.162 
Region 7: obs=2.335, exp=2.272, diff=+0.063 
Region 8: obs=2.671, exp=2.272, diff=+0.399 
Region 9: obs=2.227, exp=2.272, diff=-0.045 
Region 10: obs=2.135, exp=2.272, diff=-0.137 
Region 11: obs=2.040, exp=2.272, diff=-0.232 
Region 12: obs=2.232, exp=2.272, diff=-0.040 
Region 13: obs=2.561, exp=2.272, diff=+0.289 
Region 14: obs=1.985, exp=2.272, diff=-0.287 
Region 15: obs=2.859, exp=2.272, diff=+0.587 *
Region 16: obs=2.272, exp=2.272, diff=+0.000 
Region 17: obs=2.384, exp=2.272, diff=+0.112 
Region 18: obs=2.341, exp=2.272, diff=+0.069 
Region 19: obs=2.298, exp=2.272, diff=+0.026 
Region 20: obs=2.188, exp=2.272, diff=-0.083 

[Gene CN Results]
  CYP2B6: 2.27 → 2.271717071533203
Using device: cuda

CYP2B6*1.001:

CYP2B6*1.002:

CYP2B6*1.003:

CYP2B6*1.004:

CYP2B6*1.005:

CYP2B6*1.006:

CYP2B6*1.007:

CYP2B6*1.008:

CYP2B6*1.009:

CYP2B6*1.010:

CYP2B6*1.011:

CYP2B6*1.012:

CYP2B6*1.013:

CYP2B6*1.014:

CYP2B6*1.015:

CYP2B6*4.001:

CYP2B6*4.002:

CYP2B6*6.001:

CYP2B6*6.002:

CYP2B6*6.003:

CYP2B6*6.004:

CYP2B6*9.001:

CYP2B6*17.001:

CYP2B6*17.002:

=== Running VAE with seed 3141 ===
Global Pooled JS: 0.032353
functional kld weight 0.0
Seed 3141, Step    0: Loss = 452.13 (Recon: 403.86, Allele KL: 20.38, Base KL: 3956.69, Functional KL: 0.03
Global Pooled JS: 0.005370
functional kld weight 27.77777777777777
Seed 3141, Step  500: Loss = 259.05 (Recon: 208.41, Allele KL: 25.89, Base KL: 2643.89, Functional KL: 0.01
Global Pooled JS: 0.006460
functional kld weight 222.22222222222217
Seed 3141, Step 1000: Loss = 256.22 (Recon: 205.82, Allele KL: 24.28, Base KL: 2795.30, Functional KL: 0.01
Global Pooled JS: 0.004632
functional kld weight 750.0
Seed 3141, Step 1500: Loss = 269.10 (Recon: 216.70, Allele KL: 23.39, Base KL: 3184.34, Functional KL: 0.00
Global Pooled JS: 0.005168
functional kld weight 1777.7777777777774
Seed 3141, Step 2000: Loss = 267.13 (Recon: 206.04, Allele KL: 25.87, Base KL: 3975.09, Functional KL: 0.01
Global Pooled JS: 0.004056
functional kld weight 3472.222222222223
Seed 3141, Step 2500: Loss = 274.24 (Recon: 206.85, Allele KL: 25.48, Base KL: 5792.29, Functional KL: 0.00

Top Variants with Coverage Mismatches:
Rank   Variant                        Expected     Observed     Diff       |Div|       
------------------------------------------------------------------------------------------
1      CYP2B6:41512840→G              19.64        26.00        -6.36      0.000728    
2      CYP2B6:41515262→G              19.75        17.00        2.75       0.000315    
3      CYP2B6:41512840→T              19.42        17.00        2.42       0.000257    
4      CYP2B6:41515262→A              19.32        18.00        1.32       0.000102    
5      CYP2B6:41512840→C              0.07         0.00         0.07       0.000100    
6      CYP2B6:41512840→M              0.07         0.00         0.07       0.000099    
7      CYP2B6:41512840→A              0.07         0.00         0.07       0.000099    
8      CYP2B6:41512840→N              0.07         0.00         0.07       0.000097    
9      CYP2B6:41512840→P              0.07         0.00         0.07       0.000097    
10     CYP2B6:41515262→P              0.07         0.00         0.07       0.000097    
11     CYP2B6:41515262→T              0.07         0.00         0.07       0.000096    
12     CYP2B6:41515262→C              0.06         0.00         0.06       0.000095    
13     CYP2B6:41515262→M              0.06         0.00         0.06       0.000095    
14     CYP2B6:41515262→N              0.06         0.00         0.06       0.000093    
15     CYP2B6:41497285→C              0.04         0.00         0.04       0.000059    
16     CYP2B6:41497285→N              0.04         0.00         0.04       0.000059    
17     CYP2B6:41497285→M              0.04         0.00         0.04       0.000059    
18     CYP2B6:41497285→G              0.04         0.00         0.04       0.000059    
19     CYP2B6:41497285→P              0.04         0.00         0.04       0.000058    
20     CYP2B6:41497292→P              0.04         0.00         0.04       0.000058    
21     CYP2B6:41497294→P              0.04         0.00         0.04       0.000057    
22     CYP2B6:41497294→G              0.04         0.00         0.04       0.000057    
23     CYP2B6:41497292→M              0.04         0.00         0.04       0.000057    
24     CYP2B6:41497292→C              0.04         0.00         0.04       0.000057    
25     CYP2B6:41497294→M              0.04         0.00         0.04       0.000057    
26     CYP2B6:41497295→T              0.04         0.00         0.04       0.000057    
27     CYP2B6:41497292→N              0.04         0.00         0.04       0.000056    
28     CYP2B6:41497294→T              0.04         0.00         0.04       0.000056    
29     CYP2B6:41497295→P              0.04         0.00         0.04       0.000056    
30     CYP2B6:41497295→N              0.04         0.00         0.04       0.000056    
31     CYP2B6:41497294→N              0.04         0.00         0.04       0.000056    
32     CYP2B6:41497292→T              0.04         0.00         0.04       0.000055    
33     CYP2B6:41497295→M              0.04         0.00         0.04       0.000055    
34     CYP2B6:41497295→A              0.04         0.00         0.04       0.000055    
35     CYP2B6:41497285→T              9.73         11.00        -1.27      0.000044    
36     CYP2B6:41497294→A              9.74         11.00        -1.26      0.000044    
37     CYP2B6:41497292→G              9.74         11.00        -1.26      0.000043    
38     CYP2B6:41497295→C              9.74         11.00        -1.26      0.000043    
39     CYP2B6:41497292→A              29.47        29.00        0.47       0.000034    
40     CYP2B6:41497294→C              29.47        31.00        -1.53      0.000006    
41     CYP2B6:41497295→G              29.47        31.00        -1.53      0.000006    
42     CYP2B6:41497285→A              29.47        31.00        -1.53      0.000006    
New best model with final loss: 290.06

=== Multi-Seed VAE Results ===
Best model had seed 3141 with final loss: 290.06
All seeds final losses:
  Seed 3141: Total=290.06 (Recon=207.46, A_KL=26.78, B_KL=8008.15) <- Best

[Raw]:
CYP2B6*6: Normalized=0.5001, Unnormalized=0.50
CYP2B6*17: Normalized=0.2532, Unnormalized=0.25
CYP2B6*1: Normalized=0.2319, Unnormalized=0.23

[Alleles]
CYP2B6*6
CYP2B6*17
	Command being timed: "python cyp.py CYP2B6 /project/shared/aldy-data/wgs/NA18519.wgs.cram 3141"
	User time (seconds): 53.71
	System time (seconds): 11.70
	Percent of CPU this job got: 99%
	Elapsed (wall clock) time (h:mm:ss or m:ss): 1:06.01
	Average shared text size (kbytes): 0
	Average unshared data size (kbytes): 0
	Average stack size (kbytes): 0
	Average total size (kbytes): 0
	Maximum resident set size (kbytes): 1866296
	Average resident set size (kbytes): 0
	Major (requiring I/O) page faults: 0
	Minor (reclaiming a frame) page faults: 595312
	Voluntary context switches: 9944
	Involuntary context switches: 92
	Swaps: 0
	File system inputs: 0
	File system outputs: 32
	Socket messages sent: 0
	Socket messages received: 0
	Signals delivered: 0
	Page size (bytes): 4096
	Exit status: 0
