[info] total indices 441
[info] total variants 441
2.001 was filtered out as 41497273 C>T needs T but not covered
2.002 was filtered out as 41497273 C>T needs T but not covered
3.001 was filtered out as 41515254 C>A needs A but not covered
5.001 was filtered out as 41522714 C>T needs T but not covered
5.002 was filtered out as 41522714 C>T needs T but not covered
5.003 was filtered out as 41522714 C>T needs T but not covered
7.001 was filtered out as 41522714 C>T needs T but not covered
8.001 was filtered out as 41510281 A>G needs G but not covered
10.001 was filtered out as 41497273 C>T needs T but not covered
11.001 was filtered out as 41497345 A>G needs G but not covered
12.001 was filtered out as 41510029 G>A needs A but not covered
13.001 was filtered out as 41510281 A>G needs G but not covered
14.001 was filtered out as 41510285 G>A needs A but not covered
15.001 was filtered out as 41518597 T>A needs A but not covered
17.001 was filtered out as 41497285 A>T needs T but not covered
17.002 was filtered out as 41497285 A>T needs T but not covered
18.001 was filtered out as 41518220 T>C needs C but not covered
18.002 was filtered out as 41518220 T>C needs C but not covered
19.001 was filtered out as 41518243 C>T needs T but not covered
20.001 was filtered out as 41512827 C>T needs T but not covered
21.001 was filtered out as 41518707 C>A needs A but not covered
22.001 was filtered out as 41497128 T>C needs C but not covered
23.001 was filtered out as 41522630 A>G needs G but not covered
24.001 was filtered out as 41522682 G>A needs A but not covered
25.001 was filtered out as 41522709 A>T needs T but not covered
26.001 was filtered out as 41512823 C>G needs G but not covered
27.001 was filtered out as 41512917 T>C needs C but not covered
28.001 was filtered out as 41515992 C>G needs G but not covered
31.001 was filtered out as 41516012 C>A needs A but not covered
32.001 was filtered out as 41518644 G>A needs A but not covered
33.001 was filtered out as 41522714 C>A needs A but not covered
34.001 was filtered out as 41497128 T>C needs C but not covered
35.001 was filtered out as 41497128 T>C needs C but not covered
36.001 was filtered out as 41497128 T>C needs C but not covered
37.001 was filtered out as 41512872 T>G needs G but not covered
38.001 was filtered out as 41509919 T>A needs A but not covered
[filter] CYP2B6 1 => 1.001; 1.002; 1.003; 1.004; 1.005; 1.006; 1.007; 1.008; 1.009; 1.010; 1.011; 1.012; 1.013; 1.014; 1.015
[filter] CYP2B6 4 => 4.001; 4.002
[filter] CYP2B6 6 => 6.001; 6.002; 6.003; 6.004
[filter] CYP2B6 9 => 9.001
[filter] valid_alleles=22
Step 0: Loss=0.0592, CN=[2.0999167]
Step 100: Loss=0.0384, CN=[2.2110147]
Step 200: Loss=0.0384, CN=[2.210381]
Step 300: Loss=0.0384, CN=[2.2103841]
Step 400: Loss=0.0384, CN=[2.210384]

=== Fit ===
Region 0: obs=2.299, exp=2.210, diff=+0.089 
Region 1: obs=1.843, exp=2.210, diff=-0.367 
Region 2: obs=1.331, exp=2.210, diff=-0.879 *
Region 3: obs=2.161, exp=2.210, diff=-0.049 
Region 4: obs=1.772, exp=2.210, diff=-0.438 
Region 5: obs=2.114, exp=2.210, diff=-0.096 
Region 6: obs=2.027, exp=2.210, diff=-0.183 
Region 7: obs=2.266, exp=2.210, diff=+0.056 
Region 8: obs=2.335, exp=2.210, diff=+0.125 
Region 9: obs=2.179, exp=2.210, diff=-0.032 
Region 10: obs=2.413, exp=2.210, diff=+0.202 
Region 11: obs=2.308, exp=2.210, diff=+0.098 
Region 12: obs=2.458, exp=2.210, diff=+0.248 
Region 13: obs=2.315, exp=2.210, diff=+0.104 
Region 14: obs=2.068, exp=2.210, diff=-0.143 
Region 15: obs=2.573, exp=2.210, diff=+0.363 
Region 16: obs=2.505, exp=2.210, diff=+0.294 
Region 17: obs=2.315, exp=2.210, diff=+0.104 
Region 18: obs=1.931, exp=2.210, diff=-0.280 
Region 19: obs=2.251, exp=2.210, diff=+0.041 
Region 20: obs=2.574, exp=2.210, diff=+0.364 

[Gene CN Results]
  CYP2B6: 2.21 → 2.210383892059326
Using device: cuda

CYP2B6*1.001:

CYP2B6*1.002:

CYP2B6*1.003:

CYP2B6*1.004:

CYP2B6*1.005:

CYP2B6*1.006:

CYP2B6*1.007:

CYP2B6*1.008:

CYP2B6*1.009:

CYP2B6*1.010:

CYP2B6*1.011:

CYP2B6*1.012:

CYP2B6*1.013:

CYP2B6*1.014:

CYP2B6*1.015:

CYP2B6*4.001:

CYP2B6*4.002:

CYP2B6*6.001:

CYP2B6*6.002:

CYP2B6*6.003:

CYP2B6*6.004:

CYP2B6*9.001:

=== Running VAE with seed 1024 ===
Global Pooled JS: 0.071508
functional kld weight 0.0
Seed 1024, Step    0: Loss = 934.81 (Recon: 882.45, Allele KL: 24.58, Base KL: 2499.19, Functional KL: 0.07
Global Pooled JS: 0.092245
functional kld weight 27.77777777777777
Seed 1024, Step  500: Loss = 228.35 (Recon: 167.56, Allele KL: 31.05, Base KL: 3635.73, Functional KL: 0.09
Global Pooled JS: 0.059138
functional kld weight 222.22222222222217
Seed 1024, Step 1000: Loss = 240.06 (Recon: 179.30, Allele KL: 19.75, Base KL: 3572.51, Functional KL: 0.06
Global Pooled JS: 0.040702
functional kld weight 750.0
Seed 1024, Step 1500: Loss = 264.62 (Recon: 183.25, Allele KL: 22.88, Base KL: 4017.24, Functional KL: 0.04
Global Pooled JS: 0.006647
functional kld weight 1777.7777777777774
Seed 1024, Step 2000: Loss = 301.16 (Recon: 228.69, Allele KL: 32.15, Base KL: 4918.56, Functional KL: 0.01
Global Pooled JS: 0.006620
functional kld weight 3472.222222222223
Seed 1024, Step 2500: Loss = 308.23 (Recon: 225.54, Allele KL: 29.23, Base KL: 6484.86, Functional KL: 0.01

Top Variants with Coverage Mismatches:
Rank   Variant                        Expected     Observed     Diff       |Div|       
------------------------------------------------------------------------------------------
1      CYP2B6:41515262→G              18.14        12.00        6.14       0.005528    
2      CYP2B6:41512840→G              24.71        35.00        -10.29     0.002314    
3      CYP2B6:41515262→M              0.05         0.00         0.05       0.000189    
4      CYP2B6:41515262→N              0.05         0.00         0.05       0.000184    
5      CYP2B6:41515262→T              0.05         0.00         0.05       0.000181    
6      CYP2B6:41515262→P              0.04         0.00         0.04       0.000180    
7      CYP2B6:41515262→C              0.04         0.00         0.04       0.000173    
8      CYP2B6:41512840→A              0.04         0.00         0.04       0.000152    
9      CYP2B6:41512840→N              0.04         0.00         0.04       0.000145    
10     CYP2B6:41512840→P              0.04         0.00         0.04       0.000144    
11     CYP2B6:41512840→M              0.04         0.00         0.04       0.000142    
12     CYP2B6:41512840→C              0.03         0.00         0.03       0.000140    
13     CYP2B6:41512840→T              18.16        21.00        -2.84      0.000036    
14     CYP2B6:41515262→A              24.69        28.00        -3.31      0.000011    
New best model with final loss: 333.44

=== Multi-Seed VAE Results ===
Best model had seed 1024 with final loss: 333.44
All seeds final losses:
  Seed 1024: Total=333.44 (Recon=208.80, A_KL=28.86, B_KL=8745.97) <- Best

[Raw]:
CYP2B6*1: Normalized=0.5676, Unnormalized=0.57
CYP2B6*6: Normalized=0.4227, Unnormalized=0.42

[Alleles]
CYP2B6*1
CYP2B6*6
	Command being timed: "python cyp.py CYP2B6 /project/shared/aldy-data/wgs/NA10847.wgs.cram 1024"
	User time (seconds): 52.20
	System time (seconds): 11.45
	Percent of CPU this job got: 99%
	Elapsed (wall clock) time (h:mm:ss or m:ss): 1:04.09
	Average shared text size (kbytes): 0
	Average unshared data size (kbytes): 0
	Average stack size (kbytes): 0
	Average total size (kbytes): 0
	Maximum resident set size (kbytes): 1872012
	Average resident set size (kbytes): 0
	Major (requiring I/O) page faults: 0
	Minor (reclaiming a frame) page faults: 590675
	Voluntary context switches: 12088
	Involuntary context switches: 476
	Swaps: 0
	File system inputs: 0
	File system outputs: 24
	Socket messages sent: 0
	Socket messages received: 0
	Signals delivered: 0
	Page size (bytes): 4096
	Exit status: 0
