[info] total indices 224
[info] total variants 224
2.001 was filtered out as 96818105 T>A needs A but not covered
2.002 was filtered out as 96818105 T>A needs A but not covered
4.001 was filtered out as 96818118 G>C needs C but not covered
4.002 was filtered out as 96818118 G>C needs C but not covered
5.001 was filtered out as 96826970 delT needs N but not covered
6.001 was filtered out as 96824687 C>T needs T but not covered
7.001 was filtered out as 96824642 G>A needs A but not covered
8.001 was filtered out as 96824642 G>C needs C but not covered
9.001 was filtered out as 96818170 T>C needs C but not covered
10.001 was filtered out as 96802646 C>A needs A but not covered
11.001 was filtered out as 96805707 C>A needs A but not covered
12.001 was filtered out as 96796973 delCAA needs N but not covered
13.001 was filtered out as 96818241 A>C needs C but not covered
14.001 was filtered out as 96818198 C>G needs G but not covered
15.001 was filtered out as 96824657 C>T needs T but not covered
16.001 was filtered out as 96802803 A>G needs G but not covered
17.001 was filtered out as 96818180 T>C needs C but not covered
18.001 was filtered out as 96802714 G>A needs A but not covered
[filter] CYP2C8 1.001 => 1.001; 1.002; 1.003; 1.004; 1.005; 1.006; 1.007; 1.008; 1.009; 1.010; 1.011; 1.012; 1.013; 1.014; 1.015; 1.016; 1.017; 1.018
[filter] CYP2C8 3.001 => 3.001; 3.002
[filter] valid_alleles=20
Step 0: Loss=0.0329, CN=[1.9000832]
Step 100: Loss=0.0281, CN=[1.9013724]
Step 200: Loss=0.0281, CN=[1.9017731]
Step 300: Loss=0.0281, CN=[1.9017731]
Step 400: Loss=0.0281, CN=[1.9017733]

=== Fit ===
Region 0: obs=2.013, exp=1.902, diff=+0.111 
Region 1: obs=1.902, exp=1.902, diff=+0.000 
Region 2: obs=2.192, exp=1.902, diff=+0.290 
Region 3: obs=1.965, exp=1.902, diff=+0.063 
Region 4: obs=1.740, exp=1.902, diff=-0.162 
Region 5: obs=1.808, exp=1.902, diff=-0.094 
Region 6: obs=2.401, exp=1.902, diff=+0.499 
Region 7: obs=2.080, exp=1.902, diff=+0.178 
Region 8: obs=1.485, exp=1.902, diff=-0.417 
Region 9: obs=1.727, exp=1.902, diff=-0.175 
Region 10: obs=1.580, exp=1.902, diff=-0.321 
Region 11: obs=1.906, exp=1.902, diff=+0.004 
Region 12: obs=2.015, exp=1.902, diff=+0.113 
Region 13: obs=1.871, exp=1.902, diff=-0.030 
Region 14: obs=2.021, exp=1.902, diff=+0.120 
Region 15: obs=1.820, exp=1.902, diff=-0.082 
Region 16: obs=2.209, exp=1.902, diff=+0.307 
Region 17: obs=1.925, exp=1.902, diff=+0.023 
Region 18: obs=1.451, exp=1.902, diff=-0.450 
Region 19: obs=1.663, exp=1.902, diff=-0.239 
Region 20: obs=2.162, exp=1.902, diff=+0.261 

[Gene CN Results]
  CYP2C8: 1.90 → 1.9017728567123413
Using device: cuda

CYP2C8*1.001:

CYP2C8*1.002:

CYP2C8*1.003:

CYP2C8*1.004:

CYP2C8*1.005:

CYP2C8*1.006:

CYP2C8*1.007:

CYP2C8*1.008:

CYP2C8*1.009:

CYP2C8*1.010:

CYP2C8*1.011:

CYP2C8*1.012:

CYP2C8*1.013:

CYP2C8*1.014:

CYP2C8*1.015:

CYP2C8*1.016:

CYP2C8*1.017:

CYP2C8*1.018:

CYP2C8*3.001:

CYP2C8*3.002:

=== Running VAE with seed 3141 ===
Global Pooled JS: 0.158352
functional kld weight 0.0
Seed 3141, Step    0: Loss = 364.50 (Recon: 317.08, Allele KL: 20.46, Base KL: 1907.43, Functional KL: 0.16
Global Pooled JS: 0.021437
functional kld weight 27.77777777777777
Seed 3141, Step  500: Loss = 150.59 (Recon: 101.72, Allele KL: 21.42, Base KL: 3847.19, Functional KL: 0.02
Global Pooled JS: 0.006108
functional kld weight 222.22222222222217
Seed 3141, Step 1000: Loss = 150.59 (Recon: 96.69, Allele KL: 25.77, Base KL: 4167.90, Functional KL: 0.01
Global Pooled JS: 0.004841
functional kld weight 750.0
Seed 3141, Step 1500: Loss = 153.29 (Recon: 92.80, Allele KL: 29.27, Base KL: 5166.18, Functional KL: 0.00
Global Pooled JS: 0.004125
functional kld weight 1777.7777777777774
Seed 3141, Step 2000: Loss = 157.31 (Recon: 96.67, Allele KL: 23.99, Base KL: 6803.37, Functional KL: 0.00
Global Pooled JS: 0.004127
functional kld weight 3472.222222222223
Seed 3141, Step 2500: Loss = 162.06 (Recon: 95.48, Allele KL: 20.93, Base KL: 9012.34, Functional KL: 0.00

Top Variants with Coverage Mismatches:
Rank   Variant                        Expected     Observed     Diff       |Div|       
------------------------------------------------------------------------------------------
1      CYP2C8:96798748→T              20.61        23.00        -2.39      0.000449    
2      CYP2C8:96827029→C              20.61        29.00        -8.39      0.000268    
3      CYP2C8:96827029→T              27.39        38.00        -10.61     0.000257    
4      CYP2C8:96798748→A              0.04         0.00         0.04       0.000148    
5      CYP2C8:96798748→M              0.04         0.00         0.04       0.000147    
6      CYP2C8:96798748→P              0.04         0.00         0.04       0.000147    
7      CYP2C8:96798748→G              0.04         0.00         0.04       0.000146    
8      CYP2C8:96798748→N              0.04         0.00         0.04       0.000143    
9      CYP2C8:96827029→N              0.04         0.00         0.04       0.000136    
10     CYP2C8:96827029→G              0.04         0.00         0.04       0.000135    
11     CYP2C8:96827029→M              0.04         0.00         0.04       0.000134    
12     CYP2C8:96827029→A              0.04         0.00         0.04       0.000134    
13     CYP2C8:96827029→P              0.04         0.00         0.04       0.000133    
14     CYP2C8:96798748→C              27.38        33.00        -5.62      0.000113    
New best model with final loss: 175.46

=== Multi-Seed VAE Results ===
Best model had seed 3141 with final loss: 175.46
All seeds final losses:
  Seed 3141: Total=175.46 (Recon=89.59, A_KL=27.71, B_KL=11506.70) <- Best

[Raw]:
CYP2C8*3: Normalized=0.5735, Unnormalized=0.57
CYP2C8*1: Normalized=0.4265, Unnormalized=0.43

[Alleles]
CYP2C8*3
CYP2C8*1
	Command being timed: "python cyp.py CYP2C8 /project/shared/aldy-data/wgs/HG00276.wgs.cram 3141"
	User time (seconds): 82.97
	System time (seconds): 16.58
	Percent of CPU this job got: 99%
	Elapsed (wall clock) time (h:mm:ss or m:ss): 1:39.86
	Average shared text size (kbytes): 0
	Average unshared data size (kbytes): 0
	Average stack size (kbytes): 0
	Average total size (kbytes): 0
	Maximum resident set size (kbytes): 1902468
	Average resident set size (kbytes): 0
	Major (requiring I/O) page faults: 0
	Minor (reclaiming a frame) page faults: 536769
	Voluntary context switches: 10366
	Involuntary context switches: 156
	Swaps: 0
	File system inputs: 0
	File system outputs: 24
	Socket messages sent: 0
	Socket messages received: 0
	Signals delivered: 0
	Page size (bytes): 4096
	Exit status: 0
