[info] total indices 224
[info] total variants 224
2.001 was filtered out as 96818105 T>A needs A but not covered
2.002 was filtered out as 96818105 T>A needs A but not covered
3.001 was filtered out as 96827029 C>T needs T but not covered
3.002 was filtered out as 96827029 C>T needs T but not covered
4.001 was filtered out as 96818118 G>C needs C but not covered
4.002 was filtered out as 96818118 G>C needs C but not covered
5.001 was filtered out as 96826970 delT needs N but not covered
6.001 was filtered out as 96824687 C>T needs T but not covered
7.001 was filtered out as 96824642 G>A needs A but not covered
8.001 was filtered out as 96824642 G>C needs C but not covered
9.001 was filtered out as 96818170 T>C needs C but not covered
10.001 was filtered out as 96802646 C>A needs A but not covered
11.001 was filtered out as 96805707 C>A needs A but not covered
12.001 was filtered out as 96796973 delCAA needs N but not covered
13.001 was filtered out as 96818241 A>C needs C but not covered
14.001 was filtered out as 96818198 C>G needs G but not covered
15.001 was filtered out as 96824657 C>T needs T but not covered
16.001 was filtered out as 96802803 A>G needs G but not covered
17.001 was filtered out as 96818180 T>C needs C but not covered
18.001 was filtered out as 96802714 G>A needs A but not covered
[filter] CYP2C8 1.001 => 1.001; 1.002; 1.003; 1.004; 1.005; 1.006; 1.007; 1.008; 1.009; 1.010; 1.011; 1.012; 1.013; 1.014; 1.015; 1.016; 1.017; 1.018
[filter] valid_alleles=18
Step 0: Loss=0.1828, CN=[2.0999167]
Step 100: Loss=0.0368, CN=[2.5908198]
Step 200: Loss=0.0368, CN=[2.5933244]
Step 300: Loss=0.0368, CN=[2.5933213]
Step 400: Loss=0.0368, CN=[2.593321]

=== Fit ===
Region 0: obs=2.568, exp=2.593, diff=-0.026 
Region 1: obs=2.605, exp=2.593, diff=+0.011 
Region 2: obs=2.079, exp=2.593, diff=-0.514 *
Region 3: obs=2.282, exp=2.593, diff=-0.312 
Region 4: obs=2.192, exp=2.593, diff=-0.402 
Region 5: obs=2.016, exp=2.593, diff=-0.577 *
Region 6: obs=2.617, exp=2.593, diff=+0.023 
Region 7: obs=2.807, exp=2.593, diff=+0.214 
Region 8: obs=3.064, exp=2.593, diff=+0.470 
Region 9: obs=2.470, exp=2.593, diff=-0.124 
Region 10: obs=2.961, exp=2.593, diff=+0.367 
Region 11: obs=2.687, exp=2.593, diff=+0.094 
Region 12: obs=2.876, exp=2.593, diff=+0.283 
Region 13: obs=2.624, exp=2.593, diff=+0.030 
Region 14: obs=2.622, exp=2.593, diff=+0.029 
Region 15: obs=2.560, exp=2.593, diff=-0.033 
Region 16: obs=2.889, exp=2.593, diff=+0.296 
Region 17: obs=2.521, exp=2.593, diff=-0.072 
Region 18: obs=2.442, exp=2.593, diff=-0.151 
Region 19: obs=2.860, exp=2.593, diff=+0.266 
Region 20: obs=2.628, exp=2.593, diff=+0.034 

[Gene CN Results]
  CYP2C8: 2.59 → 2.5933213233947754
Using device: cuda

CYP2C8*1.001:

CYP2C8*1.002:

CYP2C8*1.003:

CYP2C8*1.004:

CYP2C8*1.005:

CYP2C8*1.006:

CYP2C8*1.007:

CYP2C8*1.008:

CYP2C8*1.009:

CYP2C8*1.010:

CYP2C8*1.011:

CYP2C8*1.012:

CYP2C8*1.013:

CYP2C8*1.014:

CYP2C8*1.015:

CYP2C8*1.016:

CYP2C8*1.017:

CYP2C8*1.018:

=== Running VAE with seed 3141 ===
Global Pooled JS: 0.000000
functional kld weight 0.0
Seed 3141, Step    0: Loss = 269.59 (Recon: 233.47, Allele KL: 7.62, Base KL: 934.01, Functional KL: 0.00
Global Pooled JS: 0.000000
functional kld weight 27.77777777777777
Seed 3141, Step  500: Loss = 142.33 (Recon: 94.25, Allele KL: 19.87, Base KL: 3125.64, Functional KL: 0.00
Global Pooled JS: 0.000000
functional kld weight 222.22222222222217
Seed 3141, Step 1000: Loss = 129.17 (Recon: 79.38, Allele KL: 21.86, Base KL: 3086.38, Functional KL: 0.00
Global Pooled JS: 0.000000
functional kld weight 750.0
Seed 3141, Step 1500: Loss = 143.96 (Recon: 95.73, Allele KL: 20.50, Base KL: 3266.12, Functional KL: 0.00
Global Pooled JS: 0.000000
functional kld weight 1777.7777777777774
Seed 3141, Step 2000: Loss = 132.82 (Recon: 84.46, Allele KL: 20.14, Base KL: 3108.23, Functional KL: 0.00
Global Pooled JS: 0.000000
functional kld weight 3472.222222222223
Seed 3141, Step 2500: Loss = 127.84 (Recon: 80.19, Allele KL: 19.42, Base KL: 3208.75, Functional KL: 0.00

Top Variants with Coverage Mismatches:
Rank   Variant                        Expected     Observed     Diff       |Div|       
------------------------------------------------------------------------------------------
New best model with final loss: 129.66

=== Multi-Seed VAE Results ===
Best model had seed 3141 with final loss: 129.66
All seeds final losses:
  Seed 3141: Total=129.66 (Recon=79.62, A_KL=22.10, B_KL=3152.58) <- Best

[Raw]:
CYP2C8*1: Normalized=1.0000, Unnormalized=1.00

[Alleles]
CYP2C8*1
CYP2C8*1
	Command being timed: "python cyp.py CYP2C8 /project/shared/aldy-data/wgs/NA19007.wgs.cram 3141"
	User time (seconds): 97.72
	System time (seconds): 20.96
	Percent of CPU this job got: 99%
	Elapsed (wall clock) time (h:mm:ss or m:ss): 1:58.95
	Average shared text size (kbytes): 0
	Average unshared data size (kbytes): 0
	Average stack size (kbytes): 0
	Average total size (kbytes): 0
	Maximum resident set size (kbytes): 1888284
	Average resident set size (kbytes): 0
	Major (requiring I/O) page faults: 0
	Minor (reclaiming a frame) page faults: 484445
	Voluntary context switches: 9953
	Involuntary context switches: 202
	Swaps: 0
	File system inputs: 0
	File system outputs: 24
	Socket messages sent: 0
	Socket messages received: 0
	Signals delivered: 0
	Page size (bytes): 4096
	Exit status: 0
