[info] total indices 175
[info] total variants 175
1.001 was filtered out as 99270538 T>C needs T but not covered
1.002 was filtered out as 99270538 T>C needs T but not covered
1.003 was filtered out as 99270538 T>C needs T but not covered
1.004 was filtered out as 99270538 T>C needs T but not covered
1.005 was filtered out as 99270538 T>C needs T but not covered
3.002 was filtered out as 99273814 G>A needs A but not covered
3.003 was filtered out as 99270275 A>C needs C but not covered
3.004 was filtered out as 99245973 A>G needs G but not covered
3.005 was filtered out as 99264572 A>G needs G but not covered
3.006 was filtered out as 99247742 T>C needs C but not covered
3.007 was filtered out as 99247771 A>G needs G but not covered
3.008 was filtered out as 99273744 T>C needs C but not covered
3.009 was filtered out as 99262859 T>C needs C but not covered
3.010 was filtered out as 99250235 G>T needs T but not covered
3.017 was filtered out as 99262850 A>C needs C but not covered
6.001 was filtered out as 99270538 T>C needs T but not covered
7.001 was filtered out as 99270538 T>C needs T but not covered
8.001 was filtered out as 99270538 T>C needs T but not covered
9.001 was filtered out as 99270538 T>C needs T but not covered
[filter] CYP3A5 3 => 3.001; 3.012; 3.013; 3.014; 3.015; 3.016
[filter] valid_alleles=6
Step 0: Loss=0.0284, CN=[2.0999167]
Step 100: Loss=0.0278, CN=[2.0367315]
Step 200: Loss=0.0278, CN=[2.036547]
Step 300: Loss=0.0278, CN=[2.0365453]
Step 400: Loss=0.0278, CN=[2.0365455]

=== Fit ===
Region 0: obs=1.941, exp=2.037, diff=-0.095 
Region 1: obs=1.920, exp=2.037, diff=-0.117 
Region 2: obs=2.081, exp=2.037, diff=+0.044 
Region 3: obs=2.010, exp=2.037, diff=-0.026 
Region 4: obs=2.042, exp=2.037, diff=+0.006 
Region 5: obs=1.908, exp=2.037, diff=-0.129 
Region 6: obs=1.966, exp=2.037, diff=-0.071 
Region 7: obs=2.014, exp=2.037, diff=-0.023 
Region 8: obs=1.502, exp=2.037, diff=-0.535 *
Region 9: obs=2.073, exp=2.037, diff=+0.037 
Region 10: obs=1.883, exp=2.037, diff=-0.153 
Region 11: obs=2.253, exp=2.037, diff=+0.216 
Region 12: obs=1.998, exp=2.037, diff=-0.038 
Region 13: obs=2.168, exp=2.037, diff=+0.131 
Region 14: obs=2.247, exp=2.037, diff=+0.211 
Region 15: obs=2.102, exp=2.037, diff=+0.066 
Region 16: obs=2.009, exp=2.037, diff=-0.028 
Region 17: obs=1.965, exp=2.037, diff=-0.072 
Region 18: obs=1.875, exp=2.037, diff=-0.161 
Region 19: obs=2.130, exp=2.037, diff=+0.093 
Region 20: obs=1.553, exp=2.037, diff=-0.483 
Region 21: obs=2.035, exp=2.037, diff=-0.002 
Region 22: obs=2.045, exp=2.037, diff=+0.008 
Region 23: obs=1.948, exp=2.037, diff=-0.088 
Region 24: obs=1.801, exp=2.037, diff=-0.236 
Region 25: obs=2.109, exp=2.037, diff=+0.072 
Region 26: obs=2.644, exp=2.037, diff=+0.607 *
Region 27: obs=2.611, exp=2.037, diff=+0.575 *
Region 28: obs=2.373, exp=2.037, diff=+0.337 

[Gene CN Results]
  CYP3A5: 2.04 → 2.03654408454895
Using device: cuda

CYP3A5*3.001:

CYP3A5*3.012:

CYP3A5*3.013:

CYP3A5*3.014:

CYP3A5*3.015:

CYP3A5*3.016:

=== Running VAE with seed 3141 ===
Global Pooled JS: 0.017318
functional kld weight 0.0
Seed 3141, Step    0: Loss = 112.01 (Recon: 82.00, Allele KL: 3.33, Base KL: 148.46, Functional KL: 0.02
Global Pooled JS: 0.010172
functional kld weight 27.77777777777777
Seed 3141, Step  500: Loss = 62.85 (Recon: 26.59, Allele KL: 11.72, Base KL: 4251.80, Functional KL: 0.01
Global Pooled JS: 0.007647
functional kld weight 222.22222222222217
Seed 3141, Step 1000: Loss = 61.35 (Recon: 26.83, Allele KL: 7.85, Base KL: 5007.28, Functional KL: 0.01
Global Pooled JS: 0.004869
functional kld weight 750.0
Seed 3141, Step 1500: Loss = 62.39 (Recon: 25.74, Allele KL: 6.79, Base KL: 6446.41, Functional KL: 0.00
Global Pooled JS: 0.004240
functional kld weight 1777.7777777777774
Seed 3141, Step 2000: Loss = 75.13 (Recon: 29.89, Allele KL: 8.95, Base KL: 8768.70, Functional KL: 0.00
Global Pooled JS: 0.002149
functional kld weight 3472.222222222223
Seed 3141, Step 2500: Loss = 70.08 (Recon: 24.28, Allele KL: 7.83, Base KL: 11212.23, Functional KL: 0.00

Top Variants with Coverage Mismatches:
Rank   Variant                        Expected     Observed     Diff       |Div|       
------------------------------------------------------------------------------------------
1      CYP3A5:99270538→T              0.03         0.00         0.03       0.000255    
2      CYP3A5:99270538→A              0.03         0.00         0.03       0.000254    
3      CYP3A5:99270538→M              0.03         0.00         0.03       0.000254    
4      CYP3A5:99270538→G              0.03         0.00         0.03       0.000253    
5      CYP3A5:99270538→P              0.03         0.00         0.03       0.000253    
6      CYP3A5:99270538→N              0.03         0.00         0.03       0.000251    
7      CYP3A5:99270538→C              41.82        34.00        7.82       0.000002    
New best model with final loss: 74.84

=== Multi-Seed VAE Results ===
Best model had seed 3141 with final loss: 74.84
All seeds final losses:
  Seed 3141: Total=74.84 (Recon=23.35, A_KL=10.65, B_KL=13920.03) <- Best

[Raw]:
CYP3A5*3: Normalized=1.0000, Unnormalized=1.00

[Alleles]
CYP3A5*3
CYP3A5*3
	Command being timed: "python cyp.py CYP3A5 /project/shared/aldy-data/wgs/NA12156.wgs.cram 3141"
	User time (seconds): 52.79
	System time (seconds): 10.38
	Percent of CPU this job got: 98%
	Elapsed (wall clock) time (h:mm:ss or m:ss): 1:03.83
	Average shared text size (kbytes): 0
	Average unshared data size (kbytes): 0
	Average stack size (kbytes): 0
	Average total size (kbytes): 0
	Maximum resident set size (kbytes): 1895052
	Average resident set size (kbytes): 0
	Major (requiring I/O) page faults: 0
	Minor (reclaiming a frame) page faults: 566893
	Voluntary context switches: 9990
	Involuntary context switches: 119
	Swaps: 0
	File system inputs: 0
	File system outputs: 24
	Socket messages sent: 0
	Socket messages received: 0
	Signals delivered: 0
	Page size (bytes): 4096
	Exit status: 0
