[info] total indices 175
[info] total variants 175
3.002 was filtered out as 99273814 G>A needs A but not covered
3.003 was filtered out as 99270275 A>C needs C but not covered
3.004 was filtered out as 99245973 A>G needs G but not covered
3.005 was filtered out as 99264572 A>G needs G but not covered
3.006 was filtered out as 99247742 T>C needs C but not covered
3.007 was filtered out as 99247771 A>G needs G but not covered
3.008 was filtered out as 99273744 T>C needs C but not covered
3.009 was filtered out as 99262859 T>C needs C but not covered
3.010 was filtered out as 99250235 G>T needs T but not covered
3.017 was filtered out as 99262850 A>C needs C but not covered
6.001 was filtered out as 99262834 C>T needs T but not covered
7.001 was filtered out as 99250392 insA needs P but not covered
8.001 was filtered out as 99273820 G>A needs A but not covered
9.001 was filtered out as 99258138 C>T needs T but not covered
[filter] CYP3A5 1 => 1.001; 1.002; 1.003; 1.004; 1.005
[filter] CYP3A5 3 => 3.001; 3.012; 3.013; 3.014; 3.015; 3.016
[filter] valid_alleles=11
Step 0: Loss=0.0648, CN=[2.0999167]
Step 100: Loss=0.0255, CN=[2.2898383]
Step 200: Loss=0.0255, CN=[2.290897]
Step 300: Loss=0.0255, CN=[2.2909002]
Step 400: Loss=0.0255, CN=[2.2909005]

=== Fit ===
Region 0: obs=2.276, exp=2.291, diff=-0.015 
Region 1: obs=1.783, exp=2.291, diff=-0.507 *
Region 2: obs=1.789, exp=2.291, diff=-0.502 *
Region 3: obs=2.151, exp=2.291, diff=-0.140 
Region 4: obs=2.052, exp=2.291, diff=-0.239 
Region 5: obs=2.215, exp=2.291, diff=-0.076 
Region 6: obs=2.227, exp=2.291, diff=-0.064 
Region 7: obs=2.134, exp=2.291, diff=-0.157 
Region 8: obs=1.997, exp=2.291, diff=-0.294 
Region 9: obs=2.377, exp=2.291, diff=+0.087 
Region 10: obs=2.787, exp=2.291, diff=+0.496 
Region 11: obs=2.506, exp=2.291, diff=+0.216 
Region 12: obs=2.561, exp=2.291, diff=+0.271 
Region 13: obs=2.411, exp=2.291, diff=+0.120 
Region 14: obs=2.337, exp=2.291, diff=+0.046 
Region 15: obs=2.301, exp=2.291, diff=+0.010 
Region 16: obs=2.125, exp=2.291, diff=-0.166 
Region 17: obs=2.254, exp=2.291, diff=-0.037 
Region 18: obs=2.438, exp=2.291, diff=+0.147 
Region 19: obs=2.329, exp=2.291, diff=+0.038 
Region 20: obs=2.358, exp=2.291, diff=+0.067 
Region 21: obs=2.242, exp=2.291, diff=-0.049 
Region 22: obs=2.143, exp=2.291, diff=-0.148 
Region 23: obs=2.268, exp=2.291, diff=-0.023 
Region 24: obs=2.793, exp=2.291, diff=+0.502 *
Region 25: obs=2.434, exp=2.291, diff=+0.143 
Region 26: obs=2.443, exp=2.291, diff=+0.152 
Region 27: obs=2.354, exp=2.291, diff=+0.064 
Region 28: obs=2.343, exp=2.291, diff=+0.052 

[Gene CN Results]
  CYP3A5: 2.29 → 2.290900468826294
Using device: cuda

CYP3A5*1.001:

CYP3A5*1.002:

CYP3A5*1.003:

CYP3A5*1.004:

CYP3A5*1.005:

CYP3A5*3.001:

CYP3A5*3.012:

CYP3A5*3.013:

CYP3A5*3.014:

CYP3A5*3.015:

CYP3A5*3.016:

=== Running VAE with seed 3141 ===
Global Pooled JS: 0.121599
functional kld weight 0.0
Seed 3141, Step    0: Loss = 181.25 (Recon: 151.36, Allele KL: 3.34, Base KL: 385.35, Functional KL: 0.12
Global Pooled JS: 0.008468
functional kld weight 27.77777777777777
Seed 3141, Step  500: Loss = 92.45 (Recon: 52.29, Allele KL: 13.51, Base KL: 2748.94, Functional KL: 0.01
Global Pooled JS: 0.014753
functional kld weight 222.22222222222217
Seed 3141, Step 1000: Loss = 95.12 (Recon: 54.53, Allele KL: 10.50, Base KL: 3008.28, Functional KL: 0.01
Global Pooled JS: 0.004455
functional kld weight 750.0
Seed 3141, Step 1500: Loss = 96.41 (Recon: 52.58, Allele KL: 13.07, Base KL: 3675.63, Functional KL: 0.00
Global Pooled JS: 0.004794
functional kld weight 1777.7777777777774
Seed 3141, Step 2000: Loss = 102.51 (Recon: 50.48, Allele KL: 15.48, Base KL: 4722.24, Functional KL: 0.00
Global Pooled JS: 0.002762
functional kld weight 3472.222222222223
Seed 3141, Step 2500: Loss = 105.94 (Recon: 51.14, Allele KL: 15.34, Base KL: 6338.54, Functional KL: 0.00

Top Variants with Coverage Mismatches:
Rank   Variant                        Expected     Observed     Diff       |Div|       
------------------------------------------------------------------------------------------
1      CYP3A5:99270538→A              0.03         0.00         0.03       0.000225    
2      CYP3A5:99270538→G              0.03         0.00         0.03       0.000221    
3      CYP3A5:99270538→N              0.03         0.00         0.03       0.000219    
4      CYP3A5:99270538→P              0.02         0.00         0.02       0.000217    
5      CYP3A5:99270538→M              0.02         0.00         0.02       0.000216    
6      CYP3A5:99270538→C              16.95        17.00        -0.05      0.000119    
7      CYP3A5:99270538→T              22.62        21.00        1.62       0.000066    
New best model with final loss: 107.52

=== Multi-Seed VAE Results ===
Best model had seed 3141 with final loss: 107.52
All seeds final losses:
  Seed 3141: Total=107.52 (Recon=47.95, A_KL=19.70, B_KL=8314.27) <- Best

[Raw]:
CYP3A5*1: Normalized=0.5690, Unnormalized=0.57
CYP3A5*3: Normalized=0.4310, Unnormalized=0.43

[Alleles]
CYP3A5*1
CYP3A5*3
	Command being timed: "python cyp.py CYP3A5 /project/shared/aldy-data/wgs/NA18565.wgs.cram 3141"
	User time (seconds): 96.18
	System time (seconds): 20.16
	Percent of CPU this job got: 99%
	Elapsed (wall clock) time (h:mm:ss or m:ss): 1:56.74
	Average shared text size (kbytes): 0
	Average unshared data size (kbytes): 0
	Average stack size (kbytes): 0
	Average total size (kbytes): 0
	Maximum resident set size (kbytes): 1873256
	Average resident set size (kbytes): 0
	Major (requiring I/O) page faults: 0
	Minor (reclaiming a frame) page faults: 488678
	Voluntary context switches: 11671
	Involuntary context switches: 1508
	Swaps: 0
	File system inputs: 0
	File system outputs: 24
	Socket messages sent: 0
	Socket messages received: 0
	Signals delivered: 0
	Page size (bytes): 4096
	Exit status: 0
