[info] total indices 175
[info] total variants 175
3.001 was filtered out as 99270538 T>C needs C but not covered
3.012 was filtered out as 99270538 T>C needs C but not covered
3.013 was filtered out as 99270538 T>C needs C but not covered
3.014 was filtered out as 99270538 T>C needs C but not covered
3.015 was filtered out as 99270538 T>C needs C but not covered
3.016 was filtered out as 99270538 T>C needs C but not covered
3.002 was filtered out as 99270538 T>C needs C but not covered
3.003 was filtered out as 99270538 T>C needs C but not covered
3.004 was filtered out as 99270538 T>C needs C but not covered
3.005 was filtered out as 99270538 T>C needs C but not covered
3.006 was filtered out as 99270538 T>C needs C but not covered
3.007 was filtered out as 99270538 T>C needs C but not covered
3.008 was filtered out as 99270538 T>C needs C but not covered
3.009 was filtered out as 99270538 T>C needs C but not covered
3.010 was filtered out as 99270538 T>C needs C but not covered
3.017 was filtered out as 99270538 T>C needs C but not covered
7.001 was filtered out as 99250392 insA needs P but not covered
8.001 was filtered out as 99273820 G>A needs A but not covered
9.001 was filtered out as 99258138 C>T needs T but not covered
[filter] CYP3A5 1 => 1.001; 1.002; 1.003; 1.004; 1.005
[filter] CYP3A5 6 => 6.001
[filter] valid_alleles=6
Step 0: Loss=0.0711, CN=[2.0999167]
Step 100: Loss=0.0650, CN=[2.1250231]
Step 200: Loss=0.0650, CN=[2.1245208]
Step 300: Loss=0.0650, CN=[2.1245174]
Step 400: Loss=0.0650, CN=[2.1245177]

=== Fit ===
Region 0: obs=2.200, exp=2.125, diff=+0.075 
Region 1: obs=2.257, exp=2.125, diff=+0.133 
Region 2: obs=2.308, exp=2.125, diff=+0.184 
Region 3: obs=2.152, exp=2.125, diff=+0.027 
Region 4: obs=2.628, exp=2.125, diff=+0.504 *
Region 5: obs=1.877, exp=2.125, diff=-0.247 
Region 6: obs=1.654, exp=2.125, diff=-0.471 
Region 7: obs=1.946, exp=2.125, diff=-0.179 
Region 8: obs=1.503, exp=2.125, diff=-0.622 *
Region 9: obs=2.247, exp=2.125, diff=+0.123 
Region 10: obs=2.280, exp=2.125, diff=+0.156 
Region 11: obs=2.348, exp=2.125, diff=+0.223 
Region 12: obs=1.924, exp=2.125, diff=-0.201 
Region 13: obs=2.460, exp=2.125, diff=+0.336 
Region 14: obs=2.272, exp=2.125, diff=+0.148 
Region 15: obs=1.882, exp=2.125, diff=-0.242 
Region 16: obs=2.078, exp=2.125, diff=-0.047 
Region 17: obs=1.877, exp=2.125, diff=-0.248 
Region 18: obs=2.299, exp=2.125, diff=+0.174 
Region 19: obs=2.155, exp=2.125, diff=+0.030 
Region 20: obs=1.853, exp=2.125, diff=-0.271 
Region 21: obs=2.152, exp=2.125, diff=+0.028 
Region 22: obs=1.499, exp=2.125, diff=-0.626 *
Region 23: obs=2.187, exp=2.125, diff=+0.062 
Region 24: obs=1.534, exp=2.125, diff=-0.591 *
Region 25: obs=2.128, exp=2.125, diff=+0.004 
Region 26: obs=3.072, exp=2.125, diff=+0.948 *
Region 27: obs=3.193, exp=2.125, diff=+1.068 *
Region 28: obs=2.329, exp=2.125, diff=+0.205 

[Gene CN Results]
  CYP3A5: 2.12 → 2.1245176792144775
Using device: cuda

CYP3A5*1.001:

CYP3A5*1.002:

CYP3A5*1.003:

CYP3A5*1.004:

CYP3A5*1.005:

CYP3A5*6.001:

=== Running VAE with seed 3141 ===
Global Pooled JS: 0.041994
functional kld weight 0.0
Seed 3141, Step    0: Loss = 101.85 (Recon: 79.93, Allele KL: 3.31, Base KL: 93.08, Functional KL: 0.04
Global Pooled JS: 0.014995
functional kld weight 27.77777777777777
Seed 3141, Step  500: Loss = 63.19 (Recon: 39.85, Allele KL: 5.89, Base KL: 2611.96, Functional KL: 0.01
Global Pooled JS: 0.010230
functional kld weight 222.22222222222217
Seed 3141, Step 1000: Loss = 56.10 (Recon: 27.02, Allele KL: 10.03, Base KL: 2924.23, Functional KL: 0.01
Global Pooled JS: 0.003775
functional kld weight 750.0
Seed 3141, Step 1500: Loss = 54.69 (Recon: 24.89, Allele KL: 9.61, Base KL: 3739.13, Functional KL: 0.00
Global Pooled JS: 0.002906
functional kld weight 1777.7777777777774
Seed 3141, Step 2000: Loss = 59.30 (Recon: 23.96, Allele KL: 11.72, Base KL: 5024.75, Functional KL: 0.00
Global Pooled JS: 0.001285
functional kld weight 3472.222222222223
Seed 3141, Step 2500: Loss = 60.06 (Recon: 22.76, Allele KL: 12.98, Base KL: 6476.70, Functional KL: 0.00

Top Variants with Coverage Mismatches:
Rank   Variant                        Expected     Observed     Diff       |Div|       
------------------------------------------------------------------------------------------
1      CYP3A5:99262834→P              0.02         0.00         0.02       0.000169    
2      CYP3A5:99262834→M              0.02         0.00         0.02       0.000169    
3      CYP3A5:99262834→A              0.02         0.00         0.02       0.000166    
4      CYP3A5:99262834→N              0.02         0.00         0.02       0.000164    
5      CYP3A5:99262834→G              0.02         0.00         0.02       0.000160    
6      CYP3A5:99262834→T              20.86        20.00        0.86       0.000097    
7      CYP3A5:99262834→C              20.24        18.00        2.24       0.000081    
New best model with final loss: 63.84

=== Multi-Seed VAE Results ===
Best model had seed 3141 with final loss: 63.84
All seeds final losses:
  Seed 3141: Total=63.84 (Recon=23.69, A_KL=12.28, B_KL=8291.49) <- Best

[Raw]:
CYP3A5*6: Normalized=0.5094, Unnormalized=0.51
CYP3A5*1: Normalized=0.4906, Unnormalized=0.49

[Alleles]
CYP3A5*6
CYP3A5*1
	Command being timed: "python cyp.py CYP3A5 /project/shared/aldy-data/wgs/NA18518.wgs.cram 3141"
	User time (seconds): 52.30
	System time (seconds): 10.68
	Percent of CPU this job got: 99%
	Elapsed (wall clock) time (h:mm:ss or m:ss): 1:03.24
	Average shared text size (kbytes): 0
	Average unshared data size (kbytes): 0
	Average stack size (kbytes): 0
	Average total size (kbytes): 0
	Maximum resident set size (kbytes): 1855208
	Average resident set size (kbytes): 0
	Major (requiring I/O) page faults: 0
	Minor (reclaiming a frame) page faults: 486233
	Voluntary context switches: 9769
	Involuntary context switches: 171
	Swaps: 0
	File system inputs: 0
	File system outputs: 24
	Socket messages sent: 0
	Socket messages received: 0
	Signals delivered: 0
	Page size (bytes): 4096
	Exit status: 0
