[info] total indices 175
[info] total variants 175
1.001 was filtered out as 99270538 T>C needs T but not covered
1.002 was filtered out as 99270538 T>C needs T but not covered
1.003 was filtered out as 99270538 T>C needs T but not covered
1.004 was filtered out as 99270538 T>C needs T but not covered
1.005 was filtered out as 99270538 T>C needs T but not covered
3.002 was filtered out as 99273814 G>A needs A but not covered
3.003 was filtered out as 99270275 A>C needs C but not covered
3.004 was filtered out as 99245973 A>G needs G but not covered
3.005 was filtered out as 99264572 A>G needs G but not covered
3.006 was filtered out as 99247742 T>C needs C but not covered
3.007 was filtered out as 99247771 A>G needs G but not covered
3.008 was filtered out as 99273744 T>C needs C but not covered
3.009 was filtered out as 99262859 T>C needs C but not covered
3.010 was filtered out as 99250235 G>T needs T but not covered
3.017 was filtered out as 99262850 A>C needs C but not covered
6.001 was filtered out as 99270538 T>C needs T but not covered
7.001 was filtered out as 99270538 T>C needs T but not covered
8.001 was filtered out as 99270538 T>C needs T but not covered
9.001 was filtered out as 99270538 T>C needs T but not covered
[filter] CYP3A5 3 => 3.001; 3.012; 3.013; 3.014; 3.015; 3.016
[filter] valid_alleles=6
Step 0: Loss=0.1338, CN=[2.0999167]
Step 100: Loss=0.0795, CN=[2.381431]
Step 200: Loss=0.0795, CN=[2.380561]
Step 300: Loss=0.0795, CN=[2.3805583]
Step 400: Loss=0.0795, CN=[2.3805583]

=== Fit ===
Region 0: obs=2.683, exp=2.381, diff=+0.303 
Region 1: obs=1.724, exp=2.381, diff=-0.656 *
Region 2: obs=1.636, exp=2.381, diff=-0.744 *
Region 3: obs=2.440, exp=2.381, diff=+0.059 
Region 4: obs=3.361, exp=2.381, diff=+0.980 *
Region 5: obs=1.947, exp=2.381, diff=-0.433 
Region 6: obs=2.270, exp=2.381, diff=-0.111 
Region 7: obs=2.463, exp=2.381, diff=+0.082 
Region 8: obs=2.336, exp=2.381, diff=-0.045 
Region 9: obs=2.540, exp=2.381, diff=+0.160 
Region 10: obs=1.821, exp=2.381, diff=-0.559 *
Region 11: obs=1.927, exp=2.381, diff=-0.454 
Region 12: obs=1.467, exp=2.381, diff=-0.913 *
Region 13: obs=2.524, exp=2.381, diff=+0.144 
Region 14: obs=2.262, exp=2.381, diff=-0.119 
Region 15: obs=2.274, exp=2.381, diff=-0.106 
Region 16: obs=2.793, exp=2.381, diff=+0.412 
Region 17: obs=2.458, exp=2.381, diff=+0.077 
Region 18: obs=2.671, exp=2.381, diff=+0.290 
Region 19: obs=2.770, exp=2.381, diff=+0.389 
Region 20: obs=1.980, exp=2.381, diff=-0.400 
Region 21: obs=2.397, exp=2.381, diff=+0.016 
Region 22: obs=2.341, exp=2.381, diff=-0.040 
Region 23: obs=2.404, exp=2.381, diff=+0.024 
Region 24: obs=2.386, exp=2.381, diff=+0.006 
Region 25: obs=2.542, exp=2.381, diff=+0.161 
Region 26: obs=3.215, exp=2.381, diff=+0.835 *
Region 27: obs=2.858, exp=2.381, diff=+0.478 
Region 28: obs=2.487, exp=2.381, diff=+0.107 

[Gene CN Results]
  CYP3A5: 2.38 → 2.3805580139160156
Using device: cuda

CYP3A5*3.001:

CYP3A5*3.012:

CYP3A5*3.013:

CYP3A5*3.014:

CYP3A5*3.015:

CYP3A5*3.016:

=== Running VAE with seed 3141 ===
Global Pooled JS: 0.017243
functional kld weight 0.0
Seed 3141, Step    0: Loss = 121.55 (Recon: 90.21, Allele KL: 4.79, Base KL: 184.91, Functional KL: 0.02
Global Pooled JS: 0.009232
functional kld weight 27.77777777777777
Seed 3141, Step  500: Loss = 66.02 (Recon: 31.51, Allele KL: 9.39, Base KL: 4661.96, Functional KL: 0.01
Global Pooled JS: 0.006896
functional kld weight 222.22222222222217
Seed 3141, Step 1000: Loss = 63.39 (Recon: 27.72, Allele KL: 8.93, Base KL: 5437.09, Functional KL: 0.01
Global Pooled JS: 0.005199
functional kld weight 750.0
Seed 3141, Step 1500: Loss = 66.15 (Recon: 30.44, Allele KL: 5.01, Base KL: 6750.27, Functional KL: 0.01
Global Pooled JS: 0.004216
functional kld weight 1777.7777777777774
Seed 3141, Step 2000: Loss = 77.46 (Recon: 32.13, Allele KL: 8.87, Base KL: 8979.68, Functional KL: 0.00
Global Pooled JS: 0.002119
functional kld weight 3472.222222222223
Seed 3141, Step 2500: Loss = 71.69 (Recon: 25.71, Allele KL: 7.92, Base KL: 11433.75, Functional KL: 0.00

Top Variants with Coverage Mismatches:
Rank   Variant                        Expected     Observed     Diff       |Div|       
------------------------------------------------------------------------------------------
1      CYP3A5:99270538→T              0.04         0.00         0.04       0.000250    
2      CYP3A5:99270538→A              0.03         0.00         0.03       0.000249    
3      CYP3A5:99270538→M              0.03         0.00         0.03       0.000249    
4      CYP3A5:99270538→G              0.03         0.00         0.03       0.000248    
5      CYP3A5:99270538→P              0.03         0.00         0.03       0.000248    
6      CYP3A5:99270538→N              0.03         0.00         0.03       0.000246    
7      CYP3A5:99270538→C              48.29        60.00        -11.71     0.000002    
New best model with final loss: 76.45

=== Multi-Seed VAE Results ===
Best model had seed 3141 with final loss: 76.45
All seeds final losses:
  Seed 3141: Total=76.45 (Recon=24.67, A_KL=10.91, B_KL=14120.48) <- Best

[Raw]:
CYP3A5*3: Normalized=1.0000, Unnormalized=1.00

[Alleles]
CYP3A5*3
CYP3A5*3
	Command being timed: "python cyp.py CYP3A5 /project/shared/aldy-data/wgs/NA19003.wgs.cram 3141"
	User time (seconds): 95.24
	System time (seconds): 20.98
	Percent of CPU this job got: 99%
	Elapsed (wall clock) time (h:mm:ss or m:ss): 1:56.52
	Average shared text size (kbytes): 0
	Average unshared data size (kbytes): 0
	Average stack size (kbytes): 0
	Average total size (kbytes): 0
	Maximum resident set size (kbytes): 1892576
	Average resident set size (kbytes): 0
	Major (requiring I/O) page faults: 0
	Minor (reclaiming a frame) page faults: 540471
	Voluntary context switches: 11470
	Involuntary context switches: 841
	Swaps: 0
	File system inputs: 0
	File system outputs: 24
	Socket messages sent: 0
	Socket messages received: 0
	Signals delivered: 0
	Page size (bytes): 4096
	Exit status: 0
