[info] total indices 175
[info] total variants 175
1.001 was filtered out as 99270538 T>C needs T but not covered
1.002 was filtered out as 99270538 T>C needs T but not covered
1.003 was filtered out as 99270538 T>C needs T but not covered
1.004 was filtered out as 99270538 T>C needs T but not covered
1.005 was filtered out as 99270538 T>C needs T but not covered
3.002 was filtered out as 99273814 G>A needs A but not covered
3.003 was filtered out as 99270275 A>C needs C but not covered
3.004 was filtered out as 99245973 A>G needs G but not covered
3.005 was filtered out as 99264572 A>G needs G but not covered
3.006 was filtered out as 99247742 T>C needs C but not covered
3.007 was filtered out as 99247771 A>G needs G but not covered
3.008 was filtered out as 99273744 T>C needs C but not covered
3.009 was filtered out as 99262859 T>C needs C but not covered
3.010 was filtered out as 99250235 G>T needs T but not covered
3.017 was filtered out as 99262850 A>C needs C but not covered
6.001 was filtered out as 99270538 T>C needs T but not covered
7.001 was filtered out as 99270538 T>C needs T but not covered
8.001 was filtered out as 99270538 T>C needs T but not covered
9.001 was filtered out as 99270538 T>C needs T but not covered
[filter] CYP3A5 3 => 3.001; 3.012; 3.013; 3.014; 3.015; 3.016
[filter] valid_alleles=6
Step 0: Loss=0.2451, CN=[2.0999167]
Step 100: Loss=0.0561, CN=[2.7111588]
Step 200: Loss=0.0561, CN=[2.7082217]
Step 300: Loss=0.0561, CN=[2.7082276]
Step 400: Loss=0.0561, CN=[2.7082272]

=== Fit ===
Region 0: obs=2.661, exp=2.708, diff=-0.047 
Region 1: obs=2.424, exp=2.708, diff=-0.284 
Region 2: obs=1.899, exp=2.708, diff=-0.809 *
Region 3: obs=2.714, exp=2.708, diff=+0.006 
Region 4: obs=3.010, exp=2.708, diff=+0.302 
Region 5: obs=2.618, exp=2.708, diff=-0.090 
Region 6: obs=2.912, exp=2.708, diff=+0.203 
Region 7: obs=2.769, exp=2.708, diff=+0.061 
Region 8: obs=1.860, exp=2.708, diff=-0.848 *
Region 9: obs=2.798, exp=2.708, diff=+0.090 
Region 10: obs=3.254, exp=2.708, diff=+0.546 *
Region 11: obs=2.993, exp=2.708, diff=+0.285 
Region 12: obs=2.502, exp=2.708, diff=-0.207 
Region 13: obs=2.413, exp=2.708, diff=-0.295 
Region 14: obs=2.430, exp=2.708, diff=-0.278 
Region 15: obs=2.594, exp=2.708, diff=-0.114 
Region 16: obs=3.959, exp=2.708, diff=+1.251 *
Region 17: obs=3.006, exp=2.708, diff=+0.298 
Region 18: obs=2.579, exp=2.708, diff=-0.130 
Region 19: obs=2.809, exp=2.708, diff=+0.100 
Region 20: obs=2.910, exp=2.708, diff=+0.202 
Region 21: obs=2.706, exp=2.708, diff=-0.002 
Region 22: obs=2.598, exp=2.708, diff=-0.110 
Region 23: obs=2.557, exp=2.708, diff=-0.151 
Region 24: obs=2.709, exp=2.708, diff=+0.001 
Region 25: obs=2.528, exp=2.708, diff=-0.180 
Region 26: obs=2.837, exp=2.708, diff=+0.129 
Region 27: obs=2.841, exp=2.708, diff=+0.133 
Region 28: obs=2.787, exp=2.708, diff=+0.079 

[Gene CN Results]
  CYP3A5: 2.71 → 2.7082273960113525
Using device: cuda

CYP3A5*3.001:

CYP3A5*3.012:

CYP3A5*3.013:

CYP3A5*3.014:

CYP3A5*3.015:

CYP3A5*3.016:

=== Running VAE with seed 3141 ===
Global Pooled JS: 0.017267
functional kld weight 0.0
Seed 3141, Step    0: Loss = 156.31 (Recon: 126.15, Allele KL: 3.59, Base KL: 139.62, Functional KL: 0.02
Global Pooled JS: 0.011262
functional kld weight 27.77777777777777
Seed 3141, Step  500: Loss = 63.01 (Recon: 29.48, Allele KL: 8.55, Base KL: 4005.33, Functional KL: 0.01
Global Pooled JS: 0.009196
functional kld weight 222.22222222222217
Seed 3141, Step 1000: Loss = 63.87 (Recon: 26.91, Allele KL: 9.63, Base KL: 4698.04, Functional KL: 0.01
Global Pooled JS: 0.007148
functional kld weight 750.0
Seed 3141, Step 1500: Loss = 71.03 (Recon: 31.43, Allele KL: 7.15, Base KL: 6438.27, Functional KL: 0.01
Global Pooled JS: 0.005050
functional kld weight 1777.7777777777774
Seed 3141, Step 2000: Loss = 77.14 (Recon: 29.95, Allele KL: 8.74, Base KL: 9462.37, Functional KL: 0.01
Global Pooled JS: 0.003376
functional kld weight 3472.222222222223
Seed 3141, Step 2500: Loss = 82.79 (Recon: 30.25, Allele KL: 8.27, Base KL: 12865.85, Functional KL: 0.00

Top Variants with Coverage Mismatches:
Rank   Variant                        Expected     Observed     Diff       |Div|       
------------------------------------------------------------------------------------------
1      CYP3A5:99270538→A              0.05         0.00         0.05       0.000383    
2      CYP3A5:99270538→M              0.05         0.00         0.05       0.000382    
3      CYP3A5:99270538→T              0.05         0.00         0.05       0.000381    
4      CYP3A5:99270538→G              0.05         0.00         0.05       0.000380    
5      CYP3A5:99270538→P              0.05         0.00         0.05       0.000379    
6      CYP3A5:99270538→N              0.05         0.00         0.05       0.000378    
7      CYP3A5:99270538→C              43.71        46.00        -2.29      0.000005    
New best model with final loss: 85.15

=== Multi-Seed VAE Results ===
Best model had seed 3141 with final loss: 85.15
All seeds final losses:
  Seed 3141: Total=85.15 (Recon=25.09, A_KL=10.81, B_KL=17023.62) <- Best

[Raw]:
CYP3A5*3: Normalized=1.0000, Unnormalized=1.00

[Alleles]
CYP3A5*3
CYP3A5*3
	Command being timed: "python cyp.py CYP3A5 /project/shared/aldy-data/wgs/NA20509.wgs.cram 3141"
	User time (seconds): 79.44
	System time (seconds): 15.21
	Percent of CPU this job got: 99%
	Elapsed (wall clock) time (h:mm:ss or m:ss): 1:34.89
	Average shared text size (kbytes): 0
	Average unshared data size (kbytes): 0
	Average stack size (kbytes): 0
	Average total size (kbytes): 0
	Maximum resident set size (kbytes): 1894340
	Average resident set size (kbytes): 0
	Major (requiring I/O) page faults: 0
	Minor (reclaiming a frame) page faults: 481227
	Voluntary context switches: 9698
	Involuntary context switches: 169
	Swaps: 0
	File system inputs: 0
	File system outputs: 24
	Socket messages sent: 0
	Socket messages received: 0
	Signals delivered: 0
	Page size (bytes): 4096
	Exit status: 0
