[info] total indices 175
[info] total variants 175
1.001 was filtered out as 99270538 T>C needs T but not covered
1.002 was filtered out as 99270538 T>C needs T but not covered
1.003 was filtered out as 99270538 T>C needs T but not covered
1.004 was filtered out as 99270538 T>C needs T but not covered
1.005 was filtered out as 99270538 T>C needs T but not covered
3.002 was filtered out as 99273814 G>A needs A but not covered
3.003 was filtered out as 99270275 A>C needs C but not covered
3.004 was filtered out as 99245973 A>G needs G but not covered
3.005 was filtered out as 99264572 A>G needs G but not covered
3.006 was filtered out as 99247742 T>C needs C but not covered
3.007 was filtered out as 99247771 A>G needs G but not covered
3.008 was filtered out as 99273744 T>C needs C but not covered
3.009 was filtered out as 99262859 T>C needs C but not covered
3.010 was filtered out as 99250235 G>T needs T but not covered
3.017 was filtered out as 99262850 A>C needs C but not covered
6.001 was filtered out as 99270538 T>C needs T but not covered
7.001 was filtered out as 99270538 T>C needs T but not covered
8.001 was filtered out as 99270538 T>C needs T but not covered
9.001 was filtered out as 99270538 T>C needs T but not covered
[filter] CYP3A5 3 => 3.001; 3.012; 3.013; 3.014; 3.015; 3.016
[filter] valid_alleles=6
Step 0: Loss=0.2051, CN=[2.0999167]
Step 100: Loss=0.0275, CN=[2.6492949]
Step 200: Loss=0.0275, CN=[2.6502893]
Step 300: Loss=0.0275, CN=[2.6502984]
Step 400: Loss=0.0275, CN=[2.6502986]

=== Fit ===
Region 0: obs=2.614, exp=2.650, diff=-0.036 
Region 1: obs=2.579, exp=2.650, diff=-0.072 
Region 2: obs=2.851, exp=2.650, diff=+0.201 
Region 3: obs=2.564, exp=2.650, diff=-0.086 
Region 4: obs=2.749, exp=2.650, diff=+0.099 
Region 5: obs=2.246, exp=2.650, diff=-0.405 
Region 6: obs=2.990, exp=2.650, diff=+0.340 
Region 7: obs=2.708, exp=2.650, diff=+0.058 
Region 8: obs=2.704, exp=2.650, diff=+0.053 
Region 9: obs=2.651, exp=2.650, diff=+0.001 
Region 10: obs=2.760, exp=2.650, diff=+0.109 
Region 11: obs=2.732, exp=2.650, diff=+0.082 
Region 12: obs=2.435, exp=2.650, diff=-0.215 
Region 13: obs=2.965, exp=2.650, diff=+0.315 
Region 14: obs=2.805, exp=2.650, diff=+0.155 
Region 15: obs=2.764, exp=2.650, diff=+0.114 
Region 16: obs=2.996, exp=2.650, diff=+0.345 
Region 17: obs=2.740, exp=2.650, diff=+0.090 
Region 18: obs=2.717, exp=2.650, diff=+0.067 
Region 19: obs=2.759, exp=2.650, diff=+0.108 
Region 20: obs=2.241, exp=2.650, diff=-0.410 
Region 21: obs=2.578, exp=2.650, diff=-0.072 
Region 22: obs=2.090, exp=2.650, diff=-0.560 *
Region 23: obs=2.455, exp=2.650, diff=-0.195 
Region 24: obs=2.304, exp=2.650, diff=-0.346 
Region 25: obs=2.528, exp=2.650, diff=-0.123 
Region 26: obs=3.109, exp=2.650, diff=+0.458 
Region 27: obs=2.471, exp=2.650, diff=-0.179 
Region 28: obs=2.694, exp=2.650, diff=+0.043 

[Gene CN Results]
  CYP3A5: 2.65 → 2.650298595428467
Using device: cuda

CYP3A5*3.001:

CYP3A5*3.012:

CYP3A5*3.013:

CYP3A5*3.014:

CYP3A5*3.015:

CYP3A5*3.016:

=== Running VAE with seed 789 ===
Global Pooled JS: 0.017712
functional kld weight 0.0
Seed 789, Step    0: Loss = 74.11 (Recon: 42.50, Allele KL: 5.65, Base KL: 150.67, Functional KL: 0.02
Global Pooled JS: 0.009227
functional kld weight 27.77777777777777
Seed 789, Step  500: Loss = 56.17 (Recon: 24.12, Allele KL: 7.57, Base KL: 4447.81, Functional KL: 0.01
Global Pooled JS: 0.007557
functional kld weight 222.22222222222217
Seed 789, Step 1000: Loss = 64.77 (Recon: 28.20, Allele KL: 9.67, Base KL: 5091.90, Functional KL: 0.01
Global Pooled JS: 0.004434
functional kld weight 750.0
Seed 789, Step 1500: Loss = 61.74 (Recon: 22.64, Allele KL: 9.79, Base KL: 6752.70, Functional KL: 0.00
Global Pooled JS: 0.005484
functional kld weight 1777.7777777777774
Seed 789, Step 2000: Loss = 81.47 (Recon: 35.82, Allele KL: 6.66, Base KL: 8729.27, Functional KL: 0.01
Global Pooled JS: 0.003133
functional kld weight 3472.222222222223
Seed 789, Step 2500: Loss = 81.00 (Recon: 27.98, Allele KL: 11.03, Base KL: 11421.22, Functional KL: 0.00

Top Variants with Coverage Mismatches:
Rank   Variant                        Expected     Observed     Diff       |Div|       
------------------------------------------------------------------------------------------
1      CYP3A5:99270538→N              0.03         0.00         0.03       0.000266    
2      CYP3A5:99270538→M              0.03         0.00         0.03       0.000266    
3      CYP3A5:99270538→G              0.03         0.00         0.03       0.000264    
4      CYP3A5:99270538→P              0.03         0.00         0.03       0.000264    
5      CYP3A5:99270538→T              0.03         0.00         0.03       0.000260    
6      CYP3A5:99270538→A              0.03         0.00         0.03       0.000259    
7      CYP3A5:99270538→C              44.96        43.00        1.96       0.000003    
New best model with final loss: 76.11

=== Multi-Seed VAE Results ===
Best model had seed 789 with final loss: 76.11
All seeds final losses:
  Seed 789: Total=76.11 (Recon=23.00, A_KL=10.64, B_KL=13780.41) <- Best

[Raw]:
CYP3A5*3: Normalized=1.0000, Unnormalized=1.00

[Alleles]
CYP3A5*3
CYP3A5*3
	Command being timed: "python cyp.py CYP3A5 /project/shared/aldy-data/wgs/NA06991.wgs.cram 789"
	User time (seconds): 51.80
	System time (seconds): 10.99
	Percent of CPU this job got: 98%
	Elapsed (wall clock) time (h:mm:ss or m:ss): 1:03.50
	Average shared text size (kbytes): 0
	Average unshared data size (kbytes): 0
	Average stack size (kbytes): 0
	Average total size (kbytes): 0
	Maximum resident set size (kbytes): 1893244
	Average resident set size (kbytes): 0
	Major (requiring I/O) page faults: 0
	Minor (reclaiming a frame) page faults: 505621
	Voluntary context switches: 9960
	Involuntary context switches: 112
	Swaps: 0
	File system inputs: 0
	File system outputs: 24
	Socket messages sent: 0
	Socket messages received: 0
	Signals delivered: 0
	Page size (bytes): 4096
	Exit status: 0
