[info] total indices 175
[info] total variants 175
1.001 was filtered out as 99270538 T>C needs T but not covered
1.002 was filtered out as 99270538 T>C needs T but not covered
1.003 was filtered out as 99270538 T>C needs T but not covered
1.004 was filtered out as 99270538 T>C needs T but not covered
1.005 was filtered out as 99270538 T>C needs T but not covered
3.002 was filtered out as 99273814 G>A needs A but not covered
3.003 was filtered out as 99270275 A>C needs C but not covered
3.004 was filtered out as 99245973 A>G needs G but not covered
3.005 was filtered out as 99264572 A>G needs G but not covered
3.006 was filtered out as 99247742 T>C needs C but not covered
3.007 was filtered out as 99247771 A>G needs G but not covered
3.008 was filtered out as 99273744 T>C needs C but not covered
3.009 was filtered out as 99262859 T>C needs C but not covered
3.010 was filtered out as 99250235 G>T needs T but not covered
3.017 was filtered out as 99262850 A>C needs C but not covered
6.001 was filtered out as 99270538 T>C needs T but not covered
7.001 was filtered out as 99270538 T>C needs T but not covered
8.001 was filtered out as 99270538 T>C needs T but not covered
9.001 was filtered out as 99270538 T>C needs T but not covered
[filter] CYP3A5 3 => 3.001; 3.012; 3.013; 3.014; 3.015; 3.016
[filter] valid_alleles=6
Step 0: Loss=0.2974, CN=[2.0999167]
Step 100: Loss=0.0600, CN=[2.7964666]
Step 200: Loss=0.0600, CN=[2.797284]
Step 300: Loss=0.0600, CN=[2.7972648]
Step 400: Loss=0.0600, CN=[2.7972648]

=== Fit ===
Region 0: obs=2.920, exp=2.797, diff=+0.123 
Region 1: obs=2.417, exp=2.797, diff=-0.380 
Region 2: obs=3.100, exp=2.797, diff=+0.303 
Region 3: obs=2.886, exp=2.797, diff=+0.089 
Region 4: obs=2.933, exp=2.797, diff=+0.136 
Region 5: obs=2.437, exp=2.797, diff=-0.360 
Region 6: obs=2.607, exp=2.797, diff=-0.190 
Region 7: obs=2.581, exp=2.797, diff=-0.217 
Region 8: obs=3.390, exp=2.797, diff=+0.592 *
Region 9: obs=2.766, exp=2.797, diff=-0.032 
Region 10: obs=2.731, exp=2.797, diff=-0.066 
Region 11: obs=2.505, exp=2.797, diff=-0.292 
Region 12: obs=2.362, exp=2.797, diff=-0.435 
Region 13: obs=2.759, exp=2.797, diff=-0.039 
Region 14: obs=2.668, exp=2.797, diff=-0.129 
Region 15: obs=3.035, exp=2.797, diff=+0.238 
Region 16: obs=3.084, exp=2.797, diff=+0.287 
Region 17: obs=2.573, exp=2.797, diff=-0.224 
Region 18: obs=2.407, exp=2.797, diff=-0.390 
Region 19: obs=2.758, exp=2.797, diff=-0.040 
Region 20: obs=2.710, exp=2.797, diff=-0.087 
Region 21: obs=2.918, exp=2.797, diff=+0.121 
Region 22: obs=2.430, exp=2.797, diff=-0.367 
Region 23: obs=2.743, exp=2.797, diff=-0.054 
Region 24: obs=2.922, exp=2.797, diff=+0.125 
Region 25: obs=2.895, exp=2.797, diff=+0.098 
Region 26: obs=4.178, exp=2.797, diff=+1.381 *
Region 27: obs=3.657, exp=2.797, diff=+0.860 *
Region 28: obs=3.081, exp=2.797, diff=+0.283 

[Gene CN Results]
  CYP3A5: 2.80 → 2.797264814376831
Using device: cuda

CYP3A5*3.001:

CYP3A5*3.012:

CYP3A5*3.013:

CYP3A5*3.014:

CYP3A5*3.015:

CYP3A5*3.016:

=== Running VAE with seed 789 ===
Global Pooled JS: 0.017539
functional kld weight 0.0
Seed 789, Step    0: Loss = 110.11 (Recon: 79.02, Allele KL: 4.98, Base KL: 130.83, Functional KL: 0.02
Global Pooled JS: 0.010667
functional kld weight 27.77777777777777
Seed 789, Step  500: Loss = 61.79 (Recon: 29.03, Allele KL: 7.84, Base KL: 3896.66, Functional KL: 0.01
Global Pooled JS: 0.009590
functional kld weight 222.22222222222217
Seed 789, Step 1000: Loss = 67.63 (Recon: 32.77, Allele KL: 7.22, Base KL: 4591.02, Functional KL: 0.01
Global Pooled JS: 0.006727
functional kld weight 750.0
Seed 789, Step 1500: Loss = 69.29 (Recon: 29.92, Allele KL: 7.76, Base KL: 6368.78, Functional KL: 0.01
Global Pooled JS: 0.004719
functional kld weight 1777.7777777777774
Seed 789, Step 2000: Loss = 77.54 (Recon: 31.50, Allele KL: 8.52, Base KL: 9170.50, Functional KL: 0.00
Global Pooled JS: 0.003186
functional kld weight 3472.222222222223
Seed 789, Step 2500: Loss = 85.70 (Recon: 33.25, Allele KL: 9.16, Base KL: 12899.77, Functional KL: 0.00

Top Variants with Coverage Mismatches:
Rank   Variant                        Expected     Observed     Diff       |Div|       
------------------------------------------------------------------------------------------
1      CYP3A5:99270538→P              0.05         0.00         0.05       0.000394    
2      CYP3A5:99270538→M              0.05         0.00         0.05       0.000392    
3      CYP3A5:99270538→N              0.05         0.00         0.05       0.000389    
4      CYP3A5:99270538→T              0.05         0.00         0.05       0.000387    
5      CYP3A5:99270538→A              0.05         0.00         0.05       0.000387    
6      CYP3A5:99270538→G              0.05         0.00         0.05       0.000386    
7      CYP3A5:99270538→C              41.88        48.00        -6.12      0.000006    
New best model with final loss: 86.64

=== Multi-Seed VAE Results ===
Best model had seed 789 with final loss: 86.64
All seeds final losses:
  Seed 789: Total=86.64 (Recon=27.10, A_KL=10.22, B_KL=16891.99) <- Best

[Raw]:
CYP3A5*3: Normalized=1.0000, Unnormalized=1.00

[Alleles]
CYP3A5*3
CYP3A5*3
	Command being timed: "python cyp.py CYP3A5 /project/shared/aldy-data/wgs/NA12873.wgs.cram 789"
	User time (seconds): 52.20
	System time (seconds): 11.06
	Percent of CPU this job got: 99%
	Elapsed (wall clock) time (h:mm:ss or m:ss): 1:03.59
	Average shared text size (kbytes): 0
	Average unshared data size (kbytes): 0
	Average stack size (kbytes): 0
	Average total size (kbytes): 0
	Maximum resident set size (kbytes): 1894368
	Average resident set size (kbytes): 0
	Major (requiring I/O) page faults: 0
	Minor (reclaiming a frame) page faults: 605659
	Voluntary context switches: 9951
	Involuntary context switches: 240
	Swaps: 0
	File system inputs: 0
	File system outputs: 24
	Socket messages sent: 0
	Socket messages received: 0
	Signals delivered: 0
	Page size (bytes): 4096
	Exit status: 0
