[info] total indices 175
[info] total variants 175
1.001 was filtered out as 99270538 T>C needs T but not covered
1.002 was filtered out as 99270538 T>C needs T but not covered
1.003 was filtered out as 99270538 T>C needs T but not covered
1.004 was filtered out as 99270538 T>C needs T but not covered
1.005 was filtered out as 99270538 T>C needs T but not covered
3.002 was filtered out as 99273814 G>A needs A but not covered
3.003 was filtered out as 99270275 A>C needs C but not covered
3.004 was filtered out as 99245973 A>G needs G but not covered
3.005 was filtered out as 99264572 A>G needs G but not covered
3.006 was filtered out as 99247742 T>C needs C but not covered
3.007 was filtered out as 99247771 A>G needs G but not covered
3.008 was filtered out as 99273744 T>C needs C but not covered
3.009 was filtered out as 99262859 T>C needs C but not covered
3.010 was filtered out as 99250235 G>T needs T but not covered
3.017 was filtered out as 99262850 A>C needs C but not covered
6.001 was filtered out as 99270538 T>C needs T but not covered
7.001 was filtered out as 99270538 T>C needs T but not covered
8.001 was filtered out as 99270538 T>C needs T but not covered
9.001 was filtered out as 99270538 T>C needs T but not covered
[filter] CYP3A5 3 => 3.001; 3.012; 3.013; 3.014; 3.015; 3.016
[filter] valid_alleles=6
Step 0: Loss=0.0467, CN=[2.0999167]
Step 100: Loss=0.0456, CN=[2.048653]
Step 200: Loss=0.0456, CN=[2.0483625]
Step 300: Loss=0.0456, CN=[2.048363]
Step 400: Loss=0.0456, CN=[2.0483625]

=== Fit ===
Region 0: obs=2.059, exp=2.048, diff=+0.010 
Region 1: obs=1.791, exp=2.048, diff=-0.257 
Region 2: obs=1.457, exp=2.048, diff=-0.592 *
Region 3: obs=1.967, exp=2.048, diff=-0.082 
Region 4: obs=1.618, exp=2.048, diff=-0.430 
Region 5: obs=1.716, exp=2.048, diff=-0.332 
Region 6: obs=2.339, exp=2.048, diff=+0.290 
Region 7: obs=2.183, exp=2.048, diff=+0.135 
Region 8: obs=2.306, exp=2.048, diff=+0.258 
Region 9: obs=2.195, exp=2.048, diff=+0.147 
Region 10: obs=1.745, exp=2.048, diff=-0.304 
Region 11: obs=1.874, exp=2.048, diff=-0.174 
Region 12: obs=1.640, exp=2.048, diff=-0.408 
Region 13: obs=2.375, exp=2.048, diff=+0.326 
Region 14: obs=2.387, exp=2.048, diff=+0.339 
Region 15: obs=2.178, exp=2.048, diff=+0.130 
Region 16: obs=2.438, exp=2.048, diff=+0.390 
Region 17: obs=1.744, exp=2.048, diff=-0.304 
Region 18: obs=1.570, exp=2.048, diff=-0.478 
Region 19: obs=2.231, exp=2.048, diff=+0.182 
Region 20: obs=1.756, exp=2.048, diff=-0.292 
Region 21: obs=2.074, exp=2.048, diff=+0.025 
Region 22: obs=2.053, exp=2.048, diff=+0.004 
Region 23: obs=2.213, exp=2.048, diff=+0.164 
Region 24: obs=2.458, exp=2.048, diff=+0.410 
Region 25: obs=2.184, exp=2.048, diff=+0.136 
Region 26: obs=2.697, exp=2.048, diff=+0.649 *
Region 27: obs=2.043, exp=2.048, diff=-0.005 
Region 28: obs=2.168, exp=2.048, diff=+0.120 

[Gene CN Results]
  CYP3A5: 2.05 → 2.048362970352173
Using device: cuda

CYP3A5*3.001:

CYP3A5*3.012:

CYP3A5*3.013:

CYP3A5*3.014:

CYP3A5*3.015:

CYP3A5*3.016:

=== Running VAE with seed 789 ===
Global Pooled JS: 0.017732
functional kld weight 0.0
Seed 789, Step    0: Loss = 86.56 (Recon: 52.93, Allele KL: 7.53, Base KL: 207.94, Functional KL: 0.02
Global Pooled JS: 0.007847
functional kld weight 27.77777777777777
Seed 789, Step  500: Loss = 61.64 (Recon: 28.05, Allele KL: 8.74, Base KL: 5090.20, Functional KL: 0.01
Global Pooled JS: 0.006612
functional kld weight 222.22222222222217
Seed 789, Step 1000: Loss = 69.19 (Recon: 30.38, Allele KL: 11.90, Base KL: 5672.32, Functional KL: 0.01
Global Pooled JS: 0.004182
functional kld weight 750.0
Seed 789, Step 1500: Loss = 66.37 (Recon: 26.94, Allele KL: 9.77, Base KL: 7320.96, Functional KL: 0.00
Global Pooled JS: 0.005440
functional kld weight 1777.7777777777774
Seed 789, Step 2000: Loss = 87.29 (Recon: 41.27, Allele KL: 6.70, Base KL: 9215.16, Functional KL: 0.01
Global Pooled JS: 0.003097
functional kld weight 3472.222222222223
Seed 789, Step 2500: Loss = 85.81 (Recon: 32.51, Allele KL: 11.09, Base KL: 11822.36, Functional KL: 0.00

Top Variants with Coverage Mismatches:
Rank   Variant                        Expected     Observed     Diff       |Div|       
------------------------------------------------------------------------------------------
1      CYP3A5:99270538→N              0.05         0.00         0.05       0.000287    
2      CYP3A5:99270538→M              0.05         0.00         0.05       0.000287    
3      CYP3A5:99270538→G              0.05         0.00         0.05       0.000285    
4      CYP3A5:99270538→P              0.05         0.00         0.05       0.000285    
5      CYP3A5:99270538→T              0.05         0.00         0.05       0.000281    
6      CYP3A5:99270538→A              0.04         0.00         0.04       0.000280    
7      CYP3A5:99270538→C              55.23        75.00        -19.77     0.000003    
New best model with final loss: 81.06

=== Multi-Seed VAE Results ===
Best model had seed 789 with final loss: 81.06
All seeds final losses:
  Seed 789: Total=81.06 (Recon=28.12, A_KL=9.00, B_KL=14151.26) <- Best

[Raw]:
CYP3A5*3: Normalized=1.0000, Unnormalized=1.00

[Alleles]
CYP3A5*3
CYP3A5*3
	Command being timed: "python cyp.py CYP3A5 /project/shared/aldy-data/wgs/NA18952.wgs.cram 789"
	User time (seconds): 51.93
	System time (seconds): 11.22
	Percent of CPU this job got: 98%
	Elapsed (wall clock) time (h:mm:ss or m:ss): 1:03.80
	Average shared text size (kbytes): 0
	Average unshared data size (kbytes): 0
	Average stack size (kbytes): 0
	Average total size (kbytes): 0
	Maximum resident set size (kbytes): 1893552
	Average resident set size (kbytes): 0
	Major (requiring I/O) page faults: 0
	Minor (reclaiming a frame) page faults: 625055
	Voluntary context switches: 11508
	Involuntary context switches: 1418
	Swaps: 0
	File system inputs: 0
	File system outputs: 24
	Socket messages sent: 0
	Socket messages received: 0
	Signals delivered: 0
	Page size (bytes): 4096
	Exit status: 0
