[info] total indices 175
[info] total variants 175
3.002 was filtered out as 99273814 G>A needs A but not covered
3.003 was filtered out as 99270275 A>C needs C but not covered
3.004 was filtered out as 99245973 A>G needs G but not covered
3.005 was filtered out as 99264572 A>G needs G but not covered
3.006 was filtered out as 99247742 T>C needs C but not covered
3.007 was filtered out as 99247771 A>G needs G but not covered
3.008 was filtered out as 99273744 T>C needs C but not covered
3.009 was filtered out as 99262859 T>C needs C but not covered
3.010 was filtered out as 99250235 G>T needs T but not covered
3.017 was filtered out as 99262850 A>C needs C but not covered
6.001 was filtered out as 99262834 C>T needs T but not covered
7.001 was filtered out as 99250392 insA needs P but not covered
8.001 was filtered out as 99273820 G>A needs A but not covered
9.001 was filtered out as 99258138 C>T needs T but not covered
[filter] CYP3A5 1 => 1.001; 1.002; 1.003; 1.004; 1.005
[filter] CYP3A5 3 => 3.001; 3.012; 3.013; 3.014; 3.015; 3.016
[filter] valid_alleles=11
Step 0: Loss=0.0364, CN=[2.0999167]
Step 100: Loss=0.0344, CN=[2.063672]
Step 200: Loss=0.0344, CN=[2.0635803]
Step 300: Loss=0.0344, CN=[2.0635817]
Step 400: Loss=0.0344, CN=[2.063582]

=== Fit ===
Region 0: obs=2.062, exp=2.064, diff=-0.002 
Region 1: obs=1.571, exp=2.064, diff=-0.493 
Region 2: obs=1.646, exp=2.064, diff=-0.417 
Region 3: obs=1.979, exp=2.064, diff=-0.084 
Region 4: obs=2.544, exp=2.064, diff=+0.480 
Region 5: obs=2.078, exp=2.064, diff=+0.014 
Region 6: obs=2.341, exp=2.064, diff=+0.277 
Region 7: obs=2.091, exp=2.064, diff=+0.028 
Region 8: obs=2.140, exp=2.064, diff=+0.076 
Region 9: obs=2.089, exp=2.064, diff=+0.025 
Region 10: obs=1.815, exp=2.064, diff=-0.249 
Region 11: obs=2.354, exp=2.064, diff=+0.291 
Region 12: obs=2.289, exp=2.064, diff=+0.226 
Region 13: obs=2.233, exp=2.064, diff=+0.169 
Region 14: obs=2.218, exp=2.064, diff=+0.154 
Region 15: obs=2.028, exp=2.064, diff=-0.036 
Region 16: obs=1.586, exp=2.064, diff=-0.478 
Region 17: obs=2.161, exp=2.064, diff=+0.098 
Region 18: obs=2.716, exp=2.064, diff=+0.653 *
Region 19: obs=2.268, exp=2.064, diff=+0.204 
Region 20: obs=1.771, exp=2.064, diff=-0.293 
Region 21: obs=2.087, exp=2.064, diff=+0.023 
Region 22: obs=2.249, exp=2.064, diff=+0.186 
Region 23: obs=2.128, exp=2.064, diff=+0.065 
Region 24: obs=1.869, exp=2.064, diff=-0.194 
Region 25: obs=1.836, exp=2.064, diff=-0.227 
Region 26: obs=1.741, exp=2.064, diff=-0.323 
Region 27: obs=1.996, exp=2.064, diff=-0.068 
Region 28: obs=2.111, exp=2.064, diff=+0.048 

[Gene CN Results]
  CYP3A5: 2.06 → 2.063582181930542
Using device: cuda

CYP3A5*1.001:

CYP3A5*1.002:

CYP3A5*1.003:

CYP3A5*1.004:

CYP3A5*1.005:

CYP3A5*3.001:

CYP3A5*3.012:

CYP3A5*3.013:

CYP3A5*3.014:

CYP3A5*3.015:

CYP3A5*3.016:

=== Running VAE with seed 789 ===
Global Pooled JS: 0.033226
functional kld weight 0.0
Seed 789, Step    0: Loss = 234.47 (Recon: 198.27, Allele KL: 9.00, Base KL: 577.76, Functional KL: 0.03
Global Pooled JS: 0.013924
functional kld weight 27.77777777777777
Seed 789, Step  500: Loss = 96.78 (Recon: 51.91, Allele KL: 18.22, Base KL: 3092.66, Functional KL: 0.01
Global Pooled JS: 0.005847
functional kld weight 222.22222222222217
Seed 789, Step 1000: Loss = 99.21 (Recon: 53.49, Allele KL: 17.60, Base KL: 3423.10, Functional KL: 0.01
Global Pooled JS: 0.018039
functional kld weight 750.0
Seed 789, Step 1500: Loss = 120.83 (Recon: 60.61, Allele KL: 19.42, Base KL: 4216.58, Functional KL: 0.02
Global Pooled JS: 0.003985
functional kld weight 1777.7777777777774
Seed 789, Step 2000: Loss = 106.76 (Recon: 54.40, Allele KL: 16.47, Base KL: 5597.84, Functional KL: 0.00
Global Pooled JS: 0.003170
functional kld weight 3472.222222222223
Seed 789, Step 2500: Loss = 116.53 (Recon: 57.66, Allele KL: 17.07, Base KL: 7352.51, Functional KL: 0.00

Top Variants with Coverage Mismatches:
Rank   Variant                        Expected     Observed     Diff       |Div|       
------------------------------------------------------------------------------------------
1      CYP3A5:99270538→P              0.03         0.00         0.03       0.000237    
2      CYP3A5:99270538→G              0.03         0.00         0.03       0.000235    
3      CYP3A5:99270538→M              0.03         0.00         0.03       0.000234    
4      CYP3A5:99270538→N              0.03         0.00         0.03       0.000233    
5      CYP3A5:99270538→A              0.03         0.00         0.03       0.000226    
6      CYP3A5:99270538→C              22.41        22.00        0.41       0.000195    
7      CYP3A5:99270538→T              20.45        18.00        2.45       0.000176    
New best model with final loss: 116.46

=== Multi-Seed VAE Results ===
Best model had seed 789 with final loss: 116.46
All seeds final losses:
  Seed 789: Total=116.46 (Recon=49.86, A_KL=20.60, B_KL=9248.32) <- Best

[Raw]:
CYP3A5*3: Normalized=0.5253, Unnormalized=0.53
CYP3A5*1: Normalized=0.4747, Unnormalized=0.47

[Alleles]
CYP3A5*3
CYP3A5*1
	Command being timed: "python cyp.py CYP3A5 /project/shared/aldy-data/wgs/NA19176.wgs.cram 789"
	User time (seconds): 51.66
	System time (seconds): 10.16
	Percent of CPU this job got: 98%
	Elapsed (wall clock) time (h:mm:ss or m:ss): 1:02.88
	Average shared text size (kbytes): 0
	Average unshared data size (kbytes): 0
	Average stack size (kbytes): 0
	Average total size (kbytes): 0
	Maximum resident set size (kbytes): 1859456
	Average resident set size (kbytes): 0
	Major (requiring I/O) page faults: 0
	Minor (reclaiming a frame) page faults: 601668
	Voluntary context switches: 9898
	Involuntary context switches: 146
	Swaps: 0
	File system inputs: 0
	File system outputs: 24
	Socket messages sent: 0
	Socket messages received: 0
	Signals delivered: 0
	Page size (bytes): 4096
	Exit status: 0
