[info] total indices 175
[info] total variants 175
3.001 was filtered out as 99270538 T>C needs C but not covered
3.012 was filtered out as 99270538 T>C needs C but not covered
3.013 was filtered out as 99270538 T>C needs C but not covered
3.014 was filtered out as 99270538 T>C needs C but not covered
3.015 was filtered out as 99270538 T>C needs C but not covered
3.016 was filtered out as 99270538 T>C needs C but not covered
3.002 was filtered out as 99270538 T>C needs C but not covered
3.003 was filtered out as 99270538 T>C needs C but not covered
3.004 was filtered out as 99270538 T>C needs C but not covered
3.005 was filtered out as 99270538 T>C needs C but not covered
3.006 was filtered out as 99270538 T>C needs C but not covered
3.007 was filtered out as 99270538 T>C needs C but not covered
3.008 was filtered out as 99270538 T>C needs C but not covered
3.009 was filtered out as 99270538 T>C needs C but not covered
3.010 was filtered out as 99270538 T>C needs C but not covered
3.017 was filtered out as 99270538 T>C needs C but not covered
7.001 was filtered out as 99250392 insA needs P but not covered
8.001 was filtered out as 99273820 G>A needs A but not covered
9.001 was filtered out as 99258138 C>T needs T but not covered
[filter] CYP3A5 1 => 1.001; 1.002; 1.003; 1.004; 1.005
[filter] CYP3A5 6 => 6.001
[filter] valid_alleles=6
Step 0: Loss=0.1198, CN=[2.0999167]
Step 100: Loss=0.0664, CN=[2.3581014]
Step 200: Loss=0.0664, CN=[2.356614]
Step 300: Loss=0.0664, CN=[2.3566096]
Step 400: Loss=0.0664, CN=[2.3566098]

=== Fit ===
Region 0: obs=2.481, exp=2.357, diff=+0.124 
Region 1: obs=1.296, exp=2.357, diff=-1.061 *
Region 2: obs=1.102, exp=2.357, diff=-1.254 *
Region 3: obs=2.457, exp=2.357, diff=+0.100 
Region 4: obs=1.807, exp=2.357, diff=-0.550 *
Region 5: obs=2.306, exp=2.357, diff=-0.051 
Region 6: obs=3.018, exp=2.357, diff=+0.662 *
Region 7: obs=2.693, exp=2.357, diff=+0.336 
Region 8: obs=2.651, exp=2.357, diff=+0.294 
Region 9: obs=2.519, exp=2.357, diff=+0.162 
Region 10: obs=2.051, exp=2.357, diff=-0.305 
Region 11: obs=2.484, exp=2.357, diff=+0.128 
Region 12: obs=2.202, exp=2.357, diff=-0.154 
Region 13: obs=2.399, exp=2.357, diff=+0.042 
Region 14: obs=2.080, exp=2.357, diff=-0.277 
Region 15: obs=2.322, exp=2.357, diff=-0.035 
Region 16: obs=2.208, exp=2.357, diff=-0.148 
Region 17: obs=2.405, exp=2.357, diff=+0.048 
Region 18: obs=2.298, exp=2.357, diff=-0.059 
Region 19: obs=2.598, exp=2.357, diff=+0.241 
Region 20: obs=1.860, exp=2.357, diff=-0.496 
Region 21: obs=2.178, exp=2.357, diff=-0.179 
Region 22: obs=2.700, exp=2.357, diff=+0.343 
Region 23: obs=2.552, exp=2.357, diff=+0.196 
Region 24: obs=2.715, exp=2.357, diff=+0.359 
Region 25: obs=2.607, exp=2.357, diff=+0.250 
Region 26: obs=2.513, exp=2.357, diff=+0.156 
Region 27: obs=2.076, exp=2.357, diff=-0.281 
Region 28: obs=2.561, exp=2.357, diff=+0.205 

[Gene CN Results]
  CYP3A5: 2.36 → 2.356609582901001
Using device: cuda

CYP3A5*1.001:

CYP3A5*1.002:

CYP3A5*1.003:

CYP3A5*1.004:

CYP3A5*1.005:

CYP3A5*6.001:

=== Running VAE with seed 789 ===
Global Pooled JS: 0.160028
functional kld weight 0.0
Seed 789, Step    0: Loss = 106.88 (Recon: 87.37, Allele KL: 1.36, Base KL: 86.04, Functional KL: 0.16
Global Pooled JS: 0.005227
functional kld weight 27.77777777777777
Seed 789, Step  500: Loss = 55.57 (Recon: 22.98, Allele KL: 16.01, Base KL: 2807.71, Functional KL: 0.01
Global Pooled JS: 0.006698
functional kld weight 222.22222222222217
Seed 789, Step 1000: Loss = 53.78 (Recon: 25.66, Allele KL: 9.82, Base KL: 3114.75, Functional KL: 0.01
Global Pooled JS: 0.011223
functional kld weight 750.0
Seed 789, Step 1500: Loss = 61.46 (Recon: 24.27, Allele KL: 11.52, Base KL: 3945.84, Functional KL: 0.01
Global Pooled JS: 0.007201
functional kld weight 1777.7777777777774
Seed 789, Step 2000: Loss = 66.66 (Recon: 23.84, Allele KL: 11.63, Base KL: 5145.97, Functional KL: 0.01
Global Pooled JS: 0.001635
functional kld weight 3472.222222222223
Seed 789, Step 2500: Loss = 60.38 (Recon: 23.49, Allele KL: 11.11, Base KL: 6787.90, Functional KL: 0.00

Top Variants with Coverage Mismatches:
Rank   Variant                        Expected     Observed     Diff       |Div|       
------------------------------------------------------------------------------------------
1      CYP3A5:99262834→T              21.14        18.00        3.14       0.000249    
2      CYP3A5:99262834→C              22.55        17.00        5.55       0.000212    
3      CYP3A5:99262834→P              0.02         0.00         0.02       0.000169    
4      CYP3A5:99262834→M              0.02         0.00         0.02       0.000166    
5      CYP3A5:99262834→N              0.02         0.00         0.02       0.000165    
6      CYP3A5:99262834→G              0.02         0.00         0.02       0.000163    
7      CYP3A5:99262834→A              0.02         0.00         0.02       0.000162    
New best model with final loss: 65.73

=== Multi-Seed VAE Results ===
Best model had seed 789 with final loss: 65.73
All seeds final losses:
  Seed 789: Total=65.73 (Recon=26.07, A_KL=11.28, B_KL=8543.40) <- Best

[Raw]:
CYP3A5*1: Normalized=0.5142, Unnormalized=0.51
CYP3A5*6: Normalized=0.4858, Unnormalized=0.49

[Alleles]
CYP3A5*1
CYP3A5*6
	Command being timed: "python cyp.py CYP3A5 /project/shared/aldy-data/wgs/NA19226.wgs.cram 789"
	User time (seconds): 52.91
	System time (seconds): 10.60
	Percent of CPU this job got: 98%
	Elapsed (wall clock) time (h:mm:ss or m:ss): 1:04.53
	Average shared text size (kbytes): 0
	Average unshared data size (kbytes): 0
	Average stack size (kbytes): 0
	Average total size (kbytes): 0
	Maximum resident set size (kbytes): 1889036
	Average resident set size (kbytes): 0
	Major (requiring I/O) page faults: 0
	Minor (reclaiming a frame) page faults: 597924
	Voluntary context switches: 11719
	Involuntary context switches: 1410
	Swaps: 0
	File system inputs: 0
	File system outputs: 24
	Socket messages sent: 0
	Socket messages received: 0
	Signals delivered: 0
	Page size (bytes): 4096
	Exit status: 0
