[info] total indices 224
[info] total variants 224
2.001 was filtered out as 96818105 T>A needs A but not covered
2.002 was filtered out as 96818105 T>A needs A but not covered
4.001 was filtered out as 96818118 G>C needs C but not covered
4.002 was filtered out as 96818118 G>C needs C but not covered
5.001 was filtered out as 96826970 delT needs N but not covered
6.001 was filtered out as 96824687 C>T needs T but not covered
7.001 was filtered out as 96824642 G>A needs A but not covered
8.001 was filtered out as 96824642 G>C needs C but not covered
9.001 was filtered out as 96818170 T>C needs C but not covered
10.001 was filtered out as 96802646 C>A needs A but not covered
11.001 was filtered out as 96805707 C>A needs A but not covered
12.001 was filtered out as 96796973 delCAA needs N but not covered
13.001 was filtered out as 96818241 A>C needs C but not covered
14.001 was filtered out as 96818198 C>G needs G but not covered
15.001 was filtered out as 96824657 C>T needs T but not covered
16.001 was filtered out as 96802803 A>G needs G but not covered
17.001 was filtered out as 96818180 T>C needs C but not covered
18.001 was filtered out as 96802714 G>A needs A but not covered
[filter] CYP2C8 1.001 => 1.001; 1.002; 1.003; 1.004; 1.005; 1.006; 1.007; 1.008; 1.009; 1.010; 1.011; 1.012; 1.013; 1.014; 1.015; 1.016; 1.017; 1.018
[filter] CYP2C8 3.001 => 3.001; 3.002
[filter] valid_alleles=20
Step 0: Loss=0.1592, CN=[2.0999167]
Step 100: Loss=0.0255, CN=[2.5454206]
Step 200: Loss=0.0255, CN=[2.5471416]
Step 300: Loss=0.0255, CN=[2.5471284]
Step 400: Loss=0.0255, CN=[2.5471282]

=== Fit ===
Region 0: obs=2.443, exp=2.547, diff=-0.104 
Region 1: obs=2.601, exp=2.547, diff=+0.054 
Region 2: obs=2.336, exp=2.547, diff=-0.211 
Region 3: obs=2.585, exp=2.547, diff=+0.038 
Region 4: obs=1.911, exp=2.547, diff=-0.636 *
Region 5: obs=3.203, exp=2.547, diff=+0.656 *
Region 6: obs=2.657, exp=2.547, diff=+0.110 
Region 7: obs=2.556, exp=2.547, diff=+0.009 
Region 8: obs=2.572, exp=2.547, diff=+0.025 
Region 9: obs=2.447, exp=2.547, diff=-0.101 
Region 10: obs=2.331, exp=2.547, diff=-0.216 
Region 11: obs=2.580, exp=2.547, diff=+0.033 
Region 12: obs=2.758, exp=2.547, diff=+0.211 
Region 13: obs=2.385, exp=2.547, diff=-0.162 
Region 14: obs=2.557, exp=2.547, diff=+0.010 
Region 15: obs=2.610, exp=2.547, diff=+0.063 
Region 16: obs=2.779, exp=2.547, diff=+0.232 
Region 17: obs=2.444, exp=2.547, diff=-0.103 
Region 18: obs=2.520, exp=2.547, diff=-0.027 
Region 19: obs=2.601, exp=2.547, diff=+0.053 
Region 20: obs=2.634, exp=2.547, diff=+0.087 

[Gene CN Results]
  CYP2C8: 2.55 → 2.547128200531006
Using device: cuda

CYP2C8*1.001:

CYP2C8*1.002:

CYP2C8*1.003:

CYP2C8*1.004:

CYP2C8*1.005:

CYP2C8*1.006:

CYP2C8*1.007:

CYP2C8*1.008:

CYP2C8*1.009:

CYP2C8*1.010:

CYP2C8*1.011:

CYP2C8*1.012:

CYP2C8*1.013:

CYP2C8*1.014:

CYP2C8*1.015:

CYP2C8*1.016:

CYP2C8*1.017:

CYP2C8*1.018:

CYP2C8*3.001:

CYP2C8*3.002:

=== Running VAE with seed 456 ===
Global Pooled JS: 0.163403
functional kld weight 0.0
Seed 456, Step    0: Loss = 321.25 (Recon: 259.69, Allele KL: 34.42, Base KL: 2288.39, Functional KL: 0.16
Global Pooled JS: 0.012874
functional kld weight 27.77777777777777
Seed 456, Step  500: Loss = 131.97 (Recon: 88.26, Allele KL: 16.32, Base KL: 4113.87, Functional KL: 0.01
Global Pooled JS: 0.013156
functional kld weight 222.22222222222217
Seed 456, Step 1000: Loss = 137.59 (Recon: 85.91, Allele KL: 21.78, Base KL: 4370.06, Functional KL: 0.01
Global Pooled JS: 0.017037
functional kld weight 750.0
Seed 456, Step 1500: Loss = 157.41 (Recon: 99.13, Allele KL: 17.24, Base KL: 5128.91, Functional KL: 0.02
Global Pooled JS: 0.010953
functional kld weight 1777.7777777777774
Seed 456, Step 2000: Loss = 158.08 (Recon: 80.31, Allele KL: 29.92, Base KL: 6273.60, Functional KL: 0.01
Global Pooled JS: 0.010664
functional kld weight 3472.222222222223
Seed 456, Step 2500: Loss = 175.58 (Recon: 85.51, Allele KL: 22.10, Base KL: 8440.59, Functional KL: 0.01

Top Variants with Coverage Mismatches:
Rank   Variant                        Expected     Observed     Diff       |Div|       
------------------------------------------------------------------------------------------
1      CYP2C8:96798748→T              24.48        36.00        -11.52     0.003667    
2      CYP2C8:96827029→C              24.45        20.00        4.45       0.001985    
3      CYP2C8:96798748→C              24.27        20.00        4.27       0.001873    
4      CYP2C8:96827029→T              24.37        29.00        -4.63      0.000360    
5      CYP2C8:96798748→P              0.05         0.00         0.05       0.000174    
6      CYP2C8:96798748→M              0.05         0.00         0.05       0.000174    
7      CYP2C8:96798748→G              0.05         0.00         0.05       0.000173    
8      CYP2C8:96798748→N              0.05         0.00         0.05       0.000173    
9      CYP2C8:96798748→A              0.05         0.00         0.05       0.000171    
10     CYP2C8:96827029→G              0.04         0.00         0.04       0.000130    
11     CYP2C8:96827029→P              0.04         0.00         0.04       0.000128    
12     CYP2C8:96827029→N              0.04         0.00         0.04       0.000128    
13     CYP2C8:96827029→A              0.04         0.00         0.04       0.000125    
14     CYP2C8:96827029→M              0.03         0.00         0.03       0.000123    
New best model with final loss: 203.96

=== Multi-Seed VAE Results ===
Best model had seed 456 with final loss: 203.96
All seeds final losses:
  Seed 456: Total=203.96 (Recon=83.34, A_KL=25.06, B_KL=10810.54) <- Best

[Raw]:
CYP2C8*3: Normalized=0.5019, Unnormalized=0.50
CYP2C8*1: Normalized=0.4981, Unnormalized=0.50

[Alleles]
CYP2C8*3
CYP2C8*1
	Command being timed: "python cyp.py CYP2C8 /project/shared/aldy-data/wgs/NA11839.wgs.cram 456"
	User time (seconds): 96.83
	System time (seconds): 21.19
	Percent of CPU this job got: 99%
	Elapsed (wall clock) time (h:mm:ss or m:ss): 1:58.29
	Average shared text size (kbytes): 0
	Average unshared data size (kbytes): 0
	Average stack size (kbytes): 0
	Average total size (kbytes): 0
	Maximum resident set size (kbytes): 1893800
	Average resident set size (kbytes): 0
	Major (requiring I/O) page faults: 0
	Minor (reclaiming a frame) page faults: 535562
	Voluntary context switches: 10030
	Involuntary context switches: 216
	Swaps: 0
	File system inputs: 0
	File system outputs: 24
	Socket messages sent: 0
	Socket messages received: 0
	Signals delivered: 0
	Page size (bytes): 4096
	Exit status: 0
