[info] total indices 224
[info] total variants 224
2.001 was filtered out as 96818105 T>A needs A but not covered
2.002 was filtered out as 96818105 T>A needs A but not covered
3.001 was filtered out as 96827029 C>T needs T but not covered
3.002 was filtered out as 96827029 C>T needs T but not covered
4.001 was filtered out as 96818118 G>C needs C but not covered
4.002 was filtered out as 96818118 G>C needs C but not covered
5.001 was filtered out as 96826970 delT needs N but not covered
6.001 was filtered out as 96824687 C>T needs T but not covered
7.001 was filtered out as 96824642 G>A needs A but not covered
8.001 was filtered out as 96824642 G>C needs C but not covered
9.001 was filtered out as 96818170 T>C needs C but not covered
10.001 was filtered out as 96802646 C>A needs A but not covered
11.001 was filtered out as 96805707 C>A needs A but not covered
12.001 was filtered out as 96796973 delCAA needs N but not covered
13.001 was filtered out as 96818241 A>C needs C but not covered
14.001 was filtered out as 96818198 C>G needs G but not covered
16.001 was filtered out as 96802803 A>G needs G but not covered
17.001 was filtered out as 96818180 T>C needs C but not covered
18.001 was filtered out as 96802714 G>A needs A but not covered
[filter] CYP2C8 1.001 => 1.001; 1.002; 1.003; 1.004; 1.005; 1.006; 1.007; 1.008; 1.009; 1.010; 1.011; 1.012; 1.013; 1.014; 1.015; 1.016; 1.017; 1.018
[filter] CYP2C8 15.001 => 15.001
[filter] valid_alleles=19
Step 0: Loss=0.0259, CN=[2.0999167]
Step 100: Loss=0.0186, CN=[2.1214538]
Step 200: Loss=0.0186, CN=[2.120998]
Step 300: Loss=0.0186, CN=[2.1210005]
Step 400: Loss=0.0186, CN=[2.121]

=== Fit ===
Region 0: obs=2.220, exp=2.121, diff=+0.099 
Region 1: obs=2.010, exp=2.121, diff=-0.111 
Region 2: obs=2.104, exp=2.121, diff=-0.017 
Region 3: obs=2.071, exp=2.121, diff=-0.050 
Region 4: obs=2.262, exp=2.121, diff=+0.141 
Region 5: obs=2.320, exp=2.121, diff=+0.199 
Region 6: obs=2.254, exp=2.121, diff=+0.133 
Region 7: obs=2.293, exp=2.121, diff=+0.172 
Region 8: obs=1.864, exp=2.121, diff=-0.257 
Region 9: obs=2.094, exp=2.121, diff=-0.027 
Region 10: obs=1.882, exp=2.121, diff=-0.239 
Region 11: obs=2.181, exp=2.121, diff=+0.060 
Region 12: obs=1.660, exp=2.121, diff=-0.461 
Region 13: obs=2.284, exp=2.121, diff=+0.163 
Region 14: obs=2.513, exp=2.121, diff=+0.392 
Region 15: obs=2.200, exp=2.121, diff=+0.079 
Region 16: obs=1.895, exp=2.121, diff=-0.226 
Region 17: obs=2.142, exp=2.121, diff=+0.021 
Region 18: obs=1.955, exp=2.121, diff=-0.166 
Region 19: obs=2.031, exp=2.121, diff=-0.090 
Region 20: obs=2.306, exp=2.121, diff=+0.185 

[Gene CN Results]
  CYP2C8: 2.12 → 2.121000289916992
Using device: cuda

CYP2C8*1.001:

CYP2C8*1.002:

CYP2C8*1.003:

CYP2C8*1.004:

CYP2C8*1.005:

CYP2C8*1.006:

CYP2C8*1.007:

CYP2C8*1.008:

CYP2C8*1.009:

CYP2C8*1.010:

CYP2C8*1.011:

CYP2C8*1.012:

CYP2C8*1.013:

CYP2C8*1.014:

CYP2C8*1.015:

CYP2C8*1.016:

CYP2C8*1.017:

CYP2C8*1.018:

CYP2C8*15.001:

=== Running VAE with seed 456 ===
Global Pooled JS: 0.228904
functional kld weight 0.0
Seed 456, Step    0: Loss = 610.71 (Recon: 550.69, Allele KL: 33.16, Base KL: 2706.20, Functional KL: 0.23
Global Pooled JS: 0.008728
functional kld weight 27.77777777777777
Seed 456, Step  500: Loss = 133.25 (Recon: 82.71, Allele KL: 22.78, Base KL: 4199.81, Functional KL: 0.01
Global Pooled JS: 0.007646
functional kld weight 222.22222222222217
Seed 456, Step 1000: Loss = 134.31 (Recon: 86.99, Allele KL: 17.45, Base KL: 4601.31, Functional KL: 0.01
Global Pooled JS: 0.004408
functional kld weight 750.0
Seed 456, Step 1500: Loss = 140.99 (Recon: 90.24, Allele KL: 18.26, Base KL: 5390.25, Functional KL: 0.00
Global Pooled JS: 0.002443
functional kld weight 1777.7777777777774
Seed 456, Step 2000: Loss = 143.00 (Recon: 81.69, Allele KL: 27.19, Base KL: 6465.02, Functional KL: 0.00
Global Pooled JS: 0.001293
functional kld weight 3472.222222222223
Seed 456, Step 2500: Loss = 142.65 (Recon: 86.55, Allele KL: 19.80, Base KL: 8215.28, Functional KL: 0.00

Top Variants with Coverage Mismatches:
Rank   Variant                        Expected     Observed     Diff       |Div|       
------------------------------------------------------------------------------------------
1      CYP2C8:96824657→C              21.49        19.00        2.49       0.000551    
2      CYP2C8:96824657→T              28.31        21.00        7.31       0.000402    
3      CYP2C8:96824657→G              0.03         0.00         0.03       0.000194    
4      CYP2C8:96824657→A              0.03         0.00         0.03       0.000192    
5      CYP2C8:96824657→P              0.03         0.00         0.03       0.000189    
6      CYP2C8:96824657→M              0.03         0.00         0.03       0.000188    
7      CYP2C8:96824657→N              0.03         0.00         0.03       0.000185    
New best model with final loss: 146.81

=== Multi-Seed VAE Results ===
Best model had seed 456 with final loss: 146.81
All seeds final losses:
  Seed 456: Total=146.81 (Recon=82.79, A_KL=22.61, B_KL=9919.84) <- Best

[Raw]:
CYP2C8*15: Normalized=0.5704, Unnormalized=0.57
CYP2C8*1: Normalized=0.4296, Unnormalized=0.43

[Alleles]
CYP2C8*15
CYP2C8*1
	Command being timed: "python cyp.py CYP2C8 /project/shared/aldy-data/wgs/NA12156.wgs.cram 456"
	User time (seconds): 98.39
	System time (seconds): 20.90
	Percent of CPU this job got: 99%
	Elapsed (wall clock) time (h:mm:ss or m:ss): 1:59.58
	Average shared text size (kbytes): 0
	Average unshared data size (kbytes): 0
	Average stack size (kbytes): 0
	Average total size (kbytes): 0
	Maximum resident set size (kbytes): 1905576
	Average resident set size (kbytes): 0
	Major (requiring I/O) page faults: 0
	Minor (reclaiming a frame) page faults: 647844
	Voluntary context switches: 10075
	Involuntary context switches: 1198
	Swaps: 0
	File system inputs: 0
	File system outputs: 24
	Socket messages sent: 0
	Socket messages received: 0
	Signals delivered: 0
	Page size (bytes): 4096
	Exit status: 0
