[info] total indices 224
[info] total variants 224
2.001 was filtered out as 96818105 T>A needs A but not covered
2.002 was filtered out as 96818105 T>A needs A but not covered
3.001 was filtered out as 96827029 C>T needs T but not covered
3.002 was filtered out as 96827029 C>T needs T but not covered
4.001 was filtered out as 96818118 G>C needs C but not covered
4.002 was filtered out as 96818118 G>C needs C but not covered
5.001 was filtered out as 96826970 delT needs N but not covered
6.001 was filtered out as 96824687 C>T needs T but not covered
7.001 was filtered out as 96824642 G>A needs A but not covered
8.001 was filtered out as 96824642 G>C needs C but not covered
9.001 was filtered out as 96818170 T>C needs C but not covered
10.001 was filtered out as 96802646 C>A needs A but not covered
11.001 was filtered out as 96805707 C>A needs A but not covered
12.001 was filtered out as 96796973 delCAA needs N but not covered
13.001 was filtered out as 96818241 A>C needs C but not covered
14.001 was filtered out as 96818198 C>G needs G but not covered
15.001 was filtered out as 96824657 C>T needs T but not covered
16.001 was filtered out as 96802803 A>G needs G but not covered
17.001 was filtered out as 96818180 T>C needs C but not covered
18.001 was filtered out as 96802714 G>A needs A but not covered
[filter] CYP2C8 1.001 => 1.001; 1.002; 1.003; 1.004; 1.005; 1.006; 1.007; 1.008; 1.009; 1.010; 1.011; 1.012; 1.013; 1.014; 1.015; 1.016; 1.017; 1.018
[filter] valid_alleles=18
Step 0: Loss=0.1641, CN=[2.0999167]
Step 100: Loss=0.0558, CN=[2.531166]
Step 200: Loss=0.0558, CN=[2.5322027]
Step 300: Loss=0.0558, CN=[2.5321913]
Step 400: Loss=0.0558, CN=[2.5321913]

=== Fit ===
Region 0: obs=2.426, exp=2.532, diff=-0.107 
Region 1: obs=3.149, exp=2.532, diff=+0.617 *
Region 2: obs=3.066, exp=2.532, diff=+0.534 *
Region 3: obs=2.479, exp=2.532, diff=-0.053 
Region 4: obs=2.453, exp=2.532, diff=-0.079 
Region 5: obs=3.112, exp=2.532, diff=+0.580 *
Region 6: obs=2.708, exp=2.532, diff=+0.176 
Region 7: obs=2.479, exp=2.532, diff=-0.053 
Region 8: obs=2.180, exp=2.532, diff=-0.352 
Region 9: obs=2.274, exp=2.532, diff=-0.258 
Region 10: obs=2.579, exp=2.532, diff=+0.046 
Region 11: obs=2.329, exp=2.532, diff=-0.203 
Region 12: obs=2.247, exp=2.532, diff=-0.285 
Region 13: obs=2.423, exp=2.532, diff=-0.109 
Region 14: obs=1.952, exp=2.532, diff=-0.581 *
Region 15: obs=2.668, exp=2.532, diff=+0.136 
Region 16: obs=2.017, exp=2.532, diff=-0.516 *
Region 17: obs=2.308, exp=2.532, diff=-0.224 
Region 18: obs=2.872, exp=2.532, diff=+0.340 
Region 19: obs=2.974, exp=2.532, diff=+0.442 
Region 20: obs=2.616, exp=2.532, diff=+0.084 

[Gene CN Results]
  CYP2C8: 2.53 → 2.532191514968872
Using device: cuda

CYP2C8*1.001:

CYP2C8*1.002:

CYP2C8*1.003:

CYP2C8*1.004:

CYP2C8*1.005:

CYP2C8*1.006:

CYP2C8*1.007:

CYP2C8*1.008:

CYP2C8*1.009:

CYP2C8*1.010:

CYP2C8*1.011:

CYP2C8*1.012:

CYP2C8*1.013:

CYP2C8*1.014:

CYP2C8*1.015:

CYP2C8*1.016:

CYP2C8*1.017:

CYP2C8*1.018:

=== Running VAE with seed 456 ===
Global Pooled JS: 0.000000
functional kld weight 0.0
Seed 456, Step    0: Loss = 365.25 (Recon: 313.59, Allele KL: 22.66, Base KL: 1935.48, Functional KL: 0.00
Global Pooled JS: 0.000000
functional kld weight 27.77777777777777
Seed 456, Step  500: Loss = 131.19 (Recon: 83.49, Allele KL: 19.35, Base KL: 3770.58, Functional KL: 0.00
Global Pooled JS: 0.000000
functional kld weight 222.22222222222217
Seed 456, Step 1000: Loss = 128.11 (Recon: 80.85, Allele KL: 18.77, Base KL: 3992.14, Functional KL: 0.00
Global Pooled JS: 0.000000
functional kld weight 750.0
Seed 456, Step 1500: Loss = 134.87 (Recon: 81.39, Allele KL: 24.99, Base KL: 3827.73, Functional KL: 0.00
Global Pooled JS: 0.000000
functional kld weight 1777.7777777777774
Seed 456, Step 2000: Loss = 133.60 (Recon: 83.44, Allele KL: 21.71, Base KL: 3871.42, Functional KL: 0.00
Global Pooled JS: 0.000000
functional kld weight 3472.222222222223
Seed 456, Step 2500: Loss = 133.15 (Recon: 82.25, Allele KL: 22.66, Base KL: 3636.48, Functional KL: 0.00

Top Variants with Coverage Mismatches:
Rank   Variant                        Expected     Observed     Diff       |Div|       
------------------------------------------------------------------------------------------
New best model with final loss: 130.62

=== Multi-Seed VAE Results ===
Best model had seed 456 with final loss: 130.62
All seeds final losses:
  Seed 456: Total=130.62 (Recon=80.47, A_KL=22.15, B_KL=3767.00) <- Best

[Raw]:
CYP2C8*1: Normalized=1.0000, Unnormalized=1.00

[Alleles]
CYP2C8*1
CYP2C8*1
	Command being timed: "python cyp.py CYP2C8 /project/shared/aldy-data/wgs/NA18509.wgs.cram 456"
	User time (seconds): 99.70
	System time (seconds): 20.74
	Percent of CPU this job got: 99%
	Elapsed (wall clock) time (h:mm:ss or m:ss): 2:00.73
	Average shared text size (kbytes): 0
	Average unshared data size (kbytes): 0
	Average stack size (kbytes): 0
	Average total size (kbytes): 0
	Maximum resident set size (kbytes): 1893156
	Average resident set size (kbytes): 0
	Major (requiring I/O) page faults: 0
	Minor (reclaiming a frame) page faults: 644454
	Voluntary context switches: 9980
	Involuntary context switches: 297
	Swaps: 0
	File system inputs: 0
	File system outputs: 24
	Socket messages sent: 0
	Socket messages received: 0
	Signals delivered: 0
	Page size (bytes): 4096
	Exit status: 0
