[info] total indices 224
[info] total variants 224
2.001 was filtered out as 96818105 T>A needs A but not covered
2.002 was filtered out as 96818105 T>A needs A but not covered
3.001 was filtered out as 96827029 C>T needs T but not covered
3.002 was filtered out as 96827029 C>T needs T but not covered
4.001 was filtered out as 96818118 G>C needs C but not covered
4.002 was filtered out as 96818118 G>C needs C but not covered
5.001 was filtered out as 96826970 delT needs N but not covered
6.001 was filtered out as 96824687 C>T needs T but not covered
7.001 was filtered out as 96824642 G>A needs A but not covered
8.001 was filtered out as 96824642 G>C needs C but not covered
9.001 was filtered out as 96818170 T>C needs C but not covered
10.001 was filtered out as 96802646 C>A needs A but not covered
11.001 was filtered out as 96805707 C>A needs A but not covered
12.001 was filtered out as 96796973 delCAA needs N but not covered
13.001 was filtered out as 96818241 A>C needs C but not covered
14.001 was filtered out as 96818198 C>G needs G but not covered
15.001 was filtered out as 96824657 C>T needs T but not covered
16.001 was filtered out as 96802803 A>G needs G but not covered
17.001 was filtered out as 96818180 T>C needs C but not covered
18.001 was filtered out as 96802714 G>A needs A but not covered
[filter] CYP2C8 1.001 => 1.001; 1.002; 1.003; 1.004; 1.005; 1.006; 1.007; 1.008; 1.009; 1.010; 1.011; 1.012; 1.013; 1.014; 1.015; 1.016; 1.017; 1.018
[filter] valid_alleles=18
Step 0: Loss=0.0924, CN=[2.0999167]
Step 100: Loss=0.0407, CN=[2.346838]
Step 200: Loss=0.0407, CN=[2.3458188]
Step 300: Loss=0.0407, CN=[2.3458257]
Step 400: Loss=0.0407, CN=[2.3458254]

=== Fit ===
Region 0: obs=2.403, exp=2.346, diff=+0.057 
Region 1: obs=2.421, exp=2.346, diff=+0.076 
Region 2: obs=1.913, exp=2.346, diff=-0.432 
Region 3: obs=2.127, exp=2.346, diff=-0.219 
Region 4: obs=2.112, exp=2.346, diff=-0.234 
Region 5: obs=2.123, exp=2.346, diff=-0.223 
Region 6: obs=2.050, exp=2.346, diff=-0.296 
Region 7: obs=2.309, exp=2.346, diff=-0.037 
Region 8: obs=3.046, exp=2.346, diff=+0.700 *
Region 9: obs=2.381, exp=2.346, diff=+0.036 
Region 10: obs=1.900, exp=2.346, diff=-0.445 
Region 11: obs=2.341, exp=2.346, diff=-0.005 
Region 12: obs=2.447, exp=2.346, diff=+0.101 
Region 13: obs=2.470, exp=2.346, diff=+0.124 
Region 14: obs=2.347, exp=2.346, diff=+0.001 
Region 15: obs=2.520, exp=2.346, diff=+0.174 
Region 16: obs=2.885, exp=2.346, diff=+0.539 *
Region 17: obs=2.462, exp=2.346, diff=+0.116 
Region 18: obs=2.143, exp=2.346, diff=-0.203 
Region 19: obs=2.814, exp=2.346, diff=+0.468 
Region 20: obs=2.287, exp=2.346, diff=-0.059 

[Gene CN Results]
  CYP2C8: 2.35 → 2.345825672149658
Using device: cuda

CYP2C8*1.001:

CYP2C8*1.002:

CYP2C8*1.003:

CYP2C8*1.004:

CYP2C8*1.005:

CYP2C8*1.006:

CYP2C8*1.007:

CYP2C8*1.008:

CYP2C8*1.009:

CYP2C8*1.010:

CYP2C8*1.011:

CYP2C8*1.012:

CYP2C8*1.013:

CYP2C8*1.014:

CYP2C8*1.015:

CYP2C8*1.016:

CYP2C8*1.017:

CYP2C8*1.018:

=== Running VAE with seed 456 ===
Global Pooled JS: 0.000000
functional kld weight 0.0
Seed 456, Step    0: Loss = 250.12 (Recon: 197.18, Allele KL: 23.55, Base KL: 2114.89, Functional KL: 0.00
Global Pooled JS: 0.000000
functional kld weight 27.77777777777777
Seed 456, Step  500: Loss = 115.64 (Recon: 64.25, Allele KL: 21.76, Base KL: 6386.09, Functional KL: 0.00
Global Pooled JS: 0.000000
functional kld weight 222.22222222222217
Seed 456, Step 1000: Loss = 119.31 (Recon: 70.23, Allele KL: 19.01, Base KL: 6463.99, Functional KL: 0.00
Global Pooled JS: 0.000000
functional kld weight 750.0
Seed 456, Step 1500: Loss = 124.57 (Recon: 72.08, Allele KL: 22.38, Base KL: 6406.03, Functional KL: 0.00
Global Pooled JS: 0.000000
functional kld weight 1777.7777777777774
Seed 456, Step 2000: Loss = 121.76 (Recon: 76.89, Allele KL: 14.51, Base KL: 6438.10, Functional KL: 0.00
Global Pooled JS: 0.000000
functional kld weight 3472.222222222223
Seed 456, Step 2500: Loss = 121.03 (Recon: 66.56, Allele KL: 24.63, Base KL: 6488.19, Functional KL: 0.00

Top Variants with Coverage Mismatches:
Rank   Variant                        Expected     Observed     Diff       |Div|       
------------------------------------------------------------------------------------------
New best model with final loss: 129.24

=== Multi-Seed VAE Results ===
Best model had seed 456 with final loss: 129.24
All seeds final losses:
  Seed 456: Total=129.24 (Recon=77.62, A_KL=21.11, B_KL=6447.83) <- Best

[Raw]:
CYP2C8*1: Normalized=1.0000, Unnormalized=1.00

[Alleles]
CYP2C8*1
CYP2C8*1
	Command being timed: "python cyp.py CYP2C8 /project/shared/aldy-data/wgs/NA18992.wgs.cram 456"
	User time (seconds): 97.53
	System time (seconds): 21.17
	Percent of CPU this job got: 99%
	Elapsed (wall clock) time (h:mm:ss or m:ss): 1:59.04
	Average shared text size (kbytes): 0
	Average unshared data size (kbytes): 0
	Average stack size (kbytes): 0
	Average total size (kbytes): 0
	Maximum resident set size (kbytes): 1905348
	Average resident set size (kbytes): 0
	Major (requiring I/O) page faults: 0
	Minor (reclaiming a frame) page faults: 703536
	Voluntary context switches: 9949
	Involuntary context switches: 289
	Swaps: 0
	File system inputs: 0
	File system outputs: 24
	Socket messages sent: 0
	Socket messages received: 0
	Signals delivered: 0
	Page size (bytes): 4096
	Exit status: 0
