[info] total indices 224
[info] total variants 224
3.001 was filtered out as 96827029 C>T needs T but not covered
3.002 was filtered out as 96827029 C>T needs T but not covered
4.001 was filtered out as 96818118 G>C needs C but not covered
4.002 was filtered out as 96818118 G>C needs C but not covered
5.001 was filtered out as 96826970 delT needs N but not covered
6.001 was filtered out as 96824687 C>T needs T but not covered
7.001 was filtered out as 96824642 G>A needs A but not covered
8.001 was filtered out as 96824642 G>C needs C but not covered
9.001 was filtered out as 96818170 T>C needs C but not covered
10.001 was filtered out as 96802646 C>A needs A but not covered
11.001 was filtered out as 96805707 C>A needs A but not covered
12.001 was filtered out as 96796973 delCAA needs N but not covered
13.001 was filtered out as 96818241 A>C needs C but not covered
14.001 was filtered out as 96818198 C>G needs G but not covered
15.001 was filtered out as 96824657 C>T needs T but not covered
16.001 was filtered out as 96802803 A>G needs G but not covered
17.001 was filtered out as 96818180 T>C needs C but not covered
18.001 was filtered out as 96802714 G>A needs A but not covered
[filter] CYP2C8 1.001 => 1.001; 1.002; 1.003; 1.004; 1.005; 1.006; 1.007; 1.008; 1.009; 1.010; 1.011; 1.012; 1.013; 1.014; 1.015; 1.016; 1.017; 1.018
[filter] CYP2C8 2.001 => 2.001; 2.002
[filter] valid_alleles=20
Step 0: Loss=0.1635, CN=[2.0999167]
Step 100: Loss=0.0412, CN=[2.5473862]
Step 200: Loss=0.0412, CN=[2.5486143]
Step 300: Loss=0.0412, CN=[2.5486038]
Step 400: Loss=0.0412, CN=[2.548604]

=== Fit ===
Region 0: obs=2.559, exp=2.549, diff=+0.010 
Region 1: obs=2.608, exp=2.549, diff=+0.059 
Region 2: obs=2.191, exp=2.549, diff=-0.358 
Region 3: obs=2.489, exp=2.549, diff=-0.060 
Region 4: obs=2.511, exp=2.549, diff=-0.038 
Region 5: obs=2.377, exp=2.549, diff=-0.171 
Region 6: obs=1.860, exp=2.549, diff=-0.688 *
Region 7: obs=2.406, exp=2.549, diff=-0.142 
Region 8: obs=3.102, exp=2.549, diff=+0.553 *
Region 9: obs=2.705, exp=2.549, diff=+0.156 
Region 10: obs=1.998, exp=2.549, diff=-0.550 *
Region 11: obs=2.516, exp=2.549, diff=-0.033 
Region 12: obs=3.006, exp=2.549, diff=+0.457 
Region 13: obs=2.595, exp=2.549, diff=+0.046 
Region 14: obs=2.559, exp=2.549, diff=+0.011 
Region 15: obs=2.493, exp=2.549, diff=-0.056 
Region 16: obs=2.988, exp=2.549, diff=+0.439 
Region 17: obs=2.499, exp=2.549, diff=-0.050 
Region 18: obs=2.781, exp=2.549, diff=+0.233 
Region 19: obs=2.623, exp=2.549, diff=+0.074 
Region 20: obs=2.470, exp=2.549, diff=-0.078 

[Gene CN Results]
  CYP2C8: 2.55 → 2.5486037731170654
Using device: cuda

CYP2C8*1.001:

CYP2C8*1.002:

CYP2C8*1.003:

CYP2C8*1.004:

CYP2C8*1.005:

CYP2C8*1.006:

CYP2C8*1.007:

CYP2C8*1.008:

CYP2C8*1.009:

CYP2C8*1.010:

CYP2C8*1.011:

CYP2C8*1.012:

CYP2C8*1.013:

CYP2C8*1.014:

CYP2C8*1.015:

CYP2C8*1.016:

CYP2C8*1.017:

CYP2C8*1.018:

CYP2C8*2.001:

CYP2C8*2.002:

=== Running VAE with seed 456 ===
Global Pooled JS: 0.272727
functional kld weight 0.0
Seed 456, Step    0: Loss = 310.16 (Recon: 269.52, Allele KL: 12.54, Base KL: 1961.12, Functional KL: 0.27
Global Pooled JS: 0.012142
functional kld weight 27.77777777777777
Seed 456, Step  500: Loss = 138.01 (Recon: 87.99, Allele KL: 22.54, Base KL: 3366.78, Functional KL: 0.01
Global Pooled JS: 0.007800
functional kld weight 222.22222222222217
Seed 456, Step 1000: Loss = 142.72 (Recon: 87.45, Allele KL: 26.34, Base KL: 3598.42, Functional KL: 0.01
Global Pooled JS: 0.011693
functional kld weight 750.0
Seed 456, Step 1500: Loss = 161.30 (Recon: 107.05, Allele KL: 16.22, Base KL: 4753.46, Functional KL: 0.01
Global Pooled JS: 0.003732
functional kld weight 1777.7777777777774
Seed 456, Step 2000: Loss = 150.83 (Recon: 91.41, Allele KL: 22.86, Base KL: 6247.90, Functional KL: 0.00
Global Pooled JS: 0.001857
functional kld weight 3472.222222222223
Seed 456, Step 2500: Loss = 157.38 (Recon: 94.75, Allele KL: 24.84, Base KL: 7981.47, Functional KL: 0.00

Top Variants with Coverage Mismatches:
Rank   Variant                        Expected     Observed     Diff       |Div|       
------------------------------------------------------------------------------------------
1      CYP2C8:96818105→P              0.02         0.00         0.02       0.000194    
2      CYP2C8:96818105→M              0.02         0.00         0.02       0.000192    
3      CYP2C8:96818105→G              0.02         0.00         0.02       0.000190    
4      CYP2C8:96818105→N              0.02         0.00         0.02       0.000190    
5      CYP2C8:96818105→C              0.02         0.00         0.02       0.000188    
6      CYP2C8:96818105→T              17.45        13.00        4.45       0.000064    
7      CYP2C8:96818105→A              26.43        21.00        5.43       0.000059    
New best model with final loss: 175.11

=== Multi-Seed VAE Results ===
Best model had seed 456 with final loss: 175.11
All seeds final losses:
  Seed 456: Total=175.11 (Recon=94.56, A_KL=20.46, B_KL=9807.83) <- Best

[Raw]:
CYP2C8*2: Normalized=0.6043, Unnormalized=0.60
CYP2C8*1: Normalized=0.3957, Unnormalized=0.40

[Alleles]
CYP2C8*2
CYP2C8*1
	Command being timed: "python cyp.py CYP2C8 /project/shared/aldy-data/wgs/NA18519.wgs.cram 456"
	User time (seconds): 99.34
	System time (seconds): 20.51
	Percent of CPU this job got: 99%
	Elapsed (wall clock) time (h:mm:ss or m:ss): 2:00.11
	Average shared text size (kbytes): 0
	Average unshared data size (kbytes): 0
	Average stack size (kbytes): 0
	Average total size (kbytes): 0
	Maximum resident set size (kbytes): 1903660
	Average resident set size (kbytes): 0
	Major (requiring I/O) page faults: 0
	Minor (reclaiming a frame) page faults: 525209
	Voluntary context switches: 9976
	Involuntary context switches: 178
	Swaps: 0
	File system inputs: 0
	File system outputs: 24
	Socket messages sent: 0
	Socket messages received: 0
	Signals delivered: 0
	Page size (bytes): 4096
	Exit status: 0
