[info] total indices 224
[info] total variants 224
2.001 was filtered out as 96818105 T>A needs A but not covered
2.002 was filtered out as 96818105 T>A needs A but not covered
3.001 was filtered out as 96827029 C>T needs T but not covered
3.002 was filtered out as 96827029 C>T needs T but not covered
4.001 was filtered out as 96818118 G>C needs C but not covered
4.002 was filtered out as 96818118 G>C needs C but not covered
5.001 was filtered out as 96826970 delT needs N but not covered
6.001 was filtered out as 96824687 C>T needs T but not covered
7.001 was filtered out as 96824642 G>A needs A but not covered
8.001 was filtered out as 96824642 G>C needs C but not covered
9.001 was filtered out as 96818170 T>C needs C but not covered
10.001 was filtered out as 96802646 C>A needs A but not covered
11.001 was filtered out as 96805707 C>A needs A but not covered
12.001 was filtered out as 96796973 delCAA needs N but not covered
13.001 was filtered out as 96818241 A>C needs C but not covered
14.001 was filtered out as 96818198 C>G needs G but not covered
15.001 was filtered out as 96824657 C>T needs T but not covered
16.001 was filtered out as 96802803 A>G needs G but not covered
17.001 was filtered out as 96818180 T>C needs C but not covered
18.001 was filtered out as 96802714 G>A needs A but not covered
[filter] CYP2C8 1.001 => 1.001; 1.002; 1.003; 1.004; 1.005; 1.006; 1.007; 1.008; 1.009; 1.010; 1.011; 1.012; 1.013; 1.014; 1.015; 1.016; 1.017; 1.018
[filter] valid_alleles=18
Step 0: Loss=0.1512, CN=[2.0999167]
Step 100: Loss=0.0558, CN=[2.4714055]
Step 200: Loss=0.0558, CN=[2.469525]
Step 300: Loss=0.0558, CN=[2.4695137]
Step 400: Loss=0.0558, CN=[2.469514]

=== Fit ===
Region 0: obs=2.772, exp=2.470, diff=+0.302 
Region 1: obs=2.467, exp=2.470, diff=-0.002 
Region 2: obs=2.384, exp=2.470, diff=-0.085 
Region 3: obs=2.293, exp=2.470, diff=-0.176 
Region 4: obs=2.158, exp=2.470, diff=-0.311 
Region 5: obs=1.817, exp=2.470, diff=-0.652 *
Region 6: obs=1.918, exp=2.470, diff=-0.551 *
Region 7: obs=2.647, exp=2.470, diff=+0.178 
Region 8: obs=2.646, exp=2.470, diff=+0.177 
Region 9: obs=2.532, exp=2.470, diff=+0.062 
Region 10: obs=2.536, exp=2.470, diff=+0.067 
Region 11: obs=2.556, exp=2.470, diff=+0.087 
Region 12: obs=2.604, exp=2.470, diff=+0.134 
Region 13: obs=2.503, exp=2.470, diff=+0.034 
Region 14: obs=2.250, exp=2.470, diff=-0.220 
Region 15: obs=2.730, exp=2.470, diff=+0.260 
Region 16: obs=3.806, exp=2.470, diff=+1.337 *
Region 17: obs=2.421, exp=2.470, diff=-0.048 
Region 18: obs=2.260, exp=2.470, diff=-0.210 
Region 19: obs=2.465, exp=2.470, diff=-0.004 
Region 20: obs=2.726, exp=2.470, diff=+0.257 

[Gene CN Results]
  CYP2C8: 2.47 → 2.4695136547088623
Using device: cuda

CYP2C8*1.001:

CYP2C8*1.002:

CYP2C8*1.003:

CYP2C8*1.004:

CYP2C8*1.005:

CYP2C8*1.006:

CYP2C8*1.007:

CYP2C8*1.008:

CYP2C8*1.009:

CYP2C8*1.010:

CYP2C8*1.011:

CYP2C8*1.012:

CYP2C8*1.013:

CYP2C8*1.014:

CYP2C8*1.015:

CYP2C8*1.016:

CYP2C8*1.017:

CYP2C8*1.018:

=== Running VAE with seed 456 ===
Global Pooled JS: 0.000000
functional kld weight 0.0
Seed 456, Step    0: Loss = 305.55 (Recon: 249.00, Allele KL: 27.13, Base KL: 2012.45, Functional KL: 0.00
Global Pooled JS: 0.000000
functional kld weight 27.77777777777777
Seed 456, Step  500: Loss = 143.93 (Recon: 96.85, Allele KL: 18.55, Base KL: 3812.47, Functional KL: 0.00
Global Pooled JS: 0.000000
functional kld weight 222.22222222222217
Seed 456, Step 1000: Loss = 149.30 (Recon: 102.27, Allele KL: 18.16, Base KL: 3887.08, Functional KL: 0.00
Global Pooled JS: 0.000000
functional kld weight 750.0
Seed 456, Step 1500: Loss = 147.25 (Recon: 95.66, Allele KL: 22.67, Base KL: 3910.59, Functional KL: 0.00
Global Pooled JS: 0.000000
functional kld weight 1777.7777777777774
Seed 456, Step 2000: Loss = 144.92 (Recon: 97.98, Allele KL: 18.06, Base KL: 3787.18, Functional KL: 0.00
Global Pooled JS: 0.000000
functional kld weight 3472.222222222223
Seed 456, Step 2500: Loss = 141.56 (Recon: 94.63, Allele KL: 18.37, Base KL: 3813.79, Functional KL: 0.00

Top Variants with Coverage Mismatches:
Rank   Variant                        Expected     Observed     Diff       |Div|       
------------------------------------------------------------------------------------------
New best model with final loss: 143.54

=== Multi-Seed VAE Results ===
Best model had seed 456 with final loss: 143.54
All seeds final losses:
  Seed 456: Total=143.54 (Recon=93.00, A_KL=21.93, B_KL=3759.50) <- Best

[Raw]:
CYP2C8*1: Normalized=1.0000, Unnormalized=1.00

[Alleles]
CYP2C8*1
CYP2C8*1
	Command being timed: "python cyp.py CYP2C8 /project/shared/aldy-data/wgs/NA19003.wgs.cram 456"
	User time (seconds): 98.89
	System time (seconds): 20.86
	Percent of CPU this job got: 99%
	Elapsed (wall clock) time (h:mm:ss or m:ss): 2:00.09
	Average shared text size (kbytes): 0
	Average unshared data size (kbytes): 0
	Average stack size (kbytes): 0
	Average total size (kbytes): 0
	Maximum resident set size (kbytes): 1907720
	Average resident set size (kbytes): 0
	Major (requiring I/O) page faults: 0
	Minor (reclaiming a frame) page faults: 639448
	Voluntary context switches: 10033
	Involuntary context switches: 220
	Swaps: 0
	File system inputs: 0
	File system outputs: 24
	Socket messages sent: 0
	Socket messages received: 0
	Signals delivered: 0
	Page size (bytes): 4096
	Exit status: 0
