[info] total indices 224
[info] total variants 224
2.001 was filtered out as 96818105 T>A needs A but not covered
2.002 was filtered out as 96818105 T>A needs A but not covered
3.001 was filtered out as 96827029 C>T needs T but not covered
3.002 was filtered out as 96827029 C>T needs T but not covered
4.001 was filtered out as 96818118 G>C needs C but not covered
4.002 was filtered out as 96818118 G>C needs C but not covered
5.001 was filtered out as 96826970 delT needs N but not covered
6.001 was filtered out as 96824687 C>T needs T but not covered
7.001 was filtered out as 96824642 G>A needs A but not covered
8.001 was filtered out as 96824642 G>C needs C but not covered
9.001 was filtered out as 96818170 T>C needs C but not covered
10.001 was filtered out as 96802646 C>A needs A but not covered
11.001 was filtered out as 96805707 C>A needs A but not covered
12.001 was filtered out as 96796973 delCAA needs N but not covered
13.001 was filtered out as 96818241 A>C needs C but not covered
14.001 was filtered out as 96818198 C>G needs G but not covered
15.001 was filtered out as 96824657 C>T needs T but not covered
16.001 was filtered out as 96802803 A>G needs G but not covered
17.001 was filtered out as 96818180 T>C needs C but not covered
18.001 was filtered out as 96802714 G>A needs A but not covered
[filter] CYP2C8 1.001 => 1.001; 1.002; 1.003; 1.004; 1.005; 1.006; 1.007; 1.008; 1.009; 1.010; 1.011; 1.012; 1.013; 1.014; 1.015; 1.016; 1.017; 1.018
[filter] valid_alleles=18
Step 0: Loss=0.1171, CN=[2.0999167]
Step 100: Loss=0.0437, CN=[2.4047856]
Step 200: Loss=0.0437, CN=[2.406444]
Step 300: Loss=0.0437, CN=[2.4064374]
Step 400: Loss=0.0437, CN=[2.4064374]

=== Fit ===
Region 0: obs=2.407, exp=2.406, diff=+0.001 
Region 1: obs=2.454, exp=2.406, diff=+0.048 
Region 2: obs=2.468, exp=2.406, diff=+0.062 
Region 3: obs=2.270, exp=2.406, diff=-0.136 
Region 4: obs=2.373, exp=2.406, diff=-0.033 
Region 5: obs=1.962, exp=2.406, diff=-0.445 
Region 6: obs=1.940, exp=2.406, diff=-0.466 
Region 7: obs=2.363, exp=2.406, diff=-0.043 
Region 8: obs=1.814, exp=2.406, diff=-0.592 *
Region 9: obs=2.522, exp=2.406, diff=+0.115 
Region 10: obs=2.498, exp=2.406, diff=+0.091 
Region 11: obs=2.399, exp=2.406, diff=-0.007 
Region 12: obs=3.333, exp=2.406, diff=+0.927 *
Region 13: obs=2.602, exp=2.406, diff=+0.195 
Region 14: obs=2.320, exp=2.406, diff=-0.086 
Region 15: obs=2.236, exp=2.406, diff=-0.171 
Region 16: obs=2.545, exp=2.406, diff=+0.139 
Region 17: obs=2.400, exp=2.406, diff=-0.006 
Region 18: obs=2.833, exp=2.406, diff=+0.427 
Region 19: obs=2.674, exp=2.406, diff=+0.268 
Region 20: obs=2.454, exp=2.406, diff=+0.048 

[Gene CN Results]
  CYP2C8: 2.41 → 2.406437397003174
Using device: cuda

CYP2C8*1.001:

CYP2C8*1.002:

CYP2C8*1.003:

CYP2C8*1.004:

CYP2C8*1.005:

CYP2C8*1.006:

CYP2C8*1.007:

CYP2C8*1.008:

CYP2C8*1.009:

CYP2C8*1.010:

CYP2C8*1.011:

CYP2C8*1.012:

CYP2C8*1.013:

CYP2C8*1.014:

CYP2C8*1.015:

CYP2C8*1.016:

CYP2C8*1.017:

CYP2C8*1.018:

=== Running VAE with seed 456 ===
Global Pooled JS: 0.000000
functional kld weight 0.0
Seed 456, Step    0: Loss = 191.68 (Recon: 141.03, Allele KL: 21.66, Base KL: 1709.69, Functional KL: 0.00
Global Pooled JS: 0.000000
functional kld weight 27.77777777777777
Seed 456, Step  500: Loss = 131.52 (Recon: 84.46, Allele KL: 18.15, Base KL: 4088.87, Functional KL: 0.00
Global Pooled JS: 0.000000
functional kld weight 222.22222222222217
Seed 456, Step 1000: Loss = 133.41 (Recon: 85.49, Allele KL: 18.80, Base KL: 4225.41, Functional KL: 0.00
Global Pooled JS: 0.000000
functional kld weight 750.0
Seed 456, Step 1500: Loss = 140.54 (Recon: 92.47, Allele KL: 18.61, Base KL: 4184.91, Functional KL: 0.00
Global Pooled JS: 0.000000
functional kld weight 1777.7777777777774
Seed 456, Step 2000: Loss = 134.15 (Recon: 84.35, Allele KL: 21.01, Base KL: 4246.77, Functional KL: 0.00
Global Pooled JS: 0.000000
functional kld weight 3472.222222222223
Seed 456, Step 2500: Loss = 135.10 (Recon: 86.72, Allele KL: 19.38, Base KL: 4102.10, Functional KL: 0.00

Top Variants with Coverage Mismatches:
Rank   Variant                        Expected     Observed     Diff       |Div|       
------------------------------------------------------------------------------------------
New best model with final loss: 134.68

=== Multi-Seed VAE Results ===
Best model had seed 456 with final loss: 134.68
All seeds final losses:
  Seed 456: Total=134.68 (Recon=84.41, A_KL=21.18, B_KL=4086.89) <- Best

[Raw]:
CYP2C8*1: Normalized=1.0000, Unnormalized=1.00

[Alleles]
CYP2C8*1
CYP2C8*1
	Command being timed: "python cyp.py CYP2C8 /project/shared/aldy-data/wgs/NA19908.wgs.cram 456"
	User time (seconds): 100.87
	System time (seconds): 21.24
	Percent of CPU this job got: 99%
	Elapsed (wall clock) time (h:mm:ss or m:ss): 2:02.46
	Average shared text size (kbytes): 0
	Average unshared data size (kbytes): 0
	Average stack size (kbytes): 0
	Average total size (kbytes): 0
	Maximum resident set size (kbytes): 1901600
	Average resident set size (kbytes): 0
	Major (requiring I/O) page faults: 0
	Minor (reclaiming a frame) page faults: 760166
	Voluntary context switches: 10056
	Involuntary context switches: 246
	Swaps: 0
	File system inputs: 0
	File system outputs: 24
	Socket messages sent: 0
	Socket messages received: 0
	Signals delivered: 0
	Page size (bytes): 4096
	Exit status: 0
