[info] total indices 175
[info] total variants 175
1.001 was filtered out as 99270538 T>C needs T but not covered
1.002 was filtered out as 99270538 T>C needs T but not covered
1.003 was filtered out as 99270538 T>C needs T but not covered
1.004 was filtered out as 99270538 T>C needs T but not covered
1.005 was filtered out as 99270538 T>C needs T but not covered
3.002 was filtered out as 99273814 G>A needs A but not covered
3.003 was filtered out as 99270275 A>C needs C but not covered
3.004 was filtered out as 99245973 A>G needs G but not covered
3.005 was filtered out as 99264572 A>G needs G but not covered
3.006 was filtered out as 99247742 T>C needs C but not covered
3.007 was filtered out as 99247771 A>G needs G but not covered
3.008 was filtered out as 99273744 T>C needs C but not covered
3.009 was filtered out as 99262859 T>C needs C but not covered
3.010 was filtered out as 99250235 G>T needs T but not covered
3.017 was filtered out as 99262850 A>C needs C but not covered
6.001 was filtered out as 99270538 T>C needs T but not covered
7.001 was filtered out as 99270538 T>C needs T but not covered
8.001 was filtered out as 99270538 T>C needs T but not covered
9.001 was filtered out as 99270538 T>C needs T but not covered
[filter] CYP3A5 3 => 3.001; 3.012; 3.013; 3.014; 3.015; 3.016
[filter] valid_alleles=6
Step 0: Loss=0.1238, CN=[2.0999167]
Step 100: Loss=0.0396, CN=[2.4365609]
Step 200: Loss=0.0396, CN=[2.438345]
Step 300: Loss=0.0396, CN=[2.438335]
Step 400: Loss=0.0396, CN=[2.438335]

=== Fit ===
Region 0: obs=2.482, exp=2.438, diff=+0.044 
Region 1: obs=2.069, exp=2.438, diff=-0.370 
Region 2: obs=2.107, exp=2.438, diff=-0.331 
Region 3: obs=2.310, exp=2.438, diff=-0.128 
Region 4: obs=1.958, exp=2.438, diff=-0.480 
Region 5: obs=2.280, exp=2.438, diff=-0.159 
Region 6: obs=2.103, exp=2.438, diff=-0.335 
Region 7: obs=2.610, exp=2.438, diff=+0.172 
Region 8: obs=2.374, exp=2.438, diff=-0.065 
Region 9: obs=2.556, exp=2.438, diff=+0.118 
Region 10: obs=2.384, exp=2.438, diff=-0.054 
Region 11: obs=2.653, exp=2.438, diff=+0.214 
Region 12: obs=2.633, exp=2.438, diff=+0.195 
Region 13: obs=2.558, exp=2.438, diff=+0.120 
Region 14: obs=2.646, exp=2.438, diff=+0.208 
Region 15: obs=2.209, exp=2.438, diff=-0.229 
Region 16: obs=2.456, exp=2.438, diff=+0.017 
Region 17: obs=2.094, exp=2.438, diff=-0.344 
Region 18: obs=2.571, exp=2.438, diff=+0.133 
Region 19: obs=2.475, exp=2.438, diff=+0.036 
Region 20: obs=2.041, exp=2.438, diff=-0.397 
Region 21: obs=2.310, exp=2.438, diff=-0.129 
Region 22: obs=2.233, exp=2.438, diff=-0.205 
Region 23: obs=2.420, exp=2.438, diff=-0.019 
Region 24: obs=2.757, exp=2.438, diff=+0.318 
Region 25: obs=2.835, exp=2.438, diff=+0.396 
Region 26: obs=3.173, exp=2.438, diff=+0.735 *
Region 27: obs=2.929, exp=2.438, diff=+0.491 
Region 28: obs=2.720, exp=2.438, diff=+0.282 

[Gene CN Results]
  CYP3A5: 2.44 → 2.4383347034454346
Using device: cuda

CYP3A5*3.001:

CYP3A5*3.012:

CYP3A5*3.013:

CYP3A5*3.014:

CYP3A5*3.015:

CYP3A5*3.016:

=== Running VAE with seed 9999 ===
Global Pooled JS: 0.017613
functional kld weight 0.0
Seed 9999, Step    0: Loss = 109.69 (Recon: 78.39, Allele KL: 4.62, Base KL: 123.01, Functional KL: 0.02
Global Pooled JS: 0.008733
functional kld weight 27.77777777777777
Seed 9999, Step  500: Loss = 58.03 (Recon: 24.65, Allele KL: 9.11, Base KL: 4284.33, Functional KL: 0.01
Global Pooled JS: 0.008644
functional kld weight 222.22222222222217
Seed 9999, Step 1000: Loss = 74.15 (Recon: 37.52, Allele KL: 8.63, Base KL: 5062.42, Functional KL: 0.01
Global Pooled JS: 0.005043
functional kld weight 750.0
Seed 9999, Step 1500: Loss = 65.19 (Recon: 27.94, Allele KL: 6.92, Base KL: 6493.72, Functional KL: 0.01
Global Pooled JS: 0.004213
functional kld weight 1777.7777777777774
Seed 9999, Step 2000: Loss = 72.80 (Recon: 30.29, Allele KL: 6.26, Base KL: 8738.14, Functional KL: 0.00
Global Pooled JS: 0.002035
functional kld weight 3472.222222222223
Seed 9999, Step 2500: Loss = 73.55 (Recon: 24.34, Allele KL: 11.76, Base KL: 11275.61, Functional KL: 0.00

Top Variants with Coverage Mismatches:
Rank   Variant                        Expected     Observed     Diff       |Div|       
------------------------------------------------------------------------------------------
1      CYP3A5:99270538→M              0.04         0.00         0.04       0.000289    
2      CYP3A5:99270538→A              0.04         0.00         0.04       0.000286    
3      CYP3A5:99270538→N              0.04         0.00         0.04       0.000286    
4      CYP3A5:99270538→P              0.04         0.00         0.04       0.000285    
5      CYP3A5:99270538→G              0.04         0.00         0.04       0.000284    
6      CYP3A5:99270538→T              0.03         0.00         0.03       0.000280    
7      CYP3A5:99270538→C              42.95        58.00        -15.05     0.000003    
New best model with final loss: 87.94

=== Multi-Seed VAE Results ===
Best model had seed 9999 with final loss: 87.94
All seeds final losses:
  Seed 9999: Total=87.94 (Recon=29.38, A_KL=9.17, B_KL=13785.12) <- Best

[Raw]:
CYP3A5*3: Normalized=1.0000, Unnormalized=1.00

[Alleles]
CYP3A5*3
CYP3A5*3
	Command being timed: "python cyp.py CYP3A5 /project/shared/aldy-data/wgs/NA10847.wgs.cram 9999"
	User time (seconds): 52.36
	System time (seconds): 10.80
	Percent of CPU this job got: 98%
	Elapsed (wall clock) time (h:mm:ss or m:ss): 1:04.12
	Average shared text size (kbytes): 0
	Average unshared data size (kbytes): 0
	Average stack size (kbytes): 0
	Average total size (kbytes): 0
	Maximum resident set size (kbytes): 1897312
	Average resident set size (kbytes): 0
	Major (requiring I/O) page faults: 0
	Minor (reclaiming a frame) page faults: 532388
	Voluntary context switches: 9907
	Involuntary context switches: 493
	Swaps: 0
	File system inputs: 0
	File system outputs: 24
	Socket messages sent: 0
	Socket messages received: 0
	Signals delivered: 0
	Page size (bytes): 4096
	Exit status: 0
