[info] total indices 175
[info] total variants 175
1.001 was filtered out as 99270538 T>C needs T but not covered
1.002 was filtered out as 99270538 T>C needs T but not covered
1.003 was filtered out as 99270538 T>C needs T but not covered
1.004 was filtered out as 99270538 T>C needs T but not covered
1.005 was filtered out as 99270538 T>C needs T but not covered
3.002 was filtered out as 99273814 G>A needs A but not covered
3.003 was filtered out as 99270275 A>C needs C but not covered
3.004 was filtered out as 99245973 A>G needs G but not covered
3.005 was filtered out as 99264572 A>G needs G but not covered
3.006 was filtered out as 99247742 T>C needs C but not covered
3.007 was filtered out as 99247771 A>G needs G but not covered
3.008 was filtered out as 99273744 T>C needs C but not covered
3.009 was filtered out as 99262859 T>C needs C but not covered
3.010 was filtered out as 99250235 G>T needs T but not covered
3.017 was filtered out as 99262850 A>C needs C but not covered
6.001 was filtered out as 99270538 T>C needs T but not covered
7.001 was filtered out as 99270538 T>C needs T but not covered
8.001 was filtered out as 99270538 T>C needs T but not covered
9.001 was filtered out as 99270538 T>C needs T but not covered
[filter] CYP3A5 3 => 3.001; 3.012; 3.013; 3.014; 3.015; 3.016
[filter] valid_alleles=6
Step 0: Loss=0.1184, CN=[2.0999167]
Step 100: Loss=0.0326, CN=[2.440618]
Step 200: Loss=0.0326, CN=[2.4418051]
Step 300: Loss=0.0326, CN=[2.4418097]
Step 400: Loss=0.0326, CN=[2.4418097]

=== Fit ===
Region 0: obs=2.427, exp=2.442, diff=-0.015 
Region 1: obs=3.034, exp=2.442, diff=+0.593 *
Region 2: obs=2.284, exp=2.442, diff=-0.158 
Region 3: obs=2.537, exp=2.442, diff=+0.096 
Region 4: obs=2.134, exp=2.442, diff=-0.308 
Region 5: obs=2.391, exp=2.442, diff=-0.051 
Region 6: obs=2.217, exp=2.442, diff=-0.224 
Region 7: obs=2.235, exp=2.442, diff=-0.207 
Region 8: obs=2.400, exp=2.442, diff=-0.042 
Region 9: obs=2.485, exp=2.442, diff=+0.043 
Region 10: obs=2.841, exp=2.442, diff=+0.399 
Region 11: obs=2.755, exp=2.442, diff=+0.314 
Region 12: obs=2.522, exp=2.442, diff=+0.081 
Region 13: obs=2.391, exp=2.442, diff=-0.051 
Region 14: obs=2.156, exp=2.442, diff=-0.286 
Region 15: obs=2.665, exp=2.442, diff=+0.223 
Region 16: obs=2.991, exp=2.442, diff=+0.549 *
Region 17: obs=2.775, exp=2.442, diff=+0.333 
Region 18: obs=2.498, exp=2.442, diff=+0.057 
Region 19: obs=2.470, exp=2.442, diff=+0.028 
Region 20: obs=2.280, exp=2.442, diff=-0.161 
Region 21: obs=2.532, exp=2.442, diff=+0.090 
Region 22: obs=2.095, exp=2.442, diff=-0.347 
Region 23: obs=2.321, exp=2.442, diff=-0.121 
Region 24: obs=2.094, exp=2.442, diff=-0.348 
Region 25: obs=2.442, exp=2.442, diff=-0.000 
Region 26: obs=2.598, exp=2.442, diff=+0.156 
Region 27: obs=2.005, exp=2.442, diff=-0.437 
Region 28: obs=2.378, exp=2.442, diff=-0.064 

[Gene CN Results]
  CYP3A5: 2.44 → 2.441809892654419
Using device: cuda

CYP3A5*3.001:

CYP3A5*3.012:

CYP3A5*3.013:

CYP3A5*3.014:

CYP3A5*3.015:

CYP3A5*3.016:

=== Running VAE with seed 9999 ===
Global Pooled JS: 0.017541
functional kld weight 0.0
Seed 9999, Step    0: Loss = 111.20 (Recon: 80.28, Allele KL: 4.18, Base KL: 126.61, Functional KL: 0.02
Global Pooled JS: 0.009156
functional kld weight 27.77777777777777
Seed 9999, Step  500: Loss = 61.85 (Recon: 28.66, Allele KL: 8.81, Base KL: 4336.94, Functional KL: 0.01
Global Pooled JS: 0.008784
functional kld weight 222.22222222222217
Seed 9999, Step 1000: Loss = 77.06 (Recon: 40.65, Allele KL: 8.41, Base KL: 5047.91, Functional KL: 0.01
Global Pooled JS: 0.004951
functional kld weight 750.0
Seed 9999, Step 1500: Loss = 69.44 (Recon: 31.66, Allele KL: 7.50, Base KL: 6618.55, Functional KL: 0.00
Global Pooled JS: 0.004036
functional kld weight 1777.7777777777774
Seed 9999, Step 2000: Loss = 76.80 (Recon: 34.23, Allele KL: 6.64, Base KL: 8815.47, Functional KL: 0.00
Global Pooled JS: 0.002073
functional kld weight 3472.222222222223
Seed 9999, Step 2500: Loss = 77.87 (Recon: 28.65, Allele KL: 11.57, Base KL: 11296.83, Functional KL: 0.00

Top Variants with Coverage Mismatches:
Rank   Variant                        Expected     Observed     Diff       |Div|       
------------------------------------------------------------------------------------------
1      CYP3A5:99270538→M              0.04         0.00         0.04       0.000278    
2      CYP3A5:99270538→A              0.04         0.00         0.04       0.000276    
3      CYP3A5:99270538→N              0.04         0.00         0.04       0.000276    
4      CYP3A5:99270538→P              0.03         0.00         0.03       0.000274    
5      CYP3A5:99270538→G              0.03         0.00         0.03       0.000274    
6      CYP3A5:99270538→T              0.03         0.00         0.03       0.000269    
7      CYP3A5:99270538→C              43.96        49.00        -5.04      0.000003    
New best model with final loss: 90.54

=== Multi-Seed VAE Results ===
Best model had seed 9999 with final loss: 90.54
All seeds final losses:
  Seed 9999: Total=90.54 (Recon=32.01, A_KL=9.85, B_KL=13922.53) <- Best

[Raw]:
CYP3A5*3: Normalized=1.0000, Unnormalized=1.00

[Alleles]
CYP3A5*3
CYP3A5*3
	Command being timed: "python cyp.py CYP3A5 /project/shared/aldy-data/wgs/NA10851.wgs.cram 9999"
	User time (seconds): 51.34
	System time (seconds): 11.57
	Percent of CPU this job got: 99%
	Elapsed (wall clock) time (h:mm:ss or m:ss): 1:03.36
	Average shared text size (kbytes): 0
	Average unshared data size (kbytes): 0
	Average stack size (kbytes): 0
	Average total size (kbytes): 0
	Maximum resident set size (kbytes): 1878080
	Average resident set size (kbytes): 0
	Major (requiring I/O) page faults: 0
	Minor (reclaiming a frame) page faults: 596452
	Voluntary context switches: 10421
	Involuntary context switches: 91
	Swaps: 0
	File system inputs: 0
	File system outputs: 24
	Socket messages sent: 0
	Socket messages received: 0
	Signals delivered: 0
	Page size (bytes): 4096
	Exit status: 0
