[info] total indices 175
[info] total variants 175
3.001 was filtered out as 99270538 T>C needs C but not covered
3.012 was filtered out as 99270538 T>C needs C but not covered
3.013 was filtered out as 99270538 T>C needs C but not covered
3.014 was filtered out as 99270538 T>C needs C but not covered
3.015 was filtered out as 99270538 T>C needs C but not covered
3.016 was filtered out as 99270538 T>C needs C but not covered
3.002 was filtered out as 99270538 T>C needs C but not covered
3.003 was filtered out as 99270538 T>C needs C but not covered
3.004 was filtered out as 99270538 T>C needs C but not covered
3.005 was filtered out as 99270538 T>C needs C but not covered
3.006 was filtered out as 99270538 T>C needs C but not covered
3.007 was filtered out as 99270538 T>C needs C but not covered
3.008 was filtered out as 99270538 T>C needs C but not covered
3.009 was filtered out as 99270538 T>C needs C but not covered
3.010 was filtered out as 99270538 T>C needs C but not covered
3.017 was filtered out as 99270538 T>C needs C but not covered
6.001 was filtered out as 99262834 C>T needs T but not covered
8.001 was filtered out as 99273820 G>A needs A but not covered
9.001 was filtered out as 99258138 C>T needs T but not covered
[filter] CYP3A5 1 => 1.001; 1.002; 1.003; 1.004; 1.005
[filter] CYP3A5 7 => 7.001
[filter] valid_alleles=6
Step 0: Loss=0.2490, CN=[2.0999167]
Step 100: Loss=0.0415, CN=[2.7386346]
Step 200: Loss=0.0415, CN=[2.7357633]
Step 300: Loss=0.0415, CN=[2.735781]
Step 400: Loss=0.0415, CN=[2.7357807]

=== Fit ===
Region 0: obs=2.733, exp=2.736, diff=-0.003 
Region 1: obs=2.753, exp=2.736, diff=+0.018 
Region 2: obs=1.919, exp=2.736, diff=-0.817 *
Region 3: obs=2.575, exp=2.736, diff=-0.160 
Region 4: obs=2.629, exp=2.736, diff=-0.107 
Region 5: obs=2.145, exp=2.736, diff=-0.591 *
Region 6: obs=2.608, exp=2.736, diff=-0.128 
Region 7: obs=2.769, exp=2.736, diff=+0.033 
Region 8: obs=3.074, exp=2.736, diff=+0.338 
Region 9: obs=2.842, exp=2.736, diff=+0.106 
Region 10: obs=3.529, exp=2.736, diff=+0.793 *
Region 11: obs=2.758, exp=2.736, diff=+0.022 
Region 12: obs=3.137, exp=2.736, diff=+0.401 
Region 13: obs=2.629, exp=2.736, diff=-0.107 
Region 14: obs=2.759, exp=2.736, diff=+0.023 
Region 15: obs=2.808, exp=2.736, diff=+0.072 
Region 16: obs=2.933, exp=2.736, diff=+0.197 
Region 17: obs=2.810, exp=2.736, diff=+0.074 
Region 18: obs=2.519, exp=2.736, diff=-0.217 
Region 19: obs=2.594, exp=2.736, diff=-0.142 
Region 20: obs=3.050, exp=2.736, diff=+0.314 
Region 21: obs=2.774, exp=2.736, diff=+0.038 
Region 22: obs=3.203, exp=2.736, diff=+0.467 
Region 23: obs=2.767, exp=2.736, diff=+0.031 
Region 24: obs=2.477, exp=2.736, diff=-0.259 
Region 25: obs=2.457, exp=2.736, diff=-0.278 
Region 26: obs=2.680, exp=2.736, diff=-0.055 
Region 27: obs=2.614, exp=2.736, diff=-0.122 
Region 28: obs=2.676, exp=2.736, diff=-0.060 

[Gene CN Results]
  CYP3A5: 2.74 → 2.735780715942383
Using device: cuda

CYP3A5*1.001:

CYP3A5*1.002:

CYP3A5*1.003:

CYP3A5*1.004:

CYP3A5*1.005:

CYP3A5*7.001:

=== Running VAE with seed 9999 ===
Global Pooled JS: 0.079373
functional kld weight 0.0
Seed 9999, Step    0: Loss = 166.04 (Recon: 145.28, Allele KL: 2.46, Base KL: 86.92, Functional KL: 0.08
Global Pooled JS: 0.002796
functional kld weight 27.77777777777777
Seed 9999, Step  500: Loss = 66.69 (Recon: 43.32, Allele KL: 6.22, Base KL: 2727.21, Functional KL: 0.00
Global Pooled JS: 0.014857
functional kld weight 222.22222222222217
Seed 9999, Step 1000: Loss = 66.15 (Recon: 39.57, Allele KL: 6.25, Base KL: 2853.84, Functional KL: 0.01
Global Pooled JS: 0.004328
functional kld weight 750.0
Seed 9999, Step 1500: Loss = 59.34 (Recon: 31.89, Allele KL: 6.77, Base KL: 3334.21, Functional KL: 0.00
Global Pooled JS: 0.007798
functional kld weight 1777.7777777777774
Seed 9999, Step 2000: Loss = 80.89 (Recon: 41.45, Allele KL: 7.77, Base KL: 4066.41, Functional KL: 0.01
Global Pooled JS: 0.001703
functional kld weight 3472.222222222223
Seed 9999, Step 2500: Loss = 65.55 (Recon: 31.78, Allele KL: 8.69, Base KL: 5257.56, Functional KL: 0.00

Top Variants with Coverage Mismatches:
Rank   Variant                        Expected     Observed     Diff       |Div|       
------------------------------------------------------------------------------------------
1      CYP3A5:99250392→M              0.02         0.00         0.02       0.000148    
2      CYP3A5:99250392→N              0.02         0.00         0.02       0.000147    
3      CYP3A5:99250392→C              0.02         0.00         0.02       0.000146    
4      CYP3A5:99250392→G              0.02         0.00         0.02       0.000146    
5      CYP3A5:99250392→A              0.02         0.00         0.02       0.000143    
6      CYP3A5:99250392→P              15.20        22.00        -6.80      0.000034    
7      CYP3A5:99250392→T              34.30        52.00        -17.70     0.000022    
New best model with final loss: 69.52

=== Multi-Seed VAE Results ===
Best model had seed 9999 with final loss: 69.52
All seeds final losses:
  Seed 9999: Total=69.52 (Recon=34.50, A_KL=9.01, B_KL=6661.21) <- Best

[Raw]:
CYP3A5*1: Normalized=0.6909, Unnormalized=0.69
CYP3A5*7: Normalized=0.3091, Unnormalized=0.31

[Alleles]
CYP3A5*1
CYP3A5*7
	Command being timed: "python cyp.py CYP3A5 /project/shared/aldy-data/wgs/NA18484.wgs.cram 9999"
	User time (seconds): 51.85
	System time (seconds): 11.67
	Percent of CPU this job got: 99%
	Elapsed (wall clock) time (h:mm:ss or m:ss): 1:04.08
	Average shared text size (kbytes): 0
	Average unshared data size (kbytes): 0
	Average stack size (kbytes): 0
	Average total size (kbytes): 0
	Maximum resident set size (kbytes): 1880024
	Average resident set size (kbytes): 0
	Major (requiring I/O) page faults: 0
	Minor (reclaiming a frame) page faults: 601173
	Voluntary context switches: 9823
	Involuntary context switches: 1027
	Swaps: 0
	File system inputs: 0
	File system outputs: 24
	Socket messages sent: 0
	Socket messages received: 0
	Signals delivered: 0
	Page size (bytes): 4096
	Exit status: 0
