[info] total indices 175
[info] total variants 175
3.002 was filtered out as 99273814 G>A needs A but not covered
3.003 was filtered out as 99270275 A>C needs C but not covered
3.004 was filtered out as 99245973 A>G needs G but not covered
3.005 was filtered out as 99264572 A>G needs G but not covered
3.006 was filtered out as 99247742 T>C needs C but not covered
3.007 was filtered out as 99247771 A>G needs G but not covered
3.008 was filtered out as 99273744 T>C needs C but not covered
3.009 was filtered out as 99262859 T>C needs C but not covered
3.010 was filtered out as 99250235 G>T needs T but not covered
3.017 was filtered out as 99262850 A>C needs C but not covered
6.001 was filtered out as 99262834 C>T needs T but not covered
7.001 was filtered out as 99250392 insA needs P but not covered
8.001 was filtered out as 99273820 G>A needs A but not covered
9.001 was filtered out as 99258138 C>T needs T but not covered
[filter] CYP3A5 1 => 1.001; 1.002; 1.003; 1.004; 1.005
[filter] CYP3A5 3 => 3.001; 3.012; 3.013; 3.014; 3.015; 3.016
[filter] valid_alleles=11
Step 0: Loss=0.5870, CN=[2.0999167]
Step 100: Loss=0.0719, CN=[3.4372237]
Step 200: Loss=0.0719, CN=[3.4349105]
Step 300: Loss=0.0719, CN=[3.4349203]
Step 400: Loss=0.0719, CN=[3.4349203]

=== Fit ===
Region 0: obs=3.650, exp=3.435, diff=+0.215 
Region 1: obs=3.124, exp=3.435, diff=-0.311 
Region 2: obs=2.514, exp=3.435, diff=-0.921 *
Region 3: obs=3.477, exp=3.435, diff=+0.042 
Region 4: obs=2.595, exp=3.435, diff=-0.840 *
Region 5: obs=3.085, exp=3.435, diff=-0.350 
Region 6: obs=3.531, exp=3.435, diff=+0.096 
Region 7: obs=3.521, exp=3.435, diff=+0.086 
Region 8: obs=3.120, exp=3.435, diff=-0.315 
Region 9: obs=3.782, exp=3.435, diff=+0.347 
Region 10: obs=3.531, exp=3.435, diff=+0.096 
Region 11: obs=3.389, exp=3.435, diff=-0.045 
Region 12: obs=3.280, exp=3.435, diff=-0.155 
Region 13: obs=3.617, exp=3.435, diff=+0.182 
Region 14: obs=4.027, exp=3.435, diff=+0.592 *
Region 15: obs=4.177, exp=3.435, diff=+0.742 *
Region 16: obs=4.182, exp=3.435, diff=+0.747 *
Region 17: obs=3.187, exp=3.435, diff=-0.248 
Region 18: obs=2.797, exp=3.435, diff=-0.638 *
Region 19: obs=3.434, exp=3.435, diff=-0.001 
Region 20: obs=3.299, exp=3.435, diff=-0.136 
Region 21: obs=3.547, exp=3.435, diff=+0.112 
Region 22: obs=3.172, exp=3.435, diff=-0.263 
Region 23: obs=3.534, exp=3.435, diff=+0.099 
Region 24: obs=3.518, exp=3.435, diff=+0.083 
Region 25: obs=3.662, exp=3.435, diff=+0.227 
Region 26: obs=3.693, exp=3.435, diff=+0.258 
Region 27: obs=3.023, exp=3.435, diff=-0.412 
Region 28: obs=3.827, exp=3.435, diff=+0.392 

[Gene CN Results]
  CYP3A5: 3.43 → 3.434920310974121
Using device: cuda

CYP3A5*1.001:

CYP3A5*1.002:

CYP3A5*1.003:

CYP3A5*1.004:

CYP3A5*1.005:

CYP3A5*3.001:

CYP3A5*3.012:

CYP3A5*3.013:

CYP3A5*3.014:

CYP3A5*3.015:

CYP3A5*3.016:

=== Running VAE with seed 9999 ===
Global Pooled JS: 0.009483
functional kld weight 0.0
Seed 9999, Step    0: Loss = 186.22 (Recon: 139.39, Allele KL: 18.86, Base KL: 879.28, Functional KL: 0.01
Global Pooled JS: 0.022079
functional kld weight 27.77777777777777
Seed 9999, Step  500: Loss = 105.03 (Recon: 61.25, Allele KL: 15.72, Base KL: 4369.35, Functional KL: 0.02
Global Pooled JS: 0.004290
functional kld weight 222.22222222222217
Seed 9999, Step 1000: Loss = 107.04 (Recon: 63.76, Allele KL: 14.55, Base KL: 4590.96, Functional KL: 0.00
Global Pooled JS: 0.003666
functional kld weight 750.0
Seed 9999, Step 1500: Loss = 113.97 (Recon: 65.66, Allele KL: 16.94, Base KL: 5366.09, Functional KL: 0.00
Global Pooled JS: 0.002604
functional kld weight 1777.7777777777774
Seed 9999, Step 2000: Loss = 121.72 (Recon: 70.29, Allele KL: 17.07, Base KL: 6441.35, Functional KL: 0.00
Global Pooled JS: 0.001844
functional kld weight 3472.222222222223
Seed 9999, Step 2500: Loss = 121.24 (Recon: 58.79, Allele KL: 25.42, Base KL: 8003.68, Functional KL: 0.00

Top Variants with Coverage Mismatches:
Rank   Variant                        Expected     Observed     Diff       |Div|       
------------------------------------------------------------------------------------------
1      CYP3A5:99270538→P              0.04         0.00         0.04       0.000253    
2      CYP3A5:99270538→M              0.04         0.00         0.04       0.000247    
3      CYP3A5:99270538→G              0.04         0.00         0.04       0.000245    
4      CYP3A5:99270538→A              0.04         0.00         0.04       0.000244    
5      CYP3A5:99270538→N              0.04         0.00         0.04       0.000243    
6      CYP3A5:99270538→C              26.16        20.00        6.16       0.000072    
7      CYP3A5:99270538→T              30.54        22.00        8.54       0.000039    
New best model with final loss: 124.17

=== Multi-Seed VAE Results ===
Best model had seed 9999 with final loss: 124.17
All seeds final losses:
  Seed 9999: Total=124.17 (Recon=64.43, A_KL=17.85, B_KL=10065.72) <- Best

[Raw]:
CYP3A5*1: Normalized=0.5358, Unnormalized=0.54
CYP3A5*3: Normalized=0.4642, Unnormalized=0.46

[Alleles]
CYP3A5*1
CYP3A5*3
	Command being timed: "python cyp.py CYP3A5 /project/shared/aldy-data/wgs/NA18540.wgs.cram 9999"
	User time (seconds): 51.84
	System time (seconds): 10.39
	Percent of CPU this job got: 98%
	Elapsed (wall clock) time (h:mm:ss or m:ss): 1:02.99
	Average shared text size (kbytes): 0
	Average unshared data size (kbytes): 0
	Average stack size (kbytes): 0
	Average total size (kbytes): 0
	Maximum resident set size (kbytes): 1901528
	Average resident set size (kbytes): 0
	Major (requiring I/O) page faults: 0
	Minor (reclaiming a frame) page faults: 614149
	Voluntary context switches: 10094
	Involuntary context switches: 112
	Swaps: 0
	File system inputs: 0
	File system outputs: 24
	Socket messages sent: 0
	Socket messages received: 0
	Signals delivered: 0
	Page size (bytes): 4096
	Exit status: 0
