[info] total indices 175
[info] total variants 175
3.001 was filtered out as 99270538 T>C needs C but not covered
3.012 was filtered out as 99270538 T>C needs C but not covered
3.013 was filtered out as 99270538 T>C needs C but not covered
3.014 was filtered out as 99270538 T>C needs C but not covered
3.015 was filtered out as 99270538 T>C needs C but not covered
3.016 was filtered out as 99270538 T>C needs C but not covered
3.002 was filtered out as 99270538 T>C needs C but not covered
3.003 was filtered out as 99270538 T>C needs C but not covered
3.004 was filtered out as 99270538 T>C needs C but not covered
3.005 was filtered out as 99270538 T>C needs C but not covered
3.006 was filtered out as 99270538 T>C needs C but not covered
3.007 was filtered out as 99270538 T>C needs C but not covered
3.008 was filtered out as 99270538 T>C needs C but not covered
3.009 was filtered out as 99270538 T>C needs C but not covered
3.010 was filtered out as 99270538 T>C needs C but not covered
3.017 was filtered out as 99270538 T>C needs C but not covered
8.001 was filtered out as 99273820 G>A needs A but not covered
9.001 was filtered out as 99258138 C>T needs T but not covered
[filter] CYP3A5 1 => 1.001; 1.002; 1.003; 1.004; 1.005
[filter] CYP3A5 6 => 6.001
[filter] CYP3A5 7 => 7.001
[filter] valid_alleles=7
Step 0: Loss=0.1418, CN=[2.0999167]
Step 100: Loss=0.0443, CN=[2.483891]
Step 200: Loss=0.0443, CN=[2.4830241]
Step 300: Loss=0.0443, CN=[2.483028]
Step 400: Loss=0.0443, CN=[2.4830282]

=== Fit ===
Region 0: obs=2.642, exp=2.483, diff=+0.159 
Region 1: obs=2.265, exp=2.483, diff=-0.218 
Region 2: obs=2.521, exp=2.483, diff=+0.038 
Region 3: obs=2.640, exp=2.483, diff=+0.157 
Region 4: obs=2.255, exp=2.483, diff=-0.228 
Region 5: obs=1.942, exp=2.483, diff=-0.541 *
Region 6: obs=2.357, exp=2.483, diff=-0.126 
Region 7: obs=2.444, exp=2.483, diff=-0.039 
Region 8: obs=1.432, exp=2.483, diff=-1.051 *
Region 9: obs=2.672, exp=2.483, diff=+0.189 
Region 10: obs=2.021, exp=2.483, diff=-0.462 
Region 11: obs=2.938, exp=2.483, diff=+0.455 
Region 12: obs=2.275, exp=2.483, diff=-0.208 
Region 13: obs=2.348, exp=2.483, diff=-0.135 
Region 14: obs=2.578, exp=2.483, diff=+0.095 
Region 15: obs=2.468, exp=2.483, diff=-0.015 
Region 16: obs=2.733, exp=2.483, diff=+0.250 
Region 17: obs=2.545, exp=2.483, diff=+0.062 
Region 18: obs=2.590, exp=2.483, diff=+0.107 
Region 19: obs=2.453, exp=2.483, diff=-0.030 
Region 20: obs=2.474, exp=2.483, diff=-0.009 
Region 21: obs=2.632, exp=2.483, diff=+0.149 
Region 22: obs=2.305, exp=2.483, diff=-0.178 
Region 23: obs=2.467, exp=2.483, diff=-0.016 
Region 24: obs=2.141, exp=2.483, diff=-0.342 
Region 25: obs=2.580, exp=2.483, diff=+0.097 
Region 26: obs=2.967, exp=2.483, diff=+0.484 
Region 27: obs=2.861, exp=2.483, diff=+0.378 
Region 28: obs=2.867, exp=2.483, diff=+0.384 

[Gene CN Results]
  CYP3A5: 2.48 → 2.4830281734466553
Using device: cuda

CYP3A5*1.001:

CYP3A5*1.002:

CYP3A5*1.003:

CYP3A5*1.004:

CYP3A5*1.005:

CYP3A5*6.001:

CYP3A5*7.001:

=== Running VAE with seed 9999 ===
Global Pooled JS: 0.101364
functional kld weight 0.0
Seed 9999, Step    0: Loss = 157.98 (Recon: 138.21, Allele KL: 3.07, Base KL: 128.45, Functional KL: 0.10
Global Pooled JS: 0.005665
functional kld weight 27.77777777777777
Seed 9999, Step  500: Loss = 55.50 (Recon: 31.71, Allele KL: 7.98, Base KL: 2344.37, Functional KL: 0.01
Global Pooled JS: 0.008399
functional kld weight 222.22222222222217
Seed 9999, Step 1000: Loss = 57.42 (Recon: 30.27, Allele KL: 9.91, Base KL: 2561.56, Functional KL: 0.01
Global Pooled JS: 0.005282
functional kld weight 750.0
Seed 9999, Step 1500: Loss = 58.67 (Recon: 28.93, Allele KL: 9.79, Base KL: 3249.41, Functional KL: 0.01
Global Pooled JS: 0.006201
functional kld weight 1777.7777777777774
Seed 9999, Step 2000: Loss = 78.76 (Recon: 40.45, Allele KL: 9.67, Base KL: 4531.03, Functional KL: 0.01
Global Pooled JS: 0.005493
functional kld weight 3472.222222222223
Seed 9999, Step 2500: Loss = 81.59 (Recon: 32.39, Allele KL: 11.37, Base KL: 5976.88, Functional KL: 0.01

Top Variants with Coverage Mismatches:
Rank   Variant                        Expected     Observed     Diff       |Div|       
------------------------------------------------------------------------------------------
1      CYP3A5:99250392→T              28.28        34.00        -5.72      0.001007    
2      CYP3A5:99262834→C              19.30        17.00        2.30       0.000697    
3      CYP3A5:99262834→A              0.04         0.00         0.04       0.000146    
4      CYP3A5:99262834→M              0.04         0.00         0.04       0.000145    
5      CYP3A5:99262834→N              0.04         0.00         0.04       0.000145    
6      CYP3A5:99262834→P              0.03         0.00         0.03       0.000142    
7      CYP3A5:99262834→G              0.03         0.00         0.03       0.000141    
8      CYP3A5:99250392→N              0.03         0.00         0.03       0.000117    
9      CYP3A5:99250392→A              0.03         0.00         0.03       0.000116    
10     CYP3A5:99250392→C              0.03         0.00         0.03       0.000115    
11     CYP3A5:99250392→M              0.03         0.00         0.03       0.000115    
12     CYP3A5:99250392→G              0.03         0.00         0.03       0.000115    
13     CYP3A5:99262834→T              22.52        22.00        0.52       0.000111    
14     CYP3A5:99250392→P              13.58        14.00        -0.42      0.000000    
New best model with final loss: 83.92

=== Multi-Seed VAE Results ===
Best model had seed 9999 with final loss: 83.92
All seeds final losses:
  Seed 9999: Total=83.92 (Recon=31.93, A_KL=11.25, B_KL=8279.75) <- Best

[Raw]:
CYP3A5*6: Normalized=0.5415, Unnormalized=0.54
CYP3A5*7: Normalized=0.3275, Unnormalized=0.33

[Alleles]
CYP3A5*6
CYP3A5*7
	Command being timed: "python cyp.py CYP3A5 /project/shared/aldy-data/wgs/NA19143.wgs.cram 9999"
	User time (seconds): 51.28
	System time (seconds): 10.81
	Percent of CPU this job got: 99%
	Elapsed (wall clock) time (h:mm:ss or m:ss): 1:02.50
	Average shared text size (kbytes): 0
	Average unshared data size (kbytes): 0
	Average stack size (kbytes): 0
	Average total size (kbytes): 0
	Maximum resident set size (kbytes): 1867356
	Average resident set size (kbytes): 0
	Major (requiring I/O) page faults: 0
	Minor (reclaiming a frame) page faults: 572868
	Voluntary context switches: 9905
	Involuntary context switches: 95
	Swaps: 0
	File system inputs: 0
	File system outputs: 24
	Socket messages sent: 0
	Socket messages received: 0
	Signals delivered: 0
	Page size (bytes): 4096
	Exit status: 0
