[info] total indices 175
[info] total variants 175
3.001 was filtered out as 99270538 T>C needs C but not covered
3.012 was filtered out as 99270538 T>C needs C but not covered
3.013 was filtered out as 99270538 T>C needs C but not covered
3.014 was filtered out as 99270538 T>C needs C but not covered
3.015 was filtered out as 99270538 T>C needs C but not covered
3.016 was filtered out as 99270538 T>C needs C but not covered
3.002 was filtered out as 99270538 T>C needs C but not covered
3.003 was filtered out as 99270538 T>C needs C but not covered
3.004 was filtered out as 99270538 T>C needs C but not covered
3.005 was filtered out as 99270538 T>C needs C but not covered
3.006 was filtered out as 99270538 T>C needs C but not covered
3.007 was filtered out as 99270538 T>C needs C but not covered
3.008 was filtered out as 99270538 T>C needs C but not covered
3.009 was filtered out as 99270538 T>C needs C but not covered
3.010 was filtered out as 99270538 T>C needs C but not covered
3.017 was filtered out as 99270538 T>C needs C but not covered
6.001 was filtered out as 99262834 C>T needs T but not covered
7.001 was filtered out as 99250392 insA needs P but not covered
8.001 was filtered out as 99273820 G>A needs A but not covered
9.001 was filtered out as 99258138 C>T needs T but not covered
[filter] CYP3A5 1 => 1.001; 1.002; 1.003; 1.004; 1.005
[filter] valid_alleles=5
Step 0: Loss=0.0576, CN=[2.0999167]
Step 100: Loss=0.0301, CN=[2.2420034]
Step 200: Loss=0.0301, CN=[2.24215]
Step 300: Loss=0.0301, CN=[2.2421446]
Step 400: Loss=0.0301, CN=[2.2421446]

=== Fit ===
Region 0: obs=2.389, exp=2.242, diff=+0.147 
Region 1: obs=2.753, exp=2.242, diff=+0.511 *
Region 2: obs=2.495, exp=2.242, diff=+0.253 
Region 3: obs=2.361, exp=2.242, diff=+0.119 
Region 4: obs=1.929, exp=2.242, diff=-0.313 
Region 5: obs=2.033, exp=2.242, diff=-0.209 
Region 6: obs=2.559, exp=2.242, diff=+0.317 
Region 7: obs=2.175, exp=2.242, diff=-0.067 
Region 8: obs=2.089, exp=2.242, diff=-0.153 
Region 9: obs=2.314, exp=2.242, diff=+0.071 
Region 10: obs=2.063, exp=2.242, diff=-0.179 
Region 11: obs=1.939, exp=2.242, diff=-0.303 
Region 12: obs=1.820, exp=2.242, diff=-0.423 
Region 13: obs=1.940, exp=2.242, diff=-0.302 
Region 14: obs=2.065, exp=2.242, diff=-0.177 
Region 15: obs=2.261, exp=2.242, diff=+0.018 
Region 16: obs=2.305, exp=2.242, diff=+0.063 
Region 17: obs=2.367, exp=2.242, diff=+0.125 
Region 18: obs=2.343, exp=2.242, diff=+0.100 
Region 19: obs=2.468, exp=2.242, diff=+0.226 
Region 20: obs=1.647, exp=2.242, diff=-0.595 *
Region 21: obs=2.332, exp=2.242, diff=+0.089 
Region 22: obs=2.276, exp=2.242, diff=+0.033 
Region 23: obs=2.198, exp=2.242, diff=-0.044 
Region 24: obs=2.162, exp=2.242, diff=-0.080 
Region 25: obs=2.595, exp=2.242, diff=+0.353 
Region 26: obs=2.469, exp=2.242, diff=+0.227 
Region 27: obs=2.124, exp=2.242, diff=-0.118 
Region 28: obs=2.469, exp=2.242, diff=+0.227 

[Gene CN Results]
  CYP3A5: 2.24 → 2.2421445846557617
Using device: cuda

CYP3A5*1.001:

CYP3A5*1.002:

CYP3A5*1.003:

CYP3A5*1.004:

CYP3A5*1.005:

=== Running VAE with seed 9999 ===
Global Pooled JS: 0.000000
functional kld weight 0.0
Seed 9999, Step    0: Loss = 151.47 (Recon: 129.63, Allele KL: 0.96, Base KL: 49.65, Functional KL: 0.00
Global Pooled JS: 0.000000
functional kld weight 27.77777777777777
Seed 9999, Step  500: Loss = 57.02 (Recon: 27.30, Allele KL: 12.13, Base KL: 3341.85, Functional KL: 0.00
Global Pooled JS: 0.000000
functional kld weight 222.22222222222217
Seed 9999, Step 1000: Loss = 43.47 (Recon: 15.24, Allele KL: 11.38, Base KL: 3350.40, Functional KL: 0.00
Global Pooled JS: 0.000000
functional kld weight 750.0
Seed 9999, Step 1500: Loss = 41.70 (Recon: 18.36, Allele KL: 6.20, Base KL: 3334.96, Functional KL: 0.00
Global Pooled JS: 0.000000
functional kld weight 1777.7777777777774
Seed 9999, Step 2000: Loss = 39.82 (Recon: 11.62, Allele KL: 11.53, Base KL: 3369.75, Functional KL: 0.00
Global Pooled JS: 0.000000
functional kld weight 3472.222222222223
Seed 9999, Step 2500: Loss = 38.39 (Recon: 13.30, Allele KL: 8.17, Base KL: 3285.01, Functional KL: 0.00

Top Variants with Coverage Mismatches:
Rank   Variant                        Expected     Observed     Diff       |Div|       
------------------------------------------------------------------------------------------
New best model with final loss: 48.45

=== Multi-Seed VAE Results ===
Best model had seed 9999 with final loss: 48.45
All seeds final losses:
  Seed 9999: Total=48.45 (Recon=21.74, A_KL=9.43, B_KL=3345.84) <- Best

[Raw]:
CYP3A5*1: Normalized=1.0000, Unnormalized=1.00

[Alleles]
CYP3A5*1
CYP3A5*1
	Command being timed: "python cyp.py CYP3A5 /project/shared/aldy-data/wgs/NA19178.wgs.cram 9999"
	User time (seconds): 51.54
	System time (seconds): 10.77
	Percent of CPU this job got: 98%
	Elapsed (wall clock) time (h:mm:ss or m:ss): 1:03.24
	Average shared text size (kbytes): 0
	Average unshared data size (kbytes): 0
	Average stack size (kbytes): 0
	Average total size (kbytes): 0
	Maximum resident set size (kbytes): 1897528
	Average resident set size (kbytes): 0
	Major (requiring I/O) page faults: 0
	Minor (reclaiming a frame) page faults: 654438
	Voluntary context switches: 9777
	Involuntary context switches: 118
	Swaps: 0
	File system inputs: 0
	File system outputs: 24
	Socket messages sent: 0
	Socket messages received: 0
	Signals delivered: 0
	Page size (bytes): 4096
	Exit status: 0
