[info] total indices 175
[info] total variants 175
1.001 was filtered out as 99270538 T>C needs T but not covered
1.002 was filtered out as 99270538 T>C needs T but not covered
1.003 was filtered out as 99270538 T>C needs T but not covered
1.004 was filtered out as 99270538 T>C needs T but not covered
1.005 was filtered out as 99270538 T>C needs T but not covered
3.002 was filtered out as 99273814 G>A needs A but not covered
3.003 was filtered out as 99270275 A>C needs C but not covered
3.004 was filtered out as 99245973 A>G needs G but not covered
3.005 was filtered out as 99264572 A>G needs G but not covered
3.006 was filtered out as 99247742 T>C needs C but not covered
3.007 was filtered out as 99247771 A>G needs G but not covered
3.008 was filtered out as 99273744 T>C needs C but not covered
3.009 was filtered out as 99262859 T>C needs C but not covered
3.010 was filtered out as 99250235 G>T needs T but not covered
3.017 was filtered out as 99262850 A>C needs C but not covered
6.001 was filtered out as 99270538 T>C needs T but not covered
7.001 was filtered out as 99270538 T>C needs T but not covered
8.001 was filtered out as 99270538 T>C needs T but not covered
9.001 was filtered out as 99270538 T>C needs T but not covered
[filter] CYP3A5 3 => 3.001; 3.012; 3.013; 3.014; 3.015; 3.016
[filter] valid_alleles=6
Step 0: Loss=0.3415, CN=[2.0999167]
Step 100: Loss=0.0723, CN=[2.9165692]
Step 200: Loss=0.0723, CN=[2.916319]
Step 300: Loss=0.0723, CN=[2.9162986]
Step 400: Loss=0.0723, CN=[2.9162986]

=== Fit ===
Region 0: obs=2.809, exp=2.916, diff=-0.108 
Region 1: obs=2.378, exp=2.916, diff=-0.538 *
Region 2: obs=2.549, exp=2.916, diff=-0.367 
Region 3: obs=2.761, exp=2.916, diff=-0.155 
Region 4: obs=2.654, exp=2.916, diff=-0.263 
Region 5: obs=2.246, exp=2.916, diff=-0.670 *
Region 6: obs=3.118, exp=2.916, diff=+0.202 
Region 7: obs=2.767, exp=2.916, diff=-0.150 
Region 8: obs=3.261, exp=2.916, diff=+0.344 
Region 9: obs=2.785, exp=2.916, diff=-0.132 
Region 10: obs=2.156, exp=2.916, diff=-0.760 *
Region 11: obs=2.750, exp=2.916, diff=-0.167 
Region 12: obs=3.499, exp=2.916, diff=+0.583 *
Region 13: obs=2.884, exp=2.916, diff=-0.032 
Region 14: obs=3.014, exp=2.916, diff=+0.098 
Region 15: obs=2.828, exp=2.916, diff=-0.088 
Region 16: obs=2.363, exp=2.916, diff=-0.553 *
Region 17: obs=2.949, exp=2.916, diff=+0.032 
Region 18: obs=2.737, exp=2.916, diff=-0.179 
Region 19: obs=3.226, exp=2.916, diff=+0.310 
Region 20: obs=2.992, exp=2.916, diff=+0.076 
Region 21: obs=2.747, exp=2.916, diff=-0.169 
Region 22: obs=3.375, exp=2.916, diff=+0.459 
Region 23: obs=3.261, exp=2.916, diff=+0.345 
Region 24: obs=3.862, exp=2.916, diff=+0.946 *
Region 25: obs=3.164, exp=2.916, diff=+0.248 
Region 26: obs=3.676, exp=2.916, diff=+0.760 *
Region 27: obs=2.821, exp=2.916, diff=-0.096 
Region 28: obs=3.208, exp=2.916, diff=+0.292 

[Gene CN Results]
  CYP3A5: 2.92 → 2.9162981510162354
Using device: cuda

CYP3A5*3.001:

CYP3A5*3.012:

CYP3A5*3.013:

CYP3A5*3.014:

CYP3A5*3.015:

CYP3A5*3.016:

=== Running VAE with seed 9999 ===
Global Pooled JS: 0.017592
functional kld weight 0.0
Seed 9999, Step    0: Loss = 107.11 (Recon: 75.91, Allele KL: 4.52, Base KL: 118.33, Functional KL: 0.02
Global Pooled JS: 0.009040
functional kld weight 27.77777777777777
Seed 9999, Step  500: Loss = 56.94 (Recon: 22.13, Allele KL: 10.62, Base KL: 4242.91, Functional KL: 0.01
Global Pooled JS: 0.009312
functional kld weight 222.22222222222217
Seed 9999, Step 1000: Loss = 74.81 (Recon: 38.93, Allele KL: 7.55, Base KL: 4971.43, Functional KL: 0.01
Global Pooled JS: 0.004892
functional kld weight 750.0
Seed 9999, Step 1500: Loss = 62.72 (Recon: 24.78, Allele KL: 7.90, Base KL: 6462.89, Functional KL: 0.00
Global Pooled JS: 0.004215
functional kld weight 1777.7777777777774
Seed 9999, Step 2000: Loss = 70.65 (Recon: 28.10, Allele KL: 6.30, Base KL: 8741.78, Functional KL: 0.00
Global Pooled JS: 0.002265
functional kld weight 3472.222222222223
Seed 9999, Step 2500: Loss = 70.89 (Recon: 23.11, Allele KL: 9.40, Base KL: 11310.86, Functional KL: 0.00

Top Variants with Coverage Mismatches:
Rank   Variant                        Expected     Observed     Diff       |Div|       
------------------------------------------------------------------------------------------
1      CYP3A5:99270538→M              0.03         0.00         0.03       0.000261    
2      CYP3A5:99270538→A              0.03         0.00         0.03       0.000258    
3      CYP3A5:99270538→N              0.03         0.00         0.03       0.000258    
4      CYP3A5:99270538→P              0.03         0.00         0.03       0.000257    
5      CYP3A5:99270538→G              0.03         0.00         0.03       0.000257    
6      CYP3A5:99270538→T              0.03         0.00         0.03       0.000251    
7      CYP3A5:99270538→C              42.48        51.00        -8.52      0.000002    
New best model with final loss: 82.47

=== Multi-Seed VAE Results ===
Best model had seed 9999 with final loss: 82.47
All seeds final losses:
  Seed 9999: Total=82.47 (Recon=25.16, A_KL=10.75, B_KL=13790.41) <- Best

[Raw]:
CYP3A5*3: Normalized=1.0000, Unnormalized=1.00

[Alleles]
CYP3A5*3
CYP3A5*3
	Command being timed: "python cyp.py CYP3A5 /project/shared/aldy-data/wgs/NA19789.wgs.cram 9999"
	User time (seconds): 51.36
	System time (seconds): 10.94
	Percent of CPU this job got: 99%
	Elapsed (wall clock) time (h:mm:ss or m:ss): 1:02.91
	Average shared text size (kbytes): 0
	Average unshared data size (kbytes): 0
	Average stack size (kbytes): 0
	Average total size (kbytes): 0
	Maximum resident set size (kbytes): 1882724
	Average resident set size (kbytes): 0
	Major (requiring I/O) page faults: 0
	Minor (reclaiming a frame) page faults: 606230
	Voluntary context switches: 10138
	Involuntary context switches: 156
	Swaps: 0
	File system inputs: 0
	File system outputs: 24
	Socket messages sent: 0
	Socket messages received: 0
	Signals delivered: 0
	Page size (bytes): 4096
	Exit status: 0
