[info] total indices 175
[info] total variants 175
3.002 was filtered out as 99273814 G>A needs A but not covered
3.003 was filtered out as 99270275 A>C needs C but not covered
3.004 was filtered out as 99245973 A>G needs G but not covered
3.005 was filtered out as 99264572 A>G needs G but not covered
3.006 was filtered out as 99247742 T>C needs C but not covered
3.007 was filtered out as 99247771 A>G needs G but not covered
3.008 was filtered out as 99273744 T>C needs C but not covered
3.009 was filtered out as 99262859 T>C needs C but not covered
3.010 was filtered out as 99250235 G>T needs T but not covered
3.017 was filtered out as 99262850 A>C needs C but not covered
7.001 was filtered out as 99250392 insA needs P but not covered
8.001 was filtered out as 99273820 G>A needs A but not covered
9.001 was filtered out as 99258138 C>T needs T but not covered
[filter] CYP3A5 1 => 1.001; 1.002; 1.003; 1.004; 1.005
[filter] CYP3A5 3 => 3.001; 3.012; 3.013; 3.014; 3.015; 3.016
[filter] CYP3A5 6 => 6.001
[filter] valid_alleles=12
Step 0: Loss=0.0359, CN=[2.0999167]
Step 100: Loss=0.0297, CN=[2.1161964]
Step 200: Loss=0.0297, CN=[2.1161938]
Step 300: Loss=0.0297, CN=[2.1161938]
Step 400: Loss=0.0297, CN=[2.1161935]

=== Fit ===
Region 0: obs=2.180, exp=2.116, diff=+0.064 
Region 1: obs=1.998, exp=2.116, diff=-0.118 
Region 2: obs=2.039, exp=2.116, diff=-0.078 
Region 3: obs=2.175, exp=2.116, diff=+0.059 
Region 4: obs=1.846, exp=2.116, diff=-0.270 
Region 5: obs=1.999, exp=2.116, diff=-0.117 
Region 6: obs=2.817, exp=2.116, diff=+0.701 *
Region 7: obs=2.070, exp=2.116, diff=-0.046 
Region 8: obs=1.726, exp=2.116, diff=-0.391 
Region 9: obs=2.035, exp=2.116, diff=-0.082 
Region 10: obs=2.393, exp=2.116, diff=+0.277 
Region 11: obs=2.107, exp=2.116, diff=-0.009 
Region 12: obs=1.933, exp=2.116, diff=-0.183 
Region 13: obs=2.110, exp=2.116, diff=-0.006 
Region 14: obs=2.084, exp=2.116, diff=-0.032 
Region 15: obs=2.415, exp=2.116, diff=+0.299 
Region 16: obs=2.877, exp=2.116, diff=+0.761 *
Region 17: obs=2.265, exp=2.116, diff=+0.149 
Region 18: obs=1.845, exp=2.116, diff=-0.271 
Region 19: obs=2.216, exp=2.116, diff=+0.100 
Region 20: obs=2.099, exp=2.116, diff=-0.017 
Region 21: obs=1.984, exp=2.116, diff=-0.132 
Region 22: obs=2.278, exp=2.116, diff=+0.161 
Region 23: obs=2.273, exp=2.116, diff=+0.156 
Region 24: obs=2.180, exp=2.116, diff=+0.063 
Region 25: obs=2.022, exp=2.116, diff=-0.094 
Region 26: obs=1.921, exp=2.116, diff=-0.195 
Region 27: obs=1.882, exp=2.116, diff=-0.234 
Region 28: obs=2.062, exp=2.116, diff=-0.054 

[Gene CN Results]
  CYP3A5: 2.12 → 2.116194009780884
Using device: cuda

CYP3A5*1.001:

CYP3A5*1.002:

CYP3A5*1.003:

CYP3A5*1.004:

CYP3A5*1.005:

CYP3A5*3.001:

CYP3A5*3.012:

CYP3A5*3.013:

CYP3A5*3.014:

CYP3A5*3.015:

CYP3A5*3.016:

CYP3A5*6.001:

=== Running VAE with seed 9999 ===
Global Pooled JS: 0.097704
functional kld weight 0.0
Seed 9999, Step    0: Loss = 211.36 (Recon: 179.71, Allele KL: 6.57, Base KL: 761.34, Functional KL: 0.10
Global Pooled JS: 0.007167
functional kld weight 27.77777777777777
Seed 9999, Step  500: Loss = 94.26 (Recon: 56.63, Allele KL: 12.46, Base KL: 2822.02, Functional KL: 0.01
Global Pooled JS: 0.014666
functional kld weight 222.22222222222217
Seed 9999, Step 1000: Loss = 101.75 (Recon: 61.76, Allele KL: 11.67, Base KL: 3057.14, Functional KL: 0.01
Global Pooled JS: 0.020119
functional kld weight 750.0
Seed 9999, Step 1500: Loss = 123.55 (Recon: 69.06, Allele KL: 13.30, Base KL: 3892.04, Functional KL: 0.02
Global Pooled JS: 0.007730
functional kld weight 1777.7777777777774
Seed 9999, Step 2000: Loss = 115.35 (Recon: 57.30, Allele KL: 17.23, Base KL: 5310.67, Functional KL: 0.01
Global Pooled JS: 0.003914
functional kld weight 3472.222222222223
Seed 9999, Step 2500: Loss = 113.76 (Recon: 53.08, Allele KL: 17.93, Base KL: 7624.98, Functional KL: 0.00

Top Variants with Coverage Mismatches:
Rank   Variant                        Expected     Observed     Diff       |Div|       
------------------------------------------------------------------------------------------
1      CYP3A5:99270538→C              21.82        27.00        -5.18      0.000557    
2      CYP3A5:99262834→C              23.31        23.00        0.31       0.000333    
3      CYP3A5:99270538→G              0.04         0.00         0.04       0.000165    
4      CYP3A5:99270538→N              0.04         0.00         0.04       0.000165    
5      CYP3A5:99270538→A              0.04         0.00         0.04       0.000163    
6      CYP3A5:99270538→M              0.04         0.00         0.04       0.000163    
7      CYP3A5:99270538→P              0.04         0.00         0.04       0.000162    
8      CYP3A5:99262834→A              0.03         0.00         0.03       0.000133    
9      CYP3A5:99262834→P              0.03         0.00         0.03       0.000130    
10     CYP3A5:99262834→N              0.03         0.00         0.03       0.000130    
11     CYP3A5:99262834→G              0.03         0.00         0.03       0.000129    
12     CYP3A5:99262834→M              0.03         0.00         0.03       0.000129    
13     CYP3A5:99262834→T              18.26        19.00        -0.74      0.000058    
14     CYP3A5:99270538→T              19.71        22.00        -2.29      0.000016    
New best model with final loss: 130.34

=== Multi-Seed VAE Results ===
Best model had seed 9999 with final loss: 130.34
All seeds final losses:
  Seed 9999: Total=130.34 (Recon=54.75, A_KL=19.38, B_KL=9786.76) <- Best

[Raw]:
CYP3A5*3: Normalized=0.5288, Unnormalized=0.53
CYP3A5*6: Normalized=0.4422, Unnormalized=0.44

[Alleles]
CYP3A5*3
CYP3A5*6
	Command being timed: "python cyp.py CYP3A5 /project/shared/aldy-data/wgs/NA19819.wgs.cram 9999"
	User time (seconds): 51.42
	System time (seconds): 11.05
	Percent of CPU this job got: 99%
	Elapsed (wall clock) time (h:mm:ss or m:ss): 1:03.06
	Average shared text size (kbytes): 0
	Average unshared data size (kbytes): 0
	Average stack size (kbytes): 0
	Average total size (kbytes): 0
	Maximum resident set size (kbytes): 1883552
	Average resident set size (kbytes): 0
	Major (requiring I/O) page faults: 0
	Minor (reclaiming a frame) page faults: 567349
	Voluntary context switches: 9844
	Involuntary context switches: 109
	Swaps: 0
	File system inputs: 0
	File system outputs: 24
	Socket messages sent: 0
	Socket messages received: 0
	Signals delivered: 0
	Page size (bytes): 4096
	Exit status: 0
