[info] total indices 175
[info] total variants 175
3.001 was filtered out as 99270538 T>C needs C but not covered
3.012 was filtered out as 99270538 T>C needs C but not covered
3.013 was filtered out as 99270538 T>C needs C but not covered
3.014 was filtered out as 99270538 T>C needs C but not covered
3.015 was filtered out as 99270538 T>C needs C but not covered
3.016 was filtered out as 99270538 T>C needs C but not covered
3.002 was filtered out as 99270538 T>C needs C but not covered
3.003 was filtered out as 99270538 T>C needs C but not covered
3.004 was filtered out as 99270538 T>C needs C but not covered
3.005 was filtered out as 99270538 T>C needs C but not covered
3.006 was filtered out as 99270538 T>C needs C but not covered
3.007 was filtered out as 99270538 T>C needs C but not covered
3.008 was filtered out as 99270538 T>C needs C but not covered
3.009 was filtered out as 99270538 T>C needs C but not covered
3.010 was filtered out as 99270538 T>C needs C but not covered
3.017 was filtered out as 99270538 T>C needs C but not covered
6.001 was filtered out as 99262834 C>T needs T but not covered
8.001 was filtered out as 99273820 G>A needs A but not covered
9.001 was filtered out as 99258138 C>T needs T but not covered
[filter] CYP3A5 1 => 1.001; 1.002; 1.003; 1.004; 1.005
[filter] CYP3A5 7 => 7.001
[filter] valid_alleles=6
Step 0: Loss=0.1175, CN=[2.0999167]
Step 100: Loss=0.0584, CN=[2.38543]
Step 200: Loss=0.0584, CN=[2.3862803]
Step 300: Loss=0.0584, CN=[2.386284]
Step 400: Loss=0.0584, CN=[2.386284]

=== Fit ===
Region 0: obs=2.414, exp=2.386, diff=+0.028 
Region 1: obs=2.292, exp=2.386, diff=-0.094 
Region 2: obs=2.438, exp=2.386, diff=+0.051 
Region 3: obs=2.442, exp=2.386, diff=+0.056 
Region 4: obs=2.414, exp=2.386, diff=+0.028 
Region 5: obs=2.094, exp=2.386, diff=-0.292 
Region 6: obs=2.921, exp=2.386, diff=+0.535 *
Region 7: obs=2.076, exp=2.386, diff=-0.310 
Region 8: obs=2.464, exp=2.386, diff=+0.078 
Region 9: obs=2.530, exp=2.386, diff=+0.144 
Region 10: obs=2.082, exp=2.386, diff=-0.304 
Region 11: obs=2.076, exp=2.386, diff=-0.311 
Region 12: obs=2.351, exp=2.386, diff=-0.036 
Region 13: obs=2.336, exp=2.386, diff=-0.050 
Region 14: obs=2.421, exp=2.386, diff=+0.035 
Region 15: obs=2.368, exp=2.386, diff=-0.018 
Region 16: obs=3.067, exp=2.386, diff=+0.680 *
Region 17: obs=2.844, exp=2.386, diff=+0.458 
Region 18: obs=3.003, exp=2.386, diff=+0.617 *
Region 19: obs=2.158, exp=2.386, diff=-0.229 
Region 20: obs=1.165, exp=2.386, diff=-1.222 *
Region 21: obs=2.262, exp=2.386, diff=-0.124 
Region 22: obs=2.327, exp=2.386, diff=-0.059 
Region 23: obs=2.349, exp=2.386, diff=-0.037 
Region 24: obs=1.836, exp=2.386, diff=-0.550 *
Region 25: obs=2.243, exp=2.386, diff=-0.144 
Region 26: obs=2.358, exp=2.386, diff=-0.029 
Region 27: obs=2.924, exp=2.386, diff=+0.538 *
Region 28: obs=2.546, exp=2.386, diff=+0.159 

[Gene CN Results]
  CYP3A5: 2.39 → 2.386284112930298
Using device: cuda

CYP3A5*1.001:

CYP3A5*1.002:

CYP3A5*1.003:

CYP3A5*1.004:

CYP3A5*1.005:

CYP3A5*7.001:

=== Running VAE with seed 9999 ===
Global Pooled JS: 0.143655
functional kld weight 0.0
Seed 9999, Step    0: Loss = 285.88 (Recon: 263.59, Allele KL: 3.91, Base KL: 154.12, Functional KL: 0.14
Global Pooled JS: 0.003893
functional kld weight 27.77777777777777
Seed 9999, Step  500: Loss = 73.80 (Recon: 44.52, Allele KL: 12.32, Base KL: 3379.47, Functional KL: 0.00
Global Pooled JS: 0.006883
functional kld weight 222.22222222222217
Seed 9999, Step 1000: Loss = 74.56 (Recon: 48.11, Allele KL: 7.72, Base KL: 3670.51, Functional KL: 0.01
Global Pooled JS: 0.003160
functional kld weight 750.0
Seed 9999, Step 1500: Loss = 75.33 (Recon: 42.59, Allele KL: 12.78, Base KL: 4355.57, Functional KL: 0.00
Global Pooled JS: 0.001808
functional kld weight 1777.7777777777774
Seed 9999, Step 2000: Loss = 85.95 (Recon: 51.41, Allele KL: 12.26, Base KL: 5467.70, Functional KL: 0.00
Global Pooled JS: 0.001234
functional kld weight 3472.222222222223
Seed 9999, Step 2500: Loss = 83.63 (Recon: 43.13, Allele KL: 16.22, Base KL: 6902.93, Functional KL: 0.00

Top Variants with Coverage Mismatches:
Rank   Variant                        Expected     Observed     Diff       |Div|       
------------------------------------------------------------------------------------------
1      CYP3A5:99250392→P              29.88        54.00        -24.12     0.000171    
2      CYP3A5:99250392→M              0.03         0.00         0.03       0.000158    
3      CYP3A5:99250392→N              0.03         0.00         0.03       0.000157    
4      CYP3A5:99250392→C              0.03         0.00         0.03       0.000156    
5      CYP3A5:99250392→G              0.03         0.00         0.03       0.000155    
6      CYP3A5:99250392→A              0.03         0.00         0.03       0.000152    
7      CYP3A5:99250392→T              35.38        58.00        -22.62     0.000126    
New best model with final loss: 89.79

=== Multi-Seed VAE Results ===
Best model had seed 9999 with final loss: 89.79
All seeds final losses:
  Seed 9999: Total=89.79 (Recon=46.90, A_KL=12.68, B_KL=8685.58) <- Best

[Raw]:
CYP3A5*1: Normalized=0.5403, Unnormalized=0.54
CYP3A5*7: Normalized=0.4597, Unnormalized=0.46

[Alleles]
CYP3A5*1
CYP3A5*7
	Command being timed: "python cyp.py CYP3A5 /project/shared/aldy-data/wgs/NA19920.wgs.cram 9999"
	User time (seconds): 40.34
	System time (seconds): 6.42
	Percent of CPU this job got: 98%
	Elapsed (wall clock) time (h:mm:ss or m:ss): 0:47.43
	Average shared text size (kbytes): 0
	Average unshared data size (kbytes): 0
	Average stack size (kbytes): 0
	Average total size (kbytes): 0
	Maximum resident set size (kbytes): 1894356
	Average resident set size (kbytes): 0
	Major (requiring I/O) page faults: 0
	Minor (reclaiming a frame) page faults: 620139
	Voluntary context switches: 11144
	Involuntary context switches: 2257
	Swaps: 0
	File system inputs: 0
	File system outputs: 24
	Socket messages sent: 0
	Socket messages received: 0
	Signals delivered: 0
	Page size (bytes): 4096
	Exit status: 0
