[info] total indices 175
[info] total variants 175
3.001 was filtered out as 99270538 T>C needs C but not covered
3.012 was filtered out as 99270538 T>C needs C but not covered
3.013 was filtered out as 99270538 T>C needs C but not covered
3.014 was filtered out as 99270538 T>C needs C but not covered
3.015 was filtered out as 99270538 T>C needs C but not covered
3.016 was filtered out as 99270538 T>C needs C but not covered
3.002 was filtered out as 99270538 T>C needs C but not covered
3.003 was filtered out as 99270538 T>C needs C but not covered
3.004 was filtered out as 99270538 T>C needs C but not covered
3.005 was filtered out as 99270538 T>C needs C but not covered
3.006 was filtered out as 99270538 T>C needs C but not covered
3.007 was filtered out as 99270538 T>C needs C but not covered
3.008 was filtered out as 99270538 T>C needs C but not covered
3.009 was filtered out as 99270538 T>C needs C but not covered
3.010 was filtered out as 99270538 T>C needs C but not covered
3.017 was filtered out as 99270538 T>C needs C but not covered
7.001 was filtered out as 99250392 insA needs P but not covered
8.001 was filtered out as 99273820 G>A needs A but not covered
9.001 was filtered out as 99258138 C>T needs T but not covered
[filter] CYP3A5 1 => 1.001; 1.002; 1.003; 1.004; 1.005
[filter] CYP3A5 6 => 6.001
[filter] valid_alleles=6
Step 0: Loss=0.1236, CN=[2.0999167]
Step 100: Loss=0.0563, CN=[2.401655]
Step 200: Loss=0.0563, CN=[2.403406]
Step 300: Loss=0.0563, CN=[2.403397]
Step 400: Loss=0.0563, CN=[2.4033973]

=== Fit ===
Region 0: obs=2.425, exp=2.403, diff=+0.022 
Region 1: obs=2.073, exp=2.403, diff=-0.330 
Region 2: obs=1.808, exp=2.403, diff=-0.596 *
Region 3: obs=2.214, exp=2.403, diff=-0.189 
Region 4: obs=2.057, exp=2.403, diff=-0.346 
Region 5: obs=1.933, exp=2.403, diff=-0.471 
Region 6: obs=2.178, exp=2.403, diff=-0.225 
Region 7: obs=2.294, exp=2.403, diff=-0.110 
Region 8: obs=1.898, exp=2.403, diff=-0.505 *
Region 9: obs=2.335, exp=2.403, diff=-0.068 
Region 10: obs=3.081, exp=2.403, diff=+0.678 *
Region 11: obs=2.453, exp=2.403, diff=+0.049 
Region 12: obs=1.981, exp=2.403, diff=-0.423 
Region 13: obs=2.781, exp=2.403, diff=+0.378 
Region 14: obs=2.317, exp=2.403, diff=-0.086 
Region 15: obs=2.454, exp=2.403, diff=+0.051 
Region 16: obs=3.036, exp=2.403, diff=+0.632 *
Region 17: obs=2.442, exp=2.403, diff=+0.039 
Region 18: obs=1.874, exp=2.403, diff=-0.529 *
Region 19: obs=2.527, exp=2.403, diff=+0.123 
Region 20: obs=2.783, exp=2.403, diff=+0.380 
Region 21: obs=2.447, exp=2.403, diff=+0.044 
Region 22: obs=2.625, exp=2.403, diff=+0.222 
Region 23: obs=2.608, exp=2.403, diff=+0.204 
Region 24: obs=2.637, exp=2.403, diff=+0.234 
Region 25: obs=2.557, exp=2.403, diff=+0.154 
Region 26: obs=2.939, exp=2.403, diff=+0.535 *
Region 27: obs=2.646, exp=2.403, diff=+0.242 
Region 28: obs=2.511, exp=2.403, diff=+0.108 

[Gene CN Results]
  CYP3A5: 2.40 → 2.4033970832824707
Using device: cuda

CYP3A5*1.001:

CYP3A5*1.002:

CYP3A5*1.003:

CYP3A5*1.004:

CYP3A5*1.005:

CYP3A5*6.001:

=== Running VAE with seed 9999 ===
Global Pooled JS: 0.124379
functional kld weight 0.0
Seed 9999, Step    0: Loss = 175.43 (Recon: 154.73, Allele KL: 1.98, Base KL: 148.78, Functional KL: 0.12
Global Pooled JS: 0.004093
functional kld weight 27.77777777777777
Seed 9999, Step  500: Loss = 51.32 (Recon: 25.77, Allele KL: 8.72, Base KL: 3002.60, Functional KL: 0.00
Global Pooled JS: 0.011203
functional kld weight 222.22222222222217
Seed 9999, Step 1000: Loss = 53.51 (Recon: 24.29, Allele KL: 9.98, Base KL: 3276.06, Functional KL: 0.01
Global Pooled JS: 0.003517
functional kld weight 750.0
Seed 9999, Step 1500: Loss = 53.66 (Recon: 21.76, Allele KL: 12.01, Base KL: 3943.97, Functional KL: 0.00
Global Pooled JS: 0.001962
functional kld weight 1777.7777777777774
Seed 9999, Step 2000: Loss = 67.22 (Recon: 33.80, Allele KL: 11.03, Base KL: 5123.70, Functional KL: 0.00
Global Pooled JS: 0.001184
functional kld weight 3472.222222222223
Seed 9999, Step 2500: Loss = 61.76 (Recon: 23.63, Allele KL: 14.35, Base KL: 6500.35, Functional KL: 0.00

Top Variants with Coverage Mismatches:
Rank   Variant                        Expected     Observed     Diff       |Div|       
------------------------------------------------------------------------------------------
1      CYP3A5:99262834→T              22.18        21.00        1.18       0.000181    
2      CYP3A5:99262834→A              0.02         0.00         0.02       0.000164    
3      CYP3A5:99262834→M              0.02         0.00         0.02       0.000163    
4      CYP3A5:99262834→P              0.02         0.00         0.02       0.000160    
5      CYP3A5:99262834→G              0.02         0.00         0.02       0.000158    
6      CYP3A5:99262834→N              0.02         0.00         0.02       0.000158    
7      CYP3A5:99262834→C              30.29        26.00        4.29       0.000114    
New best model with final loss: 66.94

=== Multi-Seed VAE Results ===
Best model had seed 9999 with final loss: 66.94
All seeds final losses:
  Seed 9999: Total=66.94 (Recon=26.13, A_KL=11.50, B_KL=8115.67) <- Best

[Raw]:
CYP3A5*1: Normalized=0.5753, Unnormalized=0.58
CYP3A5*6: Normalized=0.4247, Unnormalized=0.42

[Alleles]
CYP3A5*1
CYP3A5*6
	Command being timed: "python cyp.py CYP3A5 /project/shared/aldy-data/wgs/NA19213.wgs.cram 9999"
	User time (seconds): 51.57
	System time (seconds): 10.70
	Percent of CPU this job got: 99%
	Elapsed (wall clock) time (h:mm:ss or m:ss): 1:02.64
	Average shared text size (kbytes): 0
	Average unshared data size (kbytes): 0
	Average stack size (kbytes): 0
	Average total size (kbytes): 0
	Maximum resident set size (kbytes): 1901176
	Average resident set size (kbytes): 0
	Major (requiring I/O) page faults: 0
	Minor (reclaiming a frame) page faults: 508037
	Voluntary context switches: 9891
	Involuntary context switches: 96
	Swaps: 0
	File system inputs: 0
	File system outputs: 24
	Socket messages sent: 0
	Socket messages received: 0
	Signals delivered: 0
	Page size (bytes): 4096
	Exit status: 0
