[info] total indices 224
[info] total variants 224
2.001 was filtered out as 96818105 T>A needs A but not covered
2.002 was filtered out as 96818105 T>A needs A but not covered
3.001 was filtered out as 96827029 C>T needs T but not covered
3.002 was filtered out as 96827029 C>T needs T but not covered
5.001 was filtered out as 96826970 delT needs N but not covered
6.001 was filtered out as 96824687 C>T needs T but not covered
7.001 was filtered out as 96824642 G>A needs A but not covered
8.001 was filtered out as 96824642 G>C needs C but not covered
9.001 was filtered out as 96818170 T>C needs C but not covered
10.001 was filtered out as 96802646 C>A needs A but not covered
11.001 was filtered out as 96805707 C>A needs A but not covered
12.001 was filtered out as 96796973 delCAA needs N but not covered
13.001 was filtered out as 96818241 A>C needs C but not covered
14.001 was filtered out as 96818198 C>G needs G but not covered
15.001 was filtered out as 96824657 C>T needs T but not covered
16.001 was filtered out as 96802803 A>G needs G but not covered
17.001 was filtered out as 96818180 T>C needs C but not covered
18.001 was filtered out as 96802714 G>A needs A but not covered
[filter] CYP2C8 1.001 => 1.001; 1.002; 1.003; 1.004; 1.005; 1.006; 1.007; 1.008; 1.009; 1.010; 1.011; 1.012; 1.013; 1.014; 1.015; 1.016; 1.017; 1.018
[filter] CYP2C8 4.001 => 4.001; 4.002
[filter] valid_alleles=20
Step 0: Loss=0.0255, CN=[2.0999167]
Step 100: Loss=0.0198, CN=[2.1057317]
Step 200: Loss=0.0198, CN=[2.106023]
Step 300: Loss=0.0198, CN=[2.1060238]
Step 400: Loss=0.0198, CN=[2.1060245]

=== Fit ===
Region 0: obs=2.183, exp=2.106, diff=+0.077 
Region 1: obs=2.174, exp=2.106, diff=+0.068 
Region 2: obs=2.211, exp=2.106, diff=+0.105 
Region 3: obs=2.023, exp=2.106, diff=-0.083 
Region 4: obs=1.683, exp=2.106, diff=-0.423 
Region 5: obs=1.959, exp=2.106, diff=-0.147 
Region 6: obs=1.745, exp=2.106, diff=-0.361 
Region 7: obs=2.250, exp=2.106, diff=+0.144 
Region 8: obs=2.087, exp=2.106, diff=-0.019 
Region 9: obs=2.262, exp=2.106, diff=+0.156 
Region 10: obs=2.155, exp=2.106, diff=+0.049 
Region 11: obs=2.189, exp=2.106, diff=+0.083 
Region 12: obs=2.117, exp=2.106, diff=+0.011 
Region 13: obs=2.259, exp=2.106, diff=+0.153 
Region 14: obs=2.264, exp=2.106, diff=+0.158 
Region 15: obs=2.349, exp=2.106, diff=+0.243 
Region 16: obs=1.733, exp=2.106, diff=-0.373 
Region 17: obs=1.953, exp=2.106, diff=-0.153 
Region 18: obs=1.970, exp=2.106, diff=-0.136 
Region 19: obs=2.454, exp=2.106, diff=+0.348 
Region 20: obs=2.203, exp=2.106, diff=+0.097 

[Gene CN Results]
  CYP2C8: 2.11 → 2.1060242652893066
Using device: cuda

CYP2C8*1.001:

CYP2C8*1.002:

CYP2C8*1.003:

CYP2C8*1.004:

CYP2C8*1.005:

CYP2C8*1.006:

CYP2C8*1.007:

CYP2C8*1.008:

CYP2C8*1.009:

CYP2C8*1.010:

CYP2C8*1.011:

CYP2C8*1.012:

CYP2C8*1.013:

CYP2C8*1.014:

CYP2C8*1.015:

CYP2C8*1.016:

CYP2C8*1.017:

CYP2C8*1.018:

CYP2C8*4.001:

CYP2C8*4.002:

=== Running VAE with seed 1024 ===
Global Pooled JS: 0.076241
functional kld weight 0.0
Seed 1024, Step    0: Loss = 320.66 (Recon: 251.77, Allele KL: 40.26, Base KL: 3139.59, Functional KL: 0.08
Global Pooled JS: 0.004788
functional kld weight 27.77777777777777
Seed 1024, Step  500: Loss = 136.39 (Recon: 93.89, Allele KL: 14.41, Base KL: 3466.66, Functional KL: 0.00
Global Pooled JS: 0.005270
functional kld weight 222.22222222222217
Seed 1024, Step 1000: Loss = 136.09 (Recon: 88.34, Allele KL: 19.03, Base KL: 3596.12, Functional KL: 0.01
Global Pooled JS: 0.003159
functional kld weight 750.0
Seed 1024, Step 1500: Loss = 134.11 (Recon: 86.70, Allele KL: 16.48, Base KL: 4235.06, Functional KL: 0.00
Global Pooled JS: 0.006997
functional kld weight 1777.7777777777774
Seed 1024, Step 2000: Loss = 148.38 (Recon: 89.44, Allele KL: 16.87, Base KL: 5588.26, Functional KL: 0.01
Global Pooled JS: 0.003766
functional kld weight 3472.222222222223
Seed 1024, Step 2500: Loss = 151.38 (Recon: 86.27, Allele KL: 20.94, Base KL: 6970.01, Functional KL: 0.00

Top Variants with Coverage Mismatches:
Rank   Variant                        Expected     Observed     Diff       |Div|       
------------------------------------------------------------------------------------------
1      CYP2C8:96818118→C              24.11        21.00        3.11       0.000903    
2      CYP2C8:96818118→G              25.35        28.00        -2.65      0.000842    
3      CYP2C8:96818118→P              0.03         0.00         0.03       0.000213    
4      CYP2C8:96818118→M              0.03         0.00         0.03       0.000201    
5      CYP2C8:96818118→T              0.03         0.00         0.03       0.000200    
6      CYP2C8:96818118→A              0.03         0.00         0.03       0.000198    
7      CYP2C8:96818118→N              0.03         0.00         0.03       0.000198    
New best model with final loss: 155.04

=== Multi-Seed VAE Results ===
Best model had seed 1024 with final loss: 155.04
All seeds final losses:
  Seed 1024: Total=155.04 (Recon=90.58, A_KL=20.46, B_KL=8362.83) <- Best

[Raw]:
CYP2C8*1: Normalized=0.5102, Unnormalized=0.51
CYP2C8*4: Normalized=0.4898, Unnormalized=0.49

[Alleles]
CYP2C8*1
CYP2C8*4
	Command being timed: "python cyp.py CYP2C8 /project/shared/aldy-data/wgs/NA12145.wgs.cram 1024"
	User time (seconds): 99.73
	System time (seconds): 20.63
	Percent of CPU this job got: 99%
	Elapsed (wall clock) time (h:mm:ss or m:ss): 2:00.66
	Average shared text size (kbytes): 0
	Average unshared data size (kbytes): 0
	Average stack size (kbytes): 0
	Average total size (kbytes): 0
	Maximum resident set size (kbytes): 1913584
	Average resident set size (kbytes): 0
	Major (requiring I/O) page faults: 0
	Minor (reclaiming a frame) page faults: 626254
	Voluntary context switches: 9990
	Involuntary context switches: 301
	Swaps: 0
	File system inputs: 0
	File system outputs: 24
	Socket messages sent: 0
	Socket messages received: 0
	Signals delivered: 0
	Page size (bytes): 4096
	Exit status: 0
