[info] total indices 224
[info] total variants 224
3.001 was filtered out as 96827029 C>T needs T but not covered
3.002 was filtered out as 96827029 C>T needs T but not covered
4.001 was filtered out as 96818118 G>C needs C but not covered
4.002 was filtered out as 96818118 G>C needs C but not covered
5.001 was filtered out as 96826970 delT needs N but not covered
6.001 was filtered out as 96824687 C>T needs T but not covered
7.001 was filtered out as 96824642 G>A needs A but not covered
8.001 was filtered out as 96824642 G>C needs C but not covered
9.001 was filtered out as 96818170 T>C needs C but not covered
10.001 was filtered out as 96802646 C>A needs A but not covered
11.001 was filtered out as 96805707 C>A needs A but not covered
12.001 was filtered out as 96796973 delCAA needs N but not covered
13.001 was filtered out as 96818241 A>C needs C but not covered
14.001 was filtered out as 96818198 C>G needs G but not covered
15.001 was filtered out as 96824657 C>T needs T but not covered
16.001 was filtered out as 96802803 A>G needs G but not covered
17.001 was filtered out as 96818180 T>C needs C but not covered
18.001 was filtered out as 96802714 G>A needs A but not covered
[filter] CYP2C8 1.001 => 1.001; 1.002; 1.003; 1.004; 1.005; 1.006; 1.007; 1.008; 1.009; 1.010; 1.011; 1.012; 1.013; 1.014; 1.015; 1.016; 1.017; 1.018
[filter] CYP2C8 2.001 => 2.001; 2.002
[filter] valid_alleles=20
Step 0: Loss=0.1635, CN=[2.0999167]
Step 100: Loss=0.0412, CN=[2.5473862]
Step 200: Loss=0.0412, CN=[2.5486143]
Step 300: Loss=0.0412, CN=[2.5486038]
Step 400: Loss=0.0412, CN=[2.548604]

=== Fit ===
Region 0: obs=2.559, exp=2.549, diff=+0.010 
Region 1: obs=2.608, exp=2.549, diff=+0.059 
Region 2: obs=2.191, exp=2.549, diff=-0.358 
Region 3: obs=2.489, exp=2.549, diff=-0.060 
Region 4: obs=2.511, exp=2.549, diff=-0.038 
Region 5: obs=2.377, exp=2.549, diff=-0.171 
Region 6: obs=1.860, exp=2.549, diff=-0.688 *
Region 7: obs=2.406, exp=2.549, diff=-0.142 
Region 8: obs=3.102, exp=2.549, diff=+0.553 *
Region 9: obs=2.705, exp=2.549, diff=+0.156 
Region 10: obs=1.998, exp=2.549, diff=-0.550 *
Region 11: obs=2.516, exp=2.549, diff=-0.033 
Region 12: obs=3.006, exp=2.549, diff=+0.457 
Region 13: obs=2.595, exp=2.549, diff=+0.046 
Region 14: obs=2.559, exp=2.549, diff=+0.011 
Region 15: obs=2.493, exp=2.549, diff=-0.056 
Region 16: obs=2.988, exp=2.549, diff=+0.439 
Region 17: obs=2.499, exp=2.549, diff=-0.050 
Region 18: obs=2.781, exp=2.549, diff=+0.233 
Region 19: obs=2.623, exp=2.549, diff=+0.074 
Region 20: obs=2.470, exp=2.549, diff=-0.078 

[Gene CN Results]
  CYP2C8: 2.55 → 2.5486037731170654
Using device: cuda

CYP2C8*1.001:

CYP2C8*1.002:

CYP2C8*1.003:

CYP2C8*1.004:

CYP2C8*1.005:

CYP2C8*1.006:

CYP2C8*1.007:

CYP2C8*1.008:

CYP2C8*1.009:

CYP2C8*1.010:

CYP2C8*1.011:

CYP2C8*1.012:

CYP2C8*1.013:

CYP2C8*1.014:

CYP2C8*1.015:

CYP2C8*1.016:

CYP2C8*1.017:

CYP2C8*1.018:

CYP2C8*2.001:

CYP2C8*2.002:

=== Running VAE with seed 1024 ===
Global Pooled JS: 0.156623
functional kld weight 0.0
Seed 1024, Step    0: Loss = 260.81 (Recon: 198.66, Allele KL: 33.44, Base KL: 2576.84, Functional KL: 0.16
Global Pooled JS: 0.026316
functional kld weight 27.77777777777777
Seed 1024, Step  500: Loss = 138.15 (Recon: 87.57, Allele KL: 22.61, Base KL: 3349.98, Functional KL: 0.03
Global Pooled JS: 0.023700
functional kld weight 222.22222222222217
Seed 1024, Step 1000: Loss = 141.78 (Recon: 85.35, Allele KL: 23.87, Base KL: 3681.07, Functional KL: 0.02
Global Pooled JS: 0.009832
functional kld weight 750.0
Seed 1024, Step 1500: Loss = 145.55 (Recon: 90.04, Allele KL: 19.53, Base KL: 4774.42, Functional KL: 0.01
Global Pooled JS: 0.002247
functional kld weight 1777.7777777777774
Seed 1024, Step 2000: Loss = 148.03 (Recon: 89.42, Allele KL: 25.04, Base KL: 6169.03, Functional KL: 0.00
Global Pooled JS: 0.001977
functional kld weight 3472.222222222223
Seed 1024, Step 2500: Loss = 162.57 (Recon: 97.72, Allele KL: 26.47, Base KL: 8012.60, Functional KL: 0.00

Top Variants with Coverage Mismatches:
Rank   Variant                        Expected     Observed     Diff       |Div|       
------------------------------------------------------------------------------------------
1      CYP2C8:96818105→P              0.03         0.00         0.03       0.000209    
2      CYP2C8:96818105→G              0.03         0.00         0.03       0.000200    
3      CYP2C8:96818105→C              0.03         0.00         0.03       0.000199    
4      CYP2C8:96818105→M              0.03         0.00         0.03       0.000198    
5      CYP2C8:96818105→N              0.02         0.00         0.02       0.000194    
6      CYP2C8:96818105→T              16.65        13.00        3.65       0.000005    
7      CYP2C8:96818105→A              27.22        21.00        6.22       0.000000    
New best model with final loss: 162.60

=== Multi-Seed VAE Results ===
Best model had seed 1024 with final loss: 162.60
All seeds final losses:
  Seed 1024: Total=162.60 (Recon=92.94, A_KL=26.76, B_KL=9891.21) <- Best

[Raw]:
CYP2C8*2: Normalized=0.6224, Unnormalized=0.62
CYP2C8*1: Normalized=0.3776, Unnormalized=0.38

[Alleles]
CYP2C8*2
CYP2C8*1
	Command being timed: "python cyp.py CYP2C8 /project/shared/aldy-data/wgs/NA18519.wgs.cram 1024"
	User time (seconds): 98.23
	System time (seconds): 20.49
	Percent of CPU this job got: 99%
	Elapsed (wall clock) time (h:mm:ss or m:ss): 1:59.00
	Average shared text size (kbytes): 0
	Average unshared data size (kbytes): 0
	Average stack size (kbytes): 0
	Average total size (kbytes): 0
	Maximum resident set size (kbytes): 1897352
	Average resident set size (kbytes): 0
	Major (requiring I/O) page faults: 0
	Minor (reclaiming a frame) page faults: 668187
	Voluntary context switches: 9976
	Involuntary context switches: 213
	Swaps: 0
	File system inputs: 0
	File system outputs: 24
	Socket messages sent: 0
	Socket messages received: 0
	Signals delivered: 0
	Page size (bytes): 4096
	Exit status: 0
