[info] total indices 224
[info] total variants 224
2.001 was filtered out as 96818105 T>A needs A but not covered
2.002 was filtered out as 96818105 T>A needs A but not covered
4.001 was filtered out as 96818118 G>C needs C but not covered
4.002 was filtered out as 96818118 G>C needs C but not covered
5.001 was filtered out as 96826970 delT needs N but not covered
6.001 was filtered out as 96824687 C>T needs T but not covered
7.001 was filtered out as 96824642 G>A needs A but not covered
8.001 was filtered out as 96824642 G>C needs C but not covered
9.001 was filtered out as 96818170 T>C needs C but not covered
10.001 was filtered out as 96802646 C>A needs A but not covered
11.001 was filtered out as 96805707 C>A needs A but not covered
12.001 was filtered out as 96796973 delCAA needs N but not covered
13.001 was filtered out as 96818241 A>C needs C but not covered
14.001 was filtered out as 96818198 C>G needs G but not covered
15.001 was filtered out as 96824657 C>T needs T but not covered
16.001 was filtered out as 96802803 A>G needs G but not covered
17.001 was filtered out as 96818180 T>C needs C but not covered
18.001 was filtered out as 96802714 G>A needs A but not covered
[filter] CYP2C8 1.001 => 1.001; 1.002; 1.003; 1.004; 1.005; 1.006; 1.007; 1.008; 1.009; 1.010; 1.011; 1.012; 1.013; 1.014; 1.015; 1.016; 1.017; 1.018
[filter] CYP2C8 3.001 => 3.001; 3.002
[filter] valid_alleles=20
Step 0: Loss=0.3500, CN=[2.0999167]
Step 100: Loss=0.0385, CN=[2.9385521]
Step 200: Loss=0.0385, CN=[2.9391668]
Step 300: Loss=0.0385, CN=[2.9391444]
Step 400: Loss=0.0385, CN=[2.9391444]

=== Fit ===
Region 0: obs=3.041, exp=2.939, diff=+0.101 
Region 1: obs=2.849, exp=2.939, diff=-0.090 
Region 2: obs=2.207, exp=2.939, diff=-0.732 *
Region 3: obs=2.708, exp=2.939, diff=-0.231 
Region 4: obs=2.992, exp=2.939, diff=+0.053 
Region 5: obs=2.835, exp=2.939, diff=-0.104 
Region 6: obs=2.900, exp=2.939, diff=-0.039 
Region 7: obs=2.895, exp=2.939, diff=-0.045 
Region 8: obs=2.622, exp=2.939, diff=-0.317 
Region 9: obs=3.097, exp=2.939, diff=+0.158 
Region 10: obs=2.959, exp=2.939, diff=+0.020 
Region 11: obs=2.924, exp=2.939, diff=-0.015 
Region 12: obs=3.814, exp=2.939, diff=+0.875 *
Region 13: obs=2.946, exp=2.939, diff=+0.007 
Region 14: obs=2.739, exp=2.939, diff=-0.200 
Region 15: obs=2.764, exp=2.939, diff=-0.175 
Region 16: obs=3.169, exp=2.939, diff=+0.230 
Region 17: obs=2.990, exp=2.939, diff=+0.051 
Region 18: obs=3.167, exp=2.939, diff=+0.228 
Region 19: obs=3.280, exp=2.939, diff=+0.340 
Region 20: obs=2.967, exp=2.939, diff=+0.028 

[Gene CN Results]
  CYP2C8: 2.94 → 2.9391441345214844
Using device: cuda

CYP2C8*1.001:

CYP2C8*1.002:

CYP2C8*1.003:

CYP2C8*1.004:

CYP2C8*1.005:

CYP2C8*1.006:

CYP2C8*1.007:

CYP2C8*1.008:

CYP2C8*1.009:

CYP2C8*1.010:

CYP2C8*1.011:

CYP2C8*1.012:

CYP2C8*1.013:

CYP2C8*1.014:

CYP2C8*1.015:

CYP2C8*1.016:

CYP2C8*1.017:

CYP2C8*1.018:

CYP2C8*3.001:

CYP2C8*3.002:

=== Running VAE with seed 1024 ===
Global Pooled JS: 0.039411
functional kld weight 0.0
Seed 1024, Step    0: Loss = 229.75 (Recon: 184.01, Allele KL: 18.61, Base KL: 3535.85, Functional KL: 0.04
Global Pooled JS: 0.007031
functional kld weight 27.77777777777777
Seed 1024, Step  500: Loss = 155.76 (Recon: 111.96, Allele KL: 15.42, Base KL: 4679.74, Functional KL: 0.01
Global Pooled JS: 0.011188
functional kld weight 222.22222222222217
Seed 1024, Step 1000: Loss = 150.13 (Recon: 95.68, Allele KL: 24.73, Base KL: 4964.24, Functional KL: 0.01
Global Pooled JS: 0.003701
functional kld weight 750.0
Seed 1024, Step 1500: Loss = 148.47 (Recon: 95.68, Allele KL: 22.00, Base KL: 5552.97, Functional KL: 0.00
Global Pooled JS: 0.003143
functional kld weight 1777.7777777777774
Seed 1024, Step 2000: Loss = 152.14 (Recon: 97.08, Allele KL: 19.93, Base KL: 7008.92, Functional KL: 0.00
Global Pooled JS: 0.002800
functional kld weight 3472.222222222223
Seed 1024, Step 2500: Loss = 160.54 (Recon: 98.06, Allele KL: 20.92, Base KL: 9143.14, Functional KL: 0.00

Top Variants with Coverage Mismatches:
Rank   Variant                        Expected     Observed     Diff       |Div|       
------------------------------------------------------------------------------------------
1      CYP2C8:96827029→C              25.91        29.00        -3.09      0.000330    
2      CYP2C8:96798748→C              26.25        24.00        2.25       0.000306    
3      CYP2C8:96798748→M              0.04         0.00         0.04       0.000144    
4      CYP2C8:96798748→P              0.04         0.00         0.04       0.000143    
5      CYP2C8:96827029→A              0.04         0.00         0.04       0.000143    
6      CYP2C8:96798748→G              0.04         0.00         0.04       0.000143    
7      CYP2C8:96827029→N              0.04         0.00         0.04       0.000141    
8      CYP2C8:96827029→P              0.04         0.00         0.04       0.000140    
9      CYP2C8:96827029→G              0.04         0.00         0.04       0.000139    
10     CYP2C8:96798748→N              0.04         0.00         0.04       0.000138    
11     CYP2C8:96798748→A              0.04         0.00         0.04       0.000137    
12     CYP2C8:96827029→M              0.04         0.00         0.04       0.000136    
13     CYP2C8:96798748→T              25.92        27.00        -1.08      0.000027    
14     CYP2C8:96827029→T              26.25        26.00        0.25       0.000014    
New best model with final loss: 170.41

=== Multi-Seed VAE Results ===
Best model had seed 1024 with final loss: 170.41
All seeds final losses:
  Seed 1024: Total=170.41 (Recon=89.87, A_KL=34.12, B_KL=11474.61) <- Best

[Raw]:
CYP2C8*3: Normalized=0.5063, Unnormalized=0.51
CYP2C8*1: Normalized=0.4937, Unnormalized=0.49

[Alleles]
CYP2C8*3
CYP2C8*1
	Command being timed: "python cyp.py CYP2C8 /project/shared/aldy-data/wgs/NA19789.wgs.cram 1024"
	User time (seconds): 90.31
	System time (seconds): 17.67
	Percent of CPU this job got: 99%
	Elapsed (wall clock) time (h:mm:ss or m:ss): 1:48.24
	Average shared text size (kbytes): 0
	Average unshared data size (kbytes): 0
	Average stack size (kbytes): 0
	Average total size (kbytes): 0
	Maximum resident set size (kbytes): 1908440
	Average resident set size (kbytes): 0
	Major (requiring I/O) page faults: 0
	Minor (reclaiming a frame) page faults: 669617
	Voluntary context switches: 9864
	Involuntary context switches: 179
	Swaps: 0
	File system inputs: 0
	File system outputs: 24
	Socket messages sent: 0
	Socket messages received: 0
	Signals delivered: 0
	Page size (bytes): 4096
	Exit status: 0
