[info] total indices 224
[info] total variants 224
2.001 was filtered out as 96818105 T>A needs A but not covered
2.002 was filtered out as 96818105 T>A needs A but not covered
3.001 was filtered out as 96827029 C>T needs T but not covered
3.002 was filtered out as 96827029 C>T needs T but not covered
4.001 was filtered out as 96818118 G>C needs C but not covered
4.002 was filtered out as 96818118 G>C needs C but not covered
5.001 was filtered out as 96826970 delT needs N but not covered
6.001 was filtered out as 96824687 C>T needs T but not covered
7.001 was filtered out as 96824642 G>A needs A but not covered
8.001 was filtered out as 96824642 G>C needs C but not covered
9.001 was filtered out as 96818170 T>C needs C but not covered
10.001 was filtered out as 96802646 C>A needs A but not covered
11.001 was filtered out as 96805707 C>A needs A but not covered
12.001 was filtered out as 96796973 delCAA needs N but not covered
13.001 was filtered out as 96818241 A>C needs C but not covered
14.001 was filtered out as 96818198 C>G needs G but not covered
15.001 was filtered out as 96824657 C>T needs T but not covered
16.001 was filtered out as 96802803 A>G needs G but not covered
17.001 was filtered out as 96818180 T>C needs C but not covered
18.001 was filtered out as 96802714 G>A needs A but not covered
[filter] CYP2C8 1.001 => 1.001; 1.002; 1.003; 1.004; 1.005; 1.006; 1.007; 1.008; 1.009; 1.010; 1.011; 1.012; 1.013; 1.014; 1.015; 1.016; 1.017; 1.018
[filter] valid_alleles=18
Step 0: Loss=0.0681, CN=[2.0999167]
Step 100: Loss=0.0390, CN=[2.2524056]
Step 200: Loss=0.0390, CN=[2.2513096]
Step 300: Loss=0.0390, CN=[2.251311]
Step 400: Loss=0.0390, CN=[2.2513108]

=== Fit ===
Region 0: obs=2.318, exp=2.251, diff=+0.067 
Region 1: obs=1.748, exp=2.251, diff=-0.503 *
Region 2: obs=2.151, exp=2.251, diff=-0.101 
Region 3: obs=2.154, exp=2.251, diff=-0.098 
Region 4: obs=2.050, exp=2.251, diff=-0.201 
Region 5: obs=1.446, exp=2.251, diff=-0.805 *
Region 6: obs=1.681, exp=2.251, diff=-0.570 *
Region 7: obs=2.444, exp=2.251, diff=+0.193 
Region 8: obs=2.404, exp=2.251, diff=+0.153 
Region 9: obs=2.087, exp=2.251, diff=-0.164 
Region 10: obs=2.589, exp=2.251, diff=+0.338 
Region 11: obs=2.414, exp=2.251, diff=+0.163 
Region 12: obs=2.432, exp=2.251, diff=+0.181 
Region 13: obs=2.299, exp=2.251, diff=+0.048 
Region 14: obs=2.247, exp=2.251, diff=-0.004 
Region 15: obs=2.374, exp=2.251, diff=+0.123 
Region 16: obs=2.260, exp=2.251, diff=+0.008 
Region 17: obs=2.386, exp=2.251, diff=+0.134 
Region 18: obs=2.488, exp=2.251, diff=+0.237 
Region 19: obs=2.441, exp=2.251, diff=+0.189 
Region 20: obs=2.486, exp=2.251, diff=+0.235 

[Gene CN Results]
  CYP2C8: 2.25 → 2.2513110637664795
Using device: cuda

CYP2C8*1.001:

CYP2C8*1.002:

CYP2C8*1.003:

CYP2C8*1.004:

CYP2C8*1.005:

CYP2C8*1.006:

CYP2C8*1.007:

CYP2C8*1.008:

CYP2C8*1.009:

CYP2C8*1.010:

CYP2C8*1.011:

CYP2C8*1.012:

CYP2C8*1.013:

CYP2C8*1.014:

CYP2C8*1.015:

CYP2C8*1.016:

CYP2C8*1.017:

CYP2C8*1.018:

=== Running VAE with seed 1024 ===
Global Pooled JS: 0.000000
functional kld weight 0.0
Seed 1024, Step    0: Loss = 199.64 (Recon: 151.10, Allele KL: 18.98, Base KL: 2556.54, Functional KL: 0.00
Global Pooled JS: 0.000000
functional kld weight 27.77777777777777
Seed 1024, Step  500: Loss = 115.22 (Recon: 67.64, Allele KL: 19.24, Base KL: 3532.50, Functional KL: 0.00
Global Pooled JS: 0.000000
functional kld weight 222.22222222222217
Seed 1024, Step 1000: Loss = 125.99 (Recon: 71.68, Allele KL: 27.07, Base KL: 3549.07, Functional KL: 0.00
Global Pooled JS: 0.000000
functional kld weight 750.0
Seed 1024, Step 1500: Loss = 117.17 (Recon: 73.54, Allele KL: 15.81, Base KL: 3581.81, Functional KL: 0.00
Global Pooled JS: 0.000000
functional kld weight 1777.7777777777774
Seed 1024, Step 2000: Loss = 120.20 (Recon: 76.37, Allele KL: 15.07, Base KL: 3500.30, Functional KL: 0.00
Global Pooled JS: 0.000000
functional kld weight 3472.222222222223
Seed 1024, Step 2500: Loss = 123.77 (Recon: 78.44, Allele KL: 16.66, Base KL: 3299.67, Functional KL: 0.00

Top Variants with Coverage Mismatches:
Rank   Variant                        Expected     Observed     Diff       |Div|       
------------------------------------------------------------------------------------------
New best model with final loss: 109.45

=== Multi-Seed VAE Results ===
Best model had seed 1024 with final loss: 109.45
All seeds final losses:
  Seed 1024: Total=109.45 (Recon=65.95, A_KL=16.04, B_KL=3289.13) <- Best

[Raw]:
CYP2C8*1: Normalized=1.0000, Unnormalized=1.00

[Alleles]
CYP2C8*1
CYP2C8*1
	Command being timed: "python cyp.py CYP2C8 /project/shared/aldy-data/wgs/NA19920.wgs.cram 1024"
	User time (seconds): 75.83
	System time (seconds): 14.26
	Percent of CPU this job got: 99%
	Elapsed (wall clock) time (h:mm:ss or m:ss): 1:30.37
	Average shared text size (kbytes): 0
	Average unshared data size (kbytes): 0
	Average stack size (kbytes): 0
	Average total size (kbytes): 0
	Maximum resident set size (kbytes): 1915640
	Average resident set size (kbytes): 0
	Major (requiring I/O) page faults: 0
	Minor (reclaiming a frame) page faults: 614445
	Voluntary context switches: 11397
	Involuntary context switches: 1493
	Swaps: 0
	File system inputs: 0
	File system outputs: 24
	Socket messages sent: 0
	Socket messages received: 0
	Signals delivered: 0
	Page size (bytes): 4096
	Exit status: 0
