[info] total indices 224
[info] total variants 224
2.001 was filtered out as 96818105 T>A needs A but not covered
2.002 was filtered out as 96818105 T>A needs A but not covered
3.001 was filtered out as 96827029 C>T needs T but not covered
3.002 was filtered out as 96827029 C>T needs T but not covered
5.001 was filtered out as 96826970 delT needs N but not covered
6.001 was filtered out as 96824687 C>T needs T but not covered
7.001 was filtered out as 96824642 G>A needs A but not covered
8.001 was filtered out as 96824642 G>C needs C but not covered
9.001 was filtered out as 96818170 T>C needs C but not covered
10.001 was filtered out as 96802646 C>A needs A but not covered
11.001 was filtered out as 96805707 C>A needs A but not covered
12.001 was filtered out as 96796973 delCAA needs N but not covered
13.001 was filtered out as 96818241 A>C needs C but not covered
14.001 was filtered out as 96818198 C>G needs G but not covered
15.001 was filtered out as 96824657 C>T needs T but not covered
16.001 was filtered out as 96802803 A>G needs G but not covered
17.001 was filtered out as 96818180 T>C needs C but not covered
18.001 was filtered out as 96802714 G>A needs A but not covered
[filter] CYP2C8 1.001 => 1.001; 1.002; 1.003; 1.004; 1.005; 1.006; 1.007; 1.008; 1.009; 1.010; 1.011; 1.012; 1.013; 1.014; 1.015; 1.016; 1.017; 1.018
[filter] CYP2C8 4.001 => 4.001; 4.002
[filter] valid_alleles=20
Step 0: Loss=0.2679, CN=[2.0999167]
Step 100: Loss=0.0231, CN=[2.7830148]
Step 200: Loss=0.0231, CN=[2.782348]
Step 300: Loss=0.0231, CN=[2.7823374]
Step 400: Loss=0.0231, CN=[2.7823374]

=== Fit ===
Region 0: obs=2.890, exp=2.782, diff=+0.107 
Region 1: obs=2.979, exp=2.782, diff=+0.196 
Region 2: obs=2.931, exp=2.782, diff=+0.148 
Region 3: obs=2.814, exp=2.782, diff=+0.032 
Region 4: obs=2.574, exp=2.782, diff=-0.209 
Region 5: obs=2.411, exp=2.782, diff=-0.372 
Region 6: obs=2.730, exp=2.782, diff=-0.052 
Region 7: obs=2.732, exp=2.782, diff=-0.051 
Region 8: obs=2.862, exp=2.782, diff=+0.080 
Region 9: obs=2.674, exp=2.782, diff=-0.108 
Region 10: obs=3.120, exp=2.782, diff=+0.337 
Region 11: obs=2.727, exp=2.782, diff=-0.055 
Region 12: obs=2.512, exp=2.782, diff=-0.270 
Region 13: obs=2.712, exp=2.782, diff=-0.070 
Region 14: obs=2.895, exp=2.782, diff=+0.113 
Region 15: obs=2.645, exp=2.782, diff=-0.137 
Region 16: obs=2.424, exp=2.782, diff=-0.358 
Region 17: obs=2.957, exp=2.782, diff=+0.174 
Region 18: obs=3.340, exp=2.782, diff=+0.558 *
Region 19: obs=2.796, exp=2.782, diff=+0.013 
Region 20: obs=2.763, exp=2.782, diff=-0.019 

[Gene CN Results]
  CYP2C8: 2.78 → 2.7823374271392822
Using device: cuda

CYP2C8*1.001:

CYP2C8*1.002:

CYP2C8*1.003:

CYP2C8*1.004:

CYP2C8*1.005:

CYP2C8*1.006:

CYP2C8*1.007:

CYP2C8*1.008:

CYP2C8*1.009:

CYP2C8*1.010:

CYP2C8*1.011:

CYP2C8*1.012:

CYP2C8*1.013:

CYP2C8*1.014:

CYP2C8*1.015:

CYP2C8*1.016:

CYP2C8*1.017:

CYP2C8*1.018:

CYP2C8*4.001:

CYP2C8*4.002:

=== Running VAE with seed 1024 ===
Global Pooled JS: 0.100159
functional kld weight 0.0
Seed 1024, Step    0: Loss = 542.90 (Recon: 471.60, Allele KL: 42.80, Base KL: 3361.43, Functional KL: 0.10
Global Pooled JS: 0.005084
functional kld weight 27.77777777777777
Seed 1024, Step  500: Loss = 135.57 (Recon: 84.00, Allele KL: 23.82, Base KL: 3874.20, Functional KL: 0.01
Global Pooled JS: 0.009062
functional kld weight 222.22222222222217
Seed 1024, Step 1000: Loss = 135.17 (Recon: 74.07, Allele KL: 31.86, Base KL: 4034.74, Functional KL: 0.01
Global Pooled JS: 0.002613
functional kld weight 750.0
Seed 1024, Step 1500: Loss = 132.47 (Recon: 75.76, Allele KL: 26.47, Base KL: 4777.14, Functional KL: 0.00
Global Pooled JS: 0.002322
functional kld weight 1777.7777777777774
Seed 1024, Step 2000: Loss = 138.13 (Recon: 76.41, Allele KL: 28.35, Base KL: 5835.88, Functional KL: 0.00
Global Pooled JS: 0.001206
functional kld weight 3472.222222222223
Seed 1024, Step 2500: Loss = 141.41 (Recon: 77.91, Allele KL: 28.35, Base KL: 7420.12, Functional KL: 0.00

Top Variants with Coverage Mismatches:
Rank   Variant                        Expected     Observed     Diff       |Div|       
------------------------------------------------------------------------------------------
1      CYP2C8:96818118→P              0.03         0.00         0.03       0.000181    
2      CYP2C8:96818118→T              0.03         0.00         0.03       0.000173    
3      CYP2C8:96818118→M              0.03         0.00         0.03       0.000172    
4      CYP2C8:96818118→N              0.02         0.00         0.02       0.000169    
5      CYP2C8:96818118→A              0.02         0.00         0.02       0.000169    
6      CYP2C8:96818118→C              22.26        25.00        -2.74      0.000005    
7      CYP2C8:96818118→G              27.95        31.00        -3.05      0.000001    
New best model with final loss: 150.32

=== Multi-Seed VAE Results ===
Best model had seed 1024 with final loss: 150.32
All seeds final losses:
  Seed 1024: Total=150.32 (Recon=82.12, A_KL=28.12, B_KL=8963.40) <- Best

[Raw]:
CYP2C8*1: Normalized=0.5546, Unnormalized=0.55
CYP2C8*4: Normalized=0.4454, Unnormalized=0.45

[Alleles]
CYP2C8*1
CYP2C8*4
	Command being timed: "python cyp.py CYP2C8 /project/shared/aldy-data/wgs/NA20509.wgs.cram 1024"
	User time (seconds): 77.98
	System time (seconds): 14.71
	Percent of CPU this job got: 99%
	Elapsed (wall clock) time (h:mm:ss or m:ss): 1:32.90
	Average shared text size (kbytes): 0
	Average unshared data size (kbytes): 0
	Average stack size (kbytes): 0
	Average total size (kbytes): 0
	Maximum resident set size (kbytes): 1902380
	Average resident set size (kbytes): 0
	Major (requiring I/O) page faults: 0
	Minor (reclaiming a frame) page faults: 624653
	Voluntary context switches: 9707
	Involuntary context switches: 114
	Swaps: 0
	File system inputs: 0
	File system outputs: 24
	Socket messages sent: 0
	Socket messages received: 0
	Signals delivered: 0
	Page size (bytes): 4096
	Exit status: 0
