[info] total indices 2506
[info] total variants 2506
2.001 was filtered out as 42523942 G>A needs A but not covered
2.002 was filtered out as 42523942 G>A needs A but not covered
2.003 was filtered out as 42523942 G>A needs A but not covered
2.004 was filtered out as 42523942 G>A needs A but not covered
2.005 was filtered out as 42523942 G>A needs A but not covered
2.006 was filtered out as 42523942 G>A needs A but not covered
2.007 was filtered out as 42523942 G>A needs A but not covered
2.008 was filtered out as 42523942 G>A needs A but not covered
2.009 was filtered out as 42523942 G>A needs A but not covered
2.010 was filtered out as 42523942 G>A needs A but not covered
2.011 was filtered out as 42523942 G>A needs A but not covered
2.012 was filtered out as 42523942 G>A needs A but not covered
2.013 was filtered out as 42523942 G>A needs A but not covered
2.014 was filtered out as 42523942 G>A needs A but not covered
2.015 was filtered out as 42523942 G>A needs A but not covered
2.016 was filtered out as 42523942 G>A needs A but not covered
2.017 was filtered out as 42523942 G>A needs A but not covered
2.018 was filtered out as 42523942 G>A needs A but not covered
2.019 was filtered out as 42523942 G>A needs A but not covered
2.020 was filtered out as 42523942 G>A needs A but not covered
2.021 was filtered out as 42523942 G>A needs A but not covered
2.022 was filtered out as 42523942 G>A needs A but not covered
2.023 was filtered out as 42523942 G>A needs A but not covered
2.024 was filtered out as 42523942 G>A needs A but not covered
2.025 was filtered out as 42523942 G>A needs A but not covered
2.026 was filtered out as 42523942 G>A needs A but not covered
2.027 was filtered out as 42523942 G>A needs A but not covered
2.028 was filtered out as 42523942 G>A needs A but not covered
2.030 was filtered out as 42523942 G>A needs A but not covered
3.001 was filtered out as 42524243 delT needs N but not covered
3.002 was filtered out as 42524243 delT needs N but not covered
4.007 was filtered out as 42523854 G>A needs A but not covered
4.010 was filtered out as 42523942 G>A needs A but not covered
4.013 was filtered out as 42522664 G>C needs C but not covered
4.027 was filtered out as 42524212 C>T needs T but not covered
4.028 was filtered out as 42522723 G>T needs T but not covered
6.001 was filtered out as 42525085 delA needs N but not covered
6.002 was filtered out as 42525085 delA needs N but not covered
6.005 was filtered out as 42525085 delA needs N but not covered
6.006 was filtered out as 42525085 delA needs N but not covered
6.003 was filtered out as 42525085 delA needs N but not covered
6.004 was filtered out as 42525085 delA needs N but not covered
7.001 was filtered out as 42523857 T>G needs G but not covered
8.001 was filtered out as 42523942 G>A needs A but not covered
9.001 was filtered out as 42524175 delCTT needs N but not covered
9.002 was filtered out as 42524175 delCTT needs N but not covered
11.001 was filtered out as 42523942 G>A needs A but not covered
12.001 was filtered out as 42523942 G>A needs A but not covered
12.002 was filtered out as 42523942 G>A needs A but not covered
14.001 was filtered out as 42523942 G>A needs A but not covered
15.001 was filtered out as 42526655 insA needs P but not covered
15.002 was filtered out as 42526655 insA needs P but not covered
15.003 was filtered out as 42526655 insA needs P but not covered
17.001 was filtered out as 42523942 G>A needs A but not covered
17.002 was filtered out as 42523942 G>A needs A but not covered
17.003 was filtered out as 42523942 G>A needs A but not covered
17.004 was filtered out as 42523942 G>A needs A but not covered
17.005 was filtered out as 42523942 G>A needs A but not covered
17.006 was filtered out as 42523942 G>A needs A but not covered
18.001 was filtered out as 42522657 insCAGTGGGCA needs P but not covered
19.001 was filtered out as 42523942 G>A needs A but not covered
20.001 was filtered out as 42523942 G>A needs A but not covered
21.001 was filtered out as 42523942 G>A needs A but not covered
21.002 was filtered out as 42523942 G>A needs A but not covered
22.001 was filtered out as 42526711 G>A needs A but not covered
23.001 was filtered out as 42525837 G>A needs A but not covered
24.001 was filtered out as 42523939 T>G needs G but not covered
25.001 was filtered out as 42523594 G>C needs C but not covered
26.001 was filtered out as 42523515 A>G needs G but not covered
27.001 was filtered out as 42522939 C>T needs T but not covered
28.001 was filtered out as 42523942 G>A needs A but not covered
28.002 was filtered out as 42523942 G>A needs A but not covered
29.001 was filtered out as 42523942 G>A needs A but not covered
30.001 was filtered out as 42523942 G>A needs A but not covered
31.001 was filtered out as 42523942 G>A needs A but not covered
32.001 was filtered out as 42523942 G>A needs A but not covered
33.001 was filtered out as 42524309 C>A needs A but not covered
33.002 was filtered out as 42524309 C>A needs A but not covered
34.001 was filtered out as 42523942 G>A needs A but not covered
35.001 was filtered out as 42523942 G>A needs A but not covered
35.002 was filtered out as 42523942 G>A needs A but not covered
35.003 was filtered out as 42523942 G>A needs A but not covered
35.004 was filtered out as 42523942 G>A needs A but not covered
35.005 was filtered out as 42523942 G>A needs A but not covered
35.006 was filtered out as 42523942 G>A needs A but not covered
35.007 was filtered out as 42523942 G>A needs A but not covered
36.001 was filtered out as 42522664 G>C needs C but not covered
36.002 was filtered out as 42522664 G>C needs C but not covered
36.003 was filtered out as 42522664 G>C needs C but not covered
36.004 was filtered out as 42522664 G>C needs C but not covered
37.001 was filtered out as 42524849 C>T needs T but not covered
38.001 was filtered out as 42524200 delTCAG needs N but not covered
40.001 was filtered out as 42523942 G>A needs A but not covered
41.001 was filtered out as 42523942 G>A needs A but not covered
41.002 was filtered out as 42523942 G>A needs A but not covered
41.003 was filtered out as 42523942 G>A needs A but not covered
41.004 was filtered out as 42523942 G>A needs A but not covered
41.005 was filtered out as 42523942 G>A needs A but not covered
42.001 was filtered out as 42523942 G>A needs A but not covered
43.001 was filtered out as 42526716 C>T needs T but not covered
43.002 was filtered out as 42526716 C>T needs T but not covered
44.001 was filtered out as 42526711 G>A needs A but not covered
45.001 was filtered out as 42523942 G>A needs A but not covered
45.002 was filtered out as 42523942 G>A needs A but not covered
45.003 was filtered out as 42523942 G>A needs A but not covered
45.004 was filtered out as 42523942 G>A needs A but not covered
46.001 was filtered out as 42523942 G>A needs A but not covered
46.002 was filtered out as 42523942 G>A needs A but not covered
46.003 was filtered out as 42523942 G>A needs A but not covered
47.001 was filtered out as 42526720 G>A needs A but not covered
48.001 was filtered out as 42525822 G>A needs A but not covered
49.001 was filtered out as 42525181 A>T needs T but not covered
50.001 was filtered out as 42525072 T>G needs G but not covered
51.001 was filtered out as 42523942 G>A needs A but not covered
52.001 was filtered out as 42522915 C>T needs T but not covered
52.002 was filtered out as 42522915 C>T needs T but not covered
53.001 was filtered out as 42525181 A>T needs T but not covered
54.001 was filtered out as 42524236 G>A needs A but not covered
55.001 was filtered out as 42523942 G>A needs A but not covered
56.001 was filtered out as 42523942 G>A needs A but not covered
56.002 was filtered out as 42523591 G>A needs A but not covered
56.003 was filtered out as 42523591 G>A needs A but not covered
57.001 was filtered out as 42522664 G>C needs C but not covered
57.1001 was filtered out as 42525907 G>A needs A but not covered
58.001 was filtered out as 42523942 G>A needs A but not covered
59.001 was filtered out as 42523942 G>A needs A but not covered
60.001 was filtered out as 42524904 insTA needs P but not covered
62.001 was filtered out as 42522748 G>A needs A but not covered
63.001 was filtered out as 42523942 G>A needs A but not covered
64.001 was filtered out as 42525771 G>A needs A but not covered
65.001 was filtered out as 42523942 G>A needs A but not covered
69.001 was filtered out as 42523942 G>A needs A but not covered
70.001 was filtered out as 42525131 C.C>G.T needs M but not covered
71.001 was filtered out as 42526668 C>T needs T but not covered
71.002 was filtered out as 42526668 C>T needs T but not covered
71.003 was filtered out as 42526668 C>T needs T but not covered
72.001 was filtered out as 42523474 C>T needs T but not covered
73.001 was filtered out as 42523942 G>A needs A but not covered
75.001 was filtered out as 42522747 C>T needs T but not covered
75.002 was filtered out as 42522747 C>T needs T but not covered
81.001 was filtered out as 42524213 G>A needs A but not covered
82.001 was filtered out as 42525780 A>G needs G but not covered
83.001 was filtered out as 42522664 G>C needs C but not covered
83.002 was filtered out as 42522664 G>C needs C but not covered
83.003 was filtered out as 42522664 G>C needs C but not covered
84.001 was filtered out as 42523942 G>A needs A but not covered
84.002 was filtered out as 42523942 G>A needs A but not covered
85.001 was filtered out as 42523942 G>A needs A but not covered
86.001 was filtered out as 42524186 C>T needs T but not covered
87.001 was filtered out as 42526779 G>A needs A but not covered
88.001 was filtered out as 42525780 A>G needs G but not covered
89.001 was filtered out as 42525114 A>G needs G but not covered
90.001 was filtered out as 42525099 T>C needs C but not covered
91.001 was filtered out as 42523942 G>A needs A but not covered
92.001 was filtered out as 42524797 delG needs N but not covered
93.001 was filtered out as 42524273 T>G needs G but not covered
94.001 was filtered out as 42523611 T>C needs C but not covered
94.002 was filtered out as 42523611 T>C needs C but not covered
95.001 was filtered out as 42523458 C>T needs T but not covered
96.001 was filtered out as 42522897 G>A needs A but not covered
97.001 was filtered out as 42522698 G>T needs T but not covered
98.001 was filtered out as 42523942 G>A needs A but not covered
99.001 was filtered out as 42525828 C>G needs G but not covered
100.001 was filtered out as 42523964 delG needs N but not covered
101.001 was filtered out as 42523847 delCACATCCGGATGTAGGATC needs N but not covered
102.001 was filtered out as 42523942 G>A needs A but not covered
103.001 was filtered out as 42523942 G>A needs A but not covered
104.001 was filtered out as 42523942 G>A needs A but not covered
105.001 was filtered out as 42523942 G>A needs A but not covered
106.001 was filtered out as 42522915 C>T needs T but not covered
106.002 was filtered out as 42522915 C>T needs T but not covered
106.003 was filtered out as 42522915 C>T needs T but not covered
107.001 was filtered out as 42525133 C>T needs T but not covered
108.001 was filtered out as 42523566 T>C needs C but not covered
109.001 was filtered out as 42524175 delCTT needs N but not covered
110.001 was filtered out as 42522736 C>T needs T but not covered
111.001 was filtered out as 42523942 G>A needs A but not covered
111.002 was filtered out as 42523942 G>A needs A but not covered
112.001 was filtered out as 42522606 G>A needs A but not covered
113.001 was filtered out as 42522753 C>T needs T but not covered
114.001 was filtered out as 42523942 G>A needs A but not covered
115.001 was filtered out as 42524175 delCTT needs N but not covered
116.001 was filtered out as 42523632 C>G needs G but not covered
117.001 was filtered out as 42523942 G>A needs A but not covered
118.001 was filtered out as 42523900 T>C needs C but not covered
119.001 was filtered out as 42523804 C>T needs T but not covered
120.001 was filtered out as 42526729 delG needs N but not covered
121.001 was filtered out as 42523942 G>A needs A but not covered
122.001 was filtered out as 42523513 C>T needs T but not covered
123.001 was filtered out as 42523942 G>A needs A but not covered
124.001 was filtered out as 42522982 delGA needs N but not covered
124.002 was filtered out as 42522982 delGA needs N but not covered
125.001 was filtered out as 42523942 G>A needs A but not covered
126.001 was filtered out as 42523942 G>A needs A but not covered
127.001 was filtered out as 42523557 T>C needs C but not covered
128.001 was filtered out as 42523942 G>A needs A but not covered
129.001 was filtered out as 42523942 G>A needs A but not covered
130.001 was filtered out as 42524879 CA>AG needs A but not covered
131.001 was filtered out as 42524326 A>G needs G but not covered
132.001 was filtered out as 42523974 T>C needs C but not covered
133.001 was filtered out as 42523942 G>A needs A but not covered
134.001 was filtered out as 42523590 C>T needs T but not covered
135.001 was filtered out as 42523942 G>A needs A but not covered
136.001 was filtered out as 42523942 G>A needs A but not covered
137.001 was filtered out as 42522579 C>T needs T but not covered
138.001 was filtered out as 42523942 G>A needs A but not covered
140.001 was filtered out as 42524330 G>A needs A but not covered
141.001 was filtered out as 42523942 G>A needs A but not covered
141.1001 was filtered out as 42523942 G>A needs A but not covered
142.001 was filtered out as 42526711 G>A needs A but not covered
143.001 was filtered out as 42526762 C>T needs T but not covered
144.001 was filtered out as 42524352 C>T needs T but not covered
145.001 was filtered out as 42524928 insGGGGCGAAA not covered (cov=0)
146.001 was filtered out as 42523942 G>A needs A but not covered
147.001 was filtered out as 42524928 insGGGGCGAAA not covered (cov=0)
148.001 was filtered out as 42523942 G>A needs A but not covered
149.001 was filtered out as 42523942 G>A needs A but not covered
152.001 was filtered out as 42524341 G>A needs A but not covered
153.001 was filtered out as 42524808 C>T needs T but not covered
154.001 was filtered out as 42523942 G>A needs A but not covered
155.001 was filtered out as 42523942 G>A needs A but not covered
156.001 was filtered out as 42523942 G>A needs A but not covered
157.001 was filtered out as 42523942 G>A needs A but not covered
158.001 was filtered out as 42523942 G>A needs A but not covered
159.001 was filtered out as 42523942 G>A needs A but not covered
160.001 was filtered out as 42523942 G>A needs A but not covered
161.001 was filtered out as 42523942 G>A needs A but not covered
162.001 was filtered out as 42523942 G>A needs A but not covered
163.001 was filtered out as 42523942 G>A needs A but not covered
[filter] CYP2D6 1.001 => 1.001; 1.002; 1.003; 1.004; 1.005; 1.006; 1.007; 1.008; 1.009; 1.010; 1.011; 1.012; 1.013; 1.014; 1.015; 1.016; 1.017; 1.018; 1.019; 1.020; 1.021; 1.022; 1.023; 1.024; 1.025; 1.026; 1.027; 1.028; 1.029; 1.030; 1.031; 1.032; 1.033; 1.034; 1.035; 1.036; 1.037; 1.038; 1.039; 1.040; 1.041; 1.042; 1.043; 1.044; 1.045; 1.046; 1.047; 1.048; 1.049
[filter] CYP2D6 4.001 => 4.001; 4.002; 4.006; 4.008; 4.014; 4.015; 4.016; 4.017; 4.018; 4.020; 4.022; 4.023; 4.024; 4.025; 4.026; 4.029; 4.030
[filter] CYP2D6 4.003 => 4.003; 4.004; 4.005; 4.011; 4.019
[filter] CYP2D6 4.009 => 4.009
[filter] CYP2D6 4.012 => 4.012
[filter] CYP2D6 4.021 => 4.021
[filter] CYP2D6 4.1013 => 4.1013
[filter] CYP2D6 4.1021 => 4.1021
[filter] CYP2D6 4.2021 => 4.2021
[filter] CYP2D6 5.001 => 5.001
[filter] CYP2D6 10.001 => 10.001; 10.002; 10.003; 10.004; 10.005; 10.006; 10.007; 10.1004
[filter] CYP2D6 36.1001 => 36.1001
[filter] CYP2D6 39.001 => 39.001; 39.002
[filter] CYP2D6 61.001 => 61.001
[filter] CYP2D6 68.001 => 68.001
[filter] CYP2D6 68.002 => 68.002
[filter] CYP2D6 74.001 => 74.001
[filter] CYP2D6 83.1003 => 83.1003
[filter] CYP2D6 139.001 => 139.001
[filter] valid_alleles=95
Step 0: Loss=0.3140, CN=[2.0999167]
Step 100: Loss=0.2489, CN=[2.4996748]
Step 200: Loss=0.2489, CN=[2.4976847]
Step 300: Loss=0.2489, CN=[2.4976764]
Step 400: Loss=0.2489, CN=[2.4976766]

=== Fit ===
Region 0: obs=4.402, exp=2.498, diff=+1.905 *
Region 1: obs=3.872, exp=2.498, diff=+1.374 *
Region 2: obs=3.946, exp=2.498, diff=+1.449 *
Region 3: obs=3.153, exp=2.498, diff=+0.655 *
Region 4: obs=1.598, exp=2.498, diff=-0.900 *
Region 5: obs=1.826, exp=2.498, diff=-0.671 *
Region 6: obs=2.443, exp=2.498, diff=-0.055 
Region 7: obs=2.106, exp=2.498, diff=-0.391 
Region 8: obs=2.623, exp=2.498, diff=+0.126 
Region 9: obs=2.059, exp=2.498, diff=-0.438 
Region 10: obs=2.147, exp=2.498, diff=-0.350 
Region 11: obs=2.383, exp=2.498, diff=-0.115 
Region 12: obs=2.596, exp=2.498, diff=+0.098 
Region 13: obs=2.335, exp=2.498, diff=-0.163 
Region 14: obs=3.821, exp=2.498, diff=+1.324 *
Region 15: obs=3.569, exp=2.498, diff=+1.071 *
Region 16: obs=2.889, exp=2.498, diff=+0.391 
Region 17: obs=2.596, exp=2.498, diff=+0.098 
Region 18: obs=1.513, exp=2.498, diff=-0.984 *
Region 19: obs=2.397, exp=2.498, diff=-0.100 
Region 20: obs=1.999, exp=2.498, diff=-0.499 
Region 21: obs=0.000, exp=2.498, diff=-2.498 *
Region 22: obs=2.897, exp=2.498, diff=+0.400 

[Gene CN Results]
  CYP2D6: 2.50 → 2.4976766109466553

=== CYP2D6 Fusion Template CN Estimation ===

Using CN configs: ['1', '68.001', '141.1001']

Region coverage:
  up: 4.4
  utr5: 3.9
  e1: 3.9
  i1: 3.2
  e2: 1.6
  i2: 1.8
  e3: 2.4
  i3: 2.1
  e4: 2.6
  i4: 2.1
  e5: 2.1
  i5: 2.4
  e6: 2.6
  i6: 2.3
  e7: 3.8
  i7: 3.6
  e8: 2.9
  i8: 2.6
  e9: 1.5
  utr3: 2.4
  ins: 2.0
  pce: 0.0
  rep: 2.9
  e1_2d7: 0.3
  e2_2d7: 2.0
  e3_2d7: 1.5
  e5_2d7: 1.0
  e6_2d7: 1.8
  e9_2d7: 1.2
  pce_2d7: 1.8

CN configs: ['1', '68.001', '141.1001']
PCE contributions: {'1': tensor(0.), '68.001': tensor(1.), '141.1001': tensor(1.)}
Gene CN: 2.50 → required total: 2
Respect gene CN constraint: True
Enumerating configurations that sum to 2...
Evaluated 9 configurations

Top 5 configurations:
  1. loss=13.43: 1:2, 68.001:1
  2. loss=15.79: 1:1, 68.001:1, 141.1001:1
  3. loss=28.66: 68.001:1, 141.1001:2
  4. loss=30.22: 1:1, 141.1001:1
  5. loss=32.35: 1:2

Best CN assignment (loss=13.43):
  1: 2
  68.001: 1
  Total: 3

Fit comparison:
  up: obs=4.4, exp=3.0, diff=+1.4
  utr5: obs=3.9, exp=3.0, diff=+0.9
  e1: obs=3.9, exp=3.0, diff=+0.9
  i1: obs=3.2, exp=2.0, diff=+1.2
  e2: obs=1.6, exp=2.0, diff=-0.4
  i2: obs=1.8, exp=2.0, diff=-0.2
  e3: obs=2.4, exp=2.0, diff=+0.4
  i3: obs=2.1, exp=2.0, diff=+0.1
  e4: obs=2.6, exp=2.0, diff=+0.6
  i4: obs=2.1, exp=2.0, diff=+0.1
  e5: obs=2.1, exp=2.0, diff=+0.1
  i5: obs=2.4, exp=2.0, diff=+0.4
  e6: obs=2.6, exp=2.0, diff=+0.6
  i6: obs=2.3, exp=2.0, diff=+0.3
  e7: obs=3.8, exp=2.0, diff=+1.8
  i7: obs=3.6, exp=2.0, diff=+1.6
  e8: obs=2.9, exp=2.0, diff=+0.9
  i8: obs=2.6, exp=2.0, diff=+0.6
  e9: obs=1.5, exp=2.0, diff=-0.5
  utr3: obs=2.4, exp=2.0, diff=+0.4
  ins: obs=2.0, exp=2.0, diff=-0.0
  pce: obs=0.0, exp=0.0, diff=+0.0
  rep: obs=2.9, exp=2.0, diff=+0.9
  e1_2d7: obs=0.3, exp=0.0, diff=+0.3
  e2_2d7: obs=2.0, exp=1.0, diff=+1.0
  e3_2d7: obs=1.5, exp=1.0, diff=+0.5
  e5_2d7: obs=1.0, exp=1.0, diff=-0.0
  e6_2d7: obs=1.8, exp=1.0, diff=+0.8
  e9_2d7: obs=1.2, exp=1.0, diff=+0.2
  pce_2d7: obs=1.8, exp=1.0, diff=+0.8

[Selected CN Configs] 1:2, 68.001:1
  Total CYP2D6 CN: 3

[Filtering alleles by cn_config]

Kept alleles by cn_config:
  1: 11 major alleles
    *1.001, *10.001, *139.001, *39.001, *4.001, *4.003, *4.009, *4.012, *4.021, *4.2021 ... +1 more
  68.001: 2 major alleles
    *68.001, *68.002

  Filtered: 6 alleles
  Kept: 89 alleles

[Updating N variant counts for deleted regions]
  CN config '68.001' (CN=1): deleted regions = ['i1', 'e2', 'i2', 'e3', 'i3', 'e4', 'i4', 'e5', 'i5', 'e6', 'i6', 'e7', 'i7', 'e8', 'i8', 'e9', 'utr3', 'ins', 'pce', 'rep']
    Expected N count per position: 22
  Total updated: 274 positions

[Rebuilding allele vectors for fusion cn_configs]
Using device: cuda

CYP2D6*1.001:

CYP2D6*1.002:

CYP2D6*1.003:

CYP2D6*1.004:

CYP2D6*1.005:

CYP2D6*1.006:

CYP2D6*1.007:

CYP2D6*1.008:

CYP2D6*1.009:

CYP2D6*1.010:

CYP2D6*1.011:

CYP2D6*1.012:

CYP2D6*1.013:

CYP2D6*1.014:

CYP2D6*1.015:

CYP2D6*1.016:

CYP2D6*1.017:

CYP2D6*1.018:

CYP2D6*1.019:

CYP2D6*1.020:

CYP2D6*1.021:

CYP2D6*1.022:

CYP2D6*1.023:

CYP2D6*1.024:

CYP2D6*1.025:

CYP2D6*1.026:

CYP2D6*1.027:

CYP2D6*1.028:

CYP2D6*1.029:

CYP2D6*1.030:

CYP2D6*1.031:

CYP2D6*1.032:

CYP2D6*1.033:

CYP2D6*1.034:

CYP2D6*1.035:

CYP2D6*1.036:

CYP2D6*1.037:

CYP2D6*1.038:

CYP2D6*1.039:

CYP2D6*1.040:

CYP2D6*1.041:

CYP2D6*1.042:

CYP2D6*1.043:

CYP2D6*1.044:

CYP2D6*1.045:

CYP2D6*1.046:

CYP2D6*1.047:

CYP2D6*1.048:

CYP2D6*1.049:

CYP2D6*4.001:

CYP2D6*4.002:

CYP2D6*4.006:

CYP2D6*4.008:

CYP2D6*4.014:

CYP2D6*4.015:

CYP2D6*4.016:

CYP2D6*4.017:

CYP2D6*4.018:

CYP2D6*4.020:

CYP2D6*4.022:

CYP2D6*4.023:

CYP2D6*4.024:

CYP2D6*4.025:

CYP2D6*4.026:

CYP2D6*4.029:

CYP2D6*4.030:

CYP2D6*4.003:

CYP2D6*4.004:

CYP2D6*4.005:

CYP2D6*4.011:

CYP2D6*4.019:

CYP2D6*4.009:

CYP2D6*4.012:

CYP2D6*4.021:

CYP2D6*4.2021:

CYP2D6*10.001:

CYP2D6*10.002:

CYP2D6*10.003:

CYP2D6*10.004:

CYP2D6*10.005:

CYP2D6*10.006:

CYP2D6*10.007:

CYP2D6*10.1004:

CYP2D6*39.001:

CYP2D6*39.002:

CYP2D6*68.001:

CYP2D6*68.002:

CYP2D6*74.001:

CYP2D6*139.001:

=== Running VAE with seed 456 ===
Global Pooled JS: 0.189412
functional kld weight 0.0
Seed 456, Step    0: Loss = 8420.27 (Recon: 7734.15, Allele KL: 319.77, Base KL: 295440.62, Functional KL: 0.19
Global Pooled JS: 0.041175
functional kld weight 27.77777777777777
Seed 456, Step  500: Loss = 1327.70 (Recon: 1160.16, Allele KL: 47.70, Base KL: 27548.90, Functional KL: 0.04
Global Pooled JS: 0.038800
functional kld weight 222.22222222222217
Seed 456, Step 1000: Loss = 1283.63 (Recon: 1100.42, Allele KL: 80.97, Base KL: 27401.10, Functional KL: 0.04
Global Pooled JS: 0.033948
functional kld weight 750.0
Seed 456, Step 1500: Loss = 1279.76 (Recon: 1083.34, Allele KL: 71.13, Base KL: 29787.21, Functional KL: 0.03
Global Pooled JS: 0.032875
functional kld weight 1777.7777777777774
Seed 456, Step 2000: Loss = 1309.62 (Recon: 1086.53, Allele KL: 57.19, Base KL: 29085.96, Functional KL: 0.03
Global Pooled JS: 0.023238
functional kld weight 3472.222222222223
Seed 456, Step 2500: Loss = 1387.31 (Recon: 1108.70, Allele KL: 74.04, Base KL: 55666.92, Functional KL: 0.02

Top Variants with Coverage Mismatches:
Rank   Variant                        Expected     Observed     Diff       |Div|       
------------------------------------------------------------------------------------------
1      CYP2D6:42525820→G              44.26        16.00        28.26      0.005715    
2      CYP2D6:42523527→C              21.26        38.00        -16.74     0.003175    
3      CYP2D6:42525810→C              3.97         0.00         3.97       0.002621    
4      CYP2D6:42522612→G              23.87        11.00        12.87      0.001898    
5      CYP2D6:42525810→N              38.90        22.00        16.90      0.001685    
6      CYP2D6:42526693→A              24.37        32.00        -7.63      0.000909    
7      CYP2D6:42522915→C              44.87        53.00        -8.13      0.000793    
8      CYP2D6:42523527→T              23.21        30.00        -6.79      0.000785    
9      CYP2D6:42526693→G              40.79        29.00        11.79      0.000545    
10     CYP2D6:42525820→T              0.62         0.00         0.62       0.000409    
11     CYP2D6:42524946→T              23.80        17.00        6.80       0.000307    
12     CYP2D6:42525810→A              0.37         0.00         0.37       0.000245    
13     CYP2D6:42525810→P              0.37         0.00         0.37       0.000243    
14     CYP2D6:42525810→G              0.36         0.00         0.36       0.000236    
15     CYP2D6:42525810→M              0.36         0.00         0.36       0.000236    
16     CYP2D6:42525131→G              24.88        27.00        -2.12      0.000188    
17     CYP2D6:42522915→N              20.69        22.00        -1.31      0.000120    
18     CYP2D6:42525131→N              20.69        22.00        -1.31      0.000120    
19     CYP2D6:42525820→N              20.70        22.00        -1.30      0.000120    
20     CYP2D6:42524946→C              20.52        16.00        4.52       0.000115    
21     CYP2D6:42523527→N              20.79        22.00        -1.21      0.000113    
22     CYP2D6:42524946→N              20.82        22.00        -1.18      0.000111    
23     CYP2D6:42522612→N              20.88        22.00        -1.12      0.000106    
24     CYP2D6:42522612→P              0.15         0.00         0.15       0.000099    
25     CYP2D6:42522612→A              0.15         0.00         0.15       0.000096    
26     CYP2D6:42522612→T              0.15         0.00         0.15       0.000096    
27     CYP2D6:42522612→M              0.14         0.00         0.14       0.000095    
28     CYP2D6:42525810→T              21.27        17.00        4.27       0.000086    
29     CYP2D6:42522612→C              20.25        21.00        -0.75      0.000081    
30     CYP2D6:42524946→P              0.11         0.00         0.11       0.000075    
31     CYP2D6:42524946→M              0.11         0.00         0.11       0.000075    
32     CYP2D6:42524946→G              0.11         0.00         0.11       0.000074    
33     CYP2D6:42524946→A              0.11         0.00         0.11       0.000074    
34     CYP2D6:42526693→M              0.09         0.00         0.09       0.000058    
35     CYP2D6:42526693→T              0.09         0.00         0.09       0.000057    
36     CYP2D6:42526693→C              0.09         0.00         0.09       0.000057    
37     CYP2D6:42526693→P              0.09         0.00         0.09       0.000056    
38     CYP2D6:42523527→A              0.08         0.00         0.08       0.000055    
39     CYP2D6:42523527→P              0.08         0.00         0.08       0.000055    
40     CYP2D6:42523527→G              0.08         0.00         0.08       0.000055    
41     CYP2D6:42526693→N              0.08         0.00         0.08       0.000055    
42     CYP2D6:42523527→M              0.08         0.00         0.08       0.000053    
43     CYP2D6:42522915→G              0.03         0.00         0.03       0.000019    
44     CYP2D6:42525131→C              20.02        19.00        1.02       0.000007    
45     CYP2D6:42525820→A              0.01         0.00         0.01       0.000004    
46     CYP2D6:42525820→M              0.01         0.00         0.01       0.000004    
47     CYP2D6:42525820→C              0.01         0.00         0.01       0.000004    
48     CYP2D6:42525820→P              0.01         0.00         0.01       0.000003    
49     CYP2D6:42522915→A              0.00         0.00         0.00       0.000000    
50     CYP2D6:42522915→M              0.00         0.00         0.00       0.000000    
51     CYP2D6:42522915→P              0.00         0.00         0.00       0.000000    
52     CYP2D6:42522915→T              0.00         0.00         0.00       0.000000    
53     CYP2D6:42525131→A              0.00         0.00         0.00       0.000000    
54     CYP2D6:42525131→M              0.00         0.00         0.00       0.000000    
55     CYP2D6:42525131→P              0.00         0.00         0.00       0.000000    
56     CYP2D6:42525131→T              0.00         0.00         0.00       0.000000    
New best model with final loss: 1415.89

=== Multi-Seed VAE Results ===
Best model had seed 456 with final loss: 1415.89
All seeds final losses:
  Seed 456: Total=1415.89 (Recon=1079.77, A_KL=66.83, B_KL=61526.65) <- Best

[Raw]:
CYP2D6*4: Normalized=0.3737, Unnormalized=0.37
CYP2D6*68: Normalized=0.3155, Unnormalized=0.32
CYP2D6*1: Normalized=0.3040, Unnormalized=0.30

Allocating by cn_config:

Major allele -> cn_config mapping:
  *1 -> 1
  *10 -> 1
  *139 -> 1
  *39 -> 1
  *4 -> 1
  *68 -> 68.001
  *74 -> 1
  CN config '1' (CN=2): {'4': 1, '1': 1}
  CN config '68.001' (CN=1): {'68': 1}

[Alleles]
CYP2D6*4
CYP2D6*1
CYP2D6*68
	Command being timed: "python cyp.py CYP2D6 /project/shared/aldy-data/wgs/NA11832.wgs.cram 456"
	User time (seconds): 126.72
	System time (seconds): 24.51
	Percent of CPU this job got: 100%
	Elapsed (wall clock) time (h:mm:ss or m:ss): 2:30.46
	Average shared text size (kbytes): 0
	Average unshared data size (kbytes): 0
	Average stack size (kbytes): 0
	Average total size (kbytes): 0
	Maximum resident set size (kbytes): 2114492
	Average resident set size (kbytes): 0
	Major (requiring I/O) page faults: 0
	Minor (reclaiming a frame) page faults: 668486
	Voluntary context switches: 10317
	Involuntary context switches: 119
	Swaps: 0
	File system inputs: 0
	File system outputs: 64
	Socket messages sent: 0
	Socket messages received: 0
	Signals delivered: 0
	Page size (bytes): 4096
	Exit status: 0
