[info] total indices 2506
[info] total variants 2506
1.001 was filtered out as 42522612 C>G needs C but not covered
1.002 was filtered out as 42522612 C>G needs C but not covered
1.003 was filtered out as 42522612 C>G needs C but not covered
1.004 was filtered out as 42522612 C>G needs C but not covered
1.005 was filtered out as 42522612 C>G needs C but not covered
1.006 was filtered out as 42522612 C>G needs C but not covered
1.007 was filtered out as 42522612 C>G needs C but not covered
1.008 was filtered out as 42522612 C>G needs C but not covered
1.009 was filtered out as 42522612 C>G needs C but not covered
1.010 was filtered out as 42522612 C>G needs C but not covered
1.011 was filtered out as 42522612 C>G needs C but not covered
1.012 was filtered out as 42522612 C>G needs C but not covered
1.013 was filtered out as 42522612 C>G needs C but not covered
1.014 was filtered out as 42522612 C>G needs C but not covered
1.015 was filtered out as 42522612 C>G needs C but not covered
1.016 was filtered out as 42522612 C>G needs C but not covered
1.017 was filtered out as 42522612 C>G needs C but not covered
1.018 was filtered out as 42522612 C>G needs C but not covered
1.019 was filtered out as 42522612 C>G needs C but not covered
1.020 was filtered out as 42522612 C>G needs C but not covered
1.021 was filtered out as 42522612 C>G needs C but not covered
1.022 was filtered out as 42522612 C>G needs C but not covered
1.023 was filtered out as 42522612 C>G needs C but not covered
1.024 was filtered out as 42522612 C>G needs C but not covered
1.025 was filtered out as 42522612 C>G needs C but not covered
1.026 was filtered out as 42522612 C>G needs C but not covered
1.027 was filtered out as 42522612 C>G needs C but not covered
1.028 was filtered out as 42522612 C>G needs C but not covered
1.029 was filtered out as 42522612 C>G needs C but not covered
1.030 was filtered out as 42522612 C>G needs C but not covered
1.031 was filtered out as 42522612 C>G needs C but not covered
1.032 was filtered out as 42522612 C>G needs C but not covered
1.033 was filtered out as 42522612 C>G needs C but not covered
1.034 was filtered out as 42522612 C>G needs C but not covered
1.035 was filtered out as 42522612 C>G needs C but not covered
1.036 was filtered out as 42522612 C>G needs C but not covered
1.037 was filtered out as 42522612 C>G needs C but not covered
1.038 was filtered out as 42522612 C>G needs C but not covered
1.039 was filtered out as 42522612 C>G needs C but not covered
1.040 was filtered out as 42522612 C>G needs C but not covered
1.041 was filtered out as 42522612 C>G needs C but not covered
1.042 was filtered out as 42522612 C>G needs C but not covered
1.043 was filtered out as 42522612 C>G needs C but not covered
1.044 was filtered out as 42522612 C>G needs C but not covered
1.045 was filtered out as 42522612 C>G needs C but not covered
1.046 was filtered out as 42522612 C>G needs C but not covered
1.047 was filtered out as 42522612 C>G needs C but not covered
1.048 was filtered out as 42522612 C>G needs C but not covered
1.049 was filtered out as 42522612 C>G needs C but not covered
2.004 was filtered out as 42525131 C.C>G.T needs C but not covered
3.001 was filtered out as 42522612 C>G needs C but not covered
3.002 was filtered out as 42522612 C>G needs C but not covered
4.001 was filtered out as 42525820 G>T needs T but not covered
4.002 was filtered out as 42525820 G>T needs T but not covered
4.006 was filtered out as 42525820 G>T needs T but not covered
4.008 was filtered out as 42525820 G>T needs T but not covered
4.014 was filtered out as 42525820 G>T needs T but not covered
4.015 was filtered out as 42525820 G>T needs T but not covered
4.016 was filtered out as 42525820 G>T needs T but not covered
4.017 was filtered out as 42525820 G>T needs T but not covered
4.018 was filtered out as 42525820 G>T needs T but not covered
4.020 was filtered out as 42525820 G>T needs T but not covered
4.022 was filtered out as 42525820 G>T needs T but not covered
4.023 was filtered out as 42525820 G>T needs T but not covered
4.024 was filtered out as 42525820 G>T needs T but not covered
4.025 was filtered out as 42525820 G>T needs T but not covered
4.026 was filtered out as 42525820 G>T needs T but not covered
4.029 was filtered out as 42525820 G>T needs T but not covered
4.030 was filtered out as 42525820 G>T needs T but not covered
4.003 was filtered out as 42524946 C>T needs T but not covered
4.004 was filtered out as 42524946 C>T needs T but not covered
4.005 was filtered out as 42524946 C>T needs T but not covered
4.011 was filtered out as 42524946 C>T needs T but not covered
4.019 was filtered out as 42524946 C>T needs T but not covered
4.007 was filtered out as 42525820 G>T needs T but not covered
4.009 was filtered out as 42522612 C>G needs C but not covered
4.010 was filtered out as 42524946 C>T needs T but not covered
4.012 was filtered out as 42522612 C>G needs C but not covered
4.013 was filtered out as 42525820 G>T needs T but not covered
4.021 was filtered out as 42525820 G>T needs T but not covered
4.027 was filtered out as 42522612 C>G needs C but not covered
4.028 was filtered out as 42524946 C>T needs T but not covered
4.1013 was filtered out as 42522612 C>G needs C but not covered
4.1021 was filtered out as 42522612 C>G needs C but not covered
4.2021 was filtered out as 42525810 T>C needs C but not covered
5.001 was filtered out as 42522612 C>G needs C but not covered
6.001 was filtered out as 42522612 C>G needs C but not covered
6.002 was filtered out as 42522612 C>G needs C but not covered
6.005 was filtered out as 42522612 C>G needs C but not covered
6.006 was filtered out as 42522612 C>G needs C but not covered
6.003 was filtered out as 42525085 delA needs N but not covered
6.004 was filtered out as 42522612 C>G needs C but not covered
7.001 was filtered out as 42522612 C>G needs C but not covered
8.001 was filtered out as 42525034 C>A needs A but not covered
9.001 was filtered out as 42522612 C>G needs C but not covered
9.002 was filtered out as 42522612 C>G needs C but not covered
11.001 was filtered out as 42525911 C>G needs G but not covered
12.001 was filtered out as 42526669 C>T needs T but not covered
12.002 was filtered out as 42526669 C>T needs T but not covered
14.001 was filtered out as 42525034 C>T needs T but not covered
15.001 was filtered out as 42522612 C>G needs C but not covered
15.002 was filtered out as 42522612 C>G needs C but not covered
15.003 was filtered out as 42522612 C>G needs C but not covered
17.001 was filtered out as 42525771 G>A needs A but not covered
17.002 was filtered out as 42525771 G>A needs A but not covered
17.003 was filtered out as 42525771 G>A needs A but not covered
17.004 was filtered out as 42525771 G>A needs A but not covered
17.005 was filtered out as 42525771 G>A needs A but not covered
17.006 was filtered out as 42525771 G>A needs A but not covered
18.001 was filtered out as 42522612 C>G needs C but not covered
19.001 was filtered out as 42524250 delAGTT needs N but not covered
20.001 was filtered out as 42524815 insC needs P but not covered
21.001 was filtered out as 42524212 insG needs P but not covered
21.002 was filtered out as 42524212 insG needs P but not covered
22.001 was filtered out as 42522612 C>G needs C but not covered
23.001 was filtered out as 42522612 C>G needs C but not covered
24.001 was filtered out as 42522612 C>G needs C but not covered
25.001 was filtered out as 42522612 C>G needs C but not covered
26.001 was filtered out as 42522612 C>G needs C but not covered
27.001 was filtered out as 42522612 C>G needs C but not covered
28.001 was filtered out as 42526774 C>T needs T but not covered
28.002 was filtered out as 42526774 C>T needs T but not covered
29.001 was filtered out as 42525131 C.C>G.T needs M but not covered
30.001 was filtered out as 42524928 insGGGGCGAAA not covered (cov=0)
31.001 was filtered out as 42522750 C>T needs T but not covered
32.001 was filtered out as 42522939 C>T needs T but not covered
33.001 was filtered out as 42522612 C>G needs C but not covered
33.002 was filtered out as 42522612 C>G needs C but not covered
34.001 was filtered out as 42522612 C>G needs C but not covered
35.001 was filtered out as 42526762 C>T needs T but not covered
35.002 was filtered out as 42526762 C>T needs T but not covered
35.003 was filtered out as 42526762 C>T needs T but not covered
35.004 was filtered out as 42526762 C>T needs T but not covered
35.005 was filtered out as 42526762 C>T needs T but not covered
35.006 was filtered out as 42526762 C>T needs T but not covered
35.007 was filtered out as 42526762 C>T needs T but not covered
36.001 was filtered out as 42522664 G>C needs C but not covered
36.002 was filtered out as 42522664 G>C needs C but not covered
36.003 was filtered out as 42522664 G>C needs C but not covered
36.004 was filtered out as 42522664 G>C needs C but not covered
36.1001 was filtered out as 42522612 C>G needs C but not covered
37.001 was filtered out as 42524849 C>T needs T but not covered
38.001 was filtered out as 42522612 C>G needs C but not covered
39.002 was filtered out as 42525131 C.C>G.T needs C but not covered
40.001 was filtered out as 42525771 G>A needs A but not covered
41.001 was filtered out as 42523804 C>T needs T but not covered
41.002 was filtered out as 42523804 C>T needs T but not covered
41.003 was filtered out as 42523804 C>T needs T but not covered
41.004 was filtered out as 42523804 C>T needs T but not covered
41.005 was filtered out as 42523804 C>T needs T but not covered
42.001 was filtered out as 42523531 insAC needs P but not covered
43.001 was filtered out as 42522612 C>G needs C but not covered
43.002 was filtered out as 42522612 C>G needs C but not covered
44.001 was filtered out as 42522612 C>G needs C but not covered
46.001 was filtered out as 42526716 C>T needs T but not covered
46.002 was filtered out as 42526716 C>T needs T but not covered
46.003 was filtered out as 42526716 C>T needs T but not covered
47.001 was filtered out as 42526720 G>A needs A but not covered
48.001 was filtered out as 42522612 C>G needs C but not covered
49.001 was filtered out as 42525181 A>T needs T but not covered
50.001 was filtered out as 42522612 C>G needs C but not covered
51.001 was filtered out as 42523620 T>G needs G but not covered
52.001 was filtered out as 42522915 C>T needs T but not covered
52.002 was filtered out as 42522915 C>T needs T but not covered
53.001 was filtered out as 42522612 C>G needs C but not covered
54.001 was filtered out as 42524236 G>A needs A but not covered
55.001 was filtered out as 42522957 T>G needs G but not covered
56.001 was filtered out as 42523591 G>A needs A but not covered
56.002 was filtered out as 42523591 G>A needs A but not covered
56.003 was filtered out as 42523591 G>A needs A but not covered
57.001 was filtered out as 42522664 G>C needs C but not covered
57.1001 was filtered out as 42522612 C>G needs C but not covered
58.001 was filtered out as 42525771 G>A needs A but not covered
59.001 was filtered out as 42523853 C>T needs T but not covered
60.001 was filtered out as 42522612 C>G needs C but not covered
61.001 was filtered out as 42522612 C>G needs C but not covered
62.001 was filtered out as 42522612 C>G needs C but not covered
63.001 was filtered out as 42522612 C>G needs C but not covered
64.001 was filtered out as 42525771 G>A needs A but not covered
68.001 was filtered out as 42522612 C>G needs C but not covered
68.002 was filtered out as 42522612 C>G needs C but not covered
69.001 was filtered out as 42523804 C>T needs T but not covered
70.001 was filtered out as 42525131 C.C>G.T needs M but not covered
71.001 was filtered out as 42522612 C>G needs C but not covered
71.002 was filtered out as 42522612 C>G needs C but not covered
71.003 was filtered out as 42522612 C>G needs C but not covered
72.001 was filtered out as 42523474 C>T needs T but not covered
73.001 was filtered out as 42525781 C>T needs T but not covered
74.001 was filtered out as 42522612 C>G needs C but not covered
75.001 was filtered out as 42522612 C>G needs C but not covered
75.002 was filtered out as 42522612 C>G needs C but not covered
81.001 was filtered out as 42522612 C>G needs C but not covered
82.001 was filtered out as 42522612 C>G needs C but not covered
83.001 was filtered out as 42522664 G>C needs C but not covered
83.002 was filtered out as 42522664 G>C needs C but not covered
83.003 was filtered out as 42522664 G>C needs C but not covered
83.1003 was filtered out as 42522612 C>G needs C but not covered
84.001 was filtered out as 42524218 G>T needs T but not covered
84.002 was filtered out as 42524218 G>T needs T but not covered
85.001 was filtered out as 42522635 A>C needs C but not covered
86.001 was filtered out as 42522612 C>G needs C but not covered
87.001 was filtered out as 42526779 G>A needs A but not covered
88.001 was filtered out as 42525780 A>G needs G but not covered
89.001 was filtered out as 42522612 C>G needs C but not covered
90.001 was filtered out as 42522612 C>G needs C but not covered
91.001 was filtered out as 42522612 C>G needs C but not covered
92.001 was filtered out as 42522612 C>G needs C but not covered
93.001 was filtered out as 42522612 C>G needs C but not covered
94.001 was filtered out as 42523611 T>C needs C but not covered
94.002 was filtered out as 42523611 T>C needs C but not covered
95.001 was filtered out as 42523458 C>T needs T but not covered
96.001 was filtered out as 42522612 C>G needs C but not covered
97.001 was filtered out as 42522612 C>G needs C but not covered
98.001 was filtered out as 42522682 G>C needs C but not covered
99.001 was filtered out as 42525828 C>G needs G but not covered
100.001 was filtered out as 42523964 delG needs N but not covered
101.001 was filtered out as 42523847 delCACATCCGGATGTAGGATC needs N but not covered
102.001 was filtered out as 42525822 G>A needs A but not covered
103.001 was filtered out as 42525043 T>C needs C but not covered
104.001 was filtered out as 42525072 T>A needs A but not covered
105.001 was filtered out as 42523524 A>G needs G but not covered
106.001 was filtered out as 42522612 C>G needs C but not covered
106.002 was filtered out as 42522612 C>G needs C but not covered
106.003 was filtered out as 42522612 C>G needs C but not covered
107.001 was filtered out as 42522612 C>G needs C but not covered
108.001 was filtered out as 42522612 C>G needs C but not covered
109.001 was filtered out as 42522612 C>G needs C but not covered
110.001 was filtered out as 42522612 C>G needs C but not covered
111.001 was filtered out as 42525760 C>T needs T but not covered
111.002 was filtered out as 42525760 C>T needs T but not covered
112.001 was filtered out as 42522612 C>G needs C but not covered
113.001 was filtered out as 42522612 C>G needs C but not covered
114.001 was filtered out as 42525034 C>T needs T but not covered
115.001 was filtered out as 42522612 C>G needs C but not covered
116.001 was filtered out as 42522612 C>G needs C but not covered
117.001 was filtered out as 42523612 C>T needs T but not covered
118.001 was filtered out as 42522612 C>G needs C but not covered
119.001 was filtered out as 42522612 C>G needs C but not covered
120.001 was filtered out as 42522612 C>G needs C but not covered
121.001 was filtered out as 42525043 T>C needs C but not covered
122.001 was filtered out as 42522612 C>G needs C but not covered
123.001 was filtered out as 42523804 C>T needs T but not covered
124.001 was filtered out as 42522612 C>G needs C but not covered
124.002 was filtered out as 42522612 C>G needs C but not covered
125.001 was filtered out as 42522720 C>T needs T but not covered
126.001 was filtered out as 42525135 G>A needs A but not covered
127.001 was filtered out as 42522612 C>G needs C but not covered
128.001 was filtered out as 42525888 A>C needs C but not covered
129.001 was filtered out as 42525156 C>T needs T but not covered
130.001 was filtered out as 42522612 C>G needs C but not covered
131.001 was filtered out as 42522612 C>G needs C but not covered
132.001 was filtered out as 42523974 T>C needs C but not covered
133.001 was filtered out as 42523603 C>T needs T but not covered
134.001 was filtered out as 42522612 C>G needs C but not covered
135.001 was filtered out as 42522927 G>A needs A but not covered
136.001 was filtered out as 42522878 G>A needs A but not covered
137.001 was filtered out as 42522612 C>G needs C but not covered
138.001 was filtered out as 42523804 C>T needs T but not covered
139.001 was filtered out as 42522612 C>G needs C but not covered
140.001 was filtered out as 42522612 C>G needs C but not covered
141.001 was filtered out as 42522664 G>C needs C but not covered
141.1001 was filtered out as 42522612 C>G needs C but not covered
142.001 was filtered out as 42526711 G>A needs A but not covered
143.001 was filtered out as 42522612 C>G needs C but not covered
144.001 was filtered out as 42522612 C>G needs C but not covered
145.001 was filtered out as 42522612 C>G needs C but not covered
146.001 was filtered out as 42526716 C>T needs T but not covered
147.001 was filtered out as 42524928 insGGGGCGAAA not covered (cov=0)
148.001 was filtered out as 42526716 C>T needs T but not covered
149.001 was filtered out as 42525131 C.C>G.T needs M but not covered
152.001 was filtered out as 42522612 C>G needs C but not covered
153.001 was filtered out as 42522612 C>G needs C but not covered
154.001 was filtered out as 42525771 G>A needs A but not covered
155.001 was filtered out as 42525131 C.C>G.T needs M but not covered
156.001 was filtered out as 42525131 C.C>G.T needs M but not covered
157.001 was filtered out as 42525131 C.C>G.T needs M but not covered
158.001 was filtered out as 42523804 C>T needs T but not covered
159.001 was filtered out as 42526671 G>A needs A but not covered
160.001 was filtered out as 42525820 G>T needs T but not covered
161.001 was filtered out as 42525184 C>A needs A but not covered
162.001 was filtered out as 42522939 C>T needs T but not covered
163.001 was filtered out as 42525157 A>G needs G but not covered
[filter] CYP2D6 2.001 => 2.001; 2.002; 2.003; 2.005; 2.006; 2.007; 2.008; 2.009; 2.010; 2.011; 2.012; 2.013; 2.014; 2.015; 2.016; 2.017; 2.018; 2.019; 2.020; 2.021; 2.022; 2.023; 2.024; 2.025; 2.026; 2.027; 2.028; 2.030
[filter] CYP2D6 10.001 => 10.001; 10.002; 10.003; 10.004; 10.005; 10.006; 10.007; 10.1004
[filter] CYP2D6 39.001 => 39.001
[filter] CYP2D6 45.001 => 45.001; 45.002; 45.003; 45.004
[filter] CYP2D6 65.001 => 65.001
[filter] valid_alleles=42
Step 0: Loss=0.1304, CN=[1.9000832]
Step 100: Loss=0.1237, CN=[1.8659197]
Step 200: Loss=0.1237, CN=[1.8654752]
Step 300: Loss=0.1237, CN=[1.8654745]
Step 400: Loss=0.1237, CN=[1.8654745]

=== Fit ===
Region 0: obs=2.655, exp=1.865, diff=+0.789 *
Region 1: obs=1.784, exp=1.865, diff=-0.081 
Region 2: obs=1.856, exp=1.865, diff=-0.009 
Region 3: obs=1.620, exp=1.865, diff=-0.246 
Region 4: obs=1.674, exp=1.865, diff=-0.192 
Region 5: obs=1.734, exp=1.865, diff=-0.132 
Region 6: obs=1.302, exp=1.865, diff=-0.564 *
Region 7: obs=1.291, exp=1.865, diff=-0.574 *
Region 8: obs=1.577, exp=1.865, diff=-0.288 
Region 9: obs=1.709, exp=1.865, diff=-0.157 
Region 10: obs=1.801, exp=1.865, diff=-0.065 
Region 11: obs=1.789, exp=1.865, diff=-0.076 
Region 12: obs=1.677, exp=1.865, diff=-0.188 
Region 13: obs=2.038, exp=1.865, diff=+0.173 
Region 14: obs=3.136, exp=1.865, diff=+1.271 *
Region 15: obs=3.318, exp=1.865, diff=+1.452 *
Region 16: obs=2.168, exp=1.865, diff=+0.302 
Region 17: obs=1.950, exp=1.865, diff=+0.084 
Region 18: obs=2.062, exp=1.865, diff=+0.197 
Region 19: obs=2.062, exp=1.865, diff=+0.197 
Region 20: obs=1.909, exp=1.865, diff=+0.043 
Region 21: obs=0.000, exp=1.865, diff=-1.865 *
Region 22: obs=2.303, exp=1.865, diff=+0.437 

[Gene CN Results]
  CYP2D6: 1.87 → 1.8654744625091553

=== CYP2D6 Fusion Template CN Estimation ===

Using CN configs: ['1', '68.001', '141.1001']

Region coverage:
  up: 2.7
  utr5: 1.8
  e1: 1.9
  i1: 1.6
  e2: 1.7
  i2: 1.7
  e3: 1.3
  i3: 1.3
  e4: 1.6
  i4: 1.7
  e5: 1.8
  i5: 1.8
  e6: 1.7
  i6: 2.0
  e7: 3.1
  i7: 3.3
  e8: 2.2
  i8: 1.9
  e9: 2.1
  utr3: 2.1
  ins: 1.9
  pce: 0.0
  rep: 2.3
  e1_2d7: 0.0
  e2_2d7: 0.2
  e3_2d7: 0.3
  e5_2d7: 0.0
  e6_2d7: 0.0
  e9_2d7: 0.0
  pce_2d7: 0.2

CN configs: ['1', '68.001', '141.1001']
PCE contributions: {'1': tensor(0.), '68.001': tensor(1.), '141.1001': tensor(1.)}
Gene CN: 1.87 → required total: 2
Respect gene CN constraint: True
Enumerating configurations that sum to 2...
Evaluated 6 configurations

Top 5 configurations:
  1. loss=3.57: 1:2
  2. loss=8.74: 1:1, 141.1001:1
  3. loss=18.97: 1:1, 68.001:1
  4. loss=24.42: 141.1001:2
  5. loss=34.64: 68.001:1, 141.1001:1

Best CN assignment (loss=3.57):
  1: 2
  Total: 2

Fit comparison:
  up: obs=2.7, exp=2.0, diff=+0.7
  utr5: obs=1.8, exp=2.0, diff=-0.2
  e1: obs=1.9, exp=2.0, diff=-0.1
  i1: obs=1.6, exp=2.0, diff=-0.4
  e2: obs=1.7, exp=2.0, diff=-0.3
  i2: obs=1.7, exp=2.0, diff=-0.3
  e3: obs=1.3, exp=2.0, diff=-0.7
  i3: obs=1.3, exp=2.0, diff=-0.7
  e4: obs=1.6, exp=2.0, diff=-0.4
  i4: obs=1.7, exp=2.0, diff=-0.3
  e5: obs=1.8, exp=2.0, diff=-0.2
  i5: obs=1.8, exp=2.0, diff=-0.2
  e6: obs=1.7, exp=2.0, diff=-0.3
  i6: obs=2.0, exp=2.0, diff=+0.0
  e7: obs=3.1, exp=2.0, diff=+1.1
  i7: obs=3.3, exp=2.0, diff=+1.3
  e8: obs=2.2, exp=2.0, diff=+0.2
  i8: obs=1.9, exp=2.0, diff=-0.1
  e9: obs=2.1, exp=2.0, diff=+0.1
  utr3: obs=2.1, exp=2.0, diff=+0.1
  ins: obs=1.9, exp=2.0, diff=-0.1
  pce: obs=0.0, exp=0.0, diff=+0.0
  rep: obs=2.3, exp=2.0, diff=+0.3
  e1_2d7: obs=0.0, exp=0.0, diff=+0.0
  e2_2d7: obs=0.2, exp=0.0, diff=+0.2
  e3_2d7: obs=0.3, exp=0.0, diff=+0.3
  e5_2d7: obs=0.0, exp=0.0, diff=+0.0
  e6_2d7: obs=0.0, exp=0.0, diff=+0.0
  e9_2d7: obs=0.0, exp=0.0, diff=+0.0
  pce_2d7: obs=0.2, exp=0.0, diff=+0.2

[Selected CN Configs] 1:2
  Total CYP2D6 CN: 2

[Filtering alleles by cn_config]

Kept alleles by cn_config:
  1: 5 major alleles
    *10.001, *2.001, *39.001, *45.001, *65.001

  Filtered: 0 alleles
  Kept: 42 alleles

[Updating N variant counts for deleted regions]
  Total updated: 0 positions

[Rebuilding allele vectors for fusion cn_configs]
Using device: cuda

CYP2D6*2.001:

CYP2D6*2.002:

CYP2D6*2.003:

CYP2D6*2.005:

CYP2D6*2.006:

CYP2D6*2.007:

CYP2D6*2.008:

CYP2D6*2.009:

CYP2D6*2.010:

CYP2D6*2.011:

CYP2D6*2.012:

CYP2D6*2.013:

CYP2D6*2.014:

CYP2D6*2.015:

CYP2D6*2.016:

CYP2D6*2.017:

CYP2D6*2.018:

CYP2D6*2.019:

CYP2D6*2.020:

CYP2D6*2.021:

CYP2D6*2.022:

CYP2D6*2.023:

CYP2D6*2.024:

CYP2D6*2.025:

CYP2D6*2.026:

CYP2D6*2.027:

CYP2D6*2.028:

CYP2D6*2.030:

CYP2D6*10.001:

CYP2D6*10.002:

CYP2D6*10.003:

CYP2D6*10.004:

CYP2D6*10.005:

CYP2D6*10.006:

CYP2D6*10.007:

CYP2D6*10.1004:

CYP2D6*39.001:

CYP2D6*45.001:

CYP2D6*45.002:

CYP2D6*45.003:

CYP2D6*45.004:

CYP2D6*65.001:

=== Running VAE with seed 42 ===
Global Pooled JS: 0.038713
functional kld weight 0.0
Seed 42, Step    0: Loss = 1014.79 (Recon: 816.50, Allele KL: 59.33, Base KL: 29323.89, Functional KL: 0.04
Global Pooled JS: 0.042855
functional kld weight 27.77777777777777
Seed 42, Step  500: Loss = 578.08 (Recon: 468.13, Allele KL: 40.09, Base KL: 8296.60, Functional KL: 0.04
Global Pooled JS: 0.044745
functional kld weight 222.22222222222217
Seed 42, Step 1000: Loss = 578.17 (Recon: 457.51, Allele KL: 52.86, Base KL: 8431.69, Functional KL: 0.04
Global Pooled JS: 0.044939
functional kld weight 750.0
Seed 42, Step 1500: Loss = 605.16 (Recon: 467.58, Allele KL: 45.76, Base KL: 9164.28, Functional KL: 0.04
Global Pooled JS: 0.040159
functional kld weight 1777.7777777777774
Seed 42, Step 2000: Loss = 645.83 (Recon: 465.24, Allele KL: 38.34, Base KL: 10816.00, Functional KL: 0.04
Global Pooled JS: 0.039143
functional kld weight 3472.222222222223
Seed 42, Step 2500: Loss = 714.41 (Recon: 462.62, Allele KL: 45.79, Base KL: 12118.01, Functional KL: 0.04

Top Variants with Coverage Mismatches:
Rank   Variant                        Expected     Observed     Diff       |Div|       
------------------------------------------------------------------------------------------
1      CYP2D6:42525076→T              6.76         0.00         6.76       0.015961     ⚠️HALLUC
2      CYP2D6:42522612→G              28.95        38.00        -9.05      0.005974    
3      CYP2D6:42525076→C              21.40        11.00        10.40      0.003508    
4      CYP2D6:42526693→G              10.71        15.00        -4.29      0.003004    
5      CYP2D6:42523942→G              18.75        10.00        8.75       0.002681    
6      CYP2D6:42523942→A              10.42        14.00        -3.58      0.002412    
7      CYP2D6:42525076→M              0.24         0.00         0.24       0.000571    
8      CYP2D6:42525076→N              0.24         0.00         0.24       0.000569    
9      CYP2D6:42525076→P              0.24         0.00         0.24       0.000567    
10     CYP2D6:42525076→A              0.24         0.00         0.24       0.000566    
11     CYP2D6:42525076→G              0.24         0.00         0.24       0.000558    
12     CYP2D6:42525131→G              29.36        22.00        7.36       0.000338    
13     CYP2D6:42526693→A              18.42        14.00        4.42       0.000165    
14     CYP2D6:42522612→A              0.07         0.00         0.07       0.000164    
15     CYP2D6:42522612→P              0.07         0.00         0.07       0.000163    
16     CYP2D6:42522612→M              0.07         0.00         0.07       0.000163    
17     CYP2D6:42522612→T              0.07         0.00         0.07       0.000162    
18     CYP2D6:42522612→N              0.07         0.00         0.07       0.000162    
19     CYP2D6:42522612→C              0.07         0.00         0.07       0.000161    
20     CYP2D6:42526693→T              0.05         0.00         0.05       0.000116    
21     CYP2D6:42526693→N              0.05         0.00         0.05       0.000114    
22     CYP2D6:42526693→C              0.05         0.00         0.05       0.000113    
23     CYP2D6:42526693→P              0.05         0.00         0.05       0.000111    
24     CYP2D6:42526693→M              0.05         0.00         0.05       0.000108    
25     CYP2D6:42523942→T              0.04         0.00         0.04       0.000093    
26     CYP2D6:42523942→P              0.04         0.00         0.04       0.000093    
27     CYP2D6:42523942→N              0.04         0.00         0.04       0.000091    
28     CYP2D6:42523942→C              0.04         0.00         0.04       0.000090    
29     CYP2D6:42523942→M              0.04         0.00         0.04       0.000090    
30     CYP2D6:42525131→A              0.00         0.00         0.00       0.000000    
31     CYP2D6:42525131→C              0.00         0.00         0.00       0.000000    
32     CYP2D6:42525131→M              0.00         0.00         0.00       0.000000    
33     CYP2D6:42525131→N              0.00         0.00         0.00       0.000000    
34     CYP2D6:42525131→P              0.00         0.00         0.00       0.000000    
35     CYP2D6:42525131→T              0.00         0.00         0.00       0.000000    
New best model with final loss: 787.01

=== Multi-Seed VAE Results ===
Best model had seed 42 with final loss: 787.01
All seeds final losses:
  Seed 42: Total=787.01 (Recon=464.19, A_KL=44.68, B_KL=22683.23) <- Best

[Raw]:
CYP2D6*10: Normalized=0.6358, Unnormalized=0.64
CYP2D6*45: Normalized=0.3153, Unnormalized=0.32

Allocating by cn_config:

[Alleles]
CYP2D6*10
CYP2D6*45
	Command being timed: "python cyp.py CYP2D6 /project/shared/aldy-data/wgs/NA19143.wgs.cram 42"
	User time (seconds): 89.37
	System time (seconds): 16.43
	Percent of CPU this job got: 99%
	Elapsed (wall clock) time (h:mm:ss or m:ss): 1:46.18
	Average shared text size (kbytes): 0
	Average unshared data size (kbytes): 0
	Average stack size (kbytes): 0
	Average total size (kbytes): 0
	Maximum resident set size (kbytes): 1941984
	Average resident set size (kbytes): 0
	Major (requiring I/O) page faults: 0
	Minor (reclaiming a frame) page faults: 658383
	Voluntary context switches: 9792
	Involuntary context switches: 237
	Swaps: 0
	File system inputs: 0
	File system outputs: 64
	Socket messages sent: 0
	Socket messages received: 0
	Signals delivered: 0
	Page size (bytes): 4096
	Exit status: 0
