[info] total indices 175
[info] total variants 175
1.001 was filtered out as 99270538 T>C needs T but not covered
1.002 was filtered out as 99270538 T>C needs T but not covered
1.003 was filtered out as 99270538 T>C needs T but not covered
1.004 was filtered out as 99270538 T>C needs T but not covered
1.005 was filtered out as 99270538 T>C needs T but not covered
3.002 was filtered out as 99273814 G>A needs A but not covered
3.003 was filtered out as 99270275 A>C needs C but not covered
3.004 was filtered out as 99245973 A>G needs G but not covered
3.005 was filtered out as 99264572 A>G needs G but not covered
3.006 was filtered out as 99247742 T>C needs C but not covered
3.007 was filtered out as 99247771 A>G needs G but not covered
3.008 was filtered out as 99273744 T>C needs C but not covered
3.009 was filtered out as 99262859 T>C needs C but not covered
3.010 was filtered out as 99250235 G>T needs T but not covered
3.017 was filtered out as 99262850 A>C needs C but not covered
6.001 was filtered out as 99270538 T>C needs T but not covered
7.001 was filtered out as 99270538 T>C needs T but not covered
8.001 was filtered out as 99270538 T>C needs T but not covered
9.001 was filtered out as 99270538 T>C needs T but not covered
[filter] CYP3A5 3 => 3.001; 3.012; 3.013; 3.014; 3.015; 3.016
[filter] valid_alleles=6
Step 0: Loss=0.0469, CN=[1.9000832]
Step 100: Loss=0.0300, CN=[1.8053772]
Step 200: Loss=0.0300, CN=[1.8059621]
Step 300: Loss=0.0300, CN=[1.8059658]
Step 400: Loss=0.0300, CN=[1.8059661]

=== Fit ===
Region 0: obs=1.782, exp=1.806, diff=-0.024 
Region 1: obs=1.170, exp=1.806, diff=-0.636 *
Region 2: obs=1.181, exp=1.806, diff=-0.625 *
Region 3: obs=1.779, exp=1.806, diff=-0.027 
Region 4: obs=1.765, exp=1.806, diff=-0.041 
Region 5: obs=1.658, exp=1.806, diff=-0.148 
Region 6: obs=2.034, exp=1.806, diff=+0.228 
Region 7: obs=1.867, exp=1.806, diff=+0.061 
Region 8: obs=1.425, exp=1.806, diff=-0.381 
Region 9: obs=1.829, exp=1.806, diff=+0.023 
Region 10: obs=1.743, exp=1.806, diff=-0.063 
Region 11: obs=2.104, exp=1.806, diff=+0.298 
Region 12: obs=1.800, exp=1.806, diff=-0.006 
Region 13: obs=1.817, exp=1.806, diff=+0.012 
Region 14: obs=1.994, exp=1.806, diff=+0.189 
Region 15: obs=1.888, exp=1.806, diff=+0.082 
Region 16: obs=2.180, exp=1.806, diff=+0.374 
Region 17: obs=1.899, exp=1.806, diff=+0.093 
Region 18: obs=1.764, exp=1.806, diff=-0.042 
Region 19: obs=1.910, exp=1.806, diff=+0.104 
Region 20: obs=1.697, exp=1.806, diff=-0.109 
Region 21: obs=1.872, exp=1.806, diff=+0.066 
Region 22: obs=1.654, exp=1.806, diff=-0.152 
Region 23: obs=1.939, exp=1.806, diff=+0.133 
Region 24: obs=1.747, exp=1.806, diff=-0.059 
Region 25: obs=1.734, exp=1.806, diff=-0.072 
Region 26: obs=1.717, exp=1.806, diff=-0.089 
Region 27: obs=2.438, exp=1.806, diff=+0.632 *
Region 28: obs=1.856, exp=1.806, diff=+0.050 

[Gene CN Results]
  CYP3A5: 1.81 → 1.8059661388397217
Using device: cuda

CYP3A5*3.001:

CYP3A5*3.012:

CYP3A5*3.013:

CYP3A5*3.014:

CYP3A5*3.015:

CYP3A5*3.016:

=== Running VAE with seed 789 ===
Global Pooled JS: 0.017563
functional kld weight 0.0
Seed 789, Step    0: Loss = 65.54 (Recon: 35.62, Allele KL: 3.79, Base KL: 95.41, Functional KL: 0.02
Global Pooled JS: 0.009859
functional kld weight 27.77777777777777
Seed 789, Step  500: Loss = 51.96 (Recon: 21.52, Allele KL: 6.48, Base KL: 3573.48, Functional KL: 0.01
Global Pooled JS: 0.007911
functional kld weight 222.22222222222217
Seed 789, Step 1000: Loss = 59.31 (Recon: 23.78, Allele KL: 9.13, Base KL: 4235.45, Functional KL: 0.01
Global Pooled JS: 0.004599
functional kld weight 750.0
Seed 789, Step 1500: Loss = 58.05 (Recon: 20.27, Allele KL: 8.95, Base KL: 5918.80, Functional KL: 0.00
Global Pooled JS: 0.005664
functional kld weight 1777.7777777777774
Seed 789, Step 2000: Loss = 75.15 (Recon: 30.08, Allele KL: 6.26, Base KL: 7960.13, Functional KL: 0.01
Global Pooled JS: 0.003404
functional kld weight 3472.222222222223
Seed 789, Step 2500: Loss = 76.97 (Recon: 24.17, Allele KL: 10.31, Base KL: 10665.40, Functional KL: 0.00

Top Variants with Coverage Mismatches:
Rank   Variant                        Expected     Observed     Diff       |Div|       
------------------------------------------------------------------------------------------
1      CYP3A5:99270538→N              0.03         0.00         0.03       0.000302    
2      CYP3A5:99270538→M              0.03         0.00         0.03       0.000300    
3      CYP3A5:99270538→P              0.03         0.00         0.03       0.000299    
4      CYP3A5:99270538→G              0.03         0.00         0.03       0.000299    
5      CYP3A5:99270538→T              0.03         0.00         0.03       0.000296    
6      CYP3A5:99270538→A              0.03         0.00         0.03       0.000295    
7      CYP3A5:99270538→C              31.17        34.00        -2.83      0.000003    
New best model with final loss: 73.25

=== Multi-Seed VAE Results ===
Best model had seed 789 with final loss: 73.25
All seeds final losses:
  Seed 789: Total=73.25 (Recon=21.05, A_KL=8.43, B_KL=13142.86) <- Best

[Raw]:
CYP3A5*3: Normalized=1.0000, Unnormalized=1.00

[Alleles]
CYP3A5*3
CYP3A5*3
	Command being timed: "python cyp.py CYP3A5 /project/shared/aldy-data/wgs/NA07056.wgs.cram 789"
	User time (seconds): 52.79
	System time (seconds): 11.10
	Percent of CPU this job got: 99%
	Elapsed (wall clock) time (h:mm:ss or m:ss): 1:04.46
	Average shared text size (kbytes): 0
	Average unshared data size (kbytes): 0
	Average stack size (kbytes): 0
	Average total size (kbytes): 0
	Maximum resident set size (kbytes): 1883876
	Average resident set size (kbytes): 0
	Major (requiring I/O) page faults: 0
	Minor (reclaiming a frame) page faults: 600097
	Voluntary context switches: 11529
	Involuntary context switches: 496
	Swaps: 0
	File system inputs: 0
	File system outputs: 24
	Socket messages sent: 0
	Socket messages received: 0
	Signals delivered: 0
	Page size (bytes): 4096
	Exit status: 0
