[info] total indices 175
[info] total variants 175
1.001 was filtered out as 99270538 T>C needs T but not covered
1.002 was filtered out as 99270538 T>C needs T but not covered
1.003 was filtered out as 99270538 T>C needs T but not covered
1.004 was filtered out as 99270538 T>C needs T but not covered
1.005 was filtered out as 99270538 T>C needs T but not covered
3.002 was filtered out as 99273814 G>A needs A but not covered
3.003 was filtered out as 99270275 A>C needs C but not covered
3.004 was filtered out as 99245973 A>G needs G but not covered
3.005 was filtered out as 99264572 A>G needs G but not covered
3.006 was filtered out as 99247742 T>C needs C but not covered
3.007 was filtered out as 99247771 A>G needs G but not covered
3.008 was filtered out as 99273744 T>C needs C but not covered
3.009 was filtered out as 99262859 T>C needs C but not covered
3.010 was filtered out as 99250235 G>T needs T but not covered
3.017 was filtered out as 99262850 A>C needs C but not covered
6.001 was filtered out as 99270538 T>C needs T but not covered
7.001 was filtered out as 99270538 T>C needs T but not covered
8.001 was filtered out as 99270538 T>C needs T but not covered
9.001 was filtered out as 99270538 T>C needs T but not covered
[filter] CYP3A5 3 => 3.001; 3.012; 3.013; 3.014; 3.015; 3.016
[filter] valid_alleles=6
Step 0: Loss=0.1231, CN=[2.0999167]
Step 100: Loss=0.0514, CN=[2.4099004]
Step 200: Loss=0.0514, CN=[2.4116511]
Step 300: Loss=0.0514, CN=[2.4116411]
Step 400: Loss=0.0514, CN=[2.4116411]

=== Fit ===
Region 0: obs=2.557, exp=2.412, diff=+0.145 
Region 1: obs=2.214, exp=2.412, diff=-0.197 
Region 2: obs=1.622, exp=2.412, diff=-0.789 *
Region 3: obs=2.364, exp=2.412, diff=-0.048 
Region 4: obs=2.343, exp=2.412, diff=-0.069 
Region 5: obs=2.075, exp=2.412, diff=-0.336 
Region 6: obs=2.540, exp=2.412, diff=+0.128 
Region 7: obs=2.210, exp=2.412, diff=-0.201 
Region 8: obs=2.504, exp=2.412, diff=+0.093 
Region 9: obs=2.380, exp=2.412, diff=-0.032 
Region 10: obs=3.255, exp=2.412, diff=+0.844 *
Region 11: obs=3.169, exp=2.412, diff=+0.758 *
Region 12: obs=2.756, exp=2.412, diff=+0.345 
Region 13: obs=2.390, exp=2.412, diff=-0.022 
Region 14: obs=1.942, exp=2.412, diff=-0.470 
Region 15: obs=2.103, exp=2.412, diff=-0.308 
Region 16: obs=2.161, exp=2.412, diff=-0.251 
Region 17: obs=2.429, exp=2.412, diff=+0.017 
Region 18: obs=2.626, exp=2.412, diff=+0.214 
Region 19: obs=2.512, exp=2.412, diff=+0.100 
Region 20: obs=3.067, exp=2.412, diff=+0.655 *
Region 21: obs=2.390, exp=2.412, diff=-0.021 
Region 22: obs=2.511, exp=2.412, diff=+0.099 
Region 23: obs=2.356, exp=2.412, diff=-0.056 
Region 24: obs=2.253, exp=2.412, diff=-0.159 
Region 25: obs=2.181, exp=2.412, diff=-0.230 
Region 26: obs=2.590, exp=2.412, diff=+0.179 
Region 27: obs=2.511, exp=2.412, diff=+0.100 
Region 28: obs=2.393, exp=2.412, diff=-0.018 

[Gene CN Results]
  CYP3A5: 2.41 → 2.4116411209106445
Using device: cuda

CYP3A5*3.001:

CYP3A5*3.012:

CYP3A5*3.013:

CYP3A5*3.014:

CYP3A5*3.015:

CYP3A5*3.016:

=== Running VAE with seed 789 ===
Global Pooled JS: 0.017654
functional kld weight 0.0
Seed 789, Step    0: Loss = 78.75 (Recon: 46.55, Allele KL: 6.09, Base KL: 167.82, Functional KL: 0.02
Global Pooled JS: 0.008633
functional kld weight 27.77777777777777
Seed 789, Step  500: Loss = 56.48 (Recon: 24.33, Allele KL: 7.58, Base KL: 4594.04, Functional KL: 0.01
Global Pooled JS: 0.006813
functional kld weight 222.22222222222217
Seed 789, Step 1000: Loss = 64.22 (Recon: 24.70, Allele KL: 13.07, Base KL: 5213.25, Functional KL: 0.01
Global Pooled JS: 0.004404
functional kld weight 750.0
Seed 789, Step 1500: Loss = 61.09 (Recon: 23.08, Allele KL: 8.59, Base KL: 6843.16, Functional KL: 0.00
Global Pooled JS: 0.005619
functional kld weight 1777.7777777777774
Seed 789, Step 2000: Loss = 82.22 (Recon: 36.42, Allele KL: 6.44, Base KL: 8798.70, Functional KL: 0.01
Global Pooled JS: 0.003217
functional kld weight 3472.222222222223
Seed 789, Step 2500: Loss = 81.45 (Recon: 28.36, Allele KL: 10.73, Base KL: 11449.05, Functional KL: 0.00

Top Variants with Coverage Mismatches:
Rank   Variant                        Expected     Observed     Diff       |Div|       
------------------------------------------------------------------------------------------
1      CYP3A5:99270538→N              0.04         0.00         0.04       0.000290    
2      CYP3A5:99270538→M              0.04         0.00         0.04       0.000290    
3      CYP3A5:99270538→P              0.04         0.00         0.04       0.000288    
4      CYP3A5:99270538→G              0.04         0.00         0.04       0.000288    
5      CYP3A5:99270538→T              0.04         0.00         0.04       0.000285    
6      CYP3A5:99270538→A              0.04         0.00         0.04       0.000283    
7      CYP3A5:99270538→C              47.26        56.00        -8.74      0.000003    
New best model with final loss: 76.67

=== Multi-Seed VAE Results ===
Best model had seed 789 with final loss: 76.67
All seeds final losses:
  Seed 789: Total=76.67 (Recon=23.96, A_KL=8.87, B_KL=13830.89) <- Best

[Raw]:
CYP3A5*3: Normalized=1.0000, Unnormalized=1.00

[Alleles]
CYP3A5*3
CYP3A5*3
	Command being timed: "python cyp.py CYP3A5 /project/shared/aldy-data/wgs/NA10831.wgs.cram 789"
	User time (seconds): 53.36
	System time (seconds): 12.62
	Percent of CPU this job got: 75%
	Elapsed (wall clock) time (h:mm:ss or m:ss): 1:26.87
	Average shared text size (kbytes): 0
	Average unshared data size (kbytes): 0
	Average stack size (kbytes): 0
	Average total size (kbytes): 0
	Maximum resident set size (kbytes): 1888972
	Average resident set size (kbytes): 0
	Major (requiring I/O) page faults: 0
	Minor (reclaiming a frame) page faults: 664612
	Voluntary context switches: 12282
	Involuntary context switches: 580
	Swaps: 0
	File system inputs: 0
	File system outputs: 24
	Socket messages sent: 0
	Socket messages received: 0
	Signals delivered: 0
	Page size (bytes): 4096
	Exit status: 0
