[info] total indices 175
[info] total variants 175
1.001 was filtered out as 99270538 T>C needs T but not covered
1.002 was filtered out as 99270538 T>C needs T but not covered
1.003 was filtered out as 99270538 T>C needs T but not covered
1.004 was filtered out as 99270538 T>C needs T but not covered
1.005 was filtered out as 99270538 T>C needs T but not covered
3.002 was filtered out as 99273814 G>A needs A but not covered
3.003 was filtered out as 99270275 A>C needs C but not covered
3.004 was filtered out as 99245973 A>G needs G but not covered
3.005 was filtered out as 99264572 A>G needs G but not covered
3.006 was filtered out as 99247742 T>C needs C but not covered
3.007 was filtered out as 99247771 A>G needs G but not covered
3.008 was filtered out as 99273744 T>C needs C but not covered
3.009 was filtered out as 99262859 T>C needs C but not covered
3.010 was filtered out as 99250235 G>T needs T but not covered
3.017 was filtered out as 99262850 A>C needs C but not covered
6.001 was filtered out as 99270538 T>C needs T but not covered
7.001 was filtered out as 99270538 T>C needs T but not covered
8.001 was filtered out as 99270538 T>C needs T but not covered
9.001 was filtered out as 99270538 T>C needs T but not covered
[filter] CYP3A5 3 => 3.001; 3.012; 3.013; 3.014; 3.015; 3.016
[filter] valid_alleles=6
Step 0: Loss=0.1184, CN=[2.0999167]
Step 100: Loss=0.0326, CN=[2.440618]
Step 200: Loss=0.0326, CN=[2.4418051]
Step 300: Loss=0.0326, CN=[2.4418097]
Step 400: Loss=0.0326, CN=[2.4418097]

=== Fit ===
Region 0: obs=2.427, exp=2.442, diff=-0.015 
Region 1: obs=3.034, exp=2.442, diff=+0.593 *
Region 2: obs=2.284, exp=2.442, diff=-0.158 
Region 3: obs=2.537, exp=2.442, diff=+0.096 
Region 4: obs=2.134, exp=2.442, diff=-0.308 
Region 5: obs=2.391, exp=2.442, diff=-0.051 
Region 6: obs=2.217, exp=2.442, diff=-0.224 
Region 7: obs=2.235, exp=2.442, diff=-0.207 
Region 8: obs=2.400, exp=2.442, diff=-0.042 
Region 9: obs=2.485, exp=2.442, diff=+0.043 
Region 10: obs=2.841, exp=2.442, diff=+0.399 
Region 11: obs=2.755, exp=2.442, diff=+0.314 
Region 12: obs=2.522, exp=2.442, diff=+0.081 
Region 13: obs=2.391, exp=2.442, diff=-0.051 
Region 14: obs=2.156, exp=2.442, diff=-0.286 
Region 15: obs=2.665, exp=2.442, diff=+0.223 
Region 16: obs=2.991, exp=2.442, diff=+0.549 *
Region 17: obs=2.775, exp=2.442, diff=+0.333 
Region 18: obs=2.498, exp=2.442, diff=+0.057 
Region 19: obs=2.470, exp=2.442, diff=+0.028 
Region 20: obs=2.280, exp=2.442, diff=-0.161 
Region 21: obs=2.532, exp=2.442, diff=+0.090 
Region 22: obs=2.095, exp=2.442, diff=-0.347 
Region 23: obs=2.321, exp=2.442, diff=-0.121 
Region 24: obs=2.094, exp=2.442, diff=-0.348 
Region 25: obs=2.442, exp=2.442, diff=-0.000 
Region 26: obs=2.598, exp=2.442, diff=+0.156 
Region 27: obs=2.005, exp=2.442, diff=-0.437 
Region 28: obs=2.378, exp=2.442, diff=-0.064 

[Gene CN Results]
  CYP3A5: 2.44 → 2.441809892654419
Using device: cuda

CYP3A5*3.001:

CYP3A5*3.012:

CYP3A5*3.013:

CYP3A5*3.014:

CYP3A5*3.015:

CYP3A5*3.016:

=== Running VAE with seed 789 ===
Global Pooled JS: 0.017657
functional kld weight 0.0
Seed 789, Step    0: Loss = 83.73 (Recon: 51.59, Allele KL: 5.96, Base KL: 143.30, Functional KL: 0.02
Global Pooled JS: 0.008985
functional kld weight 27.77777777777777
Seed 789, Step  500: Loss = 61.75 (Recon: 30.18, Allele KL: 7.10, Base KL: 4376.35, Functional KL: 0.01
Global Pooled JS: 0.007538
functional kld weight 222.22222222222217
Seed 789, Step 1000: Loss = 69.94 (Recon: 34.18, Allele KL: 8.91, Base KL: 4948.72, Functional KL: 0.01
Global Pooled JS: 0.004410
functional kld weight 750.0
Seed 789, Step 1500: Loss = 66.93 (Recon: 28.25, Allele KL: 9.43, Base KL: 6669.64, Functional KL: 0.00
Global Pooled JS: 0.005392
functional kld weight 1777.7777777777774
Seed 789, Step 2000: Loss = 84.86 (Recon: 39.29, Allele KL: 6.83, Base KL: 8643.34, Functional KL: 0.01
Global Pooled JS: 0.003133
functional kld weight 3472.222222222223
Seed 789, Step 2500: Loss = 86.63 (Recon: 33.76, Allele KL: 10.92, Base KL: 11322.78, Functional KL: 0.00

Top Variants with Coverage Mismatches:
Rank   Variant                        Expected     Observed     Diff       |Div|       
------------------------------------------------------------------------------------------
1      CYP3A5:99270538→N              0.04         0.00         0.04       0.000293    
2      CYP3A5:99270538→M              0.04         0.00         0.04       0.000293    
3      CYP3A5:99270538→G              0.04         0.00         0.04       0.000291    
4      CYP3A5:99270538→P              0.04         0.00         0.04       0.000291    
5      CYP3A5:99270538→T              0.04         0.00         0.04       0.000287    
6      CYP3A5:99270538→A              0.04         0.00         0.04       0.000286    
7      CYP3A5:99270538→C              43.94        49.00        -5.06      0.000003    
New best model with final loss: 82.18

=== Multi-Seed VAE Results ===
Best model had seed 789 with final loss: 82.18
All seeds final losses:
  Seed 789: Total=82.18 (Recon=29.61, A_KL=8.76, B_KL=13712.17) <- Best

[Raw]:
CYP3A5*3: Normalized=1.0000, Unnormalized=1.00

[Alleles]
CYP3A5*3
CYP3A5*3
	Command being timed: "python cyp.py CYP3A5 /project/shared/aldy-data/wgs/NA10851.wgs.cram 789"
	User time (seconds): 53.38
	System time (seconds): 12.05
	Percent of CPU this job got: 76%
	Elapsed (wall clock) time (h:mm:ss or m:ss): 1:25.94
	Average shared text size (kbytes): 0
	Average unshared data size (kbytes): 0
	Average stack size (kbytes): 0
	Average total size (kbytes): 0
	Maximum resident set size (kbytes): 1871876
	Average resident set size (kbytes): 0
	Major (requiring I/O) page faults: 0
	Minor (reclaiming a frame) page faults: 624530
	Voluntary context switches: 12618
	Involuntary context switches: 431
	Swaps: 0
	File system inputs: 0
	File system outputs: 24
	Socket messages sent: 0
	Socket messages received: 0
	Signals delivered: 0
	Page size (bytes): 4096
	Exit status: 0
