[info] total indices 175
[info] total variants 175
3.001 was filtered out as 99270538 T>C needs C but not covered
3.012 was filtered out as 99270538 T>C needs C but not covered
3.013 was filtered out as 99270538 T>C needs C but not covered
3.014 was filtered out as 99270538 T>C needs C but not covered
3.015 was filtered out as 99270538 T>C needs C but not covered
3.016 was filtered out as 99270538 T>C needs C but not covered
3.002 was filtered out as 99270538 T>C needs C but not covered
3.003 was filtered out as 99270538 T>C needs C but not covered
3.004 was filtered out as 99270538 T>C needs C but not covered
3.005 was filtered out as 99270538 T>C needs C but not covered
3.006 was filtered out as 99270538 T>C needs C but not covered
3.007 was filtered out as 99270538 T>C needs C but not covered
3.008 was filtered out as 99270538 T>C needs C but not covered
3.009 was filtered out as 99270538 T>C needs C but not covered
3.010 was filtered out as 99270538 T>C needs C but not covered
3.017 was filtered out as 99270538 T>C needs C but not covered
6.001 was filtered out as 99262834 C>T needs T but not covered
8.001 was filtered out as 99273820 G>A needs A but not covered
9.001 was filtered out as 99258138 C>T needs T but not covered
[filter] CYP3A5 1 => 1.001; 1.002; 1.003; 1.004; 1.005
[filter] CYP3A5 7 => 7.001
[filter] valid_alleles=6
Step 0: Loss=0.1012, CN=[2.0999167]
Step 100: Loss=0.0375, CN=[2.3861446]
Step 200: Loss=0.0375, CN=[2.3853683]
Step 300: Loss=0.0375, CN=[2.3853667]
Step 400: Loss=0.0375, CN=[2.3853667]

=== Fit ===
Region 0: obs=2.436, exp=2.385, diff=+0.050 
Region 1: obs=2.125, exp=2.385, diff=-0.261 
Region 2: obs=2.168, exp=2.385, diff=-0.217 
Region 3: obs=2.309, exp=2.385, diff=-0.077 
Region 4: obs=2.590, exp=2.385, diff=+0.205 
Region 5: obs=2.059, exp=2.385, diff=-0.326 
Region 6: obs=2.189, exp=2.385, diff=-0.196 
Region 7: obs=2.692, exp=2.385, diff=+0.307 
Region 8: obs=2.045, exp=2.385, diff=-0.341 
Region 9: obs=2.443, exp=2.385, diff=+0.057 
Region 10: obs=2.611, exp=2.385, diff=+0.225 
Region 11: obs=2.445, exp=2.385, diff=+0.060 
Region 12: obs=2.163, exp=2.385, diff=-0.222 
Region 13: obs=2.369, exp=2.385, diff=-0.016 
Region 14: obs=2.258, exp=2.385, diff=-0.128 
Region 15: obs=2.942, exp=2.385, diff=+0.556 *
Region 16: obs=2.848, exp=2.385, diff=+0.463 
Region 17: obs=2.245, exp=2.385, diff=-0.141 
Region 18: obs=1.895, exp=2.385, diff=-0.490 
Region 19: obs=2.368, exp=2.385, diff=-0.018 
Region 20: obs=2.243, exp=2.385, diff=-0.142 
Region 21: obs=2.331, exp=2.385, diff=-0.054 
Region 22: obs=2.528, exp=2.385, diff=+0.143 
Region 23: obs=2.400, exp=2.385, diff=+0.015 
Region 24: obs=1.978, exp=2.385, diff=-0.407 
Region 25: obs=2.415, exp=2.385, diff=+0.029 
Region 26: obs=2.943, exp=2.385, diff=+0.558 *
Region 27: obs=2.866, exp=2.385, diff=+0.481 
Region 28: obs=2.387, exp=2.385, diff=+0.001 

[Gene CN Results]
  CYP3A5: 2.39 → 2.385366678237915
Using device: cuda

CYP3A5*1.001:

CYP3A5*1.002:

CYP3A5*1.003:

CYP3A5*1.004:

CYP3A5*1.005:

CYP3A5*7.001:

=== Running VAE with seed 789 ===
Global Pooled JS: 0.070651
functional kld weight 0.0
Seed 789, Step    0: Loss = 107.34 (Recon: 87.13, Allele KL: 2.16, Base KL: 101.70, Functional KL: 0.07
Global Pooled JS: 0.003154
functional kld weight 27.77777777777777
Seed 789, Step  500: Loss = 58.40 (Recon: 32.02, Allele KL: 9.52, Base KL: 2865.97, Functional KL: 0.00
Global Pooled JS: 0.006672
functional kld weight 222.22222222222217
Seed 789, Step 1000: Loss = 58.04 (Recon: 25.81, Allele KL: 14.50, Base KL: 3032.56, Functional KL: 0.01
Global Pooled JS: 0.009345
functional kld weight 750.0
Seed 789, Step 1500: Loss = 65.70 (Recon: 25.90, Allele KL: 15.90, Base KL: 3470.31, Functional KL: 0.01
Global Pooled JS: 0.007424
functional kld weight 1777.7777777777774
Seed 789, Step 2000: Loss = 69.73 (Recon: 26.69, Allele KL: 12.22, Base KL: 4309.45, Functional KL: 0.01
Global Pooled JS: 0.001028
functional kld weight 3472.222222222223
Seed 789, Step 2500: Loss = 58.41 (Recon: 25.38, Allele KL: 10.83, Base KL: 5432.30, Functional KL: 0.00

Top Variants with Coverage Mismatches:
Rank   Variant                        Expected     Observed     Diff       |Div|       
------------------------------------------------------------------------------------------
1      CYP3A5:99250392→P              13.53        18.00        -4.47      0.000314    
2      CYP3A5:99250392→M              0.02         0.00         0.02       0.000130    
3      CYP3A5:99250392→G              0.02         0.00         0.02       0.000130    
4      CYP3A5:99250392→N              0.02         0.00         0.02       0.000129    
5      CYP3A5:99250392→A              0.02         0.00         0.02       0.000128    
6      CYP3A5:99250392→C              0.02         0.00         0.02       0.000128    
7      CYP3A5:99250392→T              39.37        46.00        -6.63      0.000099    
New best model with final loss: 63.72

=== Multi-Seed VAE Results ===
Best model had seed 789 with final loss: 63.72
All seeds final losses:
  Seed 789: Total=63.72 (Recon=27.26, A_KL=12.08, B_KL=6565.84) <- Best

[Raw]:
CYP3A5*1: Normalized=0.7423, Unnormalized=0.74
CYP3A5*7: Normalized=0.2577, Unnormalized=0.26

[Alleles]
CYP3A5*1
CYP3A5*7
	Command being timed: "python cyp.py CYP3A5 /project/shared/aldy-data/wgs/NA18509.wgs.cram 789"
	User time (seconds): 52.88
	System time (seconds): 10.61
	Percent of CPU this job got: 99%
	Elapsed (wall clock) time (h:mm:ss or m:ss): 1:04.10
	Average shared text size (kbytes): 0
	Average unshared data size (kbytes): 0
	Average stack size (kbytes): 0
	Average total size (kbytes): 0
	Maximum resident set size (kbytes): 1878420
	Average resident set size (kbytes): 0
	Major (requiring I/O) page faults: 0
	Minor (reclaiming a frame) page faults: 634827
	Voluntary context switches: 9931
	Involuntary context switches: 205
	Swaps: 0
	File system inputs: 0
	File system outputs: 24
	Socket messages sent: 0
	Socket messages received: 0
	Signals delivered: 0
	Page size (bytes): 4096
	Exit status: 0
