[info] total indices 175
[info] total variants 175
3.001 was filtered out as 99270538 T>C needs C but not covered
3.012 was filtered out as 99270538 T>C needs C but not covered
3.013 was filtered out as 99270538 T>C needs C but not covered
3.014 was filtered out as 99270538 T>C needs C but not covered
3.015 was filtered out as 99270538 T>C needs C but not covered
3.016 was filtered out as 99270538 T>C needs C but not covered
3.002 was filtered out as 99270538 T>C needs C but not covered
3.003 was filtered out as 99270538 T>C needs C but not covered
3.004 was filtered out as 99270538 T>C needs C but not covered
3.005 was filtered out as 99270538 T>C needs C but not covered
3.006 was filtered out as 99270538 T>C needs C but not covered
3.007 was filtered out as 99270538 T>C needs C but not covered
3.008 was filtered out as 99270538 T>C needs C but not covered
3.009 was filtered out as 99270538 T>C needs C but not covered
3.010 was filtered out as 99270538 T>C needs C but not covered
3.017 was filtered out as 99270538 T>C needs C but not covered
7.001 was filtered out as 99250392 insA needs P but not covered
8.001 was filtered out as 99273820 G>A needs A but not covered
9.001 was filtered out as 99258138 C>T needs T but not covered
[filter] CYP3A5 1 => 1.001; 1.002; 1.003; 1.004; 1.005
[filter] CYP3A5 6 => 6.001
[filter] valid_alleles=6
Step 0: Loss=0.1289, CN=[2.0999167]
Step 100: Loss=0.0445, CN=[2.4495103]
Step 200: Loss=0.0445, CN=[2.4503224]
Step 300: Loss=0.0445, CN=[2.4503293]
Step 400: Loss=0.0445, CN=[2.4503293]

=== Fit ===
Region 0: obs=2.575, exp=2.450, diff=+0.124 
Region 1: obs=2.845, exp=2.450, diff=+0.394 
Region 2: obs=2.160, exp=2.450, diff=-0.290 
Region 3: obs=2.526, exp=2.450, diff=+0.076 
Region 4: obs=2.584, exp=2.450, diff=+0.133 
Region 5: obs=2.071, exp=2.450, diff=-0.379 
Region 6: obs=2.948, exp=2.450, diff=+0.497 
Region 7: obs=2.387, exp=2.450, diff=-0.063 
Region 8: obs=1.821, exp=2.450, diff=-0.629 *
Region 9: obs=2.651, exp=2.450, diff=+0.201 
Region 10: obs=3.056, exp=2.450, diff=+0.606 *
Region 11: obs=2.812, exp=2.450, diff=+0.361 
Region 12: obs=2.650, exp=2.450, diff=+0.199 
Region 13: obs=2.495, exp=2.450, diff=+0.045 
Region 14: obs=2.312, exp=2.450, diff=-0.138 
Region 15: obs=2.601, exp=2.450, diff=+0.151 
Region 16: obs=2.049, exp=2.450, diff=-0.402 
Region 17: obs=2.665, exp=2.450, diff=+0.215 
Region 18: obs=2.276, exp=2.450, diff=-0.175 
Region 19: obs=2.848, exp=2.450, diff=+0.397 
Region 20: obs=1.895, exp=2.450, diff=-0.555 *
Region 21: obs=2.390, exp=2.450, diff=-0.061 
Region 22: obs=2.172, exp=2.450, diff=-0.279 
Region 23: obs=2.583, exp=2.450, diff=+0.133 
Region 24: obs=2.213, exp=2.450, diff=-0.237 
Region 25: obs=2.437, exp=2.450, diff=-0.014 
Region 26: obs=2.296, exp=2.450, diff=-0.155 
Region 27: obs=2.257, exp=2.450, diff=-0.193 
Region 28: obs=2.407, exp=2.450, diff=-0.043 

[Gene CN Results]
  CYP3A5: 2.45 → 2.450329542160034
Using device: cuda

CYP3A5*1.001:

CYP3A5*1.002:

CYP3A5*1.003:

CYP3A5*1.004:

CYP3A5*1.005:

CYP3A5*6.001:

=== Running VAE with seed 789 ===
Global Pooled JS: 0.193477
functional kld weight 0.0
Seed 789, Step    0: Loss = 112.01 (Recon: 92.85, Allele KL: 1.08, Base KL: 77.59, Functional KL: 0.19
Global Pooled JS: 0.011910
functional kld weight 27.77777777777777
Seed 789, Step  500: Loss = 56.69 (Recon: 24.45, Allele KL: 15.59, Base KL: 2845.13, Functional KL: 0.01
Global Pooled JS: 0.007065
functional kld weight 222.22222222222217
Seed 789, Step 1000: Loss = 54.48 (Recon: 27.13, Allele KL: 8.84, Base KL: 3193.97, Functional KL: 0.01
Global Pooled JS: 0.012355
functional kld weight 750.0
Seed 789, Step 1500: Loss = 63.85 (Recon: 24.84, Allele KL: 12.48, Base KL: 4076.76, Functional KL: 0.01
Global Pooled JS: 0.008005
functional kld weight 1777.7777777777774
Seed 789, Step 2000: Loss = 68.49 (Recon: 25.30, Allele KL: 10.36, Base KL: 5394.49, Functional KL: 0.01
Global Pooled JS: 0.002345
functional kld weight 3472.222222222223
Seed 789, Step 2500: Loss = 63.82 (Recon: 25.16, Allele KL: 10.03, Base KL: 7121.92, Functional KL: 0.00

Top Variants with Coverage Mismatches:
Rank   Variant                        Expected     Observed     Diff       |Div|       
------------------------------------------------------------------------------------------
1      CYP3A5:99262834→C              20.14        17.00        3.14       0.000698    
2      CYP3A5:99262834→T              22.15        23.00        -0.85      0.000629    
3      CYP3A5:99262834→P              0.02         0.00         0.02       0.000171    
4      CYP3A5:99262834→M              0.02         0.00         0.02       0.000169    
5      CYP3A5:99262834→N              0.02         0.00         0.02       0.000168    
6      CYP3A5:99262834→G              0.02         0.00         0.02       0.000165    
7      CYP3A5:99262834→A              0.02         0.00         0.02       0.000165    
New best model with final loss: 69.58

=== Multi-Seed VAE Results ===
Best model had seed 789 with final loss: 69.58
All seeds final losses:
  Seed 789: Total=69.58 (Recon=27.00, A_KL=10.74, B_KL=8902.25) <- Best

[Raw]:
CYP3A5*6: Normalized=0.5256, Unnormalized=0.53
CYP3A5*1: Normalized=0.4744, Unnormalized=0.47

[Alleles]
CYP3A5*6
CYP3A5*1
	Command being timed: "python cyp.py CYP3A5 /project/shared/aldy-data/wgs/NA18519.wgs.cram 789"
	User time (seconds): 51.76
	System time (seconds): 10.23
	Percent of CPU this job got: 99%
	Elapsed (wall clock) time (h:mm:ss or m:ss): 1:02.29
	Average shared text size (kbytes): 0
	Average unshared data size (kbytes): 0
	Average stack size (kbytes): 0
	Average total size (kbytes): 0
	Maximum resident set size (kbytes): 1889860
	Average resident set size (kbytes): 0
	Major (requiring I/O) page faults: 0
	Minor (reclaiming a frame) page faults: 496728
	Voluntary context switches: 9385
	Involuntary context switches: 103
	Swaps: 0
	File system inputs: 0
	File system outputs: 24
	Socket messages sent: 0
	Socket messages received: 0
	Signals delivered: 0
	Page size (bytes): 4096
	Exit status: 0
