[info] total indices 175
[info] total variants 175
3.001 was filtered out as 99270538 T>C needs C but not covered
3.012 was filtered out as 99270538 T>C needs C but not covered
3.013 was filtered out as 99270538 T>C needs C but not covered
3.014 was filtered out as 99270538 T>C needs C but not covered
3.015 was filtered out as 99270538 T>C needs C but not covered
3.016 was filtered out as 99270538 T>C needs C but not covered
3.002 was filtered out as 99270538 T>C needs C but not covered
3.003 was filtered out as 99270538 T>C needs C but not covered
3.004 was filtered out as 99270538 T>C needs C but not covered
3.005 was filtered out as 99270538 T>C needs C but not covered
3.006 was filtered out as 99270538 T>C needs C but not covered
3.007 was filtered out as 99270538 T>C needs C but not covered
3.008 was filtered out as 99270538 T>C needs C but not covered
3.009 was filtered out as 99270538 T>C needs C but not covered
3.010 was filtered out as 99270538 T>C needs C but not covered
3.017 was filtered out as 99270538 T>C needs C but not covered
6.001 was filtered out as 99262834 C>T needs T but not covered
8.001 was filtered out as 99273820 G>A needs A but not covered
9.001 was filtered out as 99258138 C>T needs T but not covered
[filter] CYP3A5 1 => 1.001; 1.002; 1.003; 1.004; 1.005
[filter] CYP3A5 7 => 7.001
[filter] valid_alleles=6
Step 0: Loss=0.2490, CN=[2.0999167]
Step 100: Loss=0.0415, CN=[2.7386346]
Step 200: Loss=0.0415, CN=[2.7357633]
Step 300: Loss=0.0415, CN=[2.735781]
Step 400: Loss=0.0415, CN=[2.7357807]

=== Fit ===
Region 0: obs=2.733, exp=2.736, diff=-0.003 
Region 1: obs=2.753, exp=2.736, diff=+0.018 
Region 2: obs=1.919, exp=2.736, diff=-0.817 *
Region 3: obs=2.575, exp=2.736, diff=-0.160 
Region 4: obs=2.629, exp=2.736, diff=-0.107 
Region 5: obs=2.145, exp=2.736, diff=-0.591 *
Region 6: obs=2.608, exp=2.736, diff=-0.128 
Region 7: obs=2.769, exp=2.736, diff=+0.033 
Region 8: obs=3.074, exp=2.736, diff=+0.338 
Region 9: obs=2.842, exp=2.736, diff=+0.106 
Region 10: obs=3.529, exp=2.736, diff=+0.793 *
Region 11: obs=2.758, exp=2.736, diff=+0.022 
Region 12: obs=3.137, exp=2.736, diff=+0.401 
Region 13: obs=2.629, exp=2.736, diff=-0.107 
Region 14: obs=2.759, exp=2.736, diff=+0.023 
Region 15: obs=2.808, exp=2.736, diff=+0.072 
Region 16: obs=2.933, exp=2.736, diff=+0.197 
Region 17: obs=2.810, exp=2.736, diff=+0.074 
Region 18: obs=2.519, exp=2.736, diff=-0.217 
Region 19: obs=2.594, exp=2.736, diff=-0.142 
Region 20: obs=3.050, exp=2.736, diff=+0.314 
Region 21: obs=2.774, exp=2.736, diff=+0.038 
Region 22: obs=3.203, exp=2.736, diff=+0.467 
Region 23: obs=2.767, exp=2.736, diff=+0.031 
Region 24: obs=2.477, exp=2.736, diff=-0.259 
Region 25: obs=2.457, exp=2.736, diff=-0.278 
Region 26: obs=2.680, exp=2.736, diff=-0.055 
Region 27: obs=2.614, exp=2.736, diff=-0.122 
Region 28: obs=2.676, exp=2.736, diff=-0.060 

[Gene CN Results]
  CYP3A5: 2.74 → 2.735780715942383
Using device: cuda

CYP3A5*1.001:

CYP3A5*1.002:

CYP3A5*1.003:

CYP3A5*1.004:

CYP3A5*1.005:

CYP3A5*7.001:

=== Running VAE with seed 789 ===
Global Pooled JS: 0.066957
functional kld weight 0.0
Seed 789, Step    0: Loss = 155.05 (Recon: 135.72, Allele KL: 1.22, Base KL: 83.76, Functional KL: 0.07
Global Pooled JS: 0.004211
functional kld weight 27.77777777777777
Seed 789, Step  500: Loss = 58.90 (Recon: 33.38, Allele KL: 8.45, Base KL: 2680.01, Functional KL: 0.00
Global Pooled JS: 0.004712
functional kld weight 222.22222222222217
Seed 789, Step 1000: Loss = 58.86 (Recon: 33.86, Allele KL: 6.80, Base KL: 2900.39, Functional KL: 0.00
Global Pooled JS: 0.009401
functional kld weight 750.0
Seed 789, Step 1500: Loss = 66.30 (Recon: 33.74, Allele KL: 8.09, Base KL: 3369.37, Functional KL: 0.01
Global Pooled JS: 0.011277
functional kld weight 1777.7777777777774
Seed 789, Step 2000: Loss = 80.10 (Recon: 34.03, Allele KL: 8.19, Base KL: 4117.33, Functional KL: 0.01
Global Pooled JS: 0.001223
functional kld weight 3472.222222222223
Seed 789, Step 2500: Loss = 61.86 (Recon: 31.95, Allele KL: 6.46, Base KL: 5335.55, Functional KL: 0.00

Top Variants with Coverage Mismatches:
Rank   Variant                        Expected     Observed     Diff       |Div|       
------------------------------------------------------------------------------------------
1      CYP3A5:99250392→P              13.50        22.00        -8.50      0.000277    
2      CYP3A5:99250392→G              0.02         0.00         0.02       0.000132    
3      CYP3A5:99250392→M              0.02         0.00         0.02       0.000131    
4      CYP3A5:99250392→N              0.02         0.00         0.02       0.000129    
5      CYP3A5:99250392→C              0.02         0.00         0.02       0.000128    
6      CYP3A5:99250392→A              0.02         0.00         0.02       0.000128    
7      CYP3A5:99250392→T              36.01        52.00        -15.99     0.000095    
New best model with final loss: 70.47

=== Multi-Seed VAE Results ===
Best model had seed 789 with final loss: 70.47
All seeds final losses:
  Seed 789: Total=70.47 (Recon=32.92, A_KL=9.25, B_KL=6640.29) <- Best

[Raw]:
CYP3A5*1: Normalized=0.7254, Unnormalized=0.73
CYP3A5*7: Normalized=0.2746, Unnormalized=0.27

[Alleles]
CYP3A5*1
CYP3A5*7
	Command being timed: "python cyp.py CYP3A5 /project/shared/aldy-data/wgs/NA18484.wgs.cram 789"
	User time (seconds): 51.81
	System time (seconds): 10.34
	Percent of CPU this job got: 98%
	Elapsed (wall clock) time (h:mm:ss or m:ss): 1:03.15
	Average shared text size (kbytes): 0
	Average unshared data size (kbytes): 0
	Average stack size (kbytes): 0
	Average total size (kbytes): 0
	Maximum resident set size (kbytes): 1874172
	Average resident set size (kbytes): 0
	Major (requiring I/O) page faults: 0
	Minor (reclaiming a frame) page faults: 593065
	Voluntary context switches: 10026
	Involuntary context switches: 127
	Swaps: 0
	File system inputs: 0
	File system outputs: 24
	Socket messages sent: 0
	Socket messages received: 0
	Signals delivered: 0
	Page size (bytes): 4096
	Exit status: 0
