[info] total indices 175
[info] total variants 175
3.002 was filtered out as 99273814 G>A needs A but not covered
3.003 was filtered out as 99270275 A>C needs C but not covered
3.004 was filtered out as 99245973 A>G needs G but not covered
3.005 was filtered out as 99264572 A>G needs G but not covered
3.006 was filtered out as 99247742 T>C needs C but not covered
3.007 was filtered out as 99247771 A>G needs G but not covered
3.008 was filtered out as 99273744 T>C needs C but not covered
3.009 was filtered out as 99262859 T>C needs C but not covered
3.010 was filtered out as 99250235 G>T needs T but not covered
3.017 was filtered out as 99262850 A>C needs C but not covered
6.001 was filtered out as 99262834 C>T needs T but not covered
7.001 was filtered out as 99250392 insA needs P but not covered
8.001 was filtered out as 99273820 G>A needs A but not covered
9.001 was filtered out as 99258138 C>T needs T but not covered
[filter] CYP3A5 1 => 1.001; 1.002; 1.003; 1.004; 1.005
[filter] CYP3A5 3 => 3.001; 3.012; 3.013; 3.014; 3.015; 3.016
[filter] valid_alleles=11
Step 0: Loss=0.5870, CN=[2.0999167]
Step 100: Loss=0.0719, CN=[3.4372237]
Step 200: Loss=0.0719, CN=[3.4349105]
Step 300: Loss=0.0719, CN=[3.4349203]
Step 400: Loss=0.0719, CN=[3.4349203]

=== Fit ===
Region 0: obs=3.650, exp=3.435, diff=+0.215 
Region 1: obs=3.124, exp=3.435, diff=-0.311 
Region 2: obs=2.514, exp=3.435, diff=-0.921 *
Region 3: obs=3.477, exp=3.435, diff=+0.042 
Region 4: obs=2.595, exp=3.435, diff=-0.840 *
Region 5: obs=3.085, exp=3.435, diff=-0.350 
Region 6: obs=3.531, exp=3.435, diff=+0.096 
Region 7: obs=3.521, exp=3.435, diff=+0.086 
Region 8: obs=3.120, exp=3.435, diff=-0.315 
Region 9: obs=3.782, exp=3.435, diff=+0.347 
Region 10: obs=3.531, exp=3.435, diff=+0.096 
Region 11: obs=3.389, exp=3.435, diff=-0.045 
Region 12: obs=3.280, exp=3.435, diff=-0.155 
Region 13: obs=3.617, exp=3.435, diff=+0.182 
Region 14: obs=4.027, exp=3.435, diff=+0.592 *
Region 15: obs=4.177, exp=3.435, diff=+0.742 *
Region 16: obs=4.182, exp=3.435, diff=+0.747 *
Region 17: obs=3.187, exp=3.435, diff=-0.248 
Region 18: obs=2.797, exp=3.435, diff=-0.638 *
Region 19: obs=3.434, exp=3.435, diff=-0.001 
Region 20: obs=3.299, exp=3.435, diff=-0.136 
Region 21: obs=3.547, exp=3.435, diff=+0.112 
Region 22: obs=3.172, exp=3.435, diff=-0.263 
Region 23: obs=3.534, exp=3.435, diff=+0.099 
Region 24: obs=3.518, exp=3.435, diff=+0.083 
Region 25: obs=3.662, exp=3.435, diff=+0.227 
Region 26: obs=3.693, exp=3.435, diff=+0.258 
Region 27: obs=3.023, exp=3.435, diff=-0.412 
Region 28: obs=3.827, exp=3.435, diff=+0.392 

[Gene CN Results]
  CYP3A5: 3.43 → 3.434920310974121
Using device: cuda

CYP3A5*1.001:

CYP3A5*1.002:

CYP3A5*1.003:

CYP3A5*1.004:

CYP3A5*1.005:

CYP3A5*3.001:

CYP3A5*3.012:

CYP3A5*3.013:

CYP3A5*3.014:

CYP3A5*3.015:

CYP3A5*3.016:

=== Running VAE with seed 789 ===
Global Pooled JS: 0.040845
functional kld weight 0.0
Seed 789, Step    0: Loss = 206.04 (Recon: 163.72, Allele KL: 14.59, Base KL: 869.05, Functional KL: 0.04
Global Pooled JS: 0.015168
functional kld weight 27.77777777777777
Seed 789, Step  500: Loss = 107.77 (Recon: 66.79, Allele KL: 12.71, Base KL: 4443.82, Functional KL: 0.02
Global Pooled JS: 0.011533
functional kld weight 222.22222222222217
Seed 789, Step 1000: Loss = 109.35 (Recon: 59.79, Allele KL: 19.51, Base KL: 4604.05, Functional KL: 0.01
Global Pooled JS: 0.006298
functional kld weight 750.0
Seed 789, Step 1500: Loss = 120.93 (Recon: 65.67, Allele KL: 22.42, Base KL: 5231.34, Functional KL: 0.01
Global Pooled JS: 0.005603
functional kld weight 1777.7777777777774
Seed 789, Step 2000: Loss = 126.56 (Recon: 69.27, Allele KL: 17.73, Base KL: 6534.02, Functional KL: 0.01
Global Pooled JS: 0.002584
functional kld weight 3472.222222222223
Seed 789, Step 2500: Loss = 126.06 (Recon: 67.21, Allele KL: 18.73, Base KL: 8046.13, Functional KL: 0.00

Top Variants with Coverage Mismatches:
Rank   Variant                        Expected     Observed     Diff       |Div|       
------------------------------------------------------------------------------------------
1      CYP3A5:99270538→C              24.39        20.00        4.39       0.000627    
2      CYP3A5:99270538→T              32.33        22.00        10.33      0.000452    
3      CYP3A5:99270538→P              0.04         0.00         0.04       0.000223    
4      CYP3A5:99270538→G              0.04         0.00         0.04       0.000221    
5      CYP3A5:99270538→M              0.04         0.00         0.04       0.000219    
6      CYP3A5:99270538→N              0.04         0.00         0.04       0.000218    
7      CYP3A5:99270538→A              0.03         0.00         0.03       0.000213    
New best model with final loss: 125.80

=== Multi-Seed VAE Results ===
Best model had seed 789 with final loss: 125.80
All seeds final losses:
  Seed 789: Total=125.80 (Recon=60.46, A_KL=20.57, B_KL=9940.98) <- Best

[Raw]:
CYP3A5*1: Normalized=0.5675, Unnormalized=0.57
CYP3A5*3: Normalized=0.4325, Unnormalized=0.43

[Alleles]
CYP3A5*1
CYP3A5*3
	Command being timed: "python cyp.py CYP3A5 /project/shared/aldy-data/wgs/NA18540.wgs.cram 789"
	User time (seconds): 52.75
	System time (seconds): 11.50
	Percent of CPU this job got: 99%
	Elapsed (wall clock) time (h:mm:ss or m:ss): 1:04.80
	Average shared text size (kbytes): 0
	Average unshared data size (kbytes): 0
	Average stack size (kbytes): 0
	Average total size (kbytes): 0
	Maximum resident set size (kbytes): 1917484
	Average resident set size (kbytes): 0
	Major (requiring I/O) page faults: 0
	Minor (reclaiming a frame) page faults: 752903
	Voluntary context switches: 9833
	Involuntary context switches: 959
	Swaps: 0
	File system inputs: 0
	File system outputs: 24
	Socket messages sent: 0
	Socket messages received: 0
	Signals delivered: 0
	Page size (bytes): 4096
	Exit status: 0
