[info] total indices 175
[info] total variants 175
3.002 was filtered out as 99273814 G>A needs A but not covered
3.003 was filtered out as 99270275 A>C needs C but not covered
3.004 was filtered out as 99245973 A>G needs G but not covered
3.005 was filtered out as 99264572 A>G needs G but not covered
3.006 was filtered out as 99247742 T>C needs C but not covered
3.007 was filtered out as 99247771 A>G needs G but not covered
3.008 was filtered out as 99273744 T>C needs C but not covered
3.009 was filtered out as 99262859 T>C needs C but not covered
3.010 was filtered out as 99250235 G>T needs T but not covered
3.017 was filtered out as 99262850 A>C needs C but not covered
6.001 was filtered out as 99262834 C>T needs T but not covered
7.001 was filtered out as 99250392 insA needs P but not covered
8.001 was filtered out as 99273820 G>A needs A but not covered
9.001 was filtered out as 99258138 C>T needs T but not covered
[filter] CYP3A5 1 => 1.001; 1.002; 1.003; 1.004; 1.005
[filter] CYP3A5 3 => 3.001; 3.012; 3.013; 3.014; 3.015; 3.016
[filter] valid_alleles=11
Step 0: Loss=0.0888, CN=[2.0999167]
Step 100: Loss=0.0420, CN=[2.3342993]
Step 200: Loss=0.0420, CN=[2.333283]
Step 300: Loss=0.0420, CN=[2.3332865]
Step 400: Loss=0.0420, CN=[2.3332868]

=== Fit ===
Region 0: obs=2.355, exp=2.333, diff=+0.022 
Region 1: obs=1.821, exp=2.333, diff=-0.512 *
Region 2: obs=1.662, exp=2.333, diff=-0.672 *
Region 3: obs=2.424, exp=2.333, diff=+0.091 
Region 4: obs=2.427, exp=2.333, diff=+0.094 
Region 5: obs=2.089, exp=2.333, diff=-0.244 
Region 6: obs=2.347, exp=2.333, diff=+0.014 
Region 7: obs=2.124, exp=2.333, diff=-0.210 
Region 8: obs=2.158, exp=2.333, diff=-0.175 
Region 9: obs=2.288, exp=2.333, diff=-0.045 
Region 10: obs=2.768, exp=2.333, diff=+0.435 
Region 11: obs=2.545, exp=2.333, diff=+0.211 
Region 12: obs=1.733, exp=2.333, diff=-0.601 *
Region 13: obs=2.463, exp=2.333, diff=+0.130 
Region 14: obs=2.843, exp=2.333, diff=+0.510 *
Region 15: obs=2.941, exp=2.333, diff=+0.608 *
Region 16: obs=2.749, exp=2.333, diff=+0.415 
Region 17: obs=2.511, exp=2.333, diff=+0.178 
Region 18: obs=2.043, exp=2.333, diff=-0.291 
Region 19: obs=2.459, exp=2.333, diff=+0.126 
Region 20: obs=2.478, exp=2.333, diff=+0.144 
Region 21: obs=2.374, exp=2.333, diff=+0.040 
Region 22: obs=2.252, exp=2.333, diff=-0.081 
Region 23: obs=2.266, exp=2.333, diff=-0.067 
Region 24: obs=2.167, exp=2.333, diff=-0.167 
Region 25: obs=2.331, exp=2.333, diff=-0.003 
Region 26: obs=2.380, exp=2.333, diff=+0.047 
Region 27: obs=2.255, exp=2.333, diff=-0.078 
Region 28: obs=2.246, exp=2.333, diff=-0.087 

[Gene CN Results]
  CYP3A5: 2.33 → 2.333286762237549
Using device: cuda

CYP3A5*1.001:

CYP3A5*1.002:

CYP3A5*1.003:

CYP3A5*1.004:

CYP3A5*1.005:

CYP3A5*3.001:

CYP3A5*3.012:

CYP3A5*3.013:

CYP3A5*3.014:

CYP3A5*3.015:

CYP3A5*3.016:

=== Running VAE with seed 789 ===
Global Pooled JS: 0.018137
functional kld weight 0.0
Seed 789, Step    0: Loss = 144.21 (Recon: 105.75, Allele KL: 11.11, Base KL: 691.48, Functional KL: 0.02
Global Pooled JS: 0.018264
functional kld weight 27.77777777777777
Seed 789, Step  500: Loss = 104.56 (Recon: 54.95, Allele KL: 22.90, Base KL: 3298.65, Functional KL: 0.02
Global Pooled JS: 0.006825
functional kld weight 222.22222222222217
Seed 789, Step 1000: Loss = 99.74 (Recon: 61.57, Allele KL: 9.11, Base KL: 3705.74, Functional KL: 0.01
Global Pooled JS: 0.011911
functional kld weight 750.0
Seed 789, Step 1500: Loss = 107.96 (Recon: 55.74, Allele KL: 15.54, Base KL: 4552.89, Functional KL: 0.01
Global Pooled JS: 0.016324
functional kld weight 1777.7777777777774
Seed 789, Step 2000: Loss = 132.04 (Recon: 60.54, Allele KL: 13.37, Base KL: 5747.26, Functional KL: 0.02
Global Pooled JS: 0.003668
functional kld weight 3472.222222222223
Seed 789, Step 2500: Loss = 120.03 (Recon: 61.33, Allele KL: 14.56, Base KL: 7730.41, Functional KL: 0.00

Top Variants with Coverage Mismatches:
Rank   Variant                        Expected     Observed     Diff       |Div|       
------------------------------------------------------------------------------------------
1      CYP3A5:99270538→T              21.19        20.00        1.19       0.000292    
2      CYP3A5:99270538→C              24.95        27.00        -2.05      0.000285    
3      CYP3A5:99270538→P              0.03         0.00         0.03       0.000246    
4      CYP3A5:99270538→G              0.03         0.00         0.03       0.000244    
5      CYP3A5:99270538→M              0.03         0.00         0.03       0.000243    
6      CYP3A5:99270538→N              0.03         0.00         0.03       0.000241    
7      CYP3A5:99270538→A              0.03         0.00         0.03       0.000234    
New best model with final loss: 117.55

=== Multi-Seed VAE Results ===
Best model had seed 789 with final loss: 117.55
All seeds final losses:
  Seed 789: Total=117.55 (Recon=54.89, A_KL=19.69, B_KL=9753.74) <- Best

[Raw]:
CYP3A5*3: Normalized=0.5433, Unnormalized=0.54
CYP3A5*1: Normalized=0.4567, Unnormalized=0.46

[Alleles]
CYP3A5*3
CYP3A5*1
	Command being timed: "python cyp.py CYP3A5 /project/shared/aldy-data/wgs/NA19095.wgs.cram 789"
	User time (seconds): 52.03
	System time (seconds): 10.78
	Percent of CPU this job got: 98%
	Elapsed (wall clock) time (h:mm:ss or m:ss): 1:03.81
	Average shared text size (kbytes): 0
	Average unshared data size (kbytes): 0
	Average stack size (kbytes): 0
	Average total size (kbytes): 0
	Maximum resident set size (kbytes): 1915848
	Average resident set size (kbytes): 0
	Major (requiring I/O) page faults: 0
	Minor (reclaiming a frame) page faults: 637202
	Voluntary context switches: 10045
	Involuntary context switches: 124
	Swaps: 0
	File system inputs: 0
	File system outputs: 24
	Socket messages sent: 0
	Socket messages received: 0
	Signals delivered: 0
	Page size (bytes): 4096
	Exit status: 0
