[info] total indices 175
[info] total variants 175
3.001 was filtered out as 99270538 T>C needs C but not covered
3.012 was filtered out as 99270538 T>C needs C but not covered
3.013 was filtered out as 99270538 T>C needs C but not covered
3.014 was filtered out as 99270538 T>C needs C but not covered
3.015 was filtered out as 99270538 T>C needs C but not covered
3.016 was filtered out as 99270538 T>C needs C but not covered
3.002 was filtered out as 99270538 T>C needs C but not covered
3.003 was filtered out as 99270538 T>C needs C but not covered
3.004 was filtered out as 99270538 T>C needs C but not covered
3.005 was filtered out as 99270538 T>C needs C but not covered
3.006 was filtered out as 99270538 T>C needs C but not covered
3.007 was filtered out as 99270538 T>C needs C but not covered
3.008 was filtered out as 99270538 T>C needs C but not covered
3.009 was filtered out as 99270538 T>C needs C but not covered
3.010 was filtered out as 99270538 T>C needs C but not covered
3.017 was filtered out as 99270538 T>C needs C but not covered
7.001 was filtered out as 99250392 insA needs P but not covered
8.001 was filtered out as 99273820 G>A needs A but not covered
9.001 was filtered out as 99258138 C>T needs T but not covered
[filter] CYP3A5 1 => 1.001; 1.002; 1.003; 1.004; 1.005
[filter] CYP3A5 6 => 6.001
[filter] valid_alleles=6
Step 0: Loss=0.1236, CN=[2.0999167]
Step 100: Loss=0.0563, CN=[2.401655]
Step 200: Loss=0.0563, CN=[2.403406]
Step 300: Loss=0.0563, CN=[2.403397]
Step 400: Loss=0.0563, CN=[2.4033973]

=== Fit ===
Region 0: obs=2.425, exp=2.403, diff=+0.022 
Region 1: obs=2.073, exp=2.403, diff=-0.330 
Region 2: obs=1.808, exp=2.403, diff=-0.596 *
Region 3: obs=2.214, exp=2.403, diff=-0.189 
Region 4: obs=2.057, exp=2.403, diff=-0.346 
Region 5: obs=1.933, exp=2.403, diff=-0.471 
Region 6: obs=2.178, exp=2.403, diff=-0.225 
Region 7: obs=2.294, exp=2.403, diff=-0.110 
Region 8: obs=1.898, exp=2.403, diff=-0.505 *
Region 9: obs=2.335, exp=2.403, diff=-0.068 
Region 10: obs=3.081, exp=2.403, diff=+0.678 *
Region 11: obs=2.453, exp=2.403, diff=+0.049 
Region 12: obs=1.981, exp=2.403, diff=-0.423 
Region 13: obs=2.781, exp=2.403, diff=+0.378 
Region 14: obs=2.317, exp=2.403, diff=-0.086 
Region 15: obs=2.454, exp=2.403, diff=+0.051 
Region 16: obs=3.036, exp=2.403, diff=+0.632 *
Region 17: obs=2.442, exp=2.403, diff=+0.039 
Region 18: obs=1.874, exp=2.403, diff=-0.529 *
Region 19: obs=2.527, exp=2.403, diff=+0.123 
Region 20: obs=2.783, exp=2.403, diff=+0.380 
Region 21: obs=2.447, exp=2.403, diff=+0.044 
Region 22: obs=2.625, exp=2.403, diff=+0.222 
Region 23: obs=2.608, exp=2.403, diff=+0.204 
Region 24: obs=2.637, exp=2.403, diff=+0.234 
Region 25: obs=2.557, exp=2.403, diff=+0.154 
Region 26: obs=2.939, exp=2.403, diff=+0.535 *
Region 27: obs=2.646, exp=2.403, diff=+0.242 
Region 28: obs=2.511, exp=2.403, diff=+0.108 

[Gene CN Results]
  CYP3A5: 2.40 → 2.4033970832824707
Using device: cuda

CYP3A5*1.001:

CYP3A5*1.002:

CYP3A5*1.003:

CYP3A5*1.004:

CYP3A5*1.005:

CYP3A5*6.001:

=== Running VAE with seed 789 ===
Global Pooled JS: 0.118415
functional kld weight 0.0
Seed 789, Step    0: Loss = 110.68 (Recon: 90.87, Allele KL: 1.60, Base KL: 97.87, Functional KL: 0.12
Global Pooled JS: 0.004947
functional kld weight 27.77777777777777
Seed 789, Step  500: Loss = 54.32 (Recon: 25.53, Allele KL: 11.97, Base KL: 2974.17, Functional KL: 0.00
Global Pooled JS: 0.007145
functional kld weight 222.22222222222217
Seed 789, Step 1000: Loss = 54.72 (Recon: 24.05, Allele KL: 12.34, Base KL: 3271.92, Functional KL: 0.01
Global Pooled JS: 0.006983
functional kld weight 750.0
Seed 789, Step 1500: Loss = 58.65 (Recon: 23.03, Allele KL: 13.14, Base KL: 3940.95, Functional KL: 0.01
Global Pooled JS: 0.008520
functional kld weight 1777.7777777777774
Seed 789, Step 2000: Loss = 69.19 (Recon: 23.69, Allele KL: 12.00, Base KL: 5156.25, Functional KL: 0.01
Global Pooled JS: 0.002088
functional kld weight 3472.222222222223
Seed 789, Step 2500: Loss = 61.25 (Recon: 23.07, Allele KL: 11.11, Base KL: 6583.62, Functional KL: 0.00

Top Variants with Coverage Mismatches:
Rank   Variant                        Expected     Observed     Diff       |Div|       
------------------------------------------------------------------------------------------
1      CYP3A5:99262834→T              22.16        21.00        1.16       0.000189    
2      CYP3A5:99262834→P              0.02         0.00         0.02       0.000165    
3      CYP3A5:99262834→M              0.02         0.00         0.02       0.000161    
4      CYP3A5:99262834→N              0.02         0.00         0.02       0.000161    
5      CYP3A5:99262834→G              0.02         0.00         0.02       0.000159    
6      CYP3A5:99262834→A              0.02         0.00         0.02       0.000158    
7      CYP3A5:99262834→C              30.32        26.00        4.32       0.000120    
New best model with final loss: 64.38

=== Multi-Seed VAE Results ===
Best model had seed 789 with final loss: 64.38
All seeds final losses:
  Seed 789: Total=64.38 (Recon=24.88, A_KL=12.45, B_KL=8088.12) <- Best

[Raw]:
CYP3A5*1: Normalized=0.5758, Unnormalized=0.58
CYP3A5*6: Normalized=0.4242, Unnormalized=0.42

[Alleles]
CYP3A5*1
CYP3A5*6
	Command being timed: "python cyp.py CYP3A5 /project/shared/aldy-data/wgs/NA19213.wgs.cram 789"
	User time (seconds): 51.46
	System time (seconds): 10.21
	Percent of CPU this job got: 99%
	Elapsed (wall clock) time (h:mm:ss or m:ss): 1:01.84
	Average shared text size (kbytes): 0
	Average unshared data size (kbytes): 0
	Average stack size (kbytes): 0
	Average total size (kbytes): 0
	Maximum resident set size (kbytes): 1885972
	Average resident set size (kbytes): 0
	Major (requiring I/O) page faults: 0
	Minor (reclaiming a frame) page faults: 639782
	Voluntary context switches: 9432
	Involuntary context switches: 104
	Swaps: 0
	File system inputs: 0
	File system outputs: 24
	Socket messages sent: 0
	Socket messages received: 0
	Signals delivered: 0
	Page size (bytes): 4096
	Exit status: 0
