[info] total indices 175
[info] total variants 175
1.001 was filtered out as 99270538 T>C needs T but not covered
1.002 was filtered out as 99270538 T>C needs T but not covered
1.003 was filtered out as 99270538 T>C needs T but not covered
1.004 was filtered out as 99270538 T>C needs T but not covered
1.005 was filtered out as 99270538 T>C needs T but not covered
3.002 was filtered out as 99273814 G>A needs A but not covered
3.003 was filtered out as 99270275 A>C needs C but not covered
3.004 was filtered out as 99245973 A>G needs G but not covered
3.005 was filtered out as 99264572 A>G needs G but not covered
3.006 was filtered out as 99247742 T>C needs C but not covered
3.007 was filtered out as 99247771 A>G needs G but not covered
3.008 was filtered out as 99273744 T>C needs C but not covered
3.009 was filtered out as 99262859 T>C needs C but not covered
3.010 was filtered out as 99250235 G>T needs T but not covered
3.017 was filtered out as 99262850 A>C needs C but not covered
6.001 was filtered out as 99270538 T>C needs T but not covered
7.001 was filtered out as 99270538 T>C needs T but not covered
8.001 was filtered out as 99270538 T>C needs T but not covered
9.001 was filtered out as 99270538 T>C needs T but not covered
[filter] CYP3A5 3 => 3.001; 3.012; 3.013; 3.014; 3.015; 3.016
[filter] valid_alleles=6
Step 0: Loss=0.0543, CN=[2.0999167]
Step 100: Loss=0.0458, CN=[2.143007]
Step 200: Loss=0.0458, CN=[2.1434543]
Step 300: Loss=0.0458, CN=[2.1434562]
Step 400: Loss=0.0458, CN=[2.1434562]

=== Fit ===
Region 0: obs=2.119, exp=2.143, diff=-0.025 
Region 1: obs=2.115, exp=2.143, diff=-0.028 
Region 2: obs=1.714, exp=2.143, diff=-0.430 
Region 3: obs=2.163, exp=2.143, diff=+0.019 
Region 4: obs=2.374, exp=2.143, diff=+0.230 
Region 5: obs=1.577, exp=2.143, diff=-0.566 *
Region 6: obs=1.558, exp=2.143, diff=-0.586 *
Region 7: obs=1.944, exp=2.143, diff=-0.200 
Region 8: obs=1.711, exp=2.143, diff=-0.432 
Region 9: obs=2.130, exp=2.143, diff=-0.014 
Region 10: obs=1.952, exp=2.143, diff=-0.191 
Region 11: obs=2.483, exp=2.143, diff=+0.339 
Region 12: obs=1.841, exp=2.143, diff=-0.303 
Region 13: obs=2.211, exp=2.143, diff=+0.067 
Region 14: obs=2.209, exp=2.143, diff=+0.065 
Region 15: obs=2.371, exp=2.143, diff=+0.228 
Region 16: obs=2.700, exp=2.143, diff=+0.556 *
Region 17: obs=2.243, exp=2.143, diff=+0.099 
Region 18: obs=1.888, exp=2.143, diff=-0.256 
Region 19: obs=2.097, exp=2.143, diff=-0.047 
Region 20: obs=2.198, exp=2.143, diff=+0.054 
Region 21: obs=2.143, exp=2.143, diff=-0.001 
Region 22: obs=2.037, exp=2.143, diff=-0.106 
Region 23: obs=1.945, exp=2.143, diff=-0.198 
Region 24: obs=2.707, exp=2.143, diff=+0.564 *
Region 25: obs=2.192, exp=2.143, diff=+0.048 
Region 26: obs=2.614, exp=2.143, diff=+0.470 
Region 27: obs=2.644, exp=2.143, diff=+0.501 *
Region 28: obs=2.251, exp=2.143, diff=+0.108 

[Gene CN Results]
  CYP3A5: 2.14 → 2.143456220626831
Using device: cuda

CYP3A5*3.001:

CYP3A5*3.012:

CYP3A5*3.013:

CYP3A5*3.014:

CYP3A5*3.015:

CYP3A5*3.016:

=== Running VAE with seed 456 ===
Global Pooled JS: 0.017558
functional kld weight 0.0
Seed 456, Step    0: Loss = 105.10 (Recon: 71.78, Allele KL: 6.35, Base KL: 173.13, Functional KL: 0.02
Global Pooled JS: 0.009561
functional kld weight 27.77777777777777
Seed 456, Step  500: Loss = 58.45 (Recon: 26.12, Allele KL: 7.43, Base KL: 4770.28, Functional KL: 0.01
Global Pooled JS: 0.006998
functional kld weight 222.22222222222217
Seed 456, Step 1000: Loss = 61.36 (Recon: 24.58, Allele KL: 10.23, Base KL: 5475.14, Functional KL: 0.01
Global Pooled JS: 0.005928
functional kld weight 750.0
Seed 456, Step 1500: Loss = 72.90 (Recon: 33.00, Allele KL: 8.22, Base KL: 6997.18, Functional KL: 0.01
Global Pooled JS: 0.003344
functional kld weight 1777.7777777777774
Seed 456, Step 2000: Loss = 68.63 (Recon: 25.54, Allele KL: 8.56, Base KL: 9074.67, Functional KL: 0.00
Global Pooled JS: 0.002814
functional kld weight 3472.222222222223
Seed 456, Step 2500: Loss = 78.04 (Recon: 28.07, Allele KL: 8.90, Base KL: 11823.83, Functional KL: 0.00

Top Variants with Coverage Mismatches:
Rank   Variant                        Expected     Observed     Diff       |Div|       
------------------------------------------------------------------------------------------
1      CYP3A5:99270538→P              0.03         0.00         0.03       0.000236    
2      CYP3A5:99270538→T              0.03         0.00         0.03       0.000235    
3      CYP3A5:99270538→A              0.03         0.00         0.03       0.000235    
4      CYP3A5:99270538→G              0.03         0.00         0.03       0.000235    
5      CYP3A5:99270538→M              0.03         0.00         0.03       0.000229    
6      CYP3A5:99270538→N              0.03         0.00         0.03       0.000229    
7      CYP3A5:99270538→C              49.80        40.00        9.80       0.000002    
New best model with final loss: 88.38

=== Multi-Seed VAE Results ===
Best model had seed 456 with final loss: 88.38
All seeds final losses:
  Seed 456: Total=88.38 (Recon=28.40, A_KL=12.21, B_KL=14193.29) <- Best

[Raw]:
CYP3A5*3: Normalized=1.0000, Unnormalized=1.00

[Alleles]
CYP3A5*3
CYP3A5*3
	Command being timed: "python cyp.py CYP3A5 /project/shared/aldy-data/wgs/HG00589.wgs.cram 456"
	User time (seconds): 52.26
	System time (seconds): 10.62
	Percent of CPU this job got: 98%
	Elapsed (wall clock) time (h:mm:ss or m:ss): 1:03.58
	Average shared text size (kbytes): 0
	Average unshared data size (kbytes): 0
	Average stack size (kbytes): 0
	Average total size (kbytes): 0
	Maximum resident set size (kbytes): 1885144
	Average resident set size (kbytes): 0
	Major (requiring I/O) page faults: 0
	Minor (reclaiming a frame) page faults: 638823
	Voluntary context switches: 10589
	Involuntary context switches: 112
	Swaps: 0
	File system inputs: 0
	File system outputs: 24
	Socket messages sent: 0
	Socket messages received: 0
	Signals delivered: 0
	Page size (bytes): 4096
	Exit status: 0
