[info] total indices 175
[info] total variants 175
1.001 was filtered out as 99270538 T>C needs T but not covered
1.002 was filtered out as 99270538 T>C needs T but not covered
1.003 was filtered out as 99270538 T>C needs T but not covered
1.004 was filtered out as 99270538 T>C needs T but not covered
1.005 was filtered out as 99270538 T>C needs T but not covered
3.002 was filtered out as 99273814 G>A needs A but not covered
3.003 was filtered out as 99270275 A>C needs C but not covered
3.004 was filtered out as 99245973 A>G needs G but not covered
3.005 was filtered out as 99264572 A>G needs G but not covered
3.006 was filtered out as 99247742 T>C needs C but not covered
3.007 was filtered out as 99247771 A>G needs G but not covered
3.008 was filtered out as 99273744 T>C needs C but not covered
3.009 was filtered out as 99262859 T>C needs C but not covered
3.010 was filtered out as 99250235 G>T needs T but not covered
3.017 was filtered out as 99262850 A>C needs C but not covered
6.001 was filtered out as 99270538 T>C needs T but not covered
7.001 was filtered out as 99270538 T>C needs T but not covered
8.001 was filtered out as 99270538 T>C needs T but not covered
9.001 was filtered out as 99270538 T>C needs T but not covered
[filter] CYP3A5 3 => 3.001; 3.012; 3.013; 3.014; 3.015; 3.016
[filter] valid_alleles=6
Step 0: Loss=0.1009, CN=[2.0999167]
Step 100: Loss=0.0295, CN=[2.3958054]
Step 200: Loss=0.0295, CN=[2.395245]
Step 300: Loss=0.0295, CN=[2.3952477]
Step 400: Loss=0.0295, CN=[2.3952477]

=== Fit ===
Region 0: obs=2.339, exp=2.395, diff=-0.056 
Region 1: obs=2.593, exp=2.395, diff=+0.198 
Region 2: obs=2.400, exp=2.395, diff=+0.005 
Region 3: obs=2.268, exp=2.395, diff=-0.127 
Region 4: obs=2.327, exp=2.395, diff=-0.068 
Region 5: obs=2.086, exp=2.395, diff=-0.309 
Region 6: obs=2.335, exp=2.395, diff=-0.061 
Region 7: obs=2.563, exp=2.395, diff=+0.168 
Region 8: obs=2.608, exp=2.395, diff=+0.213 
Region 9: obs=2.570, exp=2.395, diff=+0.175 
Region 10: obs=2.436, exp=2.395, diff=+0.041 
Region 11: obs=1.935, exp=2.395, diff=-0.461 
Region 12: obs=1.983, exp=2.395, diff=-0.413 
Region 13: obs=2.501, exp=2.395, diff=+0.105 
Region 14: obs=2.453, exp=2.395, diff=+0.057 
Region 15: obs=2.564, exp=2.395, diff=+0.169 
Region 16: obs=2.804, exp=2.395, diff=+0.409 
Region 17: obs=2.202, exp=2.395, diff=-0.193 
Region 18: obs=2.255, exp=2.395, diff=-0.141 
Region 19: obs=2.616, exp=2.395, diff=+0.220 
Region 20: obs=2.155, exp=2.395, diff=-0.240 
Region 21: obs=2.336, exp=2.395, diff=-0.059 
Region 22: obs=2.090, exp=2.395, diff=-0.305 
Region 23: obs=2.395, exp=2.395, diff=-0.001 
Region 24: obs=2.090, exp=2.395, diff=-0.306 
Region 25: obs=2.209, exp=2.395, diff=-0.187 
Region 26: obs=2.780, exp=2.395, diff=+0.385 
Region 27: obs=2.842, exp=2.395, diff=+0.447 
Region 28: obs=2.730, exp=2.395, diff=+0.334 

[Gene CN Results]
  CYP3A5: 2.40 → 2.3952476978302
Using device: cuda

CYP3A5*3.001:

CYP3A5*3.012:

CYP3A5*3.013:

CYP3A5*3.014:

CYP3A5*3.015:

CYP3A5*3.016:

=== Running VAE with seed 456 ===
Global Pooled JS: 0.017605
functional kld weight 0.0
Seed 456, Step    0: Loss = 90.43 (Recon: 58.96, Allele KL: 4.50, Base KL: 142.88, Functional KL: 0.02
Global Pooled JS: 0.009673
functional kld weight 27.77777777777777
Seed 456, Step  500: Loss = 60.07 (Recon: 28.90, Allele KL: 6.47, Base KL: 4299.14, Functional KL: 0.01
Global Pooled JS: 0.007038
functional kld weight 222.22222222222217
Seed 456, Step 1000: Loss = 62.90 (Recon: 26.48, Allele KL: 10.24, Base KL: 4987.35, Functional KL: 0.01
Global Pooled JS: 0.006185
functional kld weight 750.0
Seed 456, Step 1500: Loss = 73.61 (Recon: 34.37, Allele KL: 7.64, Base KL: 6465.78, Functional KL: 0.01
Global Pooled JS: 0.003341
functional kld weight 1777.7777777777774
Seed 456, Step 2000: Loss = 69.81 (Recon: 27.08, Allele KL: 8.68, Base KL: 8520.38, Functional KL: 0.00
Global Pooled JS: 0.003007
functional kld weight 3472.222222222223
Seed 456, Step 2500: Loss = 79.89 (Recon: 30.12, Allele KL: 8.34, Base KL: 11298.78, Functional KL: 0.00

Top Variants with Coverage Mismatches:
Rank   Variant                        Expected     Observed     Diff       |Div|       
------------------------------------------------------------------------------------------
1      CYP3A5:99270538→P              0.03         0.00         0.03       0.000237    
2      CYP3A5:99270538→A              0.03         0.00         0.03       0.000237    
3      CYP3A5:99270538→T              0.03         0.00         0.03       0.000237    
4      CYP3A5:99270538→G              0.03         0.00         0.03       0.000237    
5      CYP3A5:99270538→M              0.03         0.00         0.03       0.000231    
6      CYP3A5:99270538→N              0.03         0.00         0.03       0.000230    
7      CYP3A5:99270538→C              41.66        40.00        1.66       0.000002    
New best model with final loss: 89.33

=== Multi-Seed VAE Results ===
Best model had seed 456 with final loss: 89.33
All seeds final losses:
  Seed 456: Total=89.33 (Recon=29.23, A_KL=11.95, B_KL=13776.66) <- Best

[Raw]:
CYP3A5*3: Normalized=1.0000, Unnormalized=1.00

[Alleles]
CYP3A5*3
CYP3A5*3
	Command being timed: "python cyp.py CYP3A5 /project/shared/aldy-data/wgs/NA07055.wgs.cram 456"
	User time (seconds): 51.76
	System time (seconds): 11.45
	Percent of CPU this job got: 99%
	Elapsed (wall clock) time (h:mm:ss or m:ss): 1:03.60
	Average shared text size (kbytes): 0
	Average unshared data size (kbytes): 0
	Average stack size (kbytes): 0
	Average total size (kbytes): 0
	Maximum resident set size (kbytes): 1887056
	Average resident set size (kbytes): 0
	Major (requiring I/O) page faults: 0
	Minor (reclaiming a frame) page faults: 605825
	Voluntary context switches: 10126
	Involuntary context switches: 623
	Swaps: 0
	File system inputs: 0
	File system outputs: 24
	Socket messages sent: 0
	Socket messages received: 0
	Signals delivered: 0
	Page size (bytes): 4096
	Exit status: 0
