[info] total indices 175
[info] total variants 175
3.002 was filtered out as 99273814 G>A needs A but not covered
3.003 was filtered out as 99270275 A>C needs C but not covered
3.004 was filtered out as 99245973 A>G needs G but not covered
3.005 was filtered out as 99264572 A>G needs G but not covered
3.006 was filtered out as 99247742 T>C needs C but not covered
3.007 was filtered out as 99247771 A>G needs G but not covered
3.008 was filtered out as 99273744 T>C needs C but not covered
3.009 was filtered out as 99262859 T>C needs C but not covered
3.010 was filtered out as 99250235 G>T needs T but not covered
3.017 was filtered out as 99262850 A>C needs C but not covered
6.001 was filtered out as 99262834 C>T needs T but not covered
7.001 was filtered out as 99250392 insA needs P but not covered
8.001 was filtered out as 99273820 G>A needs A but not covered
9.001 was filtered out as 99258138 C>T needs T but not covered
[filter] CYP3A5 1 => 1.001; 1.002; 1.003; 1.004; 1.005
[filter] CYP3A5 3 => 3.001; 3.012; 3.013; 3.014; 3.015; 3.016
[filter] valid_alleles=11
Step 0: Loss=0.0334, CN=[2.0999167]
Step 100: Loss=0.0167, CN=[2.182973]
Step 200: Loss=0.0167, CN=[2.1835408]
Step 300: Loss=0.0167, CN=[2.1835449]
Step 400: Loss=0.0167, CN=[2.183545]

=== Fit ===
Region 0: obs=2.088, exp=2.184, diff=-0.095 
Region 1: obs=2.271, exp=2.184, diff=+0.087 
Region 2: obs=1.783, exp=2.184, diff=-0.401 
Region 3: obs=2.117, exp=2.184, diff=-0.067 
Region 4: obs=1.847, exp=2.184, diff=-0.336 
Region 5: obs=2.066, exp=2.184, diff=-0.118 
Region 6: obs=2.424, exp=2.184, diff=+0.241 
Region 7: obs=2.348, exp=2.184, diff=+0.165 
Region 8: obs=2.607, exp=2.184, diff=+0.423 
Region 9: obs=2.317, exp=2.184, diff=+0.134 
Region 10: obs=2.301, exp=2.184, diff=+0.117 
Region 11: obs=2.175, exp=2.184, diff=-0.009 
Region 12: obs=1.948, exp=2.184, diff=-0.235 
Region 13: obs=2.311, exp=2.184, diff=+0.128 
Region 14: obs=2.502, exp=2.184, diff=+0.319 
Region 15: obs=2.311, exp=2.184, diff=+0.127 
Region 16: obs=2.112, exp=2.184, diff=-0.071 
Region 17: obs=2.093, exp=2.184, diff=-0.090 
Region 18: obs=2.130, exp=2.184, diff=-0.053 
Region 19: obs=2.081, exp=2.184, diff=-0.103 
Region 20: obs=1.853, exp=2.184, diff=-0.331 
Region 21: obs=2.158, exp=2.184, diff=-0.025 
Region 22: obs=2.189, exp=2.184, diff=+0.006 
Region 23: obs=2.136, exp=2.184, diff=-0.047 
Region 24: obs=2.343, exp=2.184, diff=+0.160 
Region 25: obs=2.149, exp=2.184, diff=-0.034 
Region 26: obs=2.272, exp=2.184, diff=+0.089 
Region 27: obs=2.168, exp=2.184, diff=-0.015 
Region 28: obs=2.219, exp=2.184, diff=+0.036 

[Gene CN Results]
  CYP3A5: 2.18 → 2.1835451126098633
Using device: cuda

CYP3A5*1.001:

CYP3A5*1.002:

CYP3A5*1.003:

CYP3A5*1.004:

CYP3A5*1.005:

CYP3A5*3.001:

CYP3A5*3.012:

CYP3A5*3.013:

CYP3A5*3.014:

CYP3A5*3.015:

CYP3A5*3.016:

=== Running VAE with seed 456 ===
Global Pooled JS: 0.007414
functional kld weight 0.0
Seed 456, Step    0: Loss = 196.21 (Recon: 153.83, Allele KL: 15.38, Base KL: 865.69, Functional KL: 0.01
Global Pooled JS: 0.006299
functional kld weight 27.77777777777777
Seed 456, Step  500: Loss = 100.82 (Recon: 59.57, Allele KL: 14.17, Base KL: 3154.34, Functional KL: 0.01
Global Pooled JS: 0.007421
functional kld weight 222.22222222222217
Seed 456, Step 1000: Loss = 98.42 (Recon: 60.88, Allele KL: 8.59, Base KL: 3410.84, Functional KL: 0.01
Global Pooled JS: 0.009067
functional kld weight 750.0
Seed 456, Step 1500: Loss = 107.00 (Recon: 60.23, Allele KL: 12.30, Base KL: 4284.36, Functional KL: 0.01
Global Pooled JS: 0.003702
functional kld weight 1777.7777777777774
Seed 456, Step 2000: Loss = 106.25 (Recon: 55.76, Allele KL: 15.40, Base KL: 5311.71, Functional KL: 0.00
Global Pooled JS: 0.003625
functional kld weight 3472.222222222223
Seed 456, Step 2500: Loss = 117.50 (Recon: 57.12, Allele KL: 17.42, Base KL: 7252.85, Functional KL: 0.00

Top Variants with Coverage Mismatches:
Rank   Variant                        Expected     Observed     Diff       |Div|       
------------------------------------------------------------------------------------------
1      CYP3A5:99270538→P              0.04         0.00         0.04       0.000262    
2      CYP3A5:99270538→M              0.04         0.00         0.04       0.000257    
3      CYP3A5:99270538→A              0.04         0.00         0.04       0.000256    
4      CYP3A5:99270538→N              0.04         0.00         0.04       0.000254    
5      CYP3A5:99270538→G              0.04         0.00         0.04       0.000253    
6      CYP3A5:99270538→T              24.06        21.00        3.06       0.000002    
7      CYP3A5:99270538→C              24.16        21.00        3.16       0.000000    
New best model with final loss: 118.18

=== Multi-Seed VAE Results ===
Best model had seed 456 with final loss: 118.18
All seeds final losses:
  Seed 456: Total=118.18 (Recon=59.70, A_KL=17.54, B_KL=9283.92) <- Best

[Raw]:
CYP3A5*3: Normalized=0.5038, Unnormalized=0.50
CYP3A5*1: Normalized=0.4962, Unnormalized=0.50

[Alleles]
CYP3A5*3
CYP3A5*1
	Command being timed: "python cyp.py CYP3A5 /project/shared/aldy-data/wgs/NA10854.wgs.cram 456"
	User time (seconds): 51.87
	System time (seconds): 11.14
	Percent of CPU this job got: 99%
	Elapsed (wall clock) time (h:mm:ss or m:ss): 1:03.58
	Average shared text size (kbytes): 0
	Average unshared data size (kbytes): 0
	Average stack size (kbytes): 0
	Average total size (kbytes): 0
	Maximum resident set size (kbytes): 1883044
	Average resident set size (kbytes): 0
	Major (requiring I/O) page faults: 0
	Minor (reclaiming a frame) page faults: 604486
	Voluntary context switches: 10016
	Involuntary context switches: 479
	Swaps: 0
	File system inputs: 0
	File system outputs: 24
	Socket messages sent: 0
	Socket messages received: 0
	Signals delivered: 0
	Page size (bytes): 4096
	Exit status: 0
