[info] total indices 175
[info] total variants 175
3.001 was filtered out as 99270538 T>C needs C but not covered
3.012 was filtered out as 99270538 T>C needs C but not covered
3.013 was filtered out as 99270538 T>C needs C but not covered
3.014 was filtered out as 99270538 T>C needs C but not covered
3.015 was filtered out as 99270538 T>C needs C but not covered
3.016 was filtered out as 99270538 T>C needs C but not covered
3.002 was filtered out as 99270538 T>C needs C but not covered
3.003 was filtered out as 99270538 T>C needs C but not covered
3.004 was filtered out as 99270538 T>C needs C but not covered
3.005 was filtered out as 99270538 T>C needs C but not covered
3.006 was filtered out as 99270538 T>C needs C but not covered
3.007 was filtered out as 99270538 T>C needs C but not covered
3.008 was filtered out as 99270538 T>C needs C but not covered
3.009 was filtered out as 99270538 T>C needs C but not covered
3.010 was filtered out as 99270538 T>C needs C but not covered
3.017 was filtered out as 99270538 T>C needs C but not covered
7.001 was filtered out as 99250392 insA needs P but not covered
8.001 was filtered out as 99273820 G>A needs A but not covered
9.001 was filtered out as 99258138 C>T needs T but not covered
[filter] CYP3A5 1 => 1.001; 1.002; 1.003; 1.004; 1.005
[filter] CYP3A5 6 => 6.001
[filter] valid_alleles=6
Step 0: Loss=0.0525, CN=[1.9000832]
Step 100: Loss=0.0398, CN=[1.8326195]
Step 200: Loss=0.0398, CN=[1.8323749]
Step 300: Loss=0.0398, CN=[1.8323767]
Step 400: Loss=0.0398, CN=[1.832377]

=== Fit ===
Region 0: obs=1.865, exp=1.832, diff=+0.033 
Region 1: obs=1.324, exp=1.832, diff=-0.509 *
Region 2: obs=1.206, exp=1.832, diff=-0.626 *
Region 3: obs=1.717, exp=1.832, diff=-0.115 
Region 4: obs=1.421, exp=1.832, diff=-0.412 
Region 5: obs=1.779, exp=1.832, diff=-0.054 
Region 6: obs=1.622, exp=1.832, diff=-0.210 
Region 7: obs=2.022, exp=1.832, diff=+0.189 
Region 8: obs=1.465, exp=1.832, diff=-0.368 
Region 9: obs=1.857, exp=1.832, diff=+0.024 
Region 10: obs=1.801, exp=1.832, diff=-0.031 
Region 11: obs=1.852, exp=1.832, diff=+0.020 
Region 12: obs=2.259, exp=1.832, diff=+0.426 
Region 13: obs=1.767, exp=1.832, diff=-0.065 
Region 14: obs=2.233, exp=1.832, diff=+0.400 
Region 15: obs=2.388, exp=1.832, diff=+0.556 *
Region 16: obs=2.153, exp=1.832, diff=+0.320 
Region 17: obs=1.694, exp=1.832, diff=-0.139 
Region 18: obs=1.588, exp=1.832, diff=-0.245 
Region 19: obs=2.064, exp=1.832, diff=+0.231 
Region 20: obs=1.825, exp=1.832, diff=-0.007 
Region 21: obs=1.885, exp=1.832, diff=+0.053 
Region 22: obs=1.860, exp=1.832, diff=+0.027 
Region 23: obs=1.741, exp=1.832, diff=-0.091 
Region 24: obs=1.536, exp=1.832, diff=-0.296 
Region 25: obs=1.739, exp=1.832, diff=-0.093 
Region 26: obs=2.108, exp=1.832, diff=+0.276 
Region 27: obs=2.110, exp=1.832, diff=+0.277 
Region 28: obs=2.181, exp=1.832, diff=+0.349 

[Gene CN Results]
  CYP3A5: 1.83 → 1.8323771953582764
Using device: cuda

CYP3A5*1.001:

CYP3A5*1.002:

CYP3A5*1.003:

CYP3A5*1.004:

CYP3A5*1.005:

CYP3A5*6.001:

=== Running VAE with seed 456 ===
Global Pooled JS: 0.063757
functional kld weight 0.0
Seed 456, Step    0: Loss = 105.66 (Recon: 82.63, Allele KL: 4.38, Base KL: 142.13, Functional KL: 0.06
Global Pooled JS: 0.007445
functional kld weight 27.77777777777777
Seed 456, Step  500: Loss = 55.29 (Recon: 27.78, Allele KL: 10.46, Base KL: 3232.84, Functional KL: 0.01
Global Pooled JS: 0.010216
functional kld weight 222.22222222222217
Seed 456, Step 1000: Loss = 54.95 (Recon: 28.06, Allele KL: 7.51, Base KL: 3495.08, Functional KL: 0.01
Global Pooled JS: 0.003241
functional kld weight 750.0
Seed 456, Step 1500: Loss = 59.44 (Recon: 29.77, Allele KL: 9.27, Base KL: 4204.71, Functional KL: 0.00
Global Pooled JS: 0.001861
functional kld weight 1777.7777777777774
Seed 456, Step 2000: Loss = 57.61 (Recon: 25.37, Allele KL: 10.23, Base KL: 5361.72, Functional KL: 0.00
Global Pooled JS: 0.001565
functional kld weight 3472.222222222223
Seed 456, Step 2500: Loss = 63.72 (Recon: 27.40, Allele KL: 10.80, Base KL: 6881.45, Functional KL: 0.00

Top Variants with Coverage Mismatches:
Rank   Variant                        Expected     Observed     Diff       |Div|       
------------------------------------------------------------------------------------------
1      CYP3A5:99262834→C              26.62        30.00        -3.38      0.000270    
2      CYP3A5:99262834→T              26.25        26.00        0.25       0.000249    
3      CYP3A5:99262834→A              0.03         0.00         0.03       0.000180    
4      CYP3A5:99262834→G              0.03         0.00         0.03       0.000179    
5      CYP3A5:99262834→M              0.03         0.00         0.03       0.000177    
6      CYP3A5:99262834→N              0.03         0.00         0.03       0.000176    
7      CYP3A5:99262834→P              0.03         0.00         0.03       0.000176    
New best model with final loss: 71.67

=== Multi-Seed VAE Results ===
Best model had seed 456 with final loss: 71.67
All seeds final losses:
  Seed 456: Total=71.67 (Recon=29.95, A_KL=11.08, B_KL=8347.02) <- Best

[Raw]:
CYP3A5*1: Normalized=0.5015, Unnormalized=0.50
CYP3A5*6: Normalized=0.4985, Unnormalized=0.50

[Alleles]
CYP3A5*1
CYP3A5*6
	Command being timed: "python cyp.py CYP3A5 /project/shared/aldy-data/wgs/NA19174.wgs.cram 456"
	User time (seconds): 51.92
	System time (seconds): 10.91
	Percent of CPU this job got: 98%
	Elapsed (wall clock) time (h:mm:ss or m:ss): 1:03.74
	Average shared text size (kbytes): 0
	Average unshared data size (kbytes): 0
	Average stack size (kbytes): 0
	Average total size (kbytes): 0
	Maximum resident set size (kbytes): 1869568
	Average resident set size (kbytes): 0
	Major (requiring I/O) page faults: 0
	Minor (reclaiming a frame) page faults: 587633
	Voluntary context switches: 9935
	Involuntary context switches: 1420
	Swaps: 0
	File system inputs: 0
	File system outputs: 24
	Socket messages sent: 0
	Socket messages received: 0
	Signals delivered: 0
	Page size (bytes): 4096
	Exit status: 0
