[info] total indices 175
[info] total variants 175
1.001 was filtered out as 99270538 T>C needs T but not covered
1.002 was filtered out as 99270538 T>C needs T but not covered
1.003 was filtered out as 99270538 T>C needs T but not covered
1.004 was filtered out as 99270538 T>C needs T but not covered
1.005 was filtered out as 99270538 T>C needs T but not covered
3.002 was filtered out as 99273814 G>A needs A but not covered
3.003 was filtered out as 99270275 A>C needs C but not covered
3.004 was filtered out as 99245973 A>G needs G but not covered
3.005 was filtered out as 99264572 A>G needs G but not covered
3.006 was filtered out as 99247742 T>C needs C but not covered
3.007 was filtered out as 99247771 A>G needs G but not covered
3.008 was filtered out as 99273744 T>C needs C but not covered
3.009 was filtered out as 99262859 T>C needs C but not covered
3.010 was filtered out as 99250235 G>T needs T but not covered
3.017 was filtered out as 99262850 A>C needs C but not covered
6.001 was filtered out as 99270538 T>C needs T but not covered
7.001 was filtered out as 99270538 T>C needs T but not covered
8.001 was filtered out as 99270538 T>C needs T but not covered
9.001 was filtered out as 99270538 T>C needs T but not covered
[filter] CYP3A5 3 => 3.001; 3.012; 3.013; 3.014; 3.015; 3.016
[filter] valid_alleles=6
Step 0: Loss=0.0543, CN=[2.0999167]
Step 100: Loss=0.0458, CN=[2.143007]
Step 200: Loss=0.0458, CN=[2.1434543]
Step 300: Loss=0.0458, CN=[2.1434562]
Step 400: Loss=0.0458, CN=[2.1434562]

=== Fit ===
Region 0: obs=2.119, exp=2.143, diff=-0.025 
Region 1: obs=2.115, exp=2.143, diff=-0.028 
Region 2: obs=1.714, exp=2.143, diff=-0.430 
Region 3: obs=2.163, exp=2.143, diff=+0.019 
Region 4: obs=2.374, exp=2.143, diff=+0.230 
Region 5: obs=1.577, exp=2.143, diff=-0.566 *
Region 6: obs=1.558, exp=2.143, diff=-0.586 *
Region 7: obs=1.944, exp=2.143, diff=-0.200 
Region 8: obs=1.711, exp=2.143, diff=-0.432 
Region 9: obs=2.130, exp=2.143, diff=-0.014 
Region 10: obs=1.952, exp=2.143, diff=-0.191 
Region 11: obs=2.483, exp=2.143, diff=+0.339 
Region 12: obs=1.841, exp=2.143, diff=-0.303 
Region 13: obs=2.211, exp=2.143, diff=+0.067 
Region 14: obs=2.209, exp=2.143, diff=+0.065 
Region 15: obs=2.371, exp=2.143, diff=+0.228 
Region 16: obs=2.700, exp=2.143, diff=+0.556 *
Region 17: obs=2.243, exp=2.143, diff=+0.099 
Region 18: obs=1.888, exp=2.143, diff=-0.256 
Region 19: obs=2.097, exp=2.143, diff=-0.047 
Region 20: obs=2.198, exp=2.143, diff=+0.054 
Region 21: obs=2.143, exp=2.143, diff=-0.001 
Region 22: obs=2.037, exp=2.143, diff=-0.106 
Region 23: obs=1.945, exp=2.143, diff=-0.198 
Region 24: obs=2.707, exp=2.143, diff=+0.564 *
Region 25: obs=2.192, exp=2.143, diff=+0.048 
Region 26: obs=2.614, exp=2.143, diff=+0.470 
Region 27: obs=2.644, exp=2.143, diff=+0.501 *
Region 28: obs=2.251, exp=2.143, diff=+0.108 

[Gene CN Results]
  CYP3A5: 2.14 → 2.143456220626831
Using device: cuda

CYP3A5*3.001:

CYP3A5*3.012:

CYP3A5*3.013:

CYP3A5*3.014:

CYP3A5*3.015:

CYP3A5*3.016:

=== Running VAE with seed 9999 ===
Global Pooled JS: 0.017532
functional kld weight 0.0
Seed 9999, Step    0: Loss = 124.15 (Recon: 91.21, Allele KL: 6.33, Base KL: 154.79, Functional KL: 0.02
Global Pooled JS: 0.009604
functional kld weight 27.77777777777777
Seed 9999, Step  500: Loss = 56.34 (Recon: 24.41, Allele KL: 7.22, Base KL: 4727.29, Functional KL: 0.01
Global Pooled JS: 0.008913
functional kld weight 222.22222222222217
Seed 9999, Step 1000: Loss = 77.68 (Recon: 40.25, Allele KL: 9.03, Base KL: 5505.00, Functional KL: 0.01
Global Pooled JS: 0.004989
functional kld weight 750.0
Seed 9999, Step 1500: Loss = 65.80 (Recon: 27.65, Allele KL: 7.56, Base KL: 7000.86, Functional KL: 0.00
Global Pooled JS: 0.004040
functional kld weight 1777.7777777777774
Seed 9999, Step 2000: Loss = 73.55 (Recon: 30.56, Allele KL: 6.73, Base KL: 9266.27, Functional KL: 0.00
Global Pooled JS: 0.001992
functional kld weight 3472.222222222223
Seed 9999, Step 2500: Loss = 74.10 (Recon: 23.73, Allele KL: 12.76, Base KL: 11746.14, Functional KL: 0.00

Top Variants with Coverage Mismatches:
Rank   Variant                        Expected     Observed     Diff       |Div|       
------------------------------------------------------------------------------------------
1      CYP3A5:99270538→M              0.04         0.00         0.04       0.000284    
2      CYP3A5:99270538→A              0.04         0.00         0.04       0.000281    
3      CYP3A5:99270538→N              0.04         0.00         0.04       0.000281    
4      CYP3A5:99270538→P              0.04         0.00         0.04       0.000279    
5      CYP3A5:99270538→G              0.04         0.00         0.04       0.000279    
6      CYP3A5:99270538→T              0.04         0.00         0.04       0.000275    
7      CYP3A5:99270538→C              49.76        40.00        9.76       0.000003    
New best model with final loss: 88.52

=== Multi-Seed VAE Results ===
Best model had seed 9999 with final loss: 88.52
All seeds final losses:
  Seed 9999: Total=88.52 (Recon=29.49, A_KL=9.55, B_KL=14305.36) <- Best

[Raw]:
CYP3A5*3: Normalized=1.0000, Unnormalized=1.00

[Alleles]
CYP3A5*3
CYP3A5*3
	Command being timed: "python cyp.py CYP3A5 /project/shared/aldy-data/wgs/HG00589.wgs.cram 9999"
	User time (seconds): 52.86
	System time (seconds): 11.47
	Percent of CPU this job got: 99%
	Elapsed (wall clock) time (h:mm:ss or m:ss): 1:04.83
	Average shared text size (kbytes): 0
	Average unshared data size (kbytes): 0
	Average stack size (kbytes): 0
	Average total size (kbytes): 0
	Maximum resident set size (kbytes): 1891868
	Average resident set size (kbytes): 0
	Major (requiring I/O) page faults: 0
	Minor (reclaiming a frame) page faults: 599775
	Voluntary context switches: 10085
	Involuntary context switches: 171
	Swaps: 0
	File system inputs: 0
	File system outputs: 24
	Socket messages sent: 0
	Socket messages received: 0
	Signals delivered: 0
	Page size (bytes): 4096
	Exit status: 0
