[info] total indices 175
[info] total variants 175
1.001 was filtered out as 99270538 T>C needs T but not covered
1.002 was filtered out as 99270538 T>C needs T but not covered
1.003 was filtered out as 99270538 T>C needs T but not covered
1.004 was filtered out as 99270538 T>C needs T but not covered
1.005 was filtered out as 99270538 T>C needs T but not covered
3.002 was filtered out as 99273814 G>A needs A but not covered
3.003 was filtered out as 99270275 A>C needs C but not covered
3.004 was filtered out as 99245973 A>G needs G but not covered
3.005 was filtered out as 99264572 A>G needs G but not covered
3.006 was filtered out as 99247742 T>C needs C but not covered
3.007 was filtered out as 99247771 A>G needs G but not covered
3.008 was filtered out as 99273744 T>C needs C but not covered
3.009 was filtered out as 99262859 T>C needs C but not covered
3.010 was filtered out as 99250235 G>T needs T but not covered
3.017 was filtered out as 99262850 A>C needs C but not covered
6.001 was filtered out as 99270538 T>C needs T but not covered
7.001 was filtered out as 99270538 T>C needs T but not covered
8.001 was filtered out as 99270538 T>C needs T but not covered
9.001 was filtered out as 99270538 T>C needs T but not covered
[filter] CYP3A5 3 => 3.001; 3.012; 3.013; 3.014; 3.015; 3.016
[filter] valid_alleles=6
Step 0: Loss=0.0469, CN=[1.9000832]
Step 100: Loss=0.0300, CN=[1.8053772]
Step 200: Loss=0.0300, CN=[1.8059621]
Step 300: Loss=0.0300, CN=[1.8059658]
Step 400: Loss=0.0300, CN=[1.8059661]

=== Fit ===
Region 0: obs=1.782, exp=1.806, diff=-0.024 
Region 1: obs=1.170, exp=1.806, diff=-0.636 *
Region 2: obs=1.181, exp=1.806, diff=-0.625 *
Region 3: obs=1.779, exp=1.806, diff=-0.027 
Region 4: obs=1.765, exp=1.806, diff=-0.041 
Region 5: obs=1.658, exp=1.806, diff=-0.148 
Region 6: obs=2.034, exp=1.806, diff=+0.228 
Region 7: obs=1.867, exp=1.806, diff=+0.061 
Region 8: obs=1.425, exp=1.806, diff=-0.381 
Region 9: obs=1.829, exp=1.806, diff=+0.023 
Region 10: obs=1.743, exp=1.806, diff=-0.063 
Region 11: obs=2.104, exp=1.806, diff=+0.298 
Region 12: obs=1.800, exp=1.806, diff=-0.006 
Region 13: obs=1.817, exp=1.806, diff=+0.012 
Region 14: obs=1.994, exp=1.806, diff=+0.189 
Region 15: obs=1.888, exp=1.806, diff=+0.082 
Region 16: obs=2.180, exp=1.806, diff=+0.374 
Region 17: obs=1.899, exp=1.806, diff=+0.093 
Region 18: obs=1.764, exp=1.806, diff=-0.042 
Region 19: obs=1.910, exp=1.806, diff=+0.104 
Region 20: obs=1.697, exp=1.806, diff=-0.109 
Region 21: obs=1.872, exp=1.806, diff=+0.066 
Region 22: obs=1.654, exp=1.806, diff=-0.152 
Region 23: obs=1.939, exp=1.806, diff=+0.133 
Region 24: obs=1.747, exp=1.806, diff=-0.059 
Region 25: obs=1.734, exp=1.806, diff=-0.072 
Region 26: obs=1.717, exp=1.806, diff=-0.089 
Region 27: obs=2.438, exp=1.806, diff=+0.632 *
Region 28: obs=1.856, exp=1.806, diff=+0.050 

[Gene CN Results]
  CYP3A5: 1.81 → 1.8059661388397217
Using device: cuda

CYP3A5*3.001:

CYP3A5*3.012:

CYP3A5*3.013:

CYP3A5*3.014:

CYP3A5*3.015:

CYP3A5*3.016:

=== Running VAE with seed 9999 ===
Global Pooled JS: 0.017572
functional kld weight 0.0
Seed 9999, Step    0: Loss = 85.29 (Recon: 56.18, Allele KL: 2.34, Base KL: 82.03, Functional KL: 0.02
Global Pooled JS: 0.010086
functional kld weight 27.77777777777777
Seed 9999, Step  500: Loss = 54.58 (Recon: 20.27, Allele KL: 10.60, Base KL: 3530.14, Functional KL: 0.01
Global Pooled JS: 0.009313
functional kld weight 222.22222222222217
Seed 9999, Step 1000: Loss = 67.13 (Recon: 31.60, Allele KL: 7.90, Base KL: 4261.28, Functional KL: 0.01
Global Pooled JS: 0.005429
functional kld weight 750.0
Seed 9999, Step 1500: Loss = 60.20 (Recon: 23.80, Allele KL: 6.20, Base KL: 5820.40, Functional KL: 0.01
Global Pooled JS: 0.004173
functional kld weight 1777.7777777777774
Seed 9999, Step 2000: Loss = 66.28 (Recon: 24.06, Allele KL: 6.57, Base KL: 8098.51, Functional KL: 0.00
Global Pooled JS: 0.002288
functional kld weight 3472.222222222223
Seed 9999, Step 2500: Loss = 68.53 (Recon: 20.87, Allele KL: 9.55, Base KL: 10729.51, Functional KL: 0.00

Top Variants with Coverage Mismatches:
Rank   Variant                        Expected     Observed     Diff       |Div|       
------------------------------------------------------------------------------------------
1      CYP3A5:99270538→M              0.03         0.00         0.03       0.000279    
2      CYP3A5:99270538→A              0.03         0.00         0.03       0.000277    
3      CYP3A5:99270538→N              0.02         0.00         0.02       0.000276    
4      CYP3A5:99270538→P              0.02         0.00         0.02       0.000275    
5      CYP3A5:99270538→G              0.02         0.00         0.02       0.000275    
6      CYP3A5:99270538→T              0.02         0.00         0.02       0.000270    
7      CYP3A5:99270538→C              31.18        34.00        -2.82      0.000003    
New best model with final loss: 80.87

=== Multi-Seed VAE Results ===
Best model had seed 9999 with final loss: 80.87
All seeds final losses:
  Seed 9999: Total=80.87 (Recon=23.29, A_KL=9.75, B_KL=13331.60) <- Best

[Raw]:
CYP3A5*3: Normalized=1.0000, Unnormalized=1.00

[Alleles]
CYP3A5*3
CYP3A5*3
	Command being timed: "python cyp.py CYP3A5 /project/shared/aldy-data/wgs/NA07056.wgs.cram 9999"
	User time (seconds): 51.73
	System time (seconds): 10.88
	Percent of CPU this job got: 98%
	Elapsed (wall clock) time (h:mm:ss or m:ss): 1:03.84
	Average shared text size (kbytes): 0
	Average unshared data size (kbytes): 0
	Average stack size (kbytes): 0
	Average total size (kbytes): 0
	Maximum resident set size (kbytes): 1875356
	Average resident set size (kbytes): 0
	Major (requiring I/O) page faults: 0
	Minor (reclaiming a frame) page faults: 606837
	Voluntary context switches: 9845
	Involuntary context switches: 179
	Swaps: 0
	File system inputs: 0
	File system outputs: 24
	Socket messages sent: 0
	Socket messages received: 0
	Signals delivered: 0
	Page size (bytes): 4096
	Exit status: 0
