[info] total indices 175
[info] total variants 175
3.002 was filtered out as 99273814 G>A needs A but not covered
3.003 was filtered out as 99270275 A>C needs C but not covered
3.004 was filtered out as 99245973 A>G needs G but not covered
3.005 was filtered out as 99264572 A>G needs G but not covered
3.006 was filtered out as 99247742 T>C needs C but not covered
3.007 was filtered out as 99247771 A>G needs G but not covered
3.008 was filtered out as 99273744 T>C needs C but not covered
3.009 was filtered out as 99262859 T>C needs C but not covered
3.010 was filtered out as 99250235 G>T needs T but not covered
3.017 was filtered out as 99262850 A>C needs C but not covered
6.001 was filtered out as 99262834 C>T needs T but not covered
7.001 was filtered out as 99250392 insA needs P but not covered
8.001 was filtered out as 99273820 G>A needs A but not covered
9.001 was filtered out as 99258138 C>T needs T but not covered
[filter] CYP3A5 1 => 1.001; 1.002; 1.003; 1.004; 1.005
[filter] CYP3A5 3 => 3.001; 3.012; 3.013; 3.014; 3.015; 3.016
[filter] valid_alleles=11
Step 0: Loss=0.0748, CN=[2.0999167]
Step 100: Loss=0.0457, CN=[2.2617311]
Step 200: Loss=0.0457, CN=[2.2606523]
Step 300: Loss=0.0457, CN=[2.260658]
Step 400: Loss=0.0457, CN=[2.260658]

=== Fit ===
Region 0: obs=2.201, exp=2.261, diff=-0.059 
Region 1: obs=2.101, exp=2.261, diff=-0.160 
Region 2: obs=1.977, exp=2.261, diff=-0.284 
Region 3: obs=2.168, exp=2.261, diff=-0.093 
Region 4: obs=1.908, exp=2.261, diff=-0.352 
Region 5: obs=1.895, exp=2.261, diff=-0.365 
Region 6: obs=2.339, exp=2.261, diff=+0.079 
Region 7: obs=2.399, exp=2.261, diff=+0.138 
Region 8: obs=2.828, exp=2.261, diff=+0.567 *
Region 9: obs=2.207, exp=2.261, diff=-0.053 
Region 10: obs=2.884, exp=2.261, diff=+0.623 *
Region 11: obs=2.608, exp=2.261, diff=+0.347 
Region 12: obs=2.841, exp=2.261, diff=+0.580 *
Region 13: obs=2.511, exp=2.261, diff=+0.250 
Region 14: obs=2.399, exp=2.261, diff=+0.139 
Region 15: obs=2.139, exp=2.261, diff=-0.122 
Region 16: obs=2.442, exp=2.261, diff=+0.182 
Region 17: obs=2.184, exp=2.261, diff=-0.077 
Region 18: obs=1.786, exp=2.261, diff=-0.474 
Region 19: obs=1.995, exp=2.261, diff=-0.266 
Region 20: obs=1.801, exp=2.261, diff=-0.460 
Region 21: obs=2.182, exp=2.261, diff=-0.078 
Region 22: obs=2.208, exp=2.261, diff=-0.052 
Region 23: obs=2.284, exp=2.261, diff=+0.024 
Region 24: obs=2.478, exp=2.261, diff=+0.218 
Region 25: obs=2.069, exp=2.261, diff=-0.192 
Region 26: obs=2.808, exp=2.261, diff=+0.547 *
Region 27: obs=1.994, exp=2.261, diff=-0.266 
Region 28: obs=2.239, exp=2.261, diff=-0.021 

[Gene CN Results]
  CYP3A5: 2.26 → 2.260658025741577
Using device: cuda

CYP3A5*1.001:

CYP3A5*1.002:

CYP3A5*1.003:

CYP3A5*1.004:

CYP3A5*1.005:

CYP3A5*3.001:

CYP3A5*3.012:

CYP3A5*3.013:

CYP3A5*3.014:

CYP3A5*3.015:

CYP3A5*3.016:

=== Running VAE with seed 9999 ===
Global Pooled JS: 0.008779
functional kld weight 0.0
Seed 9999, Step    0: Loss = 139.52 (Recon: 100.30, Allele KL: 11.43, Base KL: 668.28, Functional KL: 0.01
Global Pooled JS: 0.005514
functional kld weight 27.77777777777777
Seed 9999, Step  500: Loss = 91.60 (Recon: 50.72, Allele KL: 13.74, Base KL: 3517.64, Functional KL: 0.01
Global Pooled JS: 0.009097
functional kld weight 222.22222222222217
Seed 9999, Step 1000: Loss = 94.53 (Recon: 54.39, Allele KL: 10.87, Base KL: 3770.59, Functional KL: 0.01
Global Pooled JS: 0.006240
functional kld weight 750.0
Seed 9999, Step 1500: Loss = 101.44 (Recon: 52.93, Allele KL: 15.81, Base KL: 4603.93, Functional KL: 0.01
Global Pooled JS: 0.002509
functional kld weight 1777.7777777777774
Seed 9999, Step 2000: Loss = 105.43 (Recon: 55.11, Allele KL: 16.48, Base KL: 5944.42, Functional KL: 0.00
Global Pooled JS: 0.001539
functional kld weight 3472.222222222223
Seed 9999, Step 2500: Loss = 108.61 (Recon: 47.10, Allele KL: 26.00, Base KL: 7431.84, Functional KL: 0.00

Top Variants with Coverage Mismatches:
Rank   Variant                        Expected     Observed     Diff       |Div|       
------------------------------------------------------------------------------------------
1      CYP3A5:99270538→P              0.04         0.00         0.04       0.000261    
2      CYP3A5:99270538→M              0.03         0.00         0.03       0.000254    
3      CYP3A5:99270538→A              0.03         0.00         0.03       0.000251    
4      CYP3A5:99270538→G              0.03         0.00         0.03       0.000251    
5      CYP3A5:99270538→N              0.03         0.00         0.03       0.000250    
6      CYP3A5:99270538→T              20.90        26.00        -5.10      0.000006    
7      CYP3A5:99270538→C              26.03        32.00        -5.97      0.000000    
New best model with final loss: 109.99

=== Multi-Seed VAE Results ===
Best model had seed 9999 with final loss: 109.99
All seeds final losses:
  Seed 9999: Total=109.99 (Recon=51.14, A_KL=18.54, B_KL=9593.59) <- Best

[Raw]:
CYP3A5*3: Normalized=0.5573, Unnormalized=0.56
CYP3A5*1: Normalized=0.4427, Unnormalized=0.44

[Alleles]
CYP3A5*3
CYP3A5*1
	Command being timed: "python cyp.py CYP3A5 /project/shared/aldy-data/wgs/NA07029.wgs.cram 9999"
	User time (seconds): 51.81
	System time (seconds): 10.67
	Percent of CPU this job got: 97%
	Elapsed (wall clock) time (h:mm:ss or m:ss): 1:03.84
	Average shared text size (kbytes): 0
	Average unshared data size (kbytes): 0
	Average stack size (kbytes): 0
	Average total size (kbytes): 0
	Maximum resident set size (kbytes): 1894584
	Average resident set size (kbytes): 0
	Major (requiring I/O) page faults: 0
	Minor (reclaiming a frame) page faults: 597435
	Voluntary context switches: 11287
	Involuntary context switches: 986
	Swaps: 0
	File system inputs: 0
	File system outputs: 24
	Socket messages sent: 0
	Socket messages received: 0
	Signals delivered: 0
	Page size (bytes): 4096
	Exit status: 0
