[info] total indices 175
[info] total variants 175
3.002 was filtered out as 99273814 G>A needs A but not covered
3.003 was filtered out as 99270275 A>C needs C but not covered
3.004 was filtered out as 99245973 A>G needs G but not covered
3.005 was filtered out as 99264572 A>G needs G but not covered
3.006 was filtered out as 99247742 T>C needs C but not covered
3.007 was filtered out as 99247771 A>G needs G but not covered
3.008 was filtered out as 99273744 T>C needs C but not covered
3.009 was filtered out as 99262859 T>C needs C but not covered
3.010 was filtered out as 99250235 G>T needs T but not covered
3.017 was filtered out as 99262850 A>C needs C but not covered
6.001 was filtered out as 99262834 C>T needs T but not covered
7.001 was filtered out as 99250392 insA needs P but not covered
8.001 was filtered out as 99273820 G>A needs A but not covered
9.001 was filtered out as 99258138 C>T needs T but not covered
[filter] CYP3A5 1 => 1.001; 1.002; 1.003; 1.004; 1.005
[filter] CYP3A5 3 => 3.001; 3.012; 3.013; 3.014; 3.015; 3.016
[filter] valid_alleles=11
Step 0: Loss=0.2654, CN=[2.0999167]
Step 100: Loss=0.0382, CN=[2.7805831]
Step 200: Loss=0.0382, CN=[2.7788553]
Step 300: Loss=0.0382, CN=[2.7788634]
Step 400: Loss=0.0382, CN=[2.7788634]

=== Fit ===
Region 0: obs=2.753, exp=2.779, diff=-0.026 
Region 1: obs=2.543, exp=2.779, diff=-0.236 
Region 2: obs=2.488, exp=2.779, diff=-0.291 
Region 3: obs=2.682, exp=2.779, diff=-0.097 
Region 4: obs=3.230, exp=2.779, diff=+0.451 
Region 5: obs=2.518, exp=2.779, diff=-0.261 
Region 6: obs=2.607, exp=2.779, diff=-0.172 
Region 7: obs=3.146, exp=2.779, diff=+0.367 
Region 8: obs=2.705, exp=2.779, diff=-0.074 
Region 9: obs=3.063, exp=2.779, diff=+0.284 
Region 10: obs=2.071, exp=2.779, diff=-0.708 *
Region 11: obs=2.248, exp=2.779, diff=-0.531 *
Region 12: obs=3.099, exp=2.779, diff=+0.320 
Region 13: obs=2.915, exp=2.779, diff=+0.137 
Region 14: obs=3.162, exp=2.779, diff=+0.383 
Region 15: obs=2.803, exp=2.779, diff=+0.024 
Region 16: obs=2.692, exp=2.779, diff=-0.087 
Region 17: obs=2.757, exp=2.779, diff=-0.022 
Region 18: obs=3.060, exp=2.779, diff=+0.281 
Region 19: obs=2.821, exp=2.779, diff=+0.042 
Region 20: obs=2.889, exp=2.779, diff=+0.110 
Region 21: obs=2.871, exp=2.779, diff=+0.092 
Region 22: obs=3.007, exp=2.779, diff=+0.228 
Region 23: obs=2.883, exp=2.779, diff=+0.104 
Region 24: obs=2.809, exp=2.779, diff=+0.030 
Region 25: obs=2.593, exp=2.779, diff=-0.186 
Region 26: obs=2.627, exp=2.779, diff=-0.152 
Region 27: obs=2.284, exp=2.779, diff=-0.495 
Region 28: obs=3.024, exp=2.779, diff=+0.245 

[Gene CN Results]
  CYP3A5: 2.78 → 2.7788634300231934
Using device: cuda

CYP3A5*1.001:

CYP3A5*1.002:

CYP3A5*1.003:

CYP3A5*1.004:

CYP3A5*1.005:

CYP3A5*3.001:

CYP3A5*3.012:

CYP3A5*3.013:

CYP3A5*3.014:

CYP3A5*3.015:

CYP3A5*3.016:

=== Running VAE with seed 9999 ===
Global Pooled JS: 0.007022
functional kld weight 0.0
Seed 9999, Step    0: Loss = 130.26 (Recon: 93.17, Allele KL: 9.36, Base KL: 508.54, Functional KL: 0.01
Global Pooled JS: 0.006522
functional kld weight 27.77777777777777
Seed 9999, Step  500: Loss = 90.68 (Recon: 49.58, Allele KL: 14.42, Base KL: 2973.76, Functional KL: 0.01
Global Pooled JS: 0.009570
functional kld weight 222.22222222222217
Seed 9999, Step 1000: Loss = 92.81 (Recon: 52.83, Allele KL: 11.03, Base KL: 3207.87, Functional KL: 0.01
Global Pooled JS: 0.006610
functional kld weight 750.0
Seed 9999, Step 1500: Loss = 99.52 (Recon: 53.09, Allele KL: 13.86, Base KL: 3989.55, Functional KL: 0.01
Global Pooled JS: 0.002535
functional kld weight 1777.7777777777774
Seed 9999, Step 2000: Loss = 102.36 (Recon: 53.67, Allele KL: 15.30, Base KL: 5225.08, Functional KL: 0.00
Global Pooled JS: 0.001594
functional kld weight 3472.222222222223
Seed 9999, Step 2500: Loss = 101.08 (Recon: 48.36, Allele KL: 17.26, Base KL: 6739.54, Functional KL: 0.00

Top Variants with Coverage Mismatches:
Rank   Variant                        Expected     Observed     Diff       |Div|       
------------------------------------------------------------------------------------------
1      CYP3A5:99270538→P              0.03         0.00         0.03       0.000242    
2      CYP3A5:99270538→M              0.03         0.00         0.03       0.000236    
3      CYP3A5:99270538→A              0.03         0.00         0.03       0.000234    
4      CYP3A5:99270538→G              0.03         0.00         0.03       0.000234    
5      CYP3A5:99270538→N              0.03         0.00         0.03       0.000232    
6      CYP3A5:99270538→C              19.05        21.00        -1.95      0.000035    
7      CYP3A5:99270538→T              21.71        23.00        -1.29      0.000015    
New best model with final loss: 107.99

=== Multi-Seed VAE Results ===
Best model had seed 9999 with final loss: 107.99
All seeds final losses:
  Seed 9999: Total=107.99 (Recon=49.58, A_KL=18.44, B_KL=8906.67) <- Best

[Raw]:
CYP3A5*1: Normalized=0.5299, Unnormalized=0.53
CYP3A5*3: Normalized=0.4701, Unnormalized=0.47

[Alleles]
CYP3A5*1
CYP3A5*3
	Command being timed: "python cyp.py CYP3A5 /project/shared/aldy-data/wgs/NA07000.wgs.cram 9999"
	User time (seconds): 52.48
	System time (seconds): 10.45
	Percent of CPU this job got: 98%
	Elapsed (wall clock) time (h:mm:ss or m:ss): 1:04.11
	Average shared text size (kbytes): 0
	Average unshared data size (kbytes): 0
	Average stack size (kbytes): 0
	Average total size (kbytes): 0
	Maximum resident set size (kbytes): 1879528
	Average resident set size (kbytes): 0
	Major (requiring I/O) page faults: 0
	Minor (reclaiming a frame) page faults: 621111
	Voluntary context switches: 10181
	Involuntary context switches: 154
	Swaps: 0
	File system inputs: 0
	File system outputs: 24
	Socket messages sent: 0
	Socket messages received: 0
	Signals delivered: 0
	Page size (bytes): 4096
	Exit status: 0
