[info] total indices 175
[info] total variants 175
3.002 was filtered out as 99273814 G>A needs A but not covered
3.003 was filtered out as 99270275 A>C needs C but not covered
3.004 was filtered out as 99245973 A>G needs G but not covered
3.005 was filtered out as 99264572 A>G needs G but not covered
3.006 was filtered out as 99247742 T>C needs C but not covered
3.007 was filtered out as 99247771 A>G needs G but not covered
3.008 was filtered out as 99273744 T>C needs C but not covered
3.009 was filtered out as 99262859 T>C needs C but not covered
3.010 was filtered out as 99250235 G>T needs T but not covered
3.017 was filtered out as 99262850 A>C needs C but not covered
6.001 was filtered out as 99262834 C>T needs T but not covered
7.001 was filtered out as 99250392 insA needs P but not covered
8.001 was filtered out as 99273820 G>A needs A but not covered
9.001 was filtered out as 99258138 C>T needs T but not covered
[filter] CYP3A5 1 => 1.001; 1.002; 1.003; 1.004; 1.005
[filter] CYP3A5 3 => 3.001; 3.012; 3.013; 3.014; 3.015; 3.016
[filter] valid_alleles=11
Step 0: Loss=0.1717, CN=[2.0999167]
Step 100: Loss=0.0582, CN=[2.5425577]
Step 200: Loss=0.0582, CN=[2.5425818]
Step 300: Loss=0.0582, CN=[2.5425856]
Step 400: Loss=0.0582, CN=[2.5425854]

=== Fit ===
Region 0: obs=2.399, exp=2.543, diff=-0.144 
Region 1: obs=1.881, exp=2.543, diff=-0.661 *
Region 2: obs=2.484, exp=2.543, diff=-0.059 
Region 3: obs=2.494, exp=2.543, diff=-0.049 
Region 4: obs=3.007, exp=2.543, diff=+0.464 
Region 5: obs=2.084, exp=2.543, diff=-0.459 
Region 6: obs=3.364, exp=2.543, diff=+0.822 *
Region 7: obs=2.512, exp=2.543, diff=-0.031 
Region 8: obs=2.415, exp=2.543, diff=-0.127 
Region 9: obs=2.639, exp=2.543, diff=+0.096 
Region 10: obs=3.054, exp=2.543, diff=+0.512 *
Region 11: obs=3.046, exp=2.543, diff=+0.503 *
Region 12: obs=3.193, exp=2.543, diff=+0.651 *
Region 13: obs=2.804, exp=2.543, diff=+0.261 
Region 14: obs=2.528, exp=2.543, diff=-0.014 
Region 15: obs=2.910, exp=2.543, diff=+0.368 
Region 16: obs=2.556, exp=2.543, diff=+0.014 
Region 17: obs=2.593, exp=2.543, diff=+0.050 
Region 18: obs=2.074, exp=2.543, diff=-0.468 
Region 19: obs=2.325, exp=2.543, diff=-0.218 
Region 20: obs=2.085, exp=2.543, diff=-0.457 
Region 21: obs=2.440, exp=2.543, diff=-0.102 
Region 22: obs=2.354, exp=2.543, diff=-0.188 
Region 23: obs=2.343, exp=2.543, diff=-0.200 
Region 24: obs=2.129, exp=2.543, diff=-0.413 
Region 25: obs=2.469, exp=2.543, diff=-0.074 
Region 26: obs=2.607, exp=2.543, diff=+0.064 
Region 27: obs=2.761, exp=2.543, diff=+0.218 
Region 28: obs=2.509, exp=2.543, diff=-0.033 

[Gene CN Results]
  CYP3A5: 2.54 → 2.5425853729248047
Using device: cuda

CYP3A5*1.001:

CYP3A5*1.002:

CYP3A5*1.003:

CYP3A5*1.004:

CYP3A5*1.005:

CYP3A5*3.001:

CYP3A5*3.012:

CYP3A5*3.013:

CYP3A5*3.014:

CYP3A5*3.015:

CYP3A5*3.016:

=== Running VAE with seed 9999 ===
Global Pooled JS: 0.008220
functional kld weight 0.0
Seed 9999, Step    0: Loss = 136.48 (Recon: 99.98, Allele KL: 8.87, Base KL: 525.82, Functional KL: 0.01
Global Pooled JS: 0.005429
functional kld weight 27.77777777777777
Seed 9999, Step  500: Loss = 98.07 (Recon: 58.88, Allele KL: 12.41, Base KL: 2938.77, Functional KL: 0.01
Global Pooled JS: 0.008458
functional kld weight 222.22222222222217
Seed 9999, Step 1000: Loss = 100.88 (Recon: 62.27, Allele KL: 9.81, Base KL: 3216.09, Functional KL: 0.01
Global Pooled JS: 0.007014
functional kld weight 750.0
Seed 9999, Step 1500: Loss = 108.52 (Recon: 61.16, Allele KL: 14.50, Base KL: 3999.77, Functional KL: 0.01
Global Pooled JS: 0.002543
functional kld weight 1777.7777777777774
Seed 9999, Step 2000: Loss = 111.27 (Recon: 61.94, Allele KL: 15.82, Base KL: 5393.30, Functional KL: 0.00
Global Pooled JS: 0.001559
functional kld weight 3472.222222222223
Seed 9999, Step 2500: Loss = 113.38 (Recon: 55.52, Allele KL: 22.56, Base KL: 6937.55, Functional KL: 0.00

Top Variants with Coverage Mismatches:
Rank   Variant                        Expected     Observed     Diff       |Div|       
------------------------------------------------------------------------------------------
1      CYP3A5:99270538→P              0.03         0.00         0.03       0.000273    
2      CYP3A5:99270538→M              0.03         0.00         0.03       0.000266    
3      CYP3A5:99270538→A              0.03         0.00         0.03       0.000263    
4      CYP3A5:99270538→G              0.03         0.00         0.03       0.000262    
5      CYP3A5:99270538→N              0.03         0.00         0.03       0.000262    
6      CYP3A5:99270538→T              18.09        31.00        -12.91     0.000023    
7      CYP3A5:99270538→C              23.45        39.00        -15.55     0.000006    
New best model with final loss: 116.13

=== Multi-Seed VAE Results ===
Best model had seed 9999 with final loss: 116.13
All seeds final losses:
  Seed 9999: Total=116.13 (Recon=58.39, A_KL=17.71, B_KL=9125.97) <- Best

[Raw]:
CYP3A5*3: Normalized=0.5672, Unnormalized=0.57
CYP3A5*1: Normalized=0.4328, Unnormalized=0.43

[Alleles]
CYP3A5*3
CYP3A5*1
	Command being timed: "python cyp.py CYP3A5 /project/shared/aldy-data/wgs/NA11839.wgs.cram 9999"
	User time (seconds): 51.56
	System time (seconds): 10.84
	Percent of CPU this job got: 99%
	Elapsed (wall clock) time (h:mm:ss or m:ss): 1:02.98
	Average shared text size (kbytes): 0
	Average unshared data size (kbytes): 0
	Average stack size (kbytes): 0
	Average total size (kbytes): 0
	Maximum resident set size (kbytes): 1889784
	Average resident set size (kbytes): 0
	Major (requiring I/O) page faults: 0
	Minor (reclaiming a frame) page faults: 502882
	Voluntary context switches: 9964
	Involuntary context switches: 102
	Swaps: 0
	File system inputs: 0
	File system outputs: 24
	Socket messages sent: 0
	Socket messages received: 0
	Signals delivered: 0
	Page size (bytes): 4096
	Exit status: 0
