[info] total indices 175
[info] total variants 175
1.001 was filtered out as 99270538 T>C needs T but not covered
1.002 was filtered out as 99270538 T>C needs T but not covered
1.003 was filtered out as 99270538 T>C needs T but not covered
1.004 was filtered out as 99270538 T>C needs T but not covered
1.005 was filtered out as 99270538 T>C needs T but not covered
3.002 was filtered out as 99273814 G>A needs A but not covered
3.003 was filtered out as 99270275 A>C needs C but not covered
3.004 was filtered out as 99245973 A>G needs G but not covered
3.005 was filtered out as 99264572 A>G needs G but not covered
3.006 was filtered out as 99247742 T>C needs C but not covered
3.007 was filtered out as 99247771 A>G needs G but not covered
3.008 was filtered out as 99273744 T>C needs C but not covered
3.009 was filtered out as 99262859 T>C needs C but not covered
3.010 was filtered out as 99250235 G>T needs T but not covered
3.017 was filtered out as 99262850 A>C needs C but not covered
6.001 was filtered out as 99270538 T>C needs T but not covered
7.001 was filtered out as 99270538 T>C needs T but not covered
8.001 was filtered out as 99270538 T>C needs T but not covered
9.001 was filtered out as 99270538 T>C needs T but not covered
[filter] CYP3A5 3 => 3.001; 3.012; 3.013; 3.014; 3.015; 3.016
[filter] valid_alleles=6
Step 0: Loss=0.1052, CN=[2.0999167]
Step 100: Loss=0.0335, CN=[2.4006748]
Step 200: Loss=0.0335, CN=[2.4007847]
Step 300: Loss=0.0335, CN=[2.4007938]
Step 400: Loss=0.0335, CN=[2.400794]

=== Fit ===
Region 0: obs=2.403, exp=2.401, diff=+0.002 
Region 1: obs=2.285, exp=2.401, diff=-0.116 
Region 2: obs=2.089, exp=2.401, diff=-0.312 
Region 3: obs=2.290, exp=2.401, diff=-0.111 
Region 4: obs=2.658, exp=2.401, diff=+0.257 
Region 5: obs=2.442, exp=2.401, diff=+0.041 
Region 6: obs=2.214, exp=2.401, diff=-0.186 
Region 7: obs=2.080, exp=2.401, diff=-0.321 
Region 8: obs=2.206, exp=2.401, diff=-0.195 
Region 9: obs=2.597, exp=2.401, diff=+0.196 
Region 10: obs=1.988, exp=2.401, diff=-0.412 
Region 11: obs=2.711, exp=2.401, diff=+0.310 
Region 12: obs=2.167, exp=2.401, diff=-0.234 
Region 13: obs=2.374, exp=2.401, diff=-0.026 
Region 14: obs=2.706, exp=2.401, diff=+0.305 
Region 15: obs=2.809, exp=2.401, diff=+0.408 
Region 16: obs=2.782, exp=2.401, diff=+0.381 
Region 17: obs=2.677, exp=2.401, diff=+0.276 
Region 18: obs=2.482, exp=2.401, diff=+0.082 
Region 19: obs=2.265, exp=2.401, diff=-0.136 
Region 20: obs=2.042, exp=2.401, diff=-0.359 
Region 21: obs=2.360, exp=2.401, diff=-0.041 
Region 22: obs=2.270, exp=2.401, diff=-0.131 
Region 23: obs=2.386, exp=2.401, diff=-0.015 
Region 24: obs=2.996, exp=2.401, diff=+0.595 *
Region 25: obs=2.572, exp=2.401, diff=+0.172 
Region 26: obs=2.227, exp=2.401, diff=-0.173 
Region 27: obs=2.049, exp=2.401, diff=-0.351 
Region 28: obs=2.591, exp=2.401, diff=+0.190 

[Gene CN Results]
  CYP3A5: 2.40 → 2.4007937908172607
Using device: cuda

CYP3A5*3.001:

CYP3A5*3.012:

CYP3A5*3.013:

CYP3A5*3.014:

CYP3A5*3.015:

CYP3A5*3.016:

=== Running VAE with seed 9999 ===
Global Pooled JS: 0.017542
functional kld weight 0.0
Seed 9999, Step    0: Loss = 106.72 (Recon: 75.25, Allele KL: 4.82, Base KL: 125.40, Functional KL: 0.02
Global Pooled JS: 0.009450
functional kld weight 27.77777777777777
Seed 9999, Step  500: Loss = 57.61 (Recon: 22.27, Allele KL: 11.10, Base KL: 4336.92, Functional KL: 0.01
Global Pooled JS: 0.009048
functional kld weight 222.22222222222217
Seed 9999, Step 1000: Loss = 74.59 (Recon: 37.81, Allele KL: 8.61, Base KL: 5080.41, Functional KL: 0.01
Global Pooled JS: 0.004916
functional kld weight 750.0
Seed 9999, Step 1500: Loss = 63.39 (Recon: 25.43, Allele KL: 7.76, Base KL: 6644.15, Functional KL: 0.00
Global Pooled JS: 0.003304
functional kld weight 1777.7777777777774
Seed 9999, Step 2000: Loss = 68.26 (Recon: 24.25, Allele KL: 9.75, Base KL: 8767.94, Functional KL: 0.00
Global Pooled JS: 0.002127
functional kld weight 3472.222222222223
Seed 9999, Step 2500: Loss = 71.67 (Recon: 22.77, Allele KL: 11.03, Base KL: 11290.30, Functional KL: 0.00

Top Variants with Coverage Mismatches:
Rank   Variant                        Expected     Observed     Diff       |Div|       
------------------------------------------------------------------------------------------
1      CYP3A5:99270538→M              0.03         0.00         0.03       0.000260    
2      CYP3A5:99270538→A              0.03         0.00         0.03       0.000258    
3      CYP3A5:99270538→N              0.03         0.00         0.03       0.000258    
4      CYP3A5:99270538→G              0.03         0.00         0.03       0.000257    
5      CYP3A5:99270538→P              0.03         0.00         0.03       0.000256    
6      CYP3A5:99270538→T              0.03         0.00         0.03       0.000250    
7      CYP3A5:99270538→C              44.30        44.00        0.30       0.000002    
New best model with final loss: 82.71

=== Multi-Seed VAE Results ===
Best model had seed 9999 with final loss: 82.71
All seeds final losses:
  Seed 9999: Total=82.71 (Recon=25.12, A_KL=10.84, B_KL=13963.30) <- Best

[Raw]:
CYP3A5*3: Normalized=1.0000, Unnormalized=1.00

[Alleles]
CYP3A5*3
CYP3A5*3
	Command being timed: "python cyp.py CYP3A5 /project/shared/aldy-data/wgs/NA12813.wgs.cram 9999"
	User time (seconds): 51.45
	System time (seconds): 10.77
	Percent of CPU this job got: 98%
	Elapsed (wall clock) time (h:mm:ss or m:ss): 1:03.21
	Average shared text size (kbytes): 0
	Average unshared data size (kbytes): 0
	Average stack size (kbytes): 0
	Average total size (kbytes): 0
	Maximum resident set size (kbytes): 1881012
	Average resident set size (kbytes): 0
	Major (requiring I/O) page faults: 0
	Minor (reclaiming a frame) page faults: 602700
	Voluntary context switches: 11463
	Involuntary context switches: 1434
	Swaps: 0
	File system inputs: 0
	File system outputs: 24
	Socket messages sent: 0
	Socket messages received: 0
	Signals delivered: 0
	Page size (bytes): 4096
	Exit status: 0
