[info] total indices 175
[info] total variants 175
3.002 was filtered out as 99273814 G>A needs A but not covered
3.003 was filtered out as 99270275 A>C needs C but not covered
3.004 was filtered out as 99245973 A>G needs G but not covered
3.005 was filtered out as 99264572 A>G needs G but not covered
3.006 was filtered out as 99247742 T>C needs C but not covered
3.007 was filtered out as 99247771 A>G needs G but not covered
3.008 was filtered out as 99273744 T>C needs C but not covered
3.009 was filtered out as 99262859 T>C needs C but not covered
3.010 was filtered out as 99250235 G>T needs T but not covered
3.017 was filtered out as 99262850 A>C needs C but not covered
6.001 was filtered out as 99262834 C>T needs T but not covered
7.001 was filtered out as 99250392 insA needs P but not covered
8.001 was filtered out as 99273820 G>A needs A but not covered
9.001 was filtered out as 99258138 C>T needs T but not covered
[filter] CYP3A5 1 => 1.001; 1.002; 1.003; 1.004; 1.005
[filter] CYP3A5 3 => 3.001; 3.012; 3.013; 3.014; 3.015; 3.016
[filter] valid_alleles=11
Step 0: Loss=0.1925, CN=[2.0999167]
Step 100: Loss=0.0811, CN=[2.557913]
Step 200: Loss=0.0811, CN=[2.5583456]
Step 300: Loss=0.0811, CN=[2.558346]
Step 400: Loss=0.0811, CN=[2.5583463]

=== Fit ===
Region 0: obs=2.803, exp=2.558, diff=+0.244 
Region 1: obs=2.310, exp=2.558, diff=-0.248 
Region 2: obs=1.707, exp=2.558, diff=-0.852 *
Region 3: obs=2.644, exp=2.558, diff=+0.086 
Region 4: obs=1.796, exp=2.558, diff=-0.762 *
Region 5: obs=2.374, exp=2.558, diff=-0.184 
Region 6: obs=1.995, exp=2.558, diff=-0.564 *
Region 7: obs=2.538, exp=2.558, diff=-0.021 
Region 8: obs=2.408, exp=2.558, diff=-0.150 
Region 9: obs=2.851, exp=2.558, diff=+0.293 
Region 10: obs=2.778, exp=2.558, diff=+0.220 
Region 11: obs=3.383, exp=2.558, diff=+0.824 *
Region 12: obs=2.955, exp=2.558, diff=+0.397 
Region 13: obs=2.606, exp=2.558, diff=+0.047 
Region 14: obs=2.233, exp=2.558, diff=-0.325 
Region 15: obs=2.971, exp=2.558, diff=+0.413 
Region 16: obs=3.693, exp=2.558, diff=+1.135 *
Region 17: obs=2.655, exp=2.558, diff=+0.097 
Region 18: obs=1.711, exp=2.558, diff=-0.847 *
Region 19: obs=2.880, exp=2.558, diff=+0.322 
Region 20: obs=2.145, exp=2.558, diff=-0.414 
Region 21: obs=2.695, exp=2.558, diff=+0.137 
Region 22: obs=2.448, exp=2.558, diff=-0.110 
Region 23: obs=2.692, exp=2.558, diff=+0.134 
Region 24: obs=2.382, exp=2.558, diff=-0.176 
Region 25: obs=2.578, exp=2.558, diff=+0.020 
Region 26: obs=2.704, exp=2.558, diff=+0.146 
Region 27: obs=2.397, exp=2.558, diff=-0.161 
Region 28: obs=2.792, exp=2.558, diff=+0.234 

[Gene CN Results]
  CYP3A5: 2.56 → 2.5583462715148926
Using device: cuda

CYP3A5*1.001:

CYP3A5*1.002:

CYP3A5*1.003:

CYP3A5*1.004:

CYP3A5*1.005:

CYP3A5*3.001:

CYP3A5*3.012:

CYP3A5*3.013:

CYP3A5*3.014:

CYP3A5*3.015:

CYP3A5*3.016:

=== Running VAE with seed 9999 ===
Global Pooled JS: 0.006371
functional kld weight 0.0
Seed 9999, Step    0: Loss = 139.33 (Recon: 99.96, Allele KL: 11.57, Base KL: 598.49, Functional KL: 0.01
Global Pooled JS: 0.005912
functional kld weight 27.77777777777777
Seed 9999, Step  500: Loss = 89.67 (Recon: 52.52, Allele KL: 9.82, Base KL: 3332.69, Functional KL: 0.01
Global Pooled JS: 0.007069
functional kld weight 222.22222222222217
Seed 9999, Step 1000: Loss = 93.24 (Recon: 50.98, Allele KL: 13.83, Base KL: 3487.70, Functional KL: 0.01
Global Pooled JS: 0.005739
functional kld weight 750.0
Seed 9999, Step 1500: Loss = 99.85 (Recon: 53.60, Allele KL: 14.12, Base KL: 4246.15, Functional KL: 0.01
Global Pooled JS: 0.002551
functional kld weight 1777.7777777777774
Seed 9999, Step 2000: Loss = 104.71 (Recon: 56.32, Allele KL: 14.94, Base KL: 5278.38, Functional KL: 0.00
Global Pooled JS: 0.001425
functional kld weight 3472.222222222223
Seed 9999, Step 2500: Loss = 104.31 (Recon: 46.65, Allele KL: 23.05, Base KL: 6845.58, Functional KL: 0.00

Top Variants with Coverage Mismatches:
Rank   Variant                        Expected     Observed     Diff       |Div|       
------------------------------------------------------------------------------------------
1      CYP3A5:99270538→P              0.04         0.00         0.04       0.000269    
2      CYP3A5:99270538→M              0.03         0.00         0.03       0.000263    
3      CYP3A5:99270538→A              0.03         0.00         0.03       0.000261    
4      CYP3A5:99270538→G              0.03         0.00         0.03       0.000261    
5      CYP3A5:99270538→N              0.03         0.00         0.03       0.000260    
6      CYP3A5:99270538→C              18.94        17.00        1.94       0.000112    
7      CYP3A5:99270538→T              26.38        22.00        4.38       0.000054    
New best model with final loss: 110.04

=== Multi-Seed VAE Results ===
Best model had seed 9999 with final loss: 110.04
All seeds final losses:
  Seed 9999: Total=110.04 (Recon=52.01, A_KL=15.45, B_KL=8765.86) <- Best

[Raw]:
CYP3A5*1: Normalized=0.5789, Unnormalized=0.58
CYP3A5*3: Normalized=0.4211, Unnormalized=0.42

[Alleles]
CYP3A5*1
CYP3A5*3
	Command being timed: "python cyp.py CYP3A5 /project/shared/aldy-data/wgs/NA18973.wgs.cram 9999"
	User time (seconds): 52.14
	System time (seconds): 10.84
	Percent of CPU this job got: 98%
	Elapsed (wall clock) time (h:mm:ss or m:ss): 1:03.73
	Average shared text size (kbytes): 0
	Average unshared data size (kbytes): 0
	Average stack size (kbytes): 0
	Average total size (kbytes): 0
	Maximum resident set size (kbytes): 1871420
	Average resident set size (kbytes): 0
	Major (requiring I/O) page faults: 0
	Minor (reclaiming a frame) page faults: 614405
	Voluntary context switches: 9980
	Involuntary context switches: 91
	Swaps: 0
	File system inputs: 0
	File system outputs: 24
	Socket messages sent: 0
	Socket messages received: 0
	Signals delivered: 0
	Page size (bytes): 4096
	Exit status: 0
