[info] total indices 175
[info] total variants 175
3.001 was filtered out as 99270538 T>C needs C but not covered
3.012 was filtered out as 99270538 T>C needs C but not covered
3.013 was filtered out as 99270538 T>C needs C but not covered
3.014 was filtered out as 99270538 T>C needs C but not covered
3.015 was filtered out as 99270538 T>C needs C but not covered
3.016 was filtered out as 99270538 T>C needs C but not covered
3.002 was filtered out as 99270538 T>C needs C but not covered
3.003 was filtered out as 99270538 T>C needs C but not covered
3.004 was filtered out as 99270538 T>C needs C but not covered
3.005 was filtered out as 99270538 T>C needs C but not covered
3.006 was filtered out as 99270538 T>C needs C but not covered
3.007 was filtered out as 99270538 T>C needs C but not covered
3.008 was filtered out as 99270538 T>C needs C but not covered
3.009 was filtered out as 99270538 T>C needs C but not covered
3.010 was filtered out as 99270538 T>C needs C but not covered
3.017 was filtered out as 99270538 T>C needs C but not covered
7.001 was filtered out as 99250392 insA needs P but not covered
8.001 was filtered out as 99273820 G>A needs A but not covered
9.001 was filtered out as 99258138 C>T needs T but not covered
[filter] CYP3A5 1 => 1.001; 1.002; 1.003; 1.004; 1.005
[filter] CYP3A5 6 => 6.001
[filter] valid_alleles=6
Step 0: Loss=0.0730, CN=[2.0999167]
Step 100: Loss=0.0369, CN=[2.2831216]
Step 200: Loss=0.0369, CN=[2.2826998]
Step 300: Loss=0.0369, CN=[2.2826936]
Step 400: Loss=0.0369, CN=[2.2826934]

=== Fit ===
Region 0: obs=2.226, exp=2.283, diff=-0.056 
Region 1: obs=1.851, exp=2.283, diff=-0.432 
Region 2: obs=1.528, exp=2.283, diff=-0.755 *
Region 3: obs=2.216, exp=2.283, diff=-0.067 
Region 4: obs=2.669, exp=2.283, diff=+0.386 
Region 5: obs=2.216, exp=2.283, diff=-0.067 
Region 6: obs=2.285, exp=2.283, diff=+0.002 
Region 7: obs=2.526, exp=2.283, diff=+0.243 
Region 8: obs=2.504, exp=2.283, diff=+0.222 
Region 9: obs=2.430, exp=2.283, diff=+0.148 
Region 10: obs=2.449, exp=2.283, diff=+0.166 
Region 11: obs=2.686, exp=2.283, diff=+0.404 
Region 12: obs=2.083, exp=2.283, diff=-0.200 
Region 13: obs=2.432, exp=2.283, diff=+0.149 
Region 14: obs=1.927, exp=2.283, diff=-0.356 
Region 15: obs=2.483, exp=2.283, diff=+0.201 
Region 16: obs=2.818, exp=2.283, diff=+0.535 *
Region 17: obs=2.201, exp=2.283, diff=-0.081 
Region 18: obs=1.871, exp=2.283, diff=-0.411 
Region 19: obs=2.293, exp=2.283, diff=+0.010 
Region 20: obs=1.813, exp=2.283, diff=-0.470 
Region 21: obs=2.229, exp=2.283, diff=-0.054 
Region 22: obs=2.290, exp=2.283, diff=+0.007 
Region 23: obs=2.335, exp=2.283, diff=+0.053 
Region 24: obs=2.313, exp=2.283, diff=+0.030 
Region 25: obs=2.270, exp=2.283, diff=-0.013 
Region 26: obs=2.252, exp=2.283, diff=-0.030 
Region 27: obs=2.276, exp=2.283, diff=-0.007 
Region 28: obs=2.506, exp=2.283, diff=+0.223 

[Gene CN Results]
  CYP3A5: 2.28 → 2.28269362449646
Using device: cuda

CYP3A5*1.001:

CYP3A5*1.002:

CYP3A5*1.003:

CYP3A5*1.004:

CYP3A5*1.005:

CYP3A5*6.001:

=== Running VAE with seed 9999 ===
Global Pooled JS: 0.178905
functional kld weight 0.0
Seed 9999, Step    0: Loss = 175.77 (Recon: 155.21, Allele KL: 1.80, Base KL: 130.56, Functional KL: 0.18
Global Pooled JS: 0.005116
functional kld weight 27.77777777777777
Seed 9999, Step  500: Loss = 51.66 (Recon: 24.75, Allele KL: 10.10, Base KL: 3070.42, Functional KL: 0.01
Global Pooled JS: 0.014979
functional kld weight 222.22222222222217
Seed 9999, Step 1000: Loss = 54.87 (Recon: 25.30, Allele KL: 9.54, Base KL: 3410.71, Functional KL: 0.01
Global Pooled JS: 0.004950
functional kld weight 750.0
Seed 9999, Step 1500: Loss = 55.07 (Recon: 22.73, Allele KL: 11.19, Base KL: 4206.17, Functional KL: 0.00
Global Pooled JS: 0.001994
functional kld weight 1777.7777777777774
Seed 9999, Step 2000: Loss = 65.28 (Recon: 29.98, Allele KL: 12.66, Base KL: 5530.08, Functional KL: 0.00
Global Pooled JS: 0.001493
functional kld weight 3472.222222222223
Seed 9999, Step 2500: Loss = 63.64 (Recon: 25.13, Allele KL: 13.05, Base KL: 7091.39, Functional KL: 0.00

Top Variants with Coverage Mismatches:
Rank   Variant                        Expected     Observed     Diff       |Div|       
------------------------------------------------------------------------------------------
1      CYP3A5:99262834→M              0.03         0.00         0.03       0.000180    
2      CYP3A5:99262834→A              0.03         0.00         0.03       0.000179    
3      CYP3A5:99262834→N              0.02         0.00         0.02       0.000174    
4      CYP3A5:99262834→P              0.02         0.00         0.02       0.000173    
5      CYP3A5:99262834→G              0.02         0.00         0.02       0.000173    
6      CYP3A5:99262834→T              26.60        23.00        3.60       0.000029    
7      CYP3A5:99262834→C              22.87        19.00        3.87       0.000021    
New best model with final loss: 68.37

=== Multi-Seed VAE Results ===
Best model had seed 9999 with final loss: 68.37
All seeds final losses:
  Seed 9999: Total=68.37 (Recon=26.86, A_KL=11.80, B_KL=8955.12) <- Best

[Raw]:
CYP3A5*6: Normalized=0.5396, Unnormalized=0.54
CYP3A5*1: Normalized=0.4604, Unnormalized=0.46

[Alleles]
CYP3A5*6
CYP3A5*1
	Command being timed: "python cyp.py CYP3A5 /project/shared/aldy-data/wgs/NA20296.wgs.cram 9999"
	User time (seconds): 39.36
	System time (seconds): 7.02
	Percent of CPU this job got: 99%
	Elapsed (wall clock) time (h:mm:ss or m:ss): 0:46.61
	Average shared text size (kbytes): 0
	Average unshared data size (kbytes): 0
	Average stack size (kbytes): 0
	Average total size (kbytes): 0
	Maximum resident set size (kbytes): 1885440
	Average resident set size (kbytes): 0
	Major (requiring I/O) page faults: 0
	Minor (reclaiming a frame) page faults: 598005
	Voluntary context switches: 9704
	Involuntary context switches: 610
	Swaps: 0
	File system inputs: 0
	File system outputs: 24
	Socket messages sent: 0
	Socket messages received: 0
	Signals delivered: 0
	Page size (bytes): 4096
	Exit status: 0
