[info] total indices 441
[info] total variants 441
2.001 was filtered out as 41497273 C>T needs T but not covered
2.002 was filtered out as 41497273 C>T needs T but not covered
3.001 was filtered out as 41515254 C>A needs A but not covered
5.001 was filtered out as 41522714 C>T needs T but not covered
5.002 was filtered out as 41522714 C>T needs T but not covered
5.003 was filtered out as 41522714 C>T needs T but not covered
7.001 was filtered out as 41522714 C>T needs T but not covered
8.001 was filtered out as 41510281 A>G needs G but not covered
10.001 was filtered out as 41497273 C>T needs T but not covered
11.001 was filtered out as 41497345 A>G needs G but not covered
12.001 was filtered out as 41510029 G>A needs A but not covered
13.001 was filtered out as 41510281 A>G needs G but not covered
14.001 was filtered out as 41510285 G>A needs A but not covered
15.001 was filtered out as 41518597 T>A needs A but not covered
17.001 was filtered out as 41497285 A>T needs T but not covered
17.002 was filtered out as 41497285 A>T needs T but not covered
18.001 was filtered out as 41518220 T>C needs C but not covered
18.002 was filtered out as 41518220 T>C needs C but not covered
19.001 was filtered out as 41518243 C>T needs T but not covered
20.001 was filtered out as 41512827 C>T needs T but not covered
21.001 was filtered out as 41518707 C>A needs A but not covered
22.001 was filtered out as 41497128 T>C needs C but not covered
23.001 was filtered out as 41522630 A>G needs G but not covered
24.001 was filtered out as 41522682 G>A needs A but not covered
25.001 was filtered out as 41522709 A>T needs T but not covered
26.001 was filtered out as 41512823 C>G needs G but not covered
27.001 was filtered out as 41512917 T>C needs C but not covered
28.001 was filtered out as 41515992 C>G needs G but not covered
31.001 was filtered out as 41516012 C>A needs A but not covered
32.001 was filtered out as 41518644 G>A needs A but not covered
33.001 was filtered out as 41522714 C>A needs A but not covered
34.001 was filtered out as 41497128 T>C needs C but not covered
35.001 was filtered out as 41497128 T>C needs C but not covered
36.001 was filtered out as 41497128 T>C needs C but not covered
37.001 was filtered out as 41512872 T>G needs G but not covered
38.001 was filtered out as 41509919 T>A needs A but not covered
[filter] CYP2B6 1 => 1.001; 1.002; 1.003; 1.004; 1.005; 1.006; 1.007; 1.008; 1.009; 1.010; 1.011; 1.012; 1.013; 1.014; 1.015
[filter] CYP2B6 4 => 4.001; 4.002
[filter] CYP2B6 6 => 6.001; 6.002; 6.003; 6.004
[filter] CYP2B6 9 => 9.001
[filter] valid_alleles=22
Step 0: Loss=0.0190, CN=[2.0999167]
Step 100: Loss=0.0161, CN=[2.0764122]
Step 200: Loss=0.0161, CN=[2.076296]
Step 300: Loss=0.0161, CN=[2.0762956]
Step 400: Loss=0.0161, CN=[2.0762959]

=== Fit ===
Region 0: obs=2.179, exp=2.076, diff=+0.103 
Region 1: obs=2.017, exp=2.076, diff=-0.060 
Region 2: obs=1.597, exp=2.076, diff=-0.479 
Region 3: obs=2.139, exp=2.076, diff=+0.063 
Region 4: obs=2.140, exp=2.076, diff=+0.064 
Region 5: obs=2.172, exp=2.076, diff=+0.096 
Region 6: obs=2.017, exp=2.076, diff=-0.059 
Region 7: obs=2.159, exp=2.076, diff=+0.083 
Region 8: obs=1.814, exp=2.076, diff=-0.262 
Region 9: obs=1.720, exp=2.076, diff=-0.357 
Region 10: obs=1.946, exp=2.076, diff=-0.130 
Region 11: obs=2.073, exp=2.076, diff=-0.004 
Region 12: obs=2.084, exp=2.076, diff=+0.008 
Region 13: obs=2.351, exp=2.076, diff=+0.275 
Region 14: obs=2.142, exp=2.076, diff=+0.065 
Region 15: obs=2.351, exp=2.076, diff=+0.275 
Region 16: obs=2.113, exp=2.076, diff=+0.037 
Region 17: obs=2.107, exp=2.076, diff=+0.031 
Region 18: obs=2.230, exp=2.076, diff=+0.154 
Region 19: obs=2.177, exp=2.076, diff=+0.101 
Region 20: obs=2.073, exp=2.076, diff=-0.004 

[Gene CN Results]
  CYP2B6: 2.08 → 2.076295852661133
Using device: cuda

CYP2B6*1.001:

CYP2B6*1.002:

CYP2B6*1.003:

CYP2B6*1.004:

CYP2B6*1.005:

CYP2B6*1.006:

CYP2B6*1.007:

CYP2B6*1.008:

CYP2B6*1.009:

CYP2B6*1.010:

CYP2B6*1.011:

CYP2B6*1.012:

CYP2B6*1.013:

CYP2B6*1.014:

CYP2B6*1.015:

CYP2B6*4.001:

CYP2B6*4.002:

CYP2B6*6.001:

CYP2B6*6.002:

CYP2B6*6.003:

CYP2B6*6.004:

CYP2B6*9.001:

=== Running VAE with seed 42 ===
Global Pooled JS: 0.031095
functional kld weight 0.0
Seed 42, Step    0: Loss = 694.94 (Recon: 653.91, Allele KL: 11.56, Base KL: 2819.87, Functional KL: 0.03
Global Pooled JS: 0.010566
functional kld weight 27.77777777777777
Seed 42, Step  500: Loss = 194.83 (Recon: 137.84, Allele KL: 30.12, Base KL: 2699.61, Functional KL: 0.01
Global Pooled JS: 0.017567
functional kld weight 222.22222222222217
Seed 42, Step 1000: Loss = 183.66 (Recon: 129.70, Allele KL: 23.27, Base KL: 2772.38, Functional KL: 0.02
Global Pooled JS: 0.010649
functional kld weight 750.0
Seed 42, Step 1500: Loss = 200.62 (Recon: 138.06, Allele KL: 27.24, Base KL: 3189.00, Functional KL: 0.01
Global Pooled JS: 0.008190
functional kld weight 1777.7777777777774
Seed 42, Step 2000: Loss = 220.48 (Recon: 145.97, Allele KL: 32.32, Base KL: 3980.94, Functional KL: 0.01
Global Pooled JS: 0.009809
functional kld weight 3472.222222222223
Seed 42, Step 2500: Loss = 226.64 (Recon: 130.94, Allele KL: 32.73, Base KL: 5315.98, Functional KL: 0.01

Top Variants with Coverage Mismatches:
Rank   Variant                        Expected     Observed     Diff       |Div|       
------------------------------------------------------------------------------------------
1      CYP2B6:41515262→A              27.28        30.00        -2.72      0.004246    
2      CYP2B6:41512840→G              27.27        18.00        9.27       0.001644    
3      CYP2B6:41512840→T              14.24        9.00         5.24       0.001221    
4      CYP2B6:41512840→P              0.04         0.00         0.04       0.000155    
5      CYP2B6:41512840→A              0.04         0.00         0.04       0.000153    
6      CYP2B6:41512840→C              0.04         0.00         0.04       0.000151    
7      CYP2B6:41512840→M              0.04         0.00         0.04       0.000151    
8      CYP2B6:41512840→N              0.04         0.00         0.04       0.000150    
9      CYP2B6:41515262→M              0.04         0.00         0.04       0.000146    
10     CYP2B6:41515262→P              0.03         0.00         0.03       0.000145    
11     CYP2B6:41515262→C              0.03         0.00         0.03       0.000143    
12     CYP2B6:41515262→T              0.03         0.00         0.03       0.000142    
13     CYP2B6:41515262→N              0.03         0.00         0.03       0.000139    
14     CYP2B6:41515262→G              14.24        11.00        3.24       0.000061    
New best model with final loss: 248.75

=== Multi-Seed VAE Results ===
Best model had seed 42 with final loss: 248.75
All seeds final losses:
  Seed 42: Total=248.75 (Recon=146.37, A_KL=28.17, B_KL=6808.67) <- Best

[Raw]:
CYP2B6*1: Normalized=0.6498, Unnormalized=0.65
CYP2B6*6: Normalized=0.3435, Unnormalized=0.34

[Alleles]
CYP2B6*1
CYP2B6*6
	Command being timed: "python cyp.py CYP2B6 /project/shared/aldy-data/wgs/HG00436.wgs.cram 42"
	User time (seconds): 100.34
	System time (seconds): 20.87
	Percent of CPU this job got: 99%
	Elapsed (wall clock) time (h:mm:ss or m:ss): 2:01.55
	Average shared text size (kbytes): 0
	Average unshared data size (kbytes): 0
	Average stack size (kbytes): 0
	Average total size (kbytes): 0
	Maximum resident set size (kbytes): 1875548
	Average resident set size (kbytes): 0
	Major (requiring I/O) page faults: 0
	Minor (reclaiming a frame) page faults: 595465
	Voluntary context switches: 10096
	Involuntary context switches: 254
	Swaps: 0
	File system inputs: 0
	File system outputs: 24
	Socket messages sent: 0
	Socket messages received: 0
	Signals delivered: 0
	Page size (bytes): 4096
	Exit status: 0
