[info] total indices 441
[info] total variants 441
2.001 was filtered out as 41497273 C>T needs T but not covered
2.002 was filtered out as 41497273 C>T needs T but not covered
3.001 was filtered out as 41515254 C>A needs A but not covered
5.001 was filtered out as 41522714 C>T needs T but not covered
5.002 was filtered out as 41522714 C>T needs T but not covered
5.003 was filtered out as 41522714 C>T needs T but not covered
7.001 was filtered out as 41522714 C>T needs T but not covered
8.001 was filtered out as 41510281 A>G needs G but not covered
10.001 was filtered out as 41497273 C>T needs T but not covered
11.001 was filtered out as 41497345 A>G needs G but not covered
12.001 was filtered out as 41510029 G>A needs A but not covered
13.001 was filtered out as 41510281 A>G needs G but not covered
14.001 was filtered out as 41510285 G>A needs A but not covered
15.001 was filtered out as 41518597 T>A needs A but not covered
17.001 was filtered out as 41497285 A>T needs T but not covered
17.002 was filtered out as 41497285 A>T needs T but not covered
18.001 was filtered out as 41518220 T>C needs C but not covered
18.002 was filtered out as 41518220 T>C needs C but not covered
19.001 was filtered out as 41518243 C>T needs T but not covered
20.001 was filtered out as 41512827 C>T needs T but not covered
21.001 was filtered out as 41518707 C>A needs A but not covered
22.001 was filtered out as 41497128 T>C needs C but not covered
23.001 was filtered out as 41522630 A>G needs G but not covered
24.001 was filtered out as 41522682 G>A needs A but not covered
25.001 was filtered out as 41522709 A>T needs T but not covered
26.001 was filtered out as 41512823 C>G needs G but not covered
27.001 was filtered out as 41512917 T>C needs C but not covered
28.001 was filtered out as 41515992 C>G needs G but not covered
31.001 was filtered out as 41516012 C>A needs A but not covered
32.001 was filtered out as 41518644 G>A needs A but not covered
33.001 was filtered out as 41522714 C>A needs A but not covered
34.001 was filtered out as 41497128 T>C needs C but not covered
35.001 was filtered out as 41497128 T>C needs C but not covered
36.001 was filtered out as 41497128 T>C needs C but not covered
37.001 was filtered out as 41512872 T>G needs G but not covered
38.001 was filtered out as 41509919 T>A needs A but not covered
[filter] CYP2B6 1 => 1.001; 1.002; 1.003; 1.004; 1.005; 1.006; 1.007; 1.008; 1.009; 1.010; 1.011; 1.012; 1.013; 1.014; 1.015
[filter] CYP2B6 4 => 4.001; 4.002
[filter] CYP2B6 6 => 6.001; 6.002; 6.003; 6.004
[filter] CYP2B6 9 => 9.001
[filter] valid_alleles=22
Step 0: Loss=0.0933, CN=[2.0999167]
Step 100: Loss=0.0552, CN=[2.2993174]
Step 200: Loss=0.0552, CN=[2.2989182]
Step 300: Loss=0.0552, CN=[2.2989116]
Step 400: Loss=0.0552, CN=[2.2989116]

=== Fit ===
Region 0: obs=2.356, exp=2.299, diff=+0.057 
Region 1: obs=1.874, exp=2.299, diff=-0.425 
Region 2: obs=2.575, exp=2.299, diff=+0.277 
Region 3: obs=2.505, exp=2.299, diff=+0.207 
Region 4: obs=2.036, exp=2.299, diff=-0.263 
Region 5: obs=1.920, exp=2.299, diff=-0.378 
Region 6: obs=2.774, exp=2.299, diff=+0.475 
Region 7: obs=2.650, exp=2.299, diff=+0.351 
Region 8: obs=2.588, exp=2.299, diff=+0.289 
Region 9: obs=2.290, exp=2.299, diff=-0.009 
Region 10: obs=1.632, exp=2.299, diff=-0.666 *
Region 11: obs=1.803, exp=2.299, diff=-0.496 
Region 12: obs=1.932, exp=2.299, diff=-0.367 
Region 13: obs=2.661, exp=2.299, diff=+0.362 
Region 14: obs=2.762, exp=2.299, diff=+0.463 
Region 15: obs=1.992, exp=2.299, diff=-0.307 
Region 16: obs=2.064, exp=2.299, diff=-0.235 
Region 17: obs=2.319, exp=2.299, diff=+0.020 
Region 18: obs=2.488, exp=2.299, diff=+0.189 
Region 19: obs=2.434, exp=2.299, diff=+0.135 
Region 20: obs=2.453, exp=2.299, diff=+0.154 

[Gene CN Results]
  CYP2B6: 2.30 → 2.2989115715026855
Using device: cuda

CYP2B6*1.001:

CYP2B6*1.002:

CYP2B6*1.003:

CYP2B6*1.004:

CYP2B6*1.005:

CYP2B6*1.006:

CYP2B6*1.007:

CYP2B6*1.008:

CYP2B6*1.009:

CYP2B6*1.010:

CYP2B6*1.011:

CYP2B6*1.012:

CYP2B6*1.013:

CYP2B6*1.014:

CYP2B6*1.015:

CYP2B6*4.001:

CYP2B6*4.002:

CYP2B6*6.001:

CYP2B6*6.002:

CYP2B6*6.003:

CYP2B6*6.004:

CYP2B6*9.001:

=== Running VAE with seed 42 ===
Global Pooled JS: 0.092972
functional kld weight 0.0
Seed 42, Step    0: Loss = 596.19 (Recon: 555.64, Allele KL: 11.37, Base KL: 2560.32, Functional KL: 0.09
Global Pooled JS: 0.037194
functional kld weight 27.77777777777777
Seed 42, Step  500: Loss = 189.68 (Recon: 128.21, Allele KL: 34.03, Base KL: 2767.51, Functional KL: 0.04
Global Pooled JS: 0.025837
functional kld weight 222.22222222222217
Seed 42, Step 1000: Loss = 170.52 (Recon: 110.65, Allele KL: 27.33, Base KL: 3020.53, Functional KL: 0.03
Global Pooled JS: 0.025208
functional kld weight 750.0
Seed 42, Step 1500: Loss = 193.05 (Recon: 114.34, Allele KL: 32.19, Base KL: 3701.79, Functional KL: 0.03
Global Pooled JS: 0.027929
functional kld weight 1777.7777777777774
Seed 42, Step 2000: Loss = 228.48 (Recon: 120.03, Allele KL: 30.10, Base KL: 4898.51, Functional KL: 0.03
Global Pooled JS: 0.023787
functional kld weight 3472.222222222223
Seed 42, Step 2500: Loss = 253.57 (Recon: 106.68, Allele KL: 33.90, Base KL: 6840.10, Functional KL: 0.02

Top Variants with Coverage Mismatches:
Rank   Variant                        Expected     Observed     Diff       |Div|       
------------------------------------------------------------------------------------------
1      CYP2B6:41515262→G              21.65        10.00        11.65      0.011213    
2      CYP2B6:41512840→G              20.68        29.00        -8.32      0.005964    
3      CYP2B6:41512840→T              21.75        27.00        -5.25      0.002856    
4      CYP2B6:41515262→A              20.70        14.00        6.70       0.002772    
5      CYP2B6:41515262→M              0.05         0.00         0.05       0.000211    
6      CYP2B6:41515262→P              0.05         0.00         0.05       0.000210    
7      CYP2B6:41515262→C              0.05         0.00         0.05       0.000206    
8      CYP2B6:41515262→T              0.05         0.00         0.05       0.000205    
9      CYP2B6:41515262→N              0.05         0.00         0.05       0.000200    
10     CYP2B6:41512840→P              0.03         0.00         0.03       0.000136    
11     CYP2B6:41512840→A              0.03         0.00         0.03       0.000134    
12     CYP2B6:41512840→C              0.03         0.00         0.03       0.000133    
13     CYP2B6:41512840→M              0.03         0.00         0.03       0.000133    
14     CYP2B6:41512840→N              0.03         0.00         0.03       0.000131    
New best model with final loss: 314.34

=== Multi-Seed VAE Results ===
Best model had seed 42 with final loss: 314.34
All seeds final losses:
  Seed 42: Total=314.34 (Recon=108.37, A_KL=36.17, B_KL=9065.21) <- Best

[Raw]:
CYP2B6*6: Normalized=0.5136, Unnormalized=0.51
CYP2B6*1: Normalized=0.4824, Unnormalized=0.48

[Alleles]
CYP2B6*6
CYP2B6*1
	Command being timed: "python cyp.py CYP2B6 /project/shared/aldy-data/wgs/NA06991.wgs.cram 42"
	User time (seconds): 100.96
	System time (seconds): 20.99
	Percent of CPU this job got: 99%
	Elapsed (wall clock) time (h:mm:ss or m:ss): 2:02.22
	Average shared text size (kbytes): 0
	Average unshared data size (kbytes): 0
	Average stack size (kbytes): 0
	Average total size (kbytes): 0
	Maximum resident set size (kbytes): 1872464
	Average resident set size (kbytes): 0
	Major (requiring I/O) page faults: 0
	Minor (reclaiming a frame) page faults: 617542
	Voluntary context switches: 10753
	Involuntary context switches: 272
	Swaps: 0
	File system inputs: 0
	File system outputs: 24
	Socket messages sent: 0
	Socket messages received: 0
	Signals delivered: 0
	Page size (bytes): 4096
	Exit status: 0
