[info] total indices 441
[info] total variants 441
2.001 was filtered out as 41497273 C>T needs T but not covered
2.002 was filtered out as 41497273 C>T needs T but not covered
3.001 was filtered out as 41515254 C>A needs A but not covered
5.001 was filtered out as 41522714 C>T needs T but not covered
5.002 was filtered out as 41522714 C>T needs T but not covered
5.003 was filtered out as 41522714 C>T needs T but not covered
7.001 was filtered out as 41522714 C>T needs T but not covered
8.001 was filtered out as 41510281 A>G needs G but not covered
10.001 was filtered out as 41497273 C>T needs T but not covered
11.001 was filtered out as 41497345 A>G needs G but not covered
12.001 was filtered out as 41510029 G>A needs A but not covered
13.001 was filtered out as 41510281 A>G needs G but not covered
14.001 was filtered out as 41510285 G>A needs A but not covered
15.001 was filtered out as 41518597 T>A needs A but not covered
17.001 was filtered out as 41497285 A>T needs T but not covered
17.002 was filtered out as 41497285 A>T needs T but not covered
18.001 was filtered out as 41518220 T>C needs C but not covered
18.002 was filtered out as 41518220 T>C needs C but not covered
19.001 was filtered out as 41518243 C>T needs T but not covered
20.001 was filtered out as 41512827 C>T needs T but not covered
21.001 was filtered out as 41518707 C>A needs A but not covered
22.001 was filtered out as 41497128 T>C needs C but not covered
23.001 was filtered out as 41522630 A>G needs G but not covered
24.001 was filtered out as 41522682 G>A needs A but not covered
25.001 was filtered out as 41522709 A>T needs T but not covered
26.001 was filtered out as 41512823 C>G needs G but not covered
27.001 was filtered out as 41512917 T>C needs C but not covered
28.001 was filtered out as 41515992 C>G needs G but not covered
31.001 was filtered out as 41516012 C>A needs A but not covered
32.001 was filtered out as 41518644 G>A needs A but not covered
33.001 was filtered out as 41522714 C>A needs A but not covered
34.001 was filtered out as 41497128 T>C needs C but not covered
35.001 was filtered out as 41497128 T>C needs C but not covered
36.001 was filtered out as 41497128 T>C needs C but not covered
37.001 was filtered out as 41512872 T>G needs G but not covered
38.001 was filtered out as 41509919 T>A needs A but not covered
[filter] CYP2B6 1 => 1.001; 1.002; 1.003; 1.004; 1.005; 1.006; 1.007; 1.008; 1.009; 1.010; 1.011; 1.012; 1.013; 1.014; 1.015
[filter] CYP2B6 4 => 4.001; 4.002
[filter] CYP2B6 6 => 6.001; 6.002; 6.003; 6.004
[filter] CYP2B6 9 => 9.001
[filter] valid_alleles=22
Step 0: Loss=0.0594, CN=[1.9000832]
Step 100: Loss=0.0168, CN=[1.7035186]
Step 200: Loss=0.0168, CN=[1.7028741]
Step 300: Loss=0.0168, CN=[1.7028689]
Step 400: Loss=0.0168, CN=[1.7028686]

=== Fit ===
Region 0: obs=1.809, exp=1.703, diff=+0.106 
Region 1: obs=1.327, exp=1.703, diff=-0.376 
Region 2: obs=1.347, exp=1.703, diff=-0.356 
Region 3: obs=1.715, exp=1.703, diff=+0.012 
Region 4: obs=2.129, exp=1.703, diff=+0.427 
Region 5: obs=1.695, exp=1.703, diff=-0.008 
Region 6: obs=1.828, exp=1.703, diff=+0.125 
Region 7: obs=1.744, exp=1.703, diff=+0.041 
Region 8: obs=1.721, exp=1.703, diff=+0.018 
Region 9: obs=1.776, exp=1.703, diff=+0.073 
Region 10: obs=1.768, exp=1.703, diff=+0.065 
Region 11: obs=1.744, exp=1.703, diff=+0.041 
Region 12: obs=1.472, exp=1.703, diff=-0.231 
Region 13: obs=1.816, exp=1.703, diff=+0.113 
Region 14: obs=1.682, exp=1.703, diff=-0.021 
Region 15: obs=1.929, exp=1.703, diff=+0.226 
Region 16: obs=1.736, exp=1.703, diff=+0.033 
Region 17: obs=1.684, exp=1.703, diff=-0.019 
Region 18: obs=1.394, exp=1.703, diff=-0.308 
Region 19: obs=1.730, exp=1.703, diff=+0.027 
Region 20: obs=1.716, exp=1.703, diff=+0.013 

[Gene CN Results]
  CYP2B6: 1.70 → 1.702868938446045
Using device: cuda

CYP2B6*1.001:

CYP2B6*1.002:

CYP2B6*1.003:

CYP2B6*1.004:

CYP2B6*1.005:

CYP2B6*1.006:

CYP2B6*1.007:

CYP2B6*1.008:

CYP2B6*1.009:

CYP2B6*1.010:

CYP2B6*1.011:

CYP2B6*1.012:

CYP2B6*1.013:

CYP2B6*1.014:

CYP2B6*1.015:

CYP2B6*4.001:

CYP2B6*4.002:

CYP2B6*6.001:

CYP2B6*6.002:

CYP2B6*6.003:

CYP2B6*6.004:

CYP2B6*9.001:

=== Running VAE with seed 42 ===
Global Pooled JS: 0.072336
functional kld weight 0.0
Seed 42, Step    0: Loss = 535.08 (Recon: 486.27, Allele KL: 17.78, Base KL: 4595.12, Functional KL: 0.07
Global Pooled JS: 0.012440
functional kld weight 27.77777777777777
Seed 42, Step  500: Loss = 242.71 (Recon: 185.96, Allele KL: 28.27, Base KL: 4016.42, Functional KL: 0.01
Global Pooled JS: 0.013919
functional kld weight 222.22222222222217
Seed 42, Step 1000: Loss = 238.41 (Recon: 176.88, Allele KL: 30.61, Base KL: 4150.47, Functional KL: 0.01
Global Pooled JS: 0.009073
functional kld weight 750.0
Seed 42, Step 1500: Loss = 256.98 (Recon: 195.39, Allele KL: 25.52, Base KL: 5009.18, Functional KL: 0.01
Global Pooled JS: 0.006747
functional kld weight 1777.7777777777774
Seed 42, Step 2000: Loss = 255.93 (Recon: 180.93, Allele KL: 32.87, Base KL: 6429.55, Functional KL: 0.01
Global Pooled JS: 0.003726
functional kld weight 3472.222222222223
Seed 42, Step 2500: Loss = 259.48 (Recon: 188.49, Allele KL: 25.97, Base KL: 8194.27, Functional KL: 0.00

Top Variants with Coverage Mismatches:
Rank   Variant                        Expected     Observed     Diff       |Div|       
------------------------------------------------------------------------------------------
1      CYP2B6:41515262→A              24.55        26.00        -1.45      0.001491    
2      CYP2B6:41512840→T              24.62        19.00        5.62       0.000349    
3      CYP2B6:41515262→G              24.62        19.00        5.62       0.000349    
4      CYP2B6:41515262→M              0.05         0.00         0.05       0.000166    
5      CYP2B6:41515262→P              0.05         0.00         0.05       0.000166    
6      CYP2B6:41512840→P              0.05         0.00         0.05       0.000165    
7      CYP2B6:41515262→C              0.05         0.00         0.05       0.000163    
8      CYP2B6:41515262→T              0.05         0.00         0.05       0.000163    
9      CYP2B6:41512840→A              0.05         0.00         0.05       0.000162    
10     CYP2B6:41512840→C              0.05         0.00         0.05       0.000161    
11     CYP2B6:41512840→M              0.05         0.00         0.05       0.000160    
12     CYP2B6:41512840→N              0.05         0.00         0.05       0.000159    
13     CYP2B6:41515262→N              0.05         0.00         0.05       0.000158    
14     CYP2B6:41512840→G              24.55        21.00        3.55       0.000001    
New best model with final loss: 273.57

=== Multi-Seed VAE Results ===
Best model had seed 42 with final loss: 273.57
All seeds final losses:
  Seed 42: Total=273.57 (Recon=193.77, A_KL=32.00, B_KL=10151.46) <- Best

[Raw]:
CYP2B6*6: Normalized=0.5017, Unnormalized=0.50
CYP2B6*1: Normalized=0.4931, Unnormalized=0.49

[Alleles]
CYP2B6*6
CYP2B6*1
	Command being timed: "python cyp.py CYP2B6 /project/shared/aldy-data/wgs/NA19109.wgs.cram 42"
	User time (seconds): 98.81
	System time (seconds): 20.93
	Percent of CPU this job got: 99%
	Elapsed (wall clock) time (h:mm:ss or m:ss): 2:00.03
	Average shared text size (kbytes): 0
	Average unshared data size (kbytes): 0
	Average stack size (kbytes): 0
	Average total size (kbytes): 0
	Maximum resident set size (kbytes): 1864752
	Average resident set size (kbytes): 0
	Major (requiring I/O) page faults: 0
	Minor (reclaiming a frame) page faults: 607864
	Voluntary context switches: 9960
	Involuntary context switches: 228
	Swaps: 0
	File system inputs: 0
	File system outputs: 24
	Socket messages sent: 0
	Socket messages received: 0
	Signals delivered: 0
	Page size (bytes): 4096
	Exit status: 0
