[info] total indices 441
[info] total variants 441
2.001 was filtered out as 41497273 C>T needs T but not covered
2.002 was filtered out as 41497273 C>T needs T but not covered
3.001 was filtered out as 41515254 C>A needs A but not covered
5.001 was filtered out as 41522714 C>T needs T but not covered
5.002 was filtered out as 41522714 C>T needs T but not covered
5.003 was filtered out as 41522714 C>T needs T but not covered
7.001 was filtered out as 41522714 C>T needs T but not covered
8.001 was filtered out as 41510281 A>G needs G but not covered
10.001 was filtered out as 41497273 C>T needs T but not covered
11.001 was filtered out as 41497345 A>G needs G but not covered
12.001 was filtered out as 41510029 G>A needs A but not covered
13.001 was filtered out as 41510281 A>G needs G but not covered
14.001 was filtered out as 41510285 G>A needs A but not covered
15.001 was filtered out as 41518597 T>A needs A but not covered
17.001 was filtered out as 41497285 A>T needs T but not covered
17.002 was filtered out as 41497285 A>T needs T but not covered
18.001 was filtered out as 41518220 T>C needs C but not covered
18.002 was filtered out as 41518220 T>C needs C but not covered
19.001 was filtered out as 41518243 C>T needs T but not covered
20.001 was filtered out as 41512827 C>T needs T but not covered
21.001 was filtered out as 41518707 C>A needs A but not covered
22.001 was filtered out as 41497128 T>C needs C but not covered
23.001 was filtered out as 41522630 A>G needs G but not covered
24.001 was filtered out as 41522682 G>A needs A but not covered
25.001 was filtered out as 41522709 A>T needs T but not covered
26.001 was filtered out as 41512823 C>G needs G but not covered
27.001 was filtered out as 41512917 T>C needs C but not covered
28.001 was filtered out as 41515992 C>G needs G but not covered
31.001 was filtered out as 41516012 C>A needs A but not covered
32.001 was filtered out as 41518644 G>A needs A but not covered
33.001 was filtered out as 41522714 C>A needs A but not covered
34.001 was filtered out as 41497128 T>C needs C but not covered
35.001 was filtered out as 41497128 T>C needs C but not covered
36.001 was filtered out as 41497128 T>C needs C but not covered
37.001 was filtered out as 41512872 T>G needs G but not covered
38.001 was filtered out as 41509919 T>A needs A but not covered
[filter] CYP2B6 1 => 1.001; 1.002; 1.003; 1.004; 1.005; 1.006; 1.007; 1.008; 1.009; 1.010; 1.011; 1.012; 1.013; 1.014; 1.015
[filter] CYP2B6 4 => 4.001; 4.002
[filter] CYP2B6 6 => 6.001; 6.002; 6.003; 6.004
[filter] CYP2B6 9 => 9.001
[filter] valid_alleles=22
Step 0: Loss=0.0455, CN=[1.9000834]
Step 100: Loss=0.0446, CN=[1.9541329]
Step 200: Loss=0.0446, CN=[1.9544142]
Step 300: Loss=0.0446, CN=[1.9544125]
Step 400: Loss=0.0446, CN=[1.9544129]

=== Fit ===
Region 0: obs=2.015, exp=1.954, diff=+0.060 
Region 1: obs=2.902, exp=1.954, diff=+0.947 *
Region 2: obs=2.007, exp=1.954, diff=+0.053 
Region 3: obs=2.037, exp=1.954, diff=+0.083 
Region 4: obs=1.586, exp=1.954, diff=-0.369 
Region 5: obs=1.491, exp=1.954, diff=-0.463 
Region 6: obs=2.248, exp=1.954, diff=+0.293 
Region 7: obs=1.993, exp=1.954, diff=+0.039 
Region 8: obs=1.758, exp=1.954, diff=-0.196 
Region 9: obs=1.838, exp=1.954, diff=-0.116 
Region 10: obs=1.829, exp=1.954, diff=-0.125 
Region 11: obs=1.890, exp=1.954, diff=-0.064 
Region 12: obs=1.811, exp=1.954, diff=-0.144 
Region 13: obs=2.548, exp=1.954, diff=+0.594 *
Region 14: obs=1.630, exp=1.954, diff=-0.324 
Region 15: obs=1.716, exp=1.954, diff=-0.239 
Region 16: obs=1.940, exp=1.954, diff=-0.015 
Region 17: obs=2.111, exp=1.954, diff=+0.157 
Region 18: obs=2.269, exp=1.954, diff=+0.315 
Region 19: obs=1.961, exp=1.954, diff=+0.007 
Region 20: obs=2.004, exp=1.954, diff=+0.049 

[Gene CN Results]
  CYP2B6: 1.95 → 1.9544119834899902
Using device: cuda

CYP2B6*1.001:

CYP2B6*1.002:

CYP2B6*1.003:

CYP2B6*1.004:

CYP2B6*1.005:

CYP2B6*1.006:

CYP2B6*1.007:

CYP2B6*1.008:

CYP2B6*1.009:

CYP2B6*1.010:

CYP2B6*1.011:

CYP2B6*1.012:

CYP2B6*1.013:

CYP2B6*1.014:

CYP2B6*1.015:

CYP2B6*4.001:

CYP2B6*4.002:

CYP2B6*6.001:

CYP2B6*6.002:

CYP2B6*6.003:

CYP2B6*6.004:

CYP2B6*9.001:

=== Running VAE with seed 9999 ===
Global Pooled JS: 0.015013
functional kld weight 0.0
Seed 9999, Step    0: Loss = 380.51 (Recon: 342.99, Allele KL: 9.47, Base KL: 1357.38, Functional KL: 0.02
Global Pooled JS: 0.019191
functional kld weight 27.77777777777777
Seed 9999, Step  500: Loss = 226.77 (Recon: 178.27, Allele KL: 21.96, Base KL: 1371.06, Functional KL: 0.02
Global Pooled JS: 0.005674
functional kld weight 222.22222222222217
Seed 9999, Step 1000: Loss = 238.45 (Recon: 188.51, Allele KL: 22.26, Base KL: 1448.26, Functional KL: 0.01
Global Pooled JS: 0.005603
functional kld weight 750.0
Seed 9999, Step 1500: Loss = 234.96 (Recon: 182.72, Allele KL: 21.20, Base KL: 1974.53, Functional KL: 0.01
Global Pooled JS: 0.005293
functional kld weight 1777.7777777777774
Seed 9999, Step 2000: Loss = 250.22 (Recon: 187.21, Allele KL: 25.69, Base KL: 3114.69, Functional KL: 0.01
Global Pooled JS: 0.003652
functional kld weight 3472.222222222223
Seed 9999, Step 2500: Loss = 251.50 (Recon: 183.11, Allele KL: 26.18, Base KL: 4769.73, Functional KL: 0.00

Top Variants with Coverage Mismatches:
Rank   Variant                        Expected     Observed     Diff       |Div|       
------------------------------------------------------------------------------------------
1      CYP2B6:41515262→G              11.14        10.00        1.14       0.000662    
2      CYP2B6:41515262→A              17.31        20.00        -2.69      0.000251    
3      CYP2B6:41515262→T              0.03         0.00         0.03       0.000180    
4      CYP2B6:41515262→M              0.03         0.00         0.03       0.000178    
5      CYP2B6:41515262→P              0.03         0.00         0.03       0.000178    
6      CYP2B6:41515262→C              0.03         0.00         0.03       0.000177    
7      CYP2B6:41512840→T              11.22        13.00        -1.78      0.000175    
8      CYP2B6:41515262→N              0.03         0.00         0.03       0.000173    
9      CYP2B6:41512840→C              0.03         0.00         0.03       0.000161    
10     CYP2B6:41512840→A              0.03         0.00         0.03       0.000159    
11     CYP2B6:41512840→P              0.03         0.00         0.03       0.000158    
12     CYP2B6:41512840→N              0.03         0.00         0.03       0.000156    
13     CYP2B6:41512840→M              0.03         0.00         0.03       0.000156    
14     CYP2B6:41512840→G              17.25        18.00        -0.75      0.000017    
New best model with final loss: 259.01

=== Multi-Seed VAE Results ===
Best model had seed 9999 with final loss: 259.01
All seeds final losses:
  Seed 9999: Total=259.01 (Recon=188.47, A_KL=23.58, B_KL=6949.18) <- Best

[Raw]:
CYP2B6*1: Normalized=0.5925, Unnormalized=0.59
CYP2B6*6: Normalized=0.3865, Unnormalized=0.39

[Alleles]
CYP2B6*1
CYP2B6*6
	Command being timed: "python cyp.py CYP2B6 /project/shared/aldy-data/wgs/NA18518.wgs.cram 9999"
	User time (seconds): 53.73
	System time (seconds): 12.26
	Percent of CPU this job got: 98%
	Elapsed (wall clock) time (h:mm:ss or m:ss): 1:06.85
	Average shared text size (kbytes): 0
	Average unshared data size (kbytes): 0
	Average stack size (kbytes): 0
	Average total size (kbytes): 0
	Maximum resident set size (kbytes): 1845004
	Average resident set size (kbytes): 0
	Major (requiring I/O) page faults: 0
	Minor (reclaiming a frame) page faults: 610789
	Voluntary context switches: 10165
	Involuntary context switches: 138
	Swaps: 0
	File system inputs: 0
	File system outputs: 24
	Socket messages sent: 0
	Socket messages received: 0
	Signals delivered: 0
	Page size (bytes): 4096
	Exit status: 0
