[info] total indices 2506
[info] total variants 2506
2.001 was filtered out as 42523942 G>A needs A but not covered
2.002 was filtered out as 42523942 G>A needs A but not covered
2.003 was filtered out as 42523942 G>A needs A but not covered
2.004 was filtered out as 42523942 G>A needs A but not covered
2.005 was filtered out as 42523942 G>A needs A but not covered
2.006 was filtered out as 42523942 G>A needs A but not covered
2.007 was filtered out as 42523942 G>A needs A but not covered
2.008 was filtered out as 42523942 G>A needs A but not covered
2.009 was filtered out as 42523942 G>A needs A but not covered
2.010 was filtered out as 42523942 G>A needs A but not covered
2.011 was filtered out as 42523942 G>A needs A but not covered
2.012 was filtered out as 42523942 G>A needs A but not covered
2.013 was filtered out as 42523942 G>A needs A but not covered
2.014 was filtered out as 42523942 G>A needs A but not covered
2.015 was filtered out as 42523942 G>A needs A but not covered
2.016 was filtered out as 42523942 G>A needs A but not covered
2.017 was filtered out as 42523942 G>A needs A but not covered
2.018 was filtered out as 42523942 G>A needs A but not covered
2.019 was filtered out as 42523942 G>A needs A but not covered
2.020 was filtered out as 42523942 G>A needs A but not covered
2.021 was filtered out as 42523942 G>A needs A but not covered
2.022 was filtered out as 42523942 G>A needs A but not covered
2.023 was filtered out as 42523942 G>A needs A but not covered
2.024 was filtered out as 42523942 G>A needs A but not covered
2.025 was filtered out as 42523942 G>A needs A but not covered
2.026 was filtered out as 42523942 G>A needs A but not covered
2.027 was filtered out as 42523942 G>A needs A but not covered
2.028 was filtered out as 42523942 G>A needs A but not covered
2.030 was filtered out as 42523942 G>A needs A but not covered
3.001 was filtered out as 42524243 delT needs N but not covered
3.002 was filtered out as 42524243 delT needs N but not covered
4.007 was filtered out as 42523854 G>A needs A but not covered
4.010 was filtered out as 42523942 G>A needs A but not covered
4.013 was filtered out as 42522664 G>C needs C but not covered
4.027 was filtered out as 42524212 C>T needs T but not covered
4.028 was filtered out as 42522723 G>T needs T but not covered
6.001 was filtered out as 42525085 delA needs N but not covered
6.002 was filtered out as 42525085 delA needs N but not covered
6.005 was filtered out as 42525085 delA needs N but not covered
6.006 was filtered out as 42525085 delA needs N but not covered
6.003 was filtered out as 42525085 delA needs N but not covered
6.004 was filtered out as 42525085 delA needs N but not covered
7.001 was filtered out as 42523857 T>G needs G but not covered
8.001 was filtered out as 42523942 G>A needs A but not covered
9.001 was filtered out as 42524175 delCTT needs N but not covered
9.002 was filtered out as 42524175 delCTT needs N but not covered
11.001 was filtered out as 42523942 G>A needs A but not covered
12.001 was filtered out as 42523942 G>A needs A but not covered
12.002 was filtered out as 42523942 G>A needs A but not covered
14.001 was filtered out as 42523942 G>A needs A but not covered
15.001 was filtered out as 42526655 insA needs P but not covered
15.002 was filtered out as 42526655 insA needs P but not covered
15.003 was filtered out as 42526655 insA needs P but not covered
17.001 was filtered out as 42523942 G>A needs A but not covered
17.002 was filtered out as 42523942 G>A needs A but not covered
17.003 was filtered out as 42523942 G>A needs A but not covered
17.004 was filtered out as 42523942 G>A needs A but not covered
17.005 was filtered out as 42523942 G>A needs A but not covered
17.006 was filtered out as 42523942 G>A needs A but not covered
18.001 was filtered out as 42522657 insCAGTGGGCA needs P but not covered
19.001 was filtered out as 42523942 G>A needs A but not covered
20.001 was filtered out as 42523942 G>A needs A but not covered
21.001 was filtered out as 42523942 G>A needs A but not covered
21.002 was filtered out as 42523942 G>A needs A but not covered
22.001 was filtered out as 42526711 G>A needs A but not covered
23.001 was filtered out as 42525837 G>A needs A but not covered
24.001 was filtered out as 42523939 T>G needs G but not covered
25.001 was filtered out as 42523594 G>C needs C but not covered
26.001 was filtered out as 42523515 A>G needs G but not covered
27.001 was filtered out as 42522939 C>T needs T but not covered
28.001 was filtered out as 42523942 G>A needs A but not covered
28.002 was filtered out as 42523942 G>A needs A but not covered
29.001 was filtered out as 42523942 G>A needs A but not covered
30.001 was filtered out as 42523942 G>A needs A but not covered
31.001 was filtered out as 42523942 G>A needs A but not covered
32.001 was filtered out as 42523942 G>A needs A but not covered
33.001 was filtered out as 42524309 C>A needs A but not covered
33.002 was filtered out as 42524309 C>A needs A but not covered
34.001 was filtered out as 42523942 G>A needs A but not covered
35.001 was filtered out as 42523942 G>A needs A but not covered
35.002 was filtered out as 42523942 G>A needs A but not covered
35.003 was filtered out as 42523942 G>A needs A but not covered
35.004 was filtered out as 42523942 G>A needs A but not covered
35.005 was filtered out as 42523942 G>A needs A but not covered
35.006 was filtered out as 42523942 G>A needs A but not covered
35.007 was filtered out as 42523942 G>A needs A but not covered
36.001 was filtered out as 42522664 G>C needs C but not covered
36.002 was filtered out as 42522664 G>C needs C but not covered
36.003 was filtered out as 42522664 G>C needs C but not covered
36.004 was filtered out as 42522664 G>C needs C but not covered
37.001 was filtered out as 42524849 C>T needs T but not covered
38.001 was filtered out as 42524200 delTCAG needs N but not covered
40.001 was filtered out as 42523942 G>A needs A but not covered
41.001 was filtered out as 42523942 G>A needs A but not covered
41.002 was filtered out as 42523942 G>A needs A but not covered
41.003 was filtered out as 42523942 G>A needs A but not covered
41.004 was filtered out as 42523942 G>A needs A but not covered
41.005 was filtered out as 42523942 G>A needs A but not covered
42.001 was filtered out as 42523942 G>A needs A but not covered
43.001 was filtered out as 42526716 C>T needs T but not covered
43.002 was filtered out as 42526716 C>T needs T but not covered
44.001 was filtered out as 42526711 G>A needs A but not covered
45.001 was filtered out as 42523942 G>A needs A but not covered
45.002 was filtered out as 42523942 G>A needs A but not covered
45.003 was filtered out as 42523942 G>A needs A but not covered
45.004 was filtered out as 42523942 G>A needs A but not covered
46.001 was filtered out as 42523942 G>A needs A but not covered
46.002 was filtered out as 42523942 G>A needs A but not covered
46.003 was filtered out as 42523942 G>A needs A but not covered
47.001 was filtered out as 42526720 G>A needs A but not covered
48.001 was filtered out as 42525822 G>A needs A but not covered
49.001 was filtered out as 42525181 A>T needs T but not covered
50.001 was filtered out as 42525072 T>G needs G but not covered
51.001 was filtered out as 42523942 G>A needs A but not covered
52.001 was filtered out as 42522915 C>T needs T but not covered
52.002 was filtered out as 42522915 C>T needs T but not covered
53.001 was filtered out as 42525181 A>T needs T but not covered
54.001 was filtered out as 42524236 G>A needs A but not covered
55.001 was filtered out as 42523942 G>A needs A but not covered
56.001 was filtered out as 42523942 G>A needs A but not covered
56.002 was filtered out as 42523591 G>A needs A but not covered
56.003 was filtered out as 42523591 G>A needs A but not covered
57.001 was filtered out as 42522664 G>C needs C but not covered
57.1001 was filtered out as 42525907 G>A needs A but not covered
58.001 was filtered out as 42523942 G>A needs A but not covered
59.001 was filtered out as 42523942 G>A needs A but not covered
60.001 was filtered out as 42524904 insTA needs P but not covered
62.001 was filtered out as 42522748 G>A needs A but not covered
63.001 was filtered out as 42523942 G>A needs A but not covered
64.001 was filtered out as 42525771 G>A needs A but not covered
65.001 was filtered out as 42523942 G>A needs A but not covered
69.001 was filtered out as 42523942 G>A needs A but not covered
70.001 was filtered out as 42525131 C.C>G.T needs M but not covered
71.001 was filtered out as 42526668 C>T needs T but not covered
71.002 was filtered out as 42526668 C>T needs T but not covered
71.003 was filtered out as 42526668 C>T needs T but not covered
72.001 was filtered out as 42523474 C>T needs T but not covered
73.001 was filtered out as 42523942 G>A needs A but not covered
75.001 was filtered out as 42522747 C>T needs T but not covered
75.002 was filtered out as 42522747 C>T needs T but not covered
81.001 was filtered out as 42524213 G>A needs A but not covered
82.001 was filtered out as 42525780 A>G needs G but not covered
83.001 was filtered out as 42522664 G>C needs C but not covered
83.002 was filtered out as 42522664 G>C needs C but not covered
83.003 was filtered out as 42522664 G>C needs C but not covered
84.001 was filtered out as 42523942 G>A needs A but not covered
84.002 was filtered out as 42523942 G>A needs A but not covered
85.001 was filtered out as 42523942 G>A needs A but not covered
86.001 was filtered out as 42524186 C>T needs T but not covered
87.001 was filtered out as 42526779 G>A needs A but not covered
88.001 was filtered out as 42525780 A>G needs G but not covered
89.001 was filtered out as 42525114 A>G needs G but not covered
90.001 was filtered out as 42525099 T>C needs C but not covered
91.001 was filtered out as 42523942 G>A needs A but not covered
92.001 was filtered out as 42524797 delG needs N but not covered
93.001 was filtered out as 42524273 T>G needs G but not covered
94.001 was filtered out as 42523611 T>C needs C but not covered
94.002 was filtered out as 42523611 T>C needs C but not covered
95.001 was filtered out as 42523458 C>T needs T but not covered
96.001 was filtered out as 42522897 G>A needs A but not covered
97.001 was filtered out as 42522698 G>T needs T but not covered
98.001 was filtered out as 42523942 G>A needs A but not covered
99.001 was filtered out as 42525828 C>G needs G but not covered
100.001 was filtered out as 42523964 delG needs N but not covered
101.001 was filtered out as 42523847 delCACATCCGGATGTAGGATC needs N but not covered
102.001 was filtered out as 42523942 G>A needs A but not covered
103.001 was filtered out as 42523942 G>A needs A but not covered
104.001 was filtered out as 42523942 G>A needs A but not covered
105.001 was filtered out as 42523942 G>A needs A but not covered
106.001 was filtered out as 42522915 C>T needs T but not covered
106.002 was filtered out as 42522915 C>T needs T but not covered
106.003 was filtered out as 42522915 C>T needs T but not covered
107.001 was filtered out as 42525133 C>T needs T but not covered
108.001 was filtered out as 42523566 T>C needs C but not covered
109.001 was filtered out as 42524175 delCTT needs N but not covered
110.001 was filtered out as 42522736 C>T needs T but not covered
111.001 was filtered out as 42523942 G>A needs A but not covered
111.002 was filtered out as 42523942 G>A needs A but not covered
112.001 was filtered out as 42522606 G>A needs A but not covered
113.001 was filtered out as 42522753 C>T needs T but not covered
114.001 was filtered out as 42523942 G>A needs A but not covered
115.001 was filtered out as 42524175 delCTT needs N but not covered
116.001 was filtered out as 42523632 C>G needs G but not covered
117.001 was filtered out as 42523942 G>A needs A but not covered
118.001 was filtered out as 42523900 T>C needs C but not covered
119.001 was filtered out as 42523804 C>T needs T but not covered
120.001 was filtered out as 42526729 delG needs N but not covered
121.001 was filtered out as 42523942 G>A needs A but not covered
122.001 was filtered out as 42523513 C>T needs T but not covered
123.001 was filtered out as 42523942 G>A needs A but not covered
124.001 was filtered out as 42522982 delGA needs N but not covered
124.002 was filtered out as 42522982 delGA needs N but not covered
125.001 was filtered out as 42523942 G>A needs A but not covered
126.001 was filtered out as 42523942 G>A needs A but not covered
127.001 was filtered out as 42523557 T>C needs C but not covered
128.001 was filtered out as 42523942 G>A needs A but not covered
129.001 was filtered out as 42523942 G>A needs A but not covered
130.001 was filtered out as 42524879 CA>AG needs A but not covered
131.001 was filtered out as 42524326 A>G needs G but not covered
132.001 was filtered out as 42523974 T>C needs C but not covered
133.001 was filtered out as 42523942 G>A needs A but not covered
134.001 was filtered out as 42523590 C>T needs T but not covered
135.001 was filtered out as 42523942 G>A needs A but not covered
136.001 was filtered out as 42523942 G>A needs A but not covered
137.001 was filtered out as 42522579 C>T needs T but not covered
138.001 was filtered out as 42523942 G>A needs A but not covered
140.001 was filtered out as 42524330 G>A needs A but not covered
141.001 was filtered out as 42523942 G>A needs A but not covered
141.1001 was filtered out as 42523942 G>A needs A but not covered
142.001 was filtered out as 42526711 G>A needs A but not covered
143.001 was filtered out as 42526762 C>T needs T but not covered
144.001 was filtered out as 42524352 C>T needs T but not covered
145.001 was filtered out as 42524928 insGGGGCGAAA not covered (cov=0)
146.001 was filtered out as 42523942 G>A needs A but not covered
147.001 was filtered out as 42524928 insGGGGCGAAA not covered (cov=0)
148.001 was filtered out as 42523942 G>A needs A but not covered
149.001 was filtered out as 42523942 G>A needs A but not covered
152.001 was filtered out as 42524341 G>A needs A but not covered
153.001 was filtered out as 42524808 C>T needs T but not covered
154.001 was filtered out as 42523942 G>A needs A but not covered
155.001 was filtered out as 42523942 G>A needs A but not covered
156.001 was filtered out as 42523942 G>A needs A but not covered
157.001 was filtered out as 42523942 G>A needs A but not covered
158.001 was filtered out as 42523942 G>A needs A but not covered
159.001 was filtered out as 42523942 G>A needs A but not covered
160.001 was filtered out as 42523942 G>A needs A but not covered
161.001 was filtered out as 42523942 G>A needs A but not covered
162.001 was filtered out as 42523942 G>A needs A but not covered
163.001 was filtered out as 42523942 G>A needs A but not covered
[filter] CYP2D6 1.001 => 1.001; 1.002; 1.003; 1.004; 1.005; 1.006; 1.007; 1.008; 1.009; 1.010; 1.011; 1.012; 1.013; 1.014; 1.015; 1.016; 1.017; 1.018; 1.019; 1.020; 1.021; 1.022; 1.023; 1.024; 1.025; 1.026; 1.027; 1.028; 1.029; 1.030; 1.031; 1.032; 1.033; 1.034; 1.035; 1.036; 1.037; 1.038; 1.039; 1.040; 1.041; 1.042; 1.043; 1.044; 1.045; 1.046; 1.047; 1.048; 1.049
[filter] CYP2D6 4.001 => 4.001; 4.002; 4.006; 4.008; 4.014; 4.015; 4.016; 4.017; 4.018; 4.020; 4.022; 4.023; 4.024; 4.025; 4.026; 4.029; 4.030
[filter] CYP2D6 4.003 => 4.003; 4.004; 4.005; 4.011; 4.019
[filter] CYP2D6 4.009 => 4.009
[filter] CYP2D6 4.012 => 4.012
[filter] CYP2D6 4.021 => 4.021
[filter] CYP2D6 4.1013 => 4.1013
[filter] CYP2D6 4.1021 => 4.1021
[filter] CYP2D6 4.2021 => 4.2021
[filter] CYP2D6 5.001 => 5.001
[filter] CYP2D6 10.001 => 10.001; 10.002; 10.003; 10.004; 10.005; 10.006; 10.007; 10.1004
[filter] CYP2D6 36.1001 => 36.1001
[filter] CYP2D6 39.001 => 39.001; 39.002
[filter] CYP2D6 61.001 => 61.001
[filter] CYP2D6 68.001 => 68.001
[filter] CYP2D6 68.002 => 68.002
[filter] CYP2D6 74.001 => 74.001
[filter] CYP2D6 83.1003 => 83.1003
[filter] CYP2D6 139.001 => 139.001
[filter] valid_alleles=95
Step 0: Loss=0.1296, CN=[2.0999167]
Step 100: Loss=0.1215, CN=[2.1535962]
Step 200: Loss=0.1215, CN=[2.153173]
Step 300: Loss=0.1215, CN=[2.1531765]
Step 400: Loss=0.1215, CN=[2.1531768]

=== Fit ===
Region 0: obs=2.437, exp=2.153, diff=+0.284 
Region 1: obs=1.916, exp=2.153, diff=-0.237 
Region 2: obs=1.802, exp=2.153, diff=-0.352 
Region 3: obs=1.926, exp=2.153, diff=-0.227 
Region 4: obs=1.999, exp=2.153, diff=-0.154 
Region 5: obs=2.512, exp=2.153, diff=+0.358 
Region 6: obs=2.449, exp=2.153, diff=+0.296 
Region 7: obs=2.359, exp=2.153, diff=+0.206 
Region 8: obs=2.722, exp=2.153, diff=+0.569 *
Region 9: obs=2.235, exp=2.153, diff=+0.082 
Region 10: obs=2.487, exp=2.153, diff=+0.334 
Region 11: obs=2.406, exp=2.153, diff=+0.253 
Region 12: obs=2.282, exp=2.153, diff=+0.129 
Region 13: obs=2.355, exp=2.153, diff=+0.202 
Region 14: obs=3.142, exp=2.153, diff=+0.989 *
Region 15: obs=2.770, exp=2.153, diff=+0.617 *
Region 16: obs=1.988, exp=2.153, diff=-0.165 
Region 17: obs=1.508, exp=2.153, diff=-0.645 *
Region 18: obs=1.626, exp=2.153, diff=-0.527 *
Region 19: obs=1.541, exp=2.153, diff=-0.612 *
Region 20: obs=1.538, exp=2.153, diff=-0.615 *
Region 21: obs=0.000, exp=2.153, diff=-2.153 *
Region 22: obs=2.144, exp=2.153, diff=-0.009 

[Gene CN Results]
  CYP2D6: 2.15 → 2.1531765460968018

=== CYP2D6 Fusion Template CN Estimation ===

Using CN configs: ['1', '68.001', '141.1001']

Region coverage:
  up: 2.4
  utr5: 1.9
  e1: 1.8
  i1: 1.9
  e2: 2.0
  i2: 2.5
  e3: 2.4
  i3: 2.4
  e4: 2.7
  i4: 2.2
  e5: 2.5
  i5: 2.4
  e6: 2.3
  i6: 2.4
  e7: 3.1
  i7: 2.8
  e8: 2.0
  i8: 1.5
  e9: 1.6
  utr3: 1.5
  ins: 1.5
  pce: 0.0
  rep: 2.1
  e1_2d7: 0.0
  e2_2d7: 0.3
  e3_2d7: 0.3
  e5_2d7: 0.0
  e6_2d7: 0.1
  e9_2d7: 0.0
  pce_2d7: 0.1

CN configs: ['1', '68.001', '141.1001']
PCE contributions: {'1': tensor(0.), '68.001': tensor(1.), '141.1001': tensor(1.)}
Gene CN: 2.15 → required total: 2
Respect gene CN constraint: True
Enumerating configurations that sum to 2...
Evaluated 6 configurations

Top 5 configurations:
  1. loss=3.33: 1:2
  2. loss=6.46: 1:1, 141.1001:1
  3. loss=20.09: 141.1001:2
  4. loss=25.06: 1:1, 68.001:1
  5. loss=38.69: 68.001:1, 141.1001:1

Best CN assignment (loss=3.33):
  1: 2
  Total: 2

Fit comparison:
  up: obs=2.4, exp=2.0, diff=+0.4
  utr5: obs=1.9, exp=2.0, diff=-0.1
  e1: obs=1.8, exp=2.0, diff=-0.2
  i1: obs=1.9, exp=2.0, diff=-0.1
  e2: obs=2.0, exp=2.0, diff=-0.0
  i2: obs=2.5, exp=2.0, diff=+0.5
  e3: obs=2.4, exp=2.0, diff=+0.4
  i3: obs=2.4, exp=2.0, diff=+0.4
  e4: obs=2.7, exp=2.0, diff=+0.7
  i4: obs=2.2, exp=2.0, diff=+0.2
  e5: obs=2.5, exp=2.0, diff=+0.5
  i5: obs=2.4, exp=2.0, diff=+0.4
  e6: obs=2.3, exp=2.0, diff=+0.3
  i6: obs=2.4, exp=2.0, diff=+0.4
  e7: obs=3.1, exp=2.0, diff=+1.1
  i7: obs=2.8, exp=2.0, diff=+0.8
  e8: obs=2.0, exp=2.0, diff=-0.0
  i8: obs=1.5, exp=2.0, diff=-0.5
  e9: obs=1.6, exp=2.0, diff=-0.4
  utr3: obs=1.5, exp=2.0, diff=-0.5
  ins: obs=1.5, exp=2.0, diff=-0.5
  pce: obs=0.0, exp=0.0, diff=+0.0
  rep: obs=2.1, exp=2.0, diff=+0.1
  e1_2d7: obs=0.0, exp=0.0, diff=+0.0
  e2_2d7: obs=0.3, exp=0.0, diff=+0.3
  e3_2d7: obs=0.3, exp=0.0, diff=+0.3
  e5_2d7: obs=0.0, exp=0.0, diff=+0.0
  e6_2d7: obs=0.1, exp=0.0, diff=+0.1
  e9_2d7: obs=0.0, exp=0.0, diff=+0.0
  pce_2d7: obs=0.1, exp=0.0, diff=+0.1

[Selected CN Configs] 1:2
  Total CYP2D6 CN: 2

[Filtering alleles by cn_config]

Kept alleles by cn_config:
  1: 11 major alleles
    *1.001, *10.001, *139.001, *39.001, *4.001, *4.003, *4.009, *4.012, *4.021, *4.2021 ... +1 more

  Filtered: 8 alleles
  Kept: 87 alleles

[Updating N variant counts for deleted regions]
  Total updated: 0 positions

[Rebuilding allele vectors for fusion cn_configs]
Using device: cuda

CYP2D6*1.001:

CYP2D6*1.002:

CYP2D6*1.003:

CYP2D6*1.004:

CYP2D6*1.005:

CYP2D6*1.006:

CYP2D6*1.007:

CYP2D6*1.008:

CYP2D6*1.009:

CYP2D6*1.010:

CYP2D6*1.011:

CYP2D6*1.012:

CYP2D6*1.013:

CYP2D6*1.014:

CYP2D6*1.015:

CYP2D6*1.016:

CYP2D6*1.017:

CYP2D6*1.018:

CYP2D6*1.019:

CYP2D6*1.020:

CYP2D6*1.021:

CYP2D6*1.022:

CYP2D6*1.023:

CYP2D6*1.024:

CYP2D6*1.025:

CYP2D6*1.026:

CYP2D6*1.027:

CYP2D6*1.028:

CYP2D6*1.029:

CYP2D6*1.030:

CYP2D6*1.031:

CYP2D6*1.032:

CYP2D6*1.033:

CYP2D6*1.034:

CYP2D6*1.035:

CYP2D6*1.036:

CYP2D6*1.037:

CYP2D6*1.038:

CYP2D6*1.039:

CYP2D6*1.040:

CYP2D6*1.041:

CYP2D6*1.042:

CYP2D6*1.043:

CYP2D6*1.044:

CYP2D6*1.045:

CYP2D6*1.046:

CYP2D6*1.047:

CYP2D6*1.048:

CYP2D6*1.049:

CYP2D6*4.001:

CYP2D6*4.002:

CYP2D6*4.006:

CYP2D6*4.008:

CYP2D6*4.014:

CYP2D6*4.015:

CYP2D6*4.016:

CYP2D6*4.017:

CYP2D6*4.018:

CYP2D6*4.020:

CYP2D6*4.022:

CYP2D6*4.023:

CYP2D6*4.024:

CYP2D6*4.025:

CYP2D6*4.026:

CYP2D6*4.029:

CYP2D6*4.030:

CYP2D6*4.003:

CYP2D6*4.004:

CYP2D6*4.005:

CYP2D6*4.011:

CYP2D6*4.019:

CYP2D6*4.009:

CYP2D6*4.012:

CYP2D6*4.021:

CYP2D6*4.2021:

CYP2D6*10.001:

CYP2D6*10.002:

CYP2D6*10.003:

CYP2D6*10.004:

CYP2D6*10.005:

CYP2D6*10.006:

CYP2D6*10.007:

CYP2D6*10.1004:

CYP2D6*39.001:

CYP2D6*39.002:

CYP2D6*74.001:

CYP2D6*139.001:

=== Running VAE with seed 123 ===
Global Pooled JS: 0.075849
functional kld weight 0.0
Seed 123, Step    0: Loss = 1646.43 (Recon: 1115.28, Allele KL: 267.59, Base KL: 155103.31, Functional KL: 0.08
Global Pooled JS: 0.019398
functional kld weight 27.77777777777777
Seed 123, Step  500: Loss = 834.77 (Recon: 688.48, Allele KL: 32.95, Base KL: 26335.40, Functional KL: 0.02
Global Pooled JS: 0.021318
functional kld weight 222.22222222222217
Seed 123, Step 1000: Loss = 832.75 (Recon: 685.19, Allele KL: 42.82, Base KL: 26103.03, Functional KL: 0.02
Global Pooled JS: 0.021772
functional kld weight 750.0
Seed 123, Step 1500: Loss = 839.05 (Recon: 680.48, Allele KL: 41.20, Base KL: 26352.84, Functional KL: 0.02
Global Pooled JS: 0.017546
functional kld weight 1777.7777777777774
Seed 123, Step 2000: Loss = 853.61 (Recon: 673.50, Allele KL: 43.81, Base KL: 27093.75, Functional KL: 0.02
Global Pooled JS: 0.016370
functional kld weight 3472.222222222223
Seed 123, Step 2500: Loss = 896.45 (Recon: 683.87, Allele KL: 47.22, Base KL: 28014.35, Functional KL: 0.02

Top Variants with Coverage Mismatches:
Rank   Variant                        Expected     Observed     Diff       |Div|       
------------------------------------------------------------------------------------------
1      CYP2D6:42525820→G              37.38        21.00        16.38      0.003137    
2      CYP2D6:42523527→C              26.43        41.00        -14.57     0.002602    
3      CYP2D6:42523527→T              16.36        26.00        -9.64      0.001804    
4      CYP2D6:42522612→C              20.57        13.00        7.57       0.001134    
5      CYP2D6:42525820→T              5.52         10.00        -4.48      0.001045    
6      CYP2D6:42524946→C              20.76        28.00        -7.24      0.000929    
7      CYP2D6:42526693→A              21.87        15.00        6.87       0.000827    
8      CYP2D6:42525810→C              21.65        15.00        6.65       0.000776    
9      CYP2D6:42526693→G              20.62        16.00        4.62       0.000351    
10     CYP2D6:42525131→G              17.35        21.00        -3.65      0.000326    
11     CYP2D6:42522915→C              43.03        38.00        5.03       0.000148    
12     CYP2D6:42526693→M              0.11         0.00         0.11       0.000112    
13     CYP2D6:42526693→N              0.11         0.00         0.11       0.000112    
14     CYP2D6:42526693→T              0.11         0.00         0.11       0.000112    
15     CYP2D6:42526693→C              0.11         0.00         0.11       0.000110    
16     CYP2D6:42526693→P              0.11         0.00         0.11       0.000110    
17     CYP2D6:42525810→N              0.11         0.00         0.11       0.000109    
18     CYP2D6:42525810→G              0.11         0.00         0.11       0.000108    
19     CYP2D6:42525810→A              0.11         0.00         0.11       0.000108    
20     CYP2D6:42525810→P              0.11         0.00         0.11       0.000108    
21     CYP2D6:42525810→M              0.11         0.00         0.11       0.000107    
22     CYP2D6:42522612→G              22.01        24.00        -1.99      0.000104    
23     CYP2D6:42524946→M              0.10         0.00         0.10       0.000100    
24     CYP2D6:42524946→P              0.10         0.00         0.10       0.000100    
25     CYP2D6:42524946→G              0.10         0.00         0.10       0.000099    
26     CYP2D6:42524946→N              0.10         0.00         0.10       0.000099    
27     CYP2D6:42524946→A              0.10         0.00         0.10       0.000098    
28     CYP2D6:42522612→N              0.09         0.00         0.09       0.000094    
29     CYP2D6:42522612→A              0.09         0.00         0.09       0.000093    
30     CYP2D6:42522612→T              0.09         0.00         0.09       0.000093    
31     CYP2D6:42522612→P              0.09         0.00         0.09       0.000093    
32     CYP2D6:42522612→M              0.09         0.00         0.09       0.000092    
33     CYP2D6:42523527→M              0.05         0.00         0.05       0.000053    
34     CYP2D6:42523527→N              0.05         0.00         0.05       0.000052    
35     CYP2D6:42523527→P              0.05         0.00         0.05       0.000052    
36     CYP2D6:42523527→A              0.05         0.00         0.05       0.000052    
37     CYP2D6:42523527→G              0.05         0.00         0.05       0.000051    
38     CYP2D6:42525820→A              0.03         0.00         0.03       0.000030    
39     CYP2D6:42525820→C              0.03         0.00         0.03       0.000030    
40     CYP2D6:42525820→P              0.03         0.00         0.03       0.000030    
41     CYP2D6:42525820→N              0.03         0.00         0.03       0.000029    
42     CYP2D6:42525820→M              0.03         0.00         0.03       0.000029    
43     CYP2D6:42522915→G              0.01         0.00         0.01       0.000014    
44     CYP2D6:42525131→C              25.69        26.00        -0.31      0.000013    
45     CYP2D6:42525810→T              20.86        21.00        -0.14      0.000008    
46     CYP2D6:42524946→T              21.79        21.00        0.79       0.000001    
47     CYP2D6:42522915→A              0.00         0.00         0.00       0.000000    
48     CYP2D6:42522915→M              0.00         0.00         0.00       0.000000    
49     CYP2D6:42522915→N              0.00         0.00         0.00       0.000000    
50     CYP2D6:42522915→P              0.00         0.00         0.00       0.000000    
51     CYP2D6:42522915→T              0.00         0.00         0.00       0.000000    
52     CYP2D6:42525131→A              0.00         0.00         0.00       0.000000    
53     CYP2D6:42525131→M              0.00         0.00         0.00       0.000000    
54     CYP2D6:42525131→N              0.00         0.00         0.00       0.000000    
55     CYP2D6:42525131→P              0.00         0.00         0.00       0.000000    
56     CYP2D6:42525131→T              0.00         0.00         0.00       0.000000    
New best model with final loss: 928.21

=== Multi-Seed VAE Results ===
Best model had seed 123 with final loss: 928.21
All seeds final losses:
  Seed 123: Total=928.21 (Recon=670.44, A_KL=61.91, B_KL=29542.49) <- Best

[Raw]:
CYP2D6*4: Normalized=0.5205, Unnormalized=0.52
CYP2D6*1: Normalized=0.4736, Unnormalized=0.47

Allocating by cn_config:

[Alleles]
CYP2D6*4
CYP2D6*1
	Command being timed: "python cyp.py CYP2D6 /project/shared/aldy-data/wgs/NA07019.wgs.cram 123"
	User time (seconds): 106.39
	System time (seconds): 19.91
	Percent of CPU this job got: 100%
	Elapsed (wall clock) time (h:mm:ss or m:ss): 2:05.55
	Average shared text size (kbytes): 0
	Average unshared data size (kbytes): 0
	Average stack size (kbytes): 0
	Average total size (kbytes): 0
	Maximum resident set size (kbytes): 2078880
	Average resident set size (kbytes): 0
	Major (requiring I/O) page faults: 0
	Minor (reclaiming a frame) page faults: 733293
	Voluntary context switches: 11791
	Involuntary context switches: 1442
	Swaps: 0
	File system inputs: 0
	File system outputs: 64
	Socket messages sent: 0
	Socket messages received: 0
	Signals delivered: 0
	Page size (bytes): 4096
	Exit status: 0
