[info] total indices 175
[info] total variants 175
1.001 was filtered out as 99270538 T>C needs T but not covered
1.002 was filtered out as 99270538 T>C needs T but not covered
1.003 was filtered out as 99270538 T>C needs T but not covered
1.004 was filtered out as 99270538 T>C needs T but not covered
1.005 was filtered out as 99270538 T>C needs T but not covered
3.002 was filtered out as 99273814 G>A needs A but not covered
3.003 was filtered out as 99270275 A>C needs C but not covered
3.004 was filtered out as 99245973 A>G needs G but not covered
3.005 was filtered out as 99264572 A>G needs G but not covered
3.006 was filtered out as 99247742 T>C needs C but not covered
3.007 was filtered out as 99247771 A>G needs G but not covered
3.008 was filtered out as 99273744 T>C needs C but not covered
3.009 was filtered out as 99262859 T>C needs C but not covered
3.010 was filtered out as 99250235 G>T needs T but not covered
3.017 was filtered out as 99262850 A>C needs C but not covered
6.001 was filtered out as 99270538 T>C needs T but not covered
7.001 was filtered out as 99270538 T>C needs T but not covered
8.001 was filtered out as 99270538 T>C needs T but not covered
9.001 was filtered out as 99270538 T>C needs T but not covered
[filter] CYP3A5 3 => 3.001; 3.012; 3.013; 3.014; 3.015; 3.016
[filter] valid_alleles=6
Step 0: Loss=0.1140, CN=[2.0999167]
Step 100: Loss=0.0430, CN=[2.400771]
Step 200: Loss=0.0430, CN=[2.4015145]
Step 300: Loss=0.0430, CN=[2.4015226]
Step 400: Loss=0.0430, CN=[2.4015226]

=== Fit ===
Region 0: obs=2.271, exp=2.402, diff=-0.131 
Region 1: obs=2.199, exp=2.402, diff=-0.202 
Region 2: obs=2.114, exp=2.402, diff=-0.287 
Region 3: obs=2.294, exp=2.402, diff=-0.107 
Region 4: obs=1.933, exp=2.402, diff=-0.469 
Region 5: obs=1.957, exp=2.402, diff=-0.444 
Region 6: obs=2.704, exp=2.402, diff=+0.303 
Region 7: obs=2.513, exp=2.402, diff=+0.112 
Region 8: obs=2.731, exp=2.402, diff=+0.330 
Region 9: obs=2.425, exp=2.402, diff=+0.023 
Region 10: obs=2.869, exp=2.402, diff=+0.467 
Region 11: obs=2.730, exp=2.402, diff=+0.328 
Region 12: obs=2.506, exp=2.402, diff=+0.105 
Region 13: obs=2.307, exp=2.402, diff=-0.095 
Region 14: obs=2.700, exp=2.402, diff=+0.298 
Region 15: obs=2.512, exp=2.402, diff=+0.110 
Region 16: obs=2.366, exp=2.402, diff=-0.035 
Region 17: obs=2.523, exp=2.402, diff=+0.122 
Region 18: obs=2.079, exp=2.402, diff=-0.322 
Region 19: obs=2.323, exp=2.402, diff=-0.078 
Region 20: obs=1.839, exp=2.402, diff=-0.562 *
Region 21: obs=2.333, exp=2.402, diff=-0.068 
Region 22: obs=2.060, exp=2.402, diff=-0.341 
Region 23: obs=2.482, exp=2.402, diff=+0.081 
Region 24: obs=2.380, exp=2.402, diff=-0.021 
Region 25: obs=2.355, exp=2.402, diff=-0.046 
Region 26: obs=3.269, exp=2.402, diff=+0.867 *
Region 27: obs=2.651, exp=2.402, diff=+0.249 
Region 28: obs=2.522, exp=2.402, diff=+0.120 

[Gene CN Results]
  CYP3A5: 2.40 → 2.401522636413574
Using device: cuda

CYP3A5*3.001:

CYP3A5*3.012:

CYP3A5*3.013:

CYP3A5*3.014:

CYP3A5*3.015:

CYP3A5*3.016:

=== Running VAE with seed 42 ===
Global Pooled JS: 0.017091
functional kld weight 0.0
Seed 42, Step    0: Loss = 98.70 (Recon: 70.08, Allele KL: 1.97, Base KL: 94.44, Functional KL: 0.02
Global Pooled JS: 0.011086
functional kld weight 27.77777777777777
Seed 42, Step  500: Loss = 71.14 (Recon: 40.76, Allele KL: 4.48, Base KL: 4433.44, Functional KL: 0.01
Global Pooled JS: 0.007769
functional kld weight 222.22222222222217
Seed 42, Step 1000: Loss = 61.31 (Recon: 28.42, Allele KL: 5.67, Base KL: 5147.75, Functional KL: 0.01
Global Pooled JS: 0.004368
functional kld weight 750.0
Seed 42, Step 1500: Loss = 57.84 (Recon: 21.08, Allele KL: 7.44, Base KL: 6667.85, Functional KL: 0.00
Global Pooled JS: 0.002794
functional kld weight 1777.7777777777774
Seed 42, Step 2000: Loss = 63.99 (Recon: 20.47, Allele KL: 10.69, Base KL: 8808.85, Functional KL: 0.00
Global Pooled JS: 0.001859
functional kld weight 3472.222222222223
Seed 42, Step 2500: Loss = 72.98 (Recon: 20.43, Allele KL: 15.87, Base KL: 11429.09, Functional KL: 0.00

Top Variants with Coverage Mismatches:
Rank   Variant                        Expected     Observed     Diff       |Div|       
------------------------------------------------------------------------------------------
1      CYP3A5:99270538→P              0.04         0.00         0.04       0.000290    
2      CYP3A5:99270538→T              0.04         0.00         0.04       0.000288    
3      CYP3A5:99270538→N              0.04         0.00         0.04       0.000288    
4      CYP3A5:99270538→G              0.04         0.00         0.04       0.000285    
5      CYP3A5:99270538→M              0.04         0.00         0.04       0.000284    
6      CYP3A5:99270538→A              0.04         0.00         0.04       0.000284    
7      CYP3A5:99270538→C              43.95        42.00        1.95       0.000003    
New best model with final loss: 79.77

=== Multi-Seed VAE Results ===
Best model had seed 42 with final loss: 79.77
All seeds final losses:
  Seed 42: Total=79.77 (Recon=24.51, A_KL=8.77, B_KL=14064.33) <- Best

[Raw]:
CYP3A5*3: Normalized=1.0000, Unnormalized=1.00

[Alleles]
CYP3A5*3
CYP3A5*3
	Command being timed: "python cyp.py CYP3A5 /project/shared/aldy-data/wgs/NA07019.wgs.cram 42"
	User time (seconds): 52.21
	System time (seconds): 11.39
	Percent of CPU this job got: 99%
	Elapsed (wall clock) time (h:mm:ss or m:ss): 1:04.01
	Average shared text size (kbytes): 0
	Average unshared data size (kbytes): 0
	Average stack size (kbytes): 0
	Average total size (kbytes): 0
	Maximum resident set size (kbytes): 1888756
	Average resident set size (kbytes): 0
	Major (requiring I/O) page faults: 0
	Minor (reclaiming a frame) page faults: 661673
	Voluntary context switches: 11688
	Involuntary context switches: 256
	Swaps: 0
	File system inputs: 0
	File system outputs: 24
	Socket messages sent: 0
	Socket messages received: 0
	Signals delivered: 0
	Page size (bytes): 4096
	Exit status: 0
