[info] total indices 175
[info] total variants 175
1.001 was filtered out as 99270538 T>C needs T but not covered
1.002 was filtered out as 99270538 T>C needs T but not covered
1.003 was filtered out as 99270538 T>C needs T but not covered
1.004 was filtered out as 99270538 T>C needs T but not covered
1.005 was filtered out as 99270538 T>C needs T but not covered
3.002 was filtered out as 99273814 G>A needs A but not covered
3.003 was filtered out as 99270275 A>C needs C but not covered
3.004 was filtered out as 99245973 A>G needs G but not covered
3.005 was filtered out as 99264572 A>G needs G but not covered
3.006 was filtered out as 99247742 T>C needs C but not covered
3.007 was filtered out as 99247771 A>G needs G but not covered
3.008 was filtered out as 99273744 T>C needs C but not covered
3.009 was filtered out as 99262859 T>C needs C but not covered
3.010 was filtered out as 99250235 G>T needs T but not covered
3.017 was filtered out as 99262850 A>C needs C but not covered
6.001 was filtered out as 99270538 T>C needs T but not covered
7.001 was filtered out as 99270538 T>C needs T but not covered
8.001 was filtered out as 99270538 T>C needs T but not covered
9.001 was filtered out as 99270538 T>C needs T but not covered
[filter] CYP3A5 3 => 3.001; 3.012; 3.013; 3.014; 3.015; 3.016
[filter] valid_alleles=6
Step 0: Loss=0.2124, CN=[2.0999167]
Step 100: Loss=0.0611, CN=[2.6354022]
Step 200: Loss=0.0611, CN=[2.6353552]
Step 300: Loss=0.0611, CN=[2.635347]
Step 400: Loss=0.0611, CN=[2.6353467]

=== Fit ===
Region 0: obs=2.582, exp=2.635, diff=-0.054 
Region 1: obs=2.759, exp=2.635, diff=+0.123 
Region 2: obs=2.835, exp=2.635, diff=+0.200 
Region 3: obs=2.501, exp=2.635, diff=-0.135 
Region 4: obs=2.263, exp=2.635, diff=-0.373 
Region 5: obs=2.358, exp=2.635, diff=-0.277 
Region 6: obs=2.041, exp=2.635, diff=-0.594 *
Region 7: obs=2.739, exp=2.635, diff=+0.104 
Region 8: obs=2.869, exp=2.635, diff=+0.234 
Region 9: obs=2.695, exp=2.635, diff=+0.060 
Region 10: obs=2.004, exp=2.635, diff=-0.631 *
Region 11: obs=2.450, exp=2.635, diff=-0.186 
Region 12: obs=1.974, exp=2.635, diff=-0.661 *
Region 13: obs=2.769, exp=2.635, diff=+0.134 
Region 14: obs=2.929, exp=2.635, diff=+0.293 
Region 15: obs=3.045, exp=2.635, diff=+0.409 
Region 16: obs=3.144, exp=2.635, diff=+0.509 *
Region 17: obs=2.781, exp=2.635, diff=+0.146 
Region 18: obs=3.591, exp=2.635, diff=+0.956 *
Region 19: obs=2.869, exp=2.635, diff=+0.234 
Region 20: obs=2.627, exp=2.635, diff=-0.008 
Region 21: obs=2.579, exp=2.635, diff=-0.056 
Region 22: obs=2.359, exp=2.635, diff=-0.277 
Region 23: obs=2.475, exp=2.635, diff=-0.161 
Region 24: obs=2.348, exp=2.635, diff=-0.287 
Region 25: obs=2.637, exp=2.635, diff=+0.002 
Region 26: obs=3.342, exp=2.635, diff=+0.706 *
Region 27: obs=2.421, exp=2.635, diff=-0.214 
Region 28: obs=2.724, exp=2.635, diff=+0.089 

[Gene CN Results]
  CYP3A5: 2.64 → 2.6353466510772705
Using device: cuda

CYP3A5*3.001:

CYP3A5*3.012:

CYP3A5*3.013:

CYP3A5*3.014:

CYP3A5*3.015:

CYP3A5*3.016:

=== Running VAE with seed 42 ===
Global Pooled JS: 0.017182
functional kld weight 0.0
Seed 42, Step    0: Loss = 109.97 (Recon: 80.26, Allele KL: 3.12, Base KL: 109.44, Functional KL: 0.02
Global Pooled JS: 0.010381
functional kld weight 27.77777777777777
Seed 42, Step  500: Loss = 76.29 (Recon: 45.70, Allele KL: 4.42, Base KL: 4765.37, Functional KL: 0.01
Global Pooled JS: 0.007282
functional kld weight 222.22222222222217
Seed 42, Step 1000: Loss = 64.76 (Recon: 31.50, Allele KL: 5.89, Base KL: 5479.92, Functional KL: 0.01
Global Pooled JS: 0.004207
functional kld weight 750.0
Seed 42, Step 1500: Loss = 60.68 (Recon: 24.21, Allele KL: 7.05, Base KL: 6887.66, Functional KL: 0.00
Global Pooled JS: 0.002721
functional kld weight 1777.7777777777774
Seed 42, Step 2000: Loss = 67.57 (Recon: 23.44, Allele KL: 11.22, Base KL: 9054.32, Functional KL: 0.00
Global Pooled JS: 0.001807
functional kld weight 3472.222222222223
Seed 42, Step 2500: Loss = 76.79 (Recon: 23.29, Allele KL: 16.80, Base KL: 11681.56, Functional KL: 0.00

Top Variants with Coverage Mismatches:
Rank   Variant                        Expected     Observed     Diff       |Div|       
------------------------------------------------------------------------------------------
1      CYP3A5:99270538→P              0.04         0.00         0.04       0.000288    
2      CYP3A5:99270538→T              0.04         0.00         0.04       0.000286    
3      CYP3A5:99270538→N              0.04         0.00         0.04       0.000286    
4      CYP3A5:99270538→G              0.04         0.00         0.04       0.000283    
5      CYP3A5:99270538→A              0.04         0.00         0.04       0.000282    
6      CYP3A5:99270538→M              0.04         0.00         0.04       0.000282    
7      CYP3A5:99270538→C              49.75        65.00        -15.25     0.000003    
New best model with final loss: 83.21

=== Multi-Seed VAE Results ===
Best model had seed 42 with final loss: 83.21
All seeds final losses:
  Seed 42: Total=83.21 (Recon=27.75, A_KL=8.74, B_KL=14261.16) <- Best

[Raw]:
CYP3A5*3: Normalized=1.0000, Unnormalized=1.00

[Alleles]
CYP3A5*3
CYP3A5*3
	Command being timed: "python cyp.py CYP3A5 /project/shared/aldy-data/wgs/NA19007.wgs.cram 42"
	User time (seconds): 53.01
	System time (seconds): 11.12
	Percent of CPU this job got: 99%
	Elapsed (wall clock) time (h:mm:ss or m:ss): 1:04.69
	Average shared text size (kbytes): 0
	Average unshared data size (kbytes): 0
	Average stack size (kbytes): 0
	Average total size (kbytes): 0
	Maximum resident set size (kbytes): 1901316
	Average resident set size (kbytes): 0
	Major (requiring I/O) page faults: 0
	Minor (reclaiming a frame) page faults: 603326
	Voluntary context switches: 10063
	Involuntary context switches: 1132
	Swaps: 0
	File system inputs: 0
	File system outputs: 24
	Socket messages sent: 0
	Socket messages received: 0
	Signals delivered: 0
	Page size (bytes): 4096
	Exit status: 0
