[info] total indices 175
[info] total variants 175
3.002 was filtered out as 99273814 G>A needs A but not covered
3.003 was filtered out as 99270275 A>C needs C but not covered
3.004 was filtered out as 99245973 A>G needs G but not covered
3.005 was filtered out as 99264572 A>G needs G but not covered
3.006 was filtered out as 99247742 T>C needs C but not covered
3.007 was filtered out as 99247771 A>G needs G but not covered
3.008 was filtered out as 99273744 T>C needs C but not covered
3.009 was filtered out as 99262859 T>C needs C but not covered
3.010 was filtered out as 99250235 G>T needs T but not covered
3.017 was filtered out as 99262850 A>C needs C but not covered
7.001 was filtered out as 99250392 insA needs P but not covered
8.001 was filtered out as 99273820 G>A needs A but not covered
9.001 was filtered out as 99258138 C>T needs T but not covered
[filter] CYP3A5 1 => 1.001; 1.002; 1.003; 1.004; 1.005
[filter] CYP3A5 3 => 3.001; 3.012; 3.013; 3.014; 3.015; 3.016
[filter] CYP3A5 6 => 6.001
[filter] valid_alleles=12
Step 0: Loss=0.0359, CN=[2.0999167]
Step 100: Loss=0.0297, CN=[2.1161964]
Step 200: Loss=0.0297, CN=[2.1161938]
Step 300: Loss=0.0297, CN=[2.1161938]
Step 400: Loss=0.0297, CN=[2.1161935]

=== Fit ===
Region 0: obs=2.180, exp=2.116, diff=+0.064 
Region 1: obs=1.998, exp=2.116, diff=-0.118 
Region 2: obs=2.039, exp=2.116, diff=-0.078 
Region 3: obs=2.175, exp=2.116, diff=+0.059 
Region 4: obs=1.846, exp=2.116, diff=-0.270 
Region 5: obs=1.999, exp=2.116, diff=-0.117 
Region 6: obs=2.817, exp=2.116, diff=+0.701 *
Region 7: obs=2.070, exp=2.116, diff=-0.046 
Region 8: obs=1.726, exp=2.116, diff=-0.391 
Region 9: obs=2.035, exp=2.116, diff=-0.082 
Region 10: obs=2.393, exp=2.116, diff=+0.277 
Region 11: obs=2.107, exp=2.116, diff=-0.009 
Region 12: obs=1.933, exp=2.116, diff=-0.183 
Region 13: obs=2.110, exp=2.116, diff=-0.006 
Region 14: obs=2.084, exp=2.116, diff=-0.032 
Region 15: obs=2.415, exp=2.116, diff=+0.299 
Region 16: obs=2.877, exp=2.116, diff=+0.761 *
Region 17: obs=2.265, exp=2.116, diff=+0.149 
Region 18: obs=1.845, exp=2.116, diff=-0.271 
Region 19: obs=2.216, exp=2.116, diff=+0.100 
Region 20: obs=2.099, exp=2.116, diff=-0.017 
Region 21: obs=1.984, exp=2.116, diff=-0.132 
Region 22: obs=2.278, exp=2.116, diff=+0.161 
Region 23: obs=2.273, exp=2.116, diff=+0.156 
Region 24: obs=2.180, exp=2.116, diff=+0.063 
Region 25: obs=2.022, exp=2.116, diff=-0.094 
Region 26: obs=1.921, exp=2.116, diff=-0.195 
Region 27: obs=1.882, exp=2.116, diff=-0.234 
Region 28: obs=2.062, exp=2.116, diff=-0.054 

[Gene CN Results]
  CYP3A5: 2.12 → 2.116194009780884
Using device: cuda

CYP3A5*1.001:

CYP3A5*1.002:

CYP3A5*1.003:

CYP3A5*1.004:

CYP3A5*1.005:

CYP3A5*3.001:

CYP3A5*3.012:

CYP3A5*3.013:

CYP3A5*3.014:

CYP3A5*3.015:

CYP3A5*3.016:

CYP3A5*6.001:

=== Running VAE with seed 42 ===
Global Pooled JS: 0.111680
functional kld weight 0.0
Seed 42, Step    0: Loss = 203.42 (Recon: 164.89, Allele KL: 13.34, Base KL: 444.01, Functional KL: 0.11
Global Pooled JS: 0.009289
functional kld weight 27.77777777777777
Seed 42, Step  500: Loss = 94.24 (Recon: 57.39, Allele KL: 11.80, Base KL: 2780.48, Functional KL: 0.01
Global Pooled JS: 0.007257
functional kld weight 222.22222222222217
Seed 42, Step 1000: Loss = 96.59 (Recon: 58.29, Allele KL: 11.52, Base KL: 3091.72, Functional KL: 0.01
Global Pooled JS: 0.005876
functional kld weight 750.0
Seed 42, Step 1500: Loss = 100.77 (Recon: 56.88, Allele KL: 13.61, Base KL: 3832.21, Functional KL: 0.01
Global Pooled JS: 0.008371
functional kld weight 1777.7777777777774
Seed 42, Step 2000: Loss = 117.27 (Recon: 59.66, Allele KL: 15.23, Base KL: 5430.94, Functional KL: 0.01
Global Pooled JS: 0.004614
functional kld weight 3472.222222222223
Seed 42, Step 2500: Loss = 120.69 (Recon: 51.43, Allele KL: 24.52, Base KL: 7509.66, Functional KL: 0.00

Top Variants with Coverage Mismatches:
Rank   Variant                        Expected     Observed     Diff       |Div|       
------------------------------------------------------------------------------------------
1      CYP3A5:99270538→C              21.23        27.00        -5.77      0.000811    
2      CYP3A5:99262834→C              23.22        23.00        0.22       0.000306    
3      CYP3A5:99270538→N              0.04         0.00         0.04       0.000178    
4      CYP3A5:99270538→M              0.04         0.00         0.04       0.000176    
5      CYP3A5:99270538→P              0.04         0.00         0.04       0.000176    
6      CYP3A5:99270538→A              0.04         0.00         0.04       0.000176    
7      CYP3A5:99270538→G              0.04         0.00         0.04       0.000173    
8      CYP3A5:99262834→M              0.03         0.00         0.03       0.000132    
9      CYP3A5:99262834→P              0.03         0.00         0.03       0.000131    
10     CYP3A5:99262834→A              0.03         0.00         0.03       0.000131    
11     CYP3A5:99262834→G              0.03         0.00         0.03       0.000131    
12     CYP3A5:99262834→N              0.03         0.00         0.03       0.000129    
13     CYP3A5:99262834→T              18.35        19.00        -0.65      0.000072    
14     CYP3A5:99270538→T              20.28        22.00        -1.72      0.000001    
New best model with final loss: 127.45

=== Multi-Seed VAE Results ===
Best model had seed 42 with final loss: 127.45
All seeds final losses:
  Seed 42: Total=127.45 (Recon=56.97, A_KL=17.00, B_KL=10002.29) <- Best

[Raw]:
CYP3A5*3: Normalized=0.5152, Unnormalized=0.52
CYP3A5*6: Normalized=0.4445, Unnormalized=0.44

[Alleles]
CYP3A5*3
CYP3A5*6
	Command being timed: "python cyp.py CYP3A5 /project/shared/aldy-data/wgs/NA19819.wgs.cram 42"
	User time (seconds): 53.14
	System time (seconds): 10.74
	Percent of CPU this job got: 98%
	Elapsed (wall clock) time (h:mm:ss or m:ss): 1:04.58
	Average shared text size (kbytes): 0
	Average unshared data size (kbytes): 0
	Average stack size (kbytes): 0
	Average total size (kbytes): 0
	Maximum resident set size (kbytes): 1881400
	Average resident set size (kbytes): 0
	Major (requiring I/O) page faults: 0
	Minor (reclaiming a frame) page faults: 581347
	Voluntary context switches: 9867
	Involuntary context switches: 173
	Swaps: 0
	File system inputs: 0
	File system outputs: 24
	Socket messages sent: 0
	Socket messages received: 0
	Signals delivered: 0
	Page size (bytes): 4096
	Exit status: 0
