[info] total indices 175
[info] total variants 175
1.001 was filtered out as 99270538 T>C needs T but not covered
1.002 was filtered out as 99270538 T>C needs T but not covered
1.003 was filtered out as 99270538 T>C needs T but not covered
1.004 was filtered out as 99270538 T>C needs T but not covered
1.005 was filtered out as 99270538 T>C needs T but not covered
3.002 was filtered out as 99273814 G>A needs A but not covered
3.003 was filtered out as 99270275 A>C needs C but not covered
3.004 was filtered out as 99245973 A>G needs G but not covered
3.005 was filtered out as 99264572 A>G needs G but not covered
3.006 was filtered out as 99247742 T>C needs C but not covered
3.007 was filtered out as 99247771 A>G needs G but not covered
3.008 was filtered out as 99273744 T>C needs C but not covered
3.009 was filtered out as 99262859 T>C needs C but not covered
3.010 was filtered out as 99250235 G>T needs T but not covered
3.017 was filtered out as 99262850 A>C needs C but not covered
6.001 was filtered out as 99270538 T>C needs T but not covered
7.001 was filtered out as 99270538 T>C needs T but not covered
8.001 was filtered out as 99270538 T>C needs T but not covered
9.001 was filtered out as 99270538 T>C needs T but not covered
[filter] CYP3A5 3 => 3.001; 3.012; 3.013; 3.014; 3.015; 3.016
[filter] valid_alleles=6
Step 0: Loss=0.0866, CN=[2.0999167]
Step 100: Loss=0.0433, CN=[2.3185818]
Step 200: Loss=0.0433, CN=[2.3185453]
Step 300: Loss=0.0433, CN=[2.31855]
Step 400: Loss=0.0433, CN=[2.3185499]

=== Fit ===
Region 0: obs=2.295, exp=2.319, diff=-0.023 
Region 1: obs=2.910, exp=2.319, diff=+0.592 *
Region 2: obs=2.580, exp=2.319, diff=+0.261 
Region 3: obs=2.392, exp=2.319, diff=+0.073 
Region 4: obs=1.885, exp=2.319, diff=-0.434 
Region 5: obs=2.647, exp=2.319, diff=+0.329 
Region 6: obs=2.350, exp=2.319, diff=+0.031 
Region 7: obs=2.244, exp=2.319, diff=-0.075 
Region 8: obs=1.716, exp=2.319, diff=-0.603 *
Region 9: obs=2.467, exp=2.319, diff=+0.148 
Region 10: obs=2.187, exp=2.319, diff=-0.132 
Region 11: obs=2.008, exp=2.319, diff=-0.311 
Region 12: obs=1.769, exp=2.319, diff=-0.550 *
Region 13: obs=2.524, exp=2.319, diff=+0.205 
Region 14: obs=2.272, exp=2.319, diff=-0.047 
Region 15: obs=2.470, exp=2.319, diff=+0.151 
Region 16: obs=2.759, exp=2.319, diff=+0.441 
Region 17: obs=2.336, exp=2.319, diff=+0.017 
Region 18: obs=2.150, exp=2.319, diff=-0.168 
Region 19: obs=2.286, exp=2.319, diff=-0.032 
Region 20: obs=1.745, exp=2.319, diff=-0.574 *
Region 21: obs=2.357, exp=2.319, diff=+0.038 
Region 22: obs=2.135, exp=2.319, diff=-0.184 
Region 23: obs=2.356, exp=2.319, diff=+0.038 
Region 24: obs=2.349, exp=2.319, diff=+0.030 
Region 25: obs=2.290, exp=2.319, diff=-0.028 
Region 26: obs=2.843, exp=2.319, diff=+0.525 *
Region 27: obs=2.583, exp=2.319, diff=+0.264 
Region 28: obs=2.224, exp=2.319, diff=-0.095 

[Gene CN Results]
  CYP3A5: 2.32 → 2.3185501098632812
Using device: cuda

CYP3A5*3.001:

CYP3A5*3.012:

CYP3A5*3.013:

CYP3A5*3.014:

CYP3A5*3.015:

CYP3A5*3.016:

=== Running VAE with seed 42 ===
Global Pooled JS: 0.017081
functional kld weight 0.0
Seed 42, Step    0: Loss = 111.38 (Recon: 82.53, Allele KL: 2.23, Base KL: 109.58, Functional KL: 0.02
Global Pooled JS: 0.011510
functional kld weight 27.77777777777777
Seed 42, Step  500: Loss = 83.74 (Recon: 53.65, Allele KL: 3.84, Base KL: 4684.53, Functional KL: 0.01
Global Pooled JS: 0.006968
functional kld weight 222.22222222222217
Seed 42, Step 1000: Loss = 62.98 (Recon: 26.22, Allele KL: 10.04, Base KL: 5427.52, Functional KL: 0.01
Global Pooled JS: 0.004354
functional kld weight 750.0
Seed 42, Step 1500: Loss = 61.03 (Recon: 23.87, Allele KL: 7.64, Base KL: 6931.03, Functional KL: 0.00
Global Pooled JS: 0.002770
functional kld weight 1777.7777777777774
Seed 42, Step 2000: Loss = 67.95 (Recon: 23.29, Allele KL: 11.66, Base KL: 9087.60, Functional KL: 0.00
Global Pooled JS: 0.001862
functional kld weight 3472.222222222223
Seed 42, Step 2500: Loss = 75.67 (Recon: 23.38, Allele KL: 15.36, Base KL: 11665.99, Functional KL: 0.00

Top Variants with Coverage Mismatches:
Rank   Variant                        Expected     Observed     Diff       |Div|       
------------------------------------------------------------------------------------------
1      CYP3A5:99270538→P              0.04         0.00         0.04       0.000289    
2      CYP3A5:99270538→T              0.04         0.00         0.04       0.000287    
3      CYP3A5:99270538→N              0.04         0.00         0.04       0.000287    
4      CYP3A5:99270538→G              0.04         0.00         0.04       0.000284    
5      CYP3A5:99270538→A              0.04         0.00         0.04       0.000283    
6      CYP3A5:99270538→M              0.04         0.00         0.04       0.000282    
7      CYP3A5:99270538→C              48.26        41.00        7.26       0.000003    
New best model with final loss: 83.33

=== Multi-Seed VAE Results ===
Best model had seed 42 with final loss: 83.33
All seeds final losses:
  Seed 42: Total=83.33 (Recon=27.66, A_KL=8.76, B_KL=14357.38) <- Best

[Raw]:
CYP3A5*3: Normalized=1.0000, Unnormalized=1.00

[Alleles]
CYP3A5*3
CYP3A5*3
	Command being timed: "python cyp.py CYP3A5 /project/shared/aldy-data/wgs/NA21781.wgs.cram 42"
	User time (seconds): 40.90
	System time (seconds): 6.57
	Percent of CPU this job got: 97%
	Elapsed (wall clock) time (h:mm:ss or m:ss): 0:48.50
	Average shared text size (kbytes): 0
	Average unshared data size (kbytes): 0
	Average stack size (kbytes): 0
	Average total size (kbytes): 0
	Maximum resident set size (kbytes): 1886272
	Average resident set size (kbytes): 0
	Major (requiring I/O) page faults: 0
	Minor (reclaiming a frame) page faults: 624754
	Voluntary context switches: 9542
	Involuntary context switches: 116
	Swaps: 0
	File system inputs: 0
	File system outputs: 24
	Socket messages sent: 0
	Socket messages received: 0
	Signals delivered: 0
	Page size (bytes): 4096
	Exit status: 0
