[info] total indices 2506
[info] total variants 2506
3.001 was filtered out as 42524243 delT needs N but not covered
3.002 was filtered out as 42524243 delT needs N but not covered
4.001 was filtered out as 42526693 G>A needs A but not covered
4.002 was filtered out as 42526693 G>A needs A but not covered
4.006 was filtered out as 42526693 G>A needs A but not covered
4.008 was filtered out as 42526693 G>A needs A but not covered
4.014 was filtered out as 42526693 G>A needs A but not covered
4.015 was filtered out as 42526693 G>A needs A but not covered
4.016 was filtered out as 42526693 G>A needs A but not covered
4.017 was filtered out as 42526693 G>A needs A but not covered
4.018 was filtered out as 42526693 G>A needs A but not covered
4.020 was filtered out as 42526693 G>A needs A but not covered
4.022 was filtered out as 42526693 G>A needs A but not covered
4.023 was filtered out as 42526693 G>A needs A but not covered
4.024 was filtered out as 42526693 G>A needs A but not covered
4.025 was filtered out as 42526693 G>A needs A but not covered
4.026 was filtered out as 42526693 G>A needs A but not covered
4.029 was filtered out as 42526693 G>A needs A but not covered
4.030 was filtered out as 42526693 G>A needs A but not covered
4.003 was filtered out as 42526693 G>A needs A but not covered
4.004 was filtered out as 42526693 G>A needs A but not covered
4.005 was filtered out as 42526693 G>A needs A but not covered
4.011 was filtered out as 42526693 G>A needs A but not covered
4.019 was filtered out as 42526693 G>A needs A but not covered
4.007 was filtered out as 42526693 G>A needs A but not covered
4.009 was filtered out as 42526693 G>A needs A but not covered
4.010 was filtered out as 42526693 G>A needs A but not covered
4.012 was filtered out as 42525820 G>T needs T but not covered
4.013 was filtered out as 42526693 G>A needs A but not covered
4.021 was filtered out as 42526693 G>A needs A but not covered
4.027 was filtered out as 42526693 G>A needs A but not covered
4.028 was filtered out as 42526693 G>A needs A but not covered
4.1013 was filtered out as 42526693 G>A needs A but not covered
4.1021 was filtered out as 42526693 G>A needs A but not covered
4.2021 was filtered out as 42526693 G>A needs A but not covered
6.001 was filtered out as 42525085 delA needs N but not covered
6.002 was filtered out as 42525085 delA needs N but not covered
6.005 was filtered out as 42525085 delA needs N but not covered
6.006 was filtered out as 42525085 delA needs N but not covered
6.003 was filtered out as 42525085 delA needs N but not covered
6.004 was filtered out as 42525085 delA needs N but not covered
7.001 was filtered out as 42523857 T>G needs G but not covered
8.001 was filtered out as 42525034 C>A needs A but not covered
9.001 was filtered out as 42524175 delCTT needs N but not covered
9.002 was filtered out as 42524175 delCTT needs N but not covered
10.001 was filtered out as 42526693 G>A needs A but not covered
10.002 was filtered out as 42526693 G>A needs A but not covered
10.003 was filtered out as 42526693 G>A needs A but not covered
10.004 was filtered out as 42526693 G>A needs A but not covered
10.005 was filtered out as 42526693 G>A needs A but not covered
10.006 was filtered out as 42526693 G>A needs A but not covered
10.007 was filtered out as 42526693 G>A needs A but not covered
10.1004 was filtered out as 42526693 G>A needs A but not covered
11.001 was filtered out as 42525911 C>G needs G but not covered
12.001 was filtered out as 42526669 C>T needs T but not covered
12.002 was filtered out as 42526669 C>T needs T but not covered
14.001 was filtered out as 42525034 C>T needs T but not covered
15.001 was filtered out as 42526655 insA needs P but not covered
15.002 was filtered out as 42526655 insA needs P but not covered
15.003 was filtered out as 42526655 insA needs P but not covered
17.001 was filtered out as 42525771 G>A needs A but not covered
17.002 was filtered out as 42525771 G>A needs A but not covered
17.003 was filtered out as 42525771 G>A needs A but not covered
17.004 was filtered out as 42525771 G>A needs A but not covered
17.005 was filtered out as 42525771 G>A needs A but not covered
17.006 was filtered out as 42525771 G>A needs A but not covered
18.001 was filtered out as 42522657 insCAGTGGGCA needs P but not covered
19.001 was filtered out as 42524250 delAGTT needs N but not covered
20.001 was filtered out as 42524815 insC needs P but not covered
22.001 was filtered out as 42526711 G>A needs A but not covered
23.001 was filtered out as 42525837 G>A needs A but not covered
24.001 was filtered out as 42523939 T>G needs G but not covered
25.001 was filtered out as 42523594 G>C needs C but not covered
26.001 was filtered out as 42523515 A>G needs G but not covered
27.001 was filtered out as 42522939 C>T needs T but not covered
28.001 was filtered out as 42526774 C>T needs T but not covered
28.002 was filtered out as 42526774 C>T needs T but not covered
29.001 was filtered out as 42525131 C.C>G.T needs M but not covered
30.001 was filtered out as 42524928 insGGGGCGAAA not covered (cov=0)
31.001 was filtered out as 42522750 C>T needs T but not covered
32.001 was filtered out as 42522939 C>T needs T but not covered
33.001 was filtered out as 42524309 C>A needs A but not covered
33.002 was filtered out as 42524309 C>A needs A but not covered
35.001 was filtered out as 42526762 C>T needs T but not covered
35.002 was filtered out as 42526762 C>T needs T but not covered
35.003 was filtered out as 42526762 C>T needs T but not covered
35.004 was filtered out as 42526762 C>T needs T but not covered
35.005 was filtered out as 42526762 C>T needs T but not covered
35.006 was filtered out as 42526762 C>T needs T but not covered
35.007 was filtered out as 42526762 C>T needs T but not covered
36.001 was filtered out as 42526693 G>A needs A but not covered
36.002 was filtered out as 42526693 G>A needs A but not covered
36.003 was filtered out as 42526693 G>A needs A but not covered
36.004 was filtered out as 42526693 G>A needs A but not covered
36.1001 was filtered out as 42526693 G>A needs A but not covered
37.001 was filtered out as 42526693 G>A needs A but not covered
38.001 was filtered out as 42524200 delTCAG needs N but not covered
40.001 was filtered out as 42525771 G>A needs A but not covered
41.001 was filtered out as 42523804 C>T needs T but not covered
41.002 was filtered out as 42523804 C>T needs T but not covered
41.003 was filtered out as 42523804 C>T needs T but not covered
41.004 was filtered out as 42523804 C>T needs T but not covered
41.005 was filtered out as 42523804 C>T needs T but not covered
42.001 was filtered out as 42523531 insAC needs P but not covered
43.001 was filtered out as 42526716 C>T needs T but not covered
43.002 was filtered out as 42526716 C>T needs T but not covered
44.001 was filtered out as 42526711 G>A needs A but not covered
45.001 was filtered out as 42525076 C>T needs T but not covered
45.002 was filtered out as 42525076 C>T needs T but not covered
45.003 was filtered out as 42525076 C>T needs T but not covered
45.004 was filtered out as 42525076 C>T needs T but not covered
46.001 was filtered out as 42525076 C>T needs T but not covered
46.002 was filtered out as 42525076 C>T needs T but not covered
46.003 was filtered out as 42525076 C>T needs T but not covered
47.001 was filtered out as 42526693 G>A needs A but not covered
48.001 was filtered out as 42525822 G>A needs A but not covered
49.001 was filtered out as 42526693 G>A needs A but not covered
50.001 was filtered out as 42525072 T>G needs G but not covered
51.001 was filtered out as 42523620 T>G needs G but not covered
52.001 was filtered out as 42526693 G>A needs A but not covered
52.002 was filtered out as 42526693 G>A needs A but not covered
53.001 was filtered out as 42525181 A>T needs T but not covered
54.001 was filtered out as 42526693 G>A needs A but not covered
55.001 was filtered out as 42522957 T>G needs G but not covered
56.001 was filtered out as 42523591 G>A needs A but not covered
56.002 was filtered out as 42526693 G>A needs A but not covered
56.003 was filtered out as 42526693 G>A needs A but not covered
57.001 was filtered out as 42526693 G>A needs A but not covered
57.1001 was filtered out as 42526693 G>A needs A but not covered
58.001 was filtered out as 42525771 G>A needs A but not covered
59.001 was filtered out as 42523853 C>T needs T but not covered
60.001 was filtered out as 42524904 insTA needs P but not covered
62.001 was filtered out as 42522748 G>A needs A but not covered
64.001 was filtered out as 42526693 G>A needs A but not covered
65.001 was filtered out as 42526693 G>A needs A but not covered
68.001 was filtered out as 42526693 G>A needs A but not covered
69.001 was filtered out as 42526693 G>A needs A but not covered
70.001 was filtered out as 42525131 C.C>G.T needs M but not covered
71.001 was filtered out as 42526668 C>T needs T but not covered
71.002 was filtered out as 42526668 C>T needs T but not covered
71.003 was filtered out as 42526668 C>T needs T but not covered
72.001 was filtered out as 42526693 G>A needs A but not covered
73.001 was filtered out as 42525781 C>T needs T but not covered
74.001 was filtered out as 42525820 G>T needs T but not covered
75.001 was filtered out as 42522747 C>T needs T but not covered
75.002 was filtered out as 42522747 C>T needs T but not covered
81.001 was filtered out as 42524213 G>A needs A but not covered
82.001 was filtered out as 42525820 G>T needs T but not covered
83.001 was filtered out as 42522664 G>C needs C but not covered
83.002 was filtered out as 42522664 G>C needs C but not covered
83.003 was filtered out as 42522664 G>C needs C but not covered
84.001 was filtered out as 42524218 G>T needs T but not covered
84.002 was filtered out as 42524218 G>T needs T but not covered
85.001 was filtered out as 42522635 A>C needs C but not covered
86.001 was filtered out as 42524186 C>T needs T but not covered
87.001 was filtered out as 42526693 G>A needs A but not covered
88.001 was filtered out as 42525780 A>G needs G but not covered
89.001 was filtered out as 42525114 A>G needs G but not covered
90.001 was filtered out as 42525099 T>C needs C but not covered
91.001 was filtered out as 42523804 C>T needs T but not covered
92.001 was filtered out as 42524797 delG needs N but not covered
93.001 was filtered out as 42524273 T>G needs G but not covered
94.001 was filtered out as 42526693 G>A needs A but not covered
94.002 was filtered out as 42526693 G>A needs A but not covered
95.001 was filtered out as 42526693 G>A needs A but not covered
96.001 was filtered out as 42522897 G>A needs A but not covered
97.001 was filtered out as 42522698 G>T needs T but not covered
98.001 was filtered out as 42522682 G>C needs C but not covered
99.001 was filtered out as 42526693 G>A needs A but not covered
100.001 was filtered out as 42526693 G>A needs A but not covered
101.001 was filtered out as 42526693 G>A needs A but not covered
102.001 was filtered out as 42525822 G>A needs A but not covered
103.001 was filtered out as 42525043 T>C needs C but not covered
104.001 was filtered out as 42525072 T>A needs A but not covered
105.001 was filtered out as 42523524 A>G needs G but not covered
106.001 was filtered out as 42522915 C>T needs T but not covered
106.002 was filtered out as 42522915 C>T needs T but not covered
106.003 was filtered out as 42522915 C>T needs T but not covered
107.001 was filtered out as 42525133 C>T needs T but not covered
108.001 was filtered out as 42523566 T>C needs C but not covered
109.001 was filtered out as 42524175 delCTT needs N but not covered
110.001 was filtered out as 42522736 C>T needs T but not covered
111.001 was filtered out as 42525760 C>T needs T but not covered
111.002 was filtered out as 42525760 C>T needs T but not covered
112.001 was filtered out as 42522606 G>A needs A but not covered
113.001 was filtered out as 42522753 C>T needs T but not covered
114.001 was filtered out as 42526693 G>A needs A but not covered
115.001 was filtered out as 42524175 delCTT needs N but not covered
116.001 was filtered out as 42523632 C>G needs G but not covered
117.001 was filtered out as 42523612 C>T needs T but not covered
118.001 was filtered out as 42523900 T>C needs C but not covered
119.001 was filtered out as 42523804 C>T needs T but not covered
120.001 was filtered out as 42526729 delG needs N but not covered
121.001 was filtered out as 42525043 T>C needs C but not covered
123.001 was filtered out as 42523804 C>T needs T but not covered
124.001 was filtered out as 42522982 delGA needs N but not covered
124.002 was filtered out as 42522982 delGA needs N but not covered
125.001 was filtered out as 42522720 C>T needs T but not covered
126.001 was filtered out as 42525135 G>A needs A but not covered
127.001 was filtered out as 42523527 C>T needs T but not covered
128.001 was filtered out as 42525888 A>C needs C but not covered
129.001 was filtered out as 42525156 C>T needs T but not covered
130.001 was filtered out as 42524879 CA>AG needs A but not covered
131.001 was filtered out as 42524326 A>G needs G but not covered
132.001 was filtered out as 42526693 G>A needs A but not covered
133.001 was filtered out as 42523603 C>T needs T but not covered
134.001 was filtered out as 42523590 C>T needs T but not covered
135.001 was filtered out as 42522927 G>A needs A but not covered
136.001 was filtered out as 42522878 G>A needs A but not covered
137.001 was filtered out as 42522579 C>T needs T but not covered
138.001 was filtered out as 42523804 C>T needs T but not covered
139.001 was filtered out as 42523527 C>T needs T but not covered
140.001 was filtered out as 42524330 G>A needs A but not covered
141.001 was filtered out as 42522664 G>C needs C but not covered
141.1001 was filtered out as 42525771 G>A needs A but not covered
142.001 was filtered out as 42526693 G>A needs A but not covered
143.001 was filtered out as 42526762 C>T needs T but not covered
144.001 was filtered out as 42524352 C>T needs T but not covered
145.001 was filtered out as 42524928 insGGGGCGAAA not covered (cov=0)
146.001 was filtered out as 42526716 C>T needs T but not covered
147.001 was filtered out as 42526693 G>A needs A but not covered
148.001 was filtered out as 42526716 C>T needs T but not covered
149.001 was filtered out as 42525131 C.C>G.T needs M but not covered
152.001 was filtered out as 42524341 G>A needs A but not covered
153.001 was filtered out as 42524808 C>T needs T but not covered
154.001 was filtered out as 42525771 G>A needs A but not covered
155.001 was filtered out as 42525131 C.C>G.T needs M but not covered
156.001 was filtered out as 42525131 C.C>G.T needs M but not covered
157.001 was filtered out as 42525131 C.C>G.T needs M but not covered
158.001 was filtered out as 42523804 C>T needs T but not covered
159.001 was filtered out as 42526671 G>A needs A but not covered
160.001 was filtered out as 42525820 G>T needs T but not covered
161.001 was filtered out as 42525184 C>A needs A but not covered
162.001 was filtered out as 42522939 C>T needs T but not covered
163.001 was filtered out as 42525157 A>G needs G but not covered
[filter] CYP2D6 1.001 => 1.001; 1.002; 1.003; 1.004; 1.005; 1.006; 1.007; 1.008; 1.009; 1.010; 1.011; 1.012; 1.013; 1.014; 1.015; 1.016; 1.017; 1.018; 1.019; 1.020; 1.021; 1.022; 1.023; 1.024; 1.025; 1.026; 1.027; 1.028; 1.029; 1.030; 1.031; 1.032; 1.033; 1.034; 1.035; 1.036; 1.037; 1.038; 1.039; 1.040; 1.041; 1.042; 1.043; 1.044; 1.045; 1.046; 1.047; 1.048; 1.049
[filter] CYP2D6 2.001 => 2.001; 2.002; 2.003; 2.004; 2.005; 2.006; 2.007; 2.008; 2.009; 2.010; 2.011; 2.012; 2.013; 2.014; 2.015; 2.016; 2.017; 2.018; 2.019; 2.020; 2.021; 2.022; 2.023; 2.024; 2.025; 2.026; 2.027; 2.028; 2.030
[filter] CYP2D6 5.001 => 5.001
[filter] CYP2D6 21.001 => 21.001; 21.002
[filter] CYP2D6 34.001 => 34.001
[filter] CYP2D6 39.001 => 39.001; 39.002
[filter] CYP2D6 61.001 => 61.001
[filter] CYP2D6 63.001 => 63.001
[filter] CYP2D6 68.002 => 68.002
[filter] CYP2D6 83.1003 => 83.1003
[filter] CYP2D6 122.001 => 122.001
[filter] valid_alleles=89
Step 0: Loss=0.2528, CN=[2.0999167]
Step 100: Loss=0.1082, CN=[2.6532652]
Step 200: Loss=0.1082, CN=[2.6540437]
Step 300: Loss=0.1082, CN=[2.6540482]
Step 400: Loss=0.1082, CN=[2.6540482]

=== Fit ===
Region 0: obs=3.059, exp=2.654, diff=+0.405 
Region 1: obs=1.962, exp=2.654, diff=-0.692 *
Region 2: obs=2.134, exp=2.654, diff=-0.520 *
Region 3: obs=2.801, exp=2.654, diff=+0.147 
Region 4: obs=3.252, exp=2.654, diff=+0.598 *
Region 5: obs=3.019, exp=2.654, diff=+0.365 
Region 6: obs=3.139, exp=2.654, diff=+0.485 
Region 7: obs=2.726, exp=2.654, diff=+0.072 
Region 8: obs=2.819, exp=2.654, diff=+0.165 
Region 9: obs=2.262, exp=2.654, diff=-0.392 
Region 10: obs=2.584, exp=2.654, diff=-0.070 
Region 11: obs=2.615, exp=2.654, diff=-0.039 
Region 12: obs=2.661, exp=2.654, diff=+0.007 
Region 13: obs=3.171, exp=2.654, diff=+0.517 *
Region 14: obs=2.874, exp=2.654, diff=+0.220 
Region 15: obs=2.907, exp=2.654, diff=+0.253 
Region 16: obs=2.788, exp=2.654, diff=+0.134 
Region 17: obs=2.403, exp=2.654, diff=-0.251 
Region 18: obs=2.502, exp=2.654, diff=-0.152 
Region 19: obs=2.198, exp=2.654, diff=-0.456 
Region 20: obs=2.479, exp=2.654, diff=-0.175 
Region 21: obs=0.000, exp=2.654, diff=-2.654 *
Region 22: obs=2.438, exp=2.654, diff=-0.216 

[Gene CN Results]
  CYP2D6: 2.65 → 2.654048204421997

=== CYP2D6 Fusion Template CN Estimation ===

Using CN configs: ['1', '68.001', '141.1001']

Region coverage:
  up: 3.1
  utr5: 2.0
  e1: 2.1
  i1: 2.8
  e2: 3.3
  i2: 3.0
  e3: 3.1
  i3: 2.7
  e4: 2.8
  i4: 2.3
  e5: 2.6
  i5: 2.6
  e6: 2.7
  i6: 3.2
  e7: 2.9
  i7: 2.9
  e8: 2.8
  i8: 2.4
  e9: 2.5
  utr3: 2.2
  ins: 2.5
  pce: 0.0
  rep: 2.4
  e1_2d7: 0.9
  e2_2d7: 0.5
  e3_2d7: 1.1
  e5_2d7: 0.6
  e6_2d7: 0.6
  e9_2d7: 0.7
  pce_2d7: 0.5

CN configs: ['1', '68.001', '141.1001']
PCE contributions: {'1': tensor(0.), '68.001': tensor(1.), '141.1001': tensor(1.)}
Gene CN: 2.65 → required total: 2
Respect gene CN constraint: True
Enumerating configurations that sum to 2...
Evaluated 6 configurations

Top 5 configurations:
  1. loss=11.59: 1:2
  2. loss=16.75: 1:1, 141.1001:1
  3. loss=32.41: 141.1001:2
  4. loss=42.55: 1:1, 68.001:1
  5. loss=58.21: 68.001:1, 141.1001:1

Best CN assignment (loss=11.59):
  1: 2
  Total: 2

Fit comparison:
  up: obs=3.1, exp=2.0, diff=+1.1
  utr5: obs=2.0, exp=2.0, diff=-0.0
  e1: obs=2.1, exp=2.0, diff=+0.1
  i1: obs=2.8, exp=2.0, diff=+0.8
  e2: obs=3.3, exp=2.0, diff=+1.3
  i2: obs=3.0, exp=2.0, diff=+1.0
  e3: obs=3.1, exp=2.0, diff=+1.1
  i3: obs=2.7, exp=2.0, diff=+0.7
  e4: obs=2.8, exp=2.0, diff=+0.8
  i4: obs=2.3, exp=2.0, diff=+0.3
  e5: obs=2.6, exp=2.0, diff=+0.6
  i5: obs=2.6, exp=2.0, diff=+0.6
  e6: obs=2.7, exp=2.0, diff=+0.7
  i6: obs=3.2, exp=2.0, diff=+1.2
  e7: obs=2.9, exp=2.0, diff=+0.9
  i7: obs=2.9, exp=2.0, diff=+0.9
  e8: obs=2.8, exp=2.0, diff=+0.8
  i8: obs=2.4, exp=2.0, diff=+0.4
  e9: obs=2.5, exp=2.0, diff=+0.5
  utr3: obs=2.2, exp=2.0, diff=+0.2
  ins: obs=2.5, exp=2.0, diff=+0.5
  pce: obs=0.0, exp=0.0, diff=+0.0
  rep: obs=2.4, exp=2.0, diff=+0.4
  e1_2d7: obs=0.9, exp=0.0, diff=+0.9
  e2_2d7: obs=0.5, exp=0.0, diff=+0.5
  e3_2d7: obs=1.1, exp=0.0, diff=+1.1
  e5_2d7: obs=0.6, exp=0.0, diff=+0.6
  e6_2d7: obs=0.6, exp=0.0, diff=+0.6
  e9_2d7: obs=0.7, exp=0.0, diff=+0.7
  pce_2d7: obs=0.5, exp=0.0, diff=+0.5

[Selected CN Configs] 1:2
  Total CYP2D6 CN: 2

[Filtering alleles by cn_config]

Kept alleles by cn_config:
  1: 6 major alleles
    *1.001, *122.001, *2.001, *21.001, *34.001, *39.001

  Filtered: 5 alleles
  Kept: 84 alleles

[Updating N variant counts for deleted regions]
  Total updated: 0 positions

[Rebuilding allele vectors for fusion cn_configs]
Using device: cuda

CYP2D6*1.001:

CYP2D6*1.002:

CYP2D6*1.003:

CYP2D6*1.004:

CYP2D6*1.005:

CYP2D6*1.006:

CYP2D6*1.007:

CYP2D6*1.008:

CYP2D6*1.009:

CYP2D6*1.010:

CYP2D6*1.011:

CYP2D6*1.012:

CYP2D6*1.013:

CYP2D6*1.014:

CYP2D6*1.015:

CYP2D6*1.016:

CYP2D6*1.017:

CYP2D6*1.018:

CYP2D6*1.019:

CYP2D6*1.020:

CYP2D6*1.021:

CYP2D6*1.022:

CYP2D6*1.023:

CYP2D6*1.024:

CYP2D6*1.025:

CYP2D6*1.026:

CYP2D6*1.027:

CYP2D6*1.028:

CYP2D6*1.029:

CYP2D6*1.030:

CYP2D6*1.031:

CYP2D6*1.032:

CYP2D6*1.033:

CYP2D6*1.034:

CYP2D6*1.035:

CYP2D6*1.036:

CYP2D6*1.037:

CYP2D6*1.038:

CYP2D6*1.039:

CYP2D6*1.040:

CYP2D6*1.041:

CYP2D6*1.042:

CYP2D6*1.043:

CYP2D6*1.044:

CYP2D6*1.045:

CYP2D6*1.046:

CYP2D6*1.047:

CYP2D6*1.048:

CYP2D6*1.049:

CYP2D6*2.001:

CYP2D6*2.002:

CYP2D6*2.003:

CYP2D6*2.004:

CYP2D6*2.005:

CYP2D6*2.006:

CYP2D6*2.007:

CYP2D6*2.008:

CYP2D6*2.009:

CYP2D6*2.010:

CYP2D6*2.011:

CYP2D6*2.012:

CYP2D6*2.013:

CYP2D6*2.014:

CYP2D6*2.015:

CYP2D6*2.016:

CYP2D6*2.017:

CYP2D6*2.018:

CYP2D6*2.019:

CYP2D6*2.020:

CYP2D6*2.021:

CYP2D6*2.022:

CYP2D6*2.023:

CYP2D6*2.024:

CYP2D6*2.025:

CYP2D6*2.026:

CYP2D6*2.027:

CYP2D6*2.028:

CYP2D6*2.030:

CYP2D6*21.001:

CYP2D6*21.002:

CYP2D6*34.001:

CYP2D6*39.001:

CYP2D6*39.002:

CYP2D6*122.001:

=== Running VAE with seed 5555 ===
Global Pooled JS: 0.044320
functional kld weight 0.0
Seed 5555, Step    0: Loss = 1535.13 (Recon: 1063.58, Allele KL: 210.65, Base KL: 159571.52, Functional KL: 0.04
Global Pooled JS: 0.018388
functional kld weight 27.77777777777777
Seed 5555, Step  500: Loss = 835.86 (Recon: 674.73, Allele KL: 69.32, Base KL: 30087.50, Functional KL: 0.02
Global Pooled JS: 0.012785
functional kld weight 222.22222222222217
Seed 5555, Step 1000: Loss = 827.51 (Recon: 668.26, Allele KL: 58.73, Base KL: 30306.17, Functional KL: 0.01
Global Pooled JS: 0.013673
functional kld weight 750.0
Seed 5555, Step 1500: Loss = 814.29 (Recon: 661.91, Allele KL: 48.58, Base KL: 30880.44, Functional KL: 0.01
Global Pooled JS: 0.013607
functional kld weight 1777.7777777777774
Seed 5555, Step 2000: Loss = 830.10 (Recon: 661.90, Allele KL: 55.03, Base KL: 31583.45, Functional KL: 0.01
Global Pooled JS: 0.013055
functional kld weight 3472.222222222223
Seed 5555, Step 2500: Loss = 849.82 (Recon: 659.71, Allele KL: 50.44, Base KL: 32609.62, Functional KL: 0.01

Top Variants with Coverage Mismatches:
Rank   Variant                        Expected     Observed     Diff       |Div|       
------------------------------------------------------------------------------------------
1      CYP2D6:42524212→C              22.96        47.00        -24.04     0.005629    
2      CYP2D6:42522612→C              22.43        15.00        7.43       0.002756    
3      CYP2D6:42523942→G              22.44        17.00        5.44       0.001738    
4      CYP2D6:42525131→C              22.38        33.00        -10.62     0.000869    
5      CYP2D6:42523513→C              45.43        46.00        -0.57      0.000374    
6      CYP2D6:42524212→P              22.13        22.00        0.13       0.000237    
7      CYP2D6:42524212→M              0.07         0.00         0.07       0.000108    
8      CYP2D6:42524212→T              0.07         0.00         0.07       0.000107    
9      CYP2D6:42524212→A              0.07         0.00         0.07       0.000107    
10     CYP2D6:42524212→N              0.07         0.00         0.07       0.000104    
11     CYP2D6:42524212→G              0.07         0.00         0.07       0.000103    
12     CYP2D6:42523942→M              0.06         0.00         0.06       0.000095    
13     CYP2D6:42522612→A              0.06         0.00         0.06       0.000094    
14     CYP2D6:42522612→M              0.06         0.00         0.06       0.000094    
15     CYP2D6:42522612→P              0.06         0.00         0.06       0.000094    
16     CYP2D6:42523942→C              0.06         0.00         0.06       0.000093    
17     CYP2D6:42522612→N              0.06         0.00         0.06       0.000093    
18     CYP2D6:42523942→P              0.06         0.00         0.06       0.000093    
19     CYP2D6:42523942→T              0.06         0.00         0.06       0.000092    
20     CYP2D6:42523942→N              0.06         0.00         0.06       0.000090    
21     CYP2D6:42522612→T              0.06         0.00         0.06       0.000088    
22     CYP2D6:42525131→G              23.06        28.00        -4.94      0.000040    
23     CYP2D6:42523513→T              0.01         0.00         0.01       0.000017    
24     CYP2D6:42523942→A              22.69        27.00        -4.31      0.000016    
25     CYP2D6:42523513→P              0.00         0.00         0.00       0.000000    
26     CYP2D6:42523513→A              0.00         0.00         0.00       0.000000    
27     CYP2D6:42523513→G              0.00         0.00         0.00       0.000000    
28     CYP2D6:42523513→M              0.00         0.00         0.00       0.000000    
29     CYP2D6:42523513→N              0.00         0.00         0.00       0.000000    
30     CYP2D6:42522612→G              22.71        26.00        -3.29      0.000000    
31     CYP2D6:42525131→A              0.00         0.00         0.00       0.000000    
32     CYP2D6:42525131→M              0.00         0.00         0.00       0.000000    
33     CYP2D6:42525131→N              0.00         0.00         0.00       0.000000    
34     CYP2D6:42525131→P              0.00         0.00         0.00       0.000000    
35     CYP2D6:42525131→T              0.00         0.00         0.00       0.000000    
New best model with final loss: 883.30

=== Multi-Seed VAE Results ===
Best model had seed 5555 with final loss: 883.30
All seeds final losses:
  Seed 5555: Total=883.30 (Recon=656.34, A_KL=61.11, B_KL=34126.00) <- Best

[Raw]:
CYP2D6*21: Normalized=0.4971, Unnormalized=0.50
CYP2D6*1: Normalized=0.4915, Unnormalized=0.49

Allocating by cn_config:

[Alleles]
CYP2D6*21
CYP2D6*1
	Command being timed: "python cyp.py CYP2D6 /project/shared/aldy-data/wgs/NA18973.wgs.cram 5555"
	User time (seconds): 102.15
	System time (seconds): 17.96
	Percent of CPU this job got: 100%
	Elapsed (wall clock) time (h:mm:ss or m:ss): 1:59.38
	Average shared text size (kbytes): 0
	Average unshared data size (kbytes): 0
	Average stack size (kbytes): 0
	Average total size (kbytes): 0
	Maximum resident set size (kbytes): 2083180
	Average resident set size (kbytes): 0
	Major (requiring I/O) page faults: 0
	Minor (reclaiming a frame) page faults: 760656
	Voluntary context switches: 10015
	Involuntary context switches: 114
	Swaps: 0
	File system inputs: 0
	File system outputs: 64
	Socket messages sent: 0
	Socket messages received: 0
	Signals delivered: 0
	Page size (bytes): 4096
	Exit status: 0
