[info] total indices 2506
[info] total variants 2506
3.001 was filtered out as 42524243 delT needs N but not covered
3.002 was filtered out as 42524243 delT needs N but not covered
4.001 was filtered out as 42526693 G>A needs A but not covered
4.002 was filtered out as 42526693 G>A needs A but not covered
4.006 was filtered out as 42526693 G>A needs A but not covered
4.008 was filtered out as 42526693 G>A needs A but not covered
4.014 was filtered out as 42526693 G>A needs A but not covered
4.015 was filtered out as 42526693 G>A needs A but not covered
4.016 was filtered out as 42526693 G>A needs A but not covered
4.017 was filtered out as 42526693 G>A needs A but not covered
4.018 was filtered out as 42526693 G>A needs A but not covered
4.020 was filtered out as 42526693 G>A needs A but not covered
4.022 was filtered out as 42526693 G>A needs A but not covered
4.023 was filtered out as 42526693 G>A needs A but not covered
4.024 was filtered out as 42526693 G>A needs A but not covered
4.025 was filtered out as 42526693 G>A needs A but not covered
4.026 was filtered out as 42526693 G>A needs A but not covered
4.029 was filtered out as 42526693 G>A needs A but not covered
4.030 was filtered out as 42526693 G>A needs A but not covered
4.003 was filtered out as 42526693 G>A needs A but not covered
4.004 was filtered out as 42526693 G>A needs A but not covered
4.005 was filtered out as 42526693 G>A needs A but not covered
4.011 was filtered out as 42526693 G>A needs A but not covered
4.019 was filtered out as 42526693 G>A needs A but not covered
4.007 was filtered out as 42526693 G>A needs A but not covered
4.009 was filtered out as 42526693 G>A needs A but not covered
4.010 was filtered out as 42526693 G>A needs A but not covered
4.012 was filtered out as 42525820 G>T needs T but not covered
4.013 was filtered out as 42526693 G>A needs A but not covered
4.021 was filtered out as 42526693 G>A needs A but not covered
4.027 was filtered out as 42526693 G>A needs A but not covered
4.028 was filtered out as 42526693 G>A needs A but not covered
4.1013 was filtered out as 42526693 G>A needs A but not covered
4.1021 was filtered out as 42526693 G>A needs A but not covered
4.2021 was filtered out as 42526693 G>A needs A but not covered
6.001 was filtered out as 42525085 delA needs N but not covered
6.002 was filtered out as 42525085 delA needs N but not covered
6.005 was filtered out as 42525085 delA needs N but not covered
6.006 was filtered out as 42525085 delA needs N but not covered
6.003 was filtered out as 42525085 delA needs N but not covered
6.004 was filtered out as 42525085 delA needs N but not covered
7.001 was filtered out as 42523857 T>G needs G but not covered
8.001 was filtered out as 42525034 C>A needs A but not covered
9.001 was filtered out as 42524175 delCTT needs N but not covered
9.002 was filtered out as 42524175 delCTT needs N but not covered
10.001 was filtered out as 42526693 G>A needs A but not covered
10.002 was filtered out as 42526693 G>A needs A but not covered
10.003 was filtered out as 42526693 G>A needs A but not covered
10.004 was filtered out as 42526693 G>A needs A but not covered
10.005 was filtered out as 42526693 G>A needs A but not covered
10.006 was filtered out as 42526693 G>A needs A but not covered
10.007 was filtered out as 42526693 G>A needs A but not covered
10.1004 was filtered out as 42526693 G>A needs A but not covered
11.001 was filtered out as 42525911 C>G needs G but not covered
12.001 was filtered out as 42526669 C>T needs T but not covered
12.002 was filtered out as 42526669 C>T needs T but not covered
14.001 was filtered out as 42525034 C>T needs T but not covered
15.001 was filtered out as 42526655 insA needs P but not covered
15.002 was filtered out as 42526655 insA needs P but not covered
15.003 was filtered out as 42526655 insA needs P but not covered
18.001 was filtered out as 42522657 insCAGTGGGCA needs P but not covered
19.001 was filtered out as 42524250 delAGTT needs N but not covered
20.001 was filtered out as 42524815 insC needs P but not covered
21.001 was filtered out as 42524212 insG needs P but not covered
21.002 was filtered out as 42524212 insG needs P but not covered
22.001 was filtered out as 42526711 G>A needs A but not covered
23.001 was filtered out as 42525837 G>A needs A but not covered
24.001 was filtered out as 42523939 T>G needs G but not covered
25.001 was filtered out as 42523594 G>C needs C but not covered
26.001 was filtered out as 42523515 A>G needs G but not covered
27.001 was filtered out as 42522939 C>T needs T but not covered
28.001 was filtered out as 42526774 C>T needs T but not covered
28.002 was filtered out as 42526774 C>T needs T but not covered
29.001 was filtered out as 42525131 C.C>G.T needs M but not covered
30.001 was filtered out as 42524928 insGGGGCGAAA not covered (cov=0)
31.001 was filtered out as 42522750 C>T needs T but not covered
32.001 was filtered out as 42522939 C>T needs T but not covered
33.001 was filtered out as 42524309 C>A needs A but not covered
33.002 was filtered out as 42524309 C>A needs A but not covered
35.001 was filtered out as 42526762 C>T needs T but not covered
35.002 was filtered out as 42526762 C>T needs T but not covered
35.003 was filtered out as 42526762 C>T needs T but not covered
35.004 was filtered out as 42526762 C>T needs T but not covered
35.005 was filtered out as 42526762 C>T needs T but not covered
35.006 was filtered out as 42526762 C>T needs T but not covered
35.007 was filtered out as 42526762 C>T needs T but not covered
36.001 was filtered out as 42526693 G>A needs A but not covered
36.002 was filtered out as 42526693 G>A needs A but not covered
36.003 was filtered out as 42526693 G>A needs A but not covered
36.004 was filtered out as 42526693 G>A needs A but not covered
36.1001 was filtered out as 42526693 G>A needs A but not covered
37.001 was filtered out as 42526693 G>A needs A but not covered
38.001 was filtered out as 42524200 delTCAG needs N but not covered
40.001 was filtered out as 42524928 insGGGGCGAAAGGGGCGAAA not covered (cov=0)
41.001 was filtered out as 42523804 C>T needs T but not covered
41.002 was filtered out as 42523804 C>T needs T but not covered
41.003 was filtered out as 42523804 C>T needs T but not covered
41.004 was filtered out as 42523804 C>T needs T but not covered
41.005 was filtered out as 42523804 C>T needs T but not covered
42.001 was filtered out as 42523531 insAC needs P but not covered
43.001 was filtered out as 42526716 C>T needs T but not covered
43.002 was filtered out as 42526716 C>T needs T but not covered
44.001 was filtered out as 42526711 G>A needs A but not covered
45.001 was filtered out as 42525076 C>T needs T but not covered
45.002 was filtered out as 42525076 C>T needs T but not covered
45.003 was filtered out as 42525076 C>T needs T but not covered
45.004 was filtered out as 42525076 C>T needs T but not covered
46.001 was filtered out as 42525076 C>T needs T but not covered
46.002 was filtered out as 42525076 C>T needs T but not covered
46.003 was filtered out as 42525076 C>T needs T but not covered
47.001 was filtered out as 42526693 G>A needs A but not covered
48.001 was filtered out as 42525822 G>A needs A but not covered
49.001 was filtered out as 42526693 G>A needs A but not covered
50.001 was filtered out as 42525072 T>G needs G but not covered
51.001 was filtered out as 42523620 T>G needs G but not covered
52.001 was filtered out as 42526693 G>A needs A but not covered
52.002 was filtered out as 42526693 G>A needs A but not covered
53.001 was filtered out as 42525181 A>T needs T but not covered
54.001 was filtered out as 42526693 G>A needs A but not covered
55.001 was filtered out as 42522957 T>G needs G but not covered
56.001 was filtered out as 42523591 G>A needs A but not covered
56.002 was filtered out as 42526693 G>A needs A but not covered
56.003 was filtered out as 42526693 G>A needs A but not covered
57.001 was filtered out as 42526693 G>A needs A but not covered
57.1001 was filtered out as 42526693 G>A needs A but not covered
58.001 was filtered out as 42524928 insGGGGCGAAA not covered (cov=0)
59.001 was filtered out as 42523853 C>T needs T but not covered
60.001 was filtered out as 42524904 insTA needs P but not covered
62.001 was filtered out as 42522748 G>A needs A but not covered
64.001 was filtered out as 42526693 G>A needs A but not covered
65.001 was filtered out as 42526693 G>A needs A but not covered
68.001 was filtered out as 42526693 G>A needs A but not covered
69.001 was filtered out as 42526693 G>A needs A but not covered
70.001 was filtered out as 42525131 C.C>G.T needs M but not covered
71.001 was filtered out as 42526668 C>T needs T but not covered
71.002 was filtered out as 42526668 C>T needs T but not covered
71.003 was filtered out as 42526668 C>T needs T but not covered
72.001 was filtered out as 42526693 G>A needs A but not covered
73.001 was filtered out as 42525781 C>T needs T but not covered
74.001 was filtered out as 42525820 G>T needs T but not covered
75.001 was filtered out as 42522747 C>T needs T but not covered
75.002 was filtered out as 42522747 C>T needs T but not covered
81.001 was filtered out as 42524213 G>A needs A but not covered
82.001 was filtered out as 42525820 G>T needs T but not covered
83.001 was filtered out as 42522664 G>C needs C but not covered
83.002 was filtered out as 42522664 G>C needs C but not covered
83.003 was filtered out as 42522664 G>C needs C but not covered
84.001 was filtered out as 42524218 G>T needs T but not covered
84.002 was filtered out as 42524218 G>T needs T but not covered
85.001 was filtered out as 42522635 A>C needs C but not covered
86.001 was filtered out as 42524186 C>T needs T but not covered
87.001 was filtered out as 42526693 G>A needs A but not covered
88.001 was filtered out as 42525780 A>G needs G but not covered
89.001 was filtered out as 42525114 A>G needs G but not covered
90.001 was filtered out as 42525099 T>C needs C but not covered
91.001 was filtered out as 42523804 C>T needs T but not covered
92.001 was filtered out as 42524797 delG needs N but not covered
93.001 was filtered out as 42524273 T>G needs G but not covered
94.001 was filtered out as 42526693 G>A needs A but not covered
94.002 was filtered out as 42526693 G>A needs A but not covered
95.001 was filtered out as 42526693 G>A needs A but not covered
96.001 was filtered out as 42522897 G>A needs A but not covered
97.001 was filtered out as 42522698 G>T needs T but not covered
98.001 was filtered out as 42522682 G>C needs C but not covered
99.001 was filtered out as 42526693 G>A needs A but not covered
100.001 was filtered out as 42526693 G>A needs A but not covered
101.001 was filtered out as 42526693 G>A needs A but not covered
102.001 was filtered out as 42525822 G>A needs A but not covered
103.001 was filtered out as 42525043 T>C needs C but not covered
104.001 was filtered out as 42525072 T>A needs A but not covered
105.001 was filtered out as 42523524 A>G needs G but not covered
106.001 was filtered out as 42522915 C>T needs T but not covered
106.002 was filtered out as 42522915 C>T needs T but not covered
106.003 was filtered out as 42522915 C>T needs T but not covered
107.001 was filtered out as 42525133 C>T needs T but not covered
108.001 was filtered out as 42523566 T>C needs C but not covered
109.001 was filtered out as 42524175 delCTT needs N but not covered
110.001 was filtered out as 42522736 C>T needs T but not covered
111.001 was filtered out as 42525760 C>T needs T but not covered
111.002 was filtered out as 42525760 C>T needs T but not covered
112.001 was filtered out as 42522606 G>A needs A but not covered
113.001 was filtered out as 42522753 C>T needs T but not covered
114.001 was filtered out as 42526693 G>A needs A but not covered
115.001 was filtered out as 42524175 delCTT needs N but not covered
116.001 was filtered out as 42523632 C>G needs G but not covered
117.001 was filtered out as 42523612 C>T needs T but not covered
118.001 was filtered out as 42523900 T>C needs C but not covered
119.001 was filtered out as 42523804 C>T needs T but not covered
120.001 was filtered out as 42526729 delG needs N but not covered
121.001 was filtered out as 42525043 T>C needs C but not covered
123.001 was filtered out as 42523804 C>T needs T but not covered
124.001 was filtered out as 42522982 delGA needs N but not covered
124.002 was filtered out as 42522982 delGA needs N but not covered
125.001 was filtered out as 42522720 C>T needs T but not covered
126.001 was filtered out as 42525135 G>A needs A but not covered
127.001 was filtered out as 42523527 C>T needs T but not covered
128.001 was filtered out as 42525888 A>C needs C but not covered
129.001 was filtered out as 42525156 C>T needs T but not covered
130.001 was filtered out as 42524879 CA>AG needs A but not covered
131.001 was filtered out as 42524326 A>G needs G but not covered
132.001 was filtered out as 42526693 G>A needs A but not covered
133.001 was filtered out as 42523603 C>T needs T but not covered
134.001 was filtered out as 42523590 C>T needs T but not covered
135.001 was filtered out as 42522927 G>A needs A but not covered
136.001 was filtered out as 42522878 G>A needs A but not covered
137.001 was filtered out as 42522579 C>T needs T but not covered
138.001 was filtered out as 42523804 C>T needs T but not covered
139.001 was filtered out as 42523527 C>T needs T but not covered
140.001 was filtered out as 42524330 G>A needs A but not covered
141.001 was filtered out as 42522664 G>C needs C but not covered
141.1001 was filtered out as 42522939 C>T needs T but not covered
142.001 was filtered out as 42526693 G>A needs A but not covered
143.001 was filtered out as 42526762 C>T needs T but not covered
144.001 was filtered out as 42524352 C>T needs T but not covered
145.001 was filtered out as 42524928 insGGGGCGAAA not covered (cov=0)
146.001 was filtered out as 42526716 C>T needs T but not covered
147.001 was filtered out as 42526693 G>A needs A but not covered
148.001 was filtered out as 42526716 C>T needs T but not covered
149.001 was filtered out as 42525131 C.C>G.T needs M but not covered
152.001 was filtered out as 42524341 G>A needs A but not covered
153.001 was filtered out as 42524808 C>T needs T but not covered
154.001 was filtered out as 42522747 C>T needs T but not covered
155.001 was filtered out as 42525131 C.C>G.T needs M but not covered
156.001 was filtered out as 42525131 C.C>G.T needs M but not covered
157.001 was filtered out as 42525131 C.C>G.T needs M but not covered
158.001 was filtered out as 42523804 C>T needs T but not covered
159.001 was filtered out as 42526671 G>A needs A but not covered
160.001 was filtered out as 42525820 G>T needs T but not covered
161.001 was filtered out as 42525184 C>A needs A but not covered
162.001 was filtered out as 42522939 C>T needs T but not covered
163.001 was filtered out as 42525157 A>G needs G but not covered
[filter] CYP2D6 1.001 => 1.001; 1.002; 1.003; 1.004; 1.005; 1.006; 1.007; 1.008; 1.009; 1.010; 1.011; 1.012; 1.013; 1.014; 1.015; 1.016; 1.017; 1.018; 1.019; 1.020; 1.021; 1.022; 1.023; 1.024; 1.025; 1.026; 1.027; 1.028; 1.029; 1.030; 1.031; 1.032; 1.033; 1.034; 1.035; 1.036; 1.037; 1.038; 1.039; 1.040; 1.041; 1.042; 1.043; 1.044; 1.045; 1.046; 1.047; 1.048; 1.049
[filter] CYP2D6 2.001 => 2.001; 2.002; 2.003; 2.004; 2.005; 2.006; 2.007; 2.008; 2.009; 2.010; 2.011; 2.012; 2.013; 2.014; 2.015; 2.016; 2.017; 2.018; 2.019; 2.020; 2.021; 2.022; 2.023; 2.024; 2.025; 2.026; 2.027; 2.028; 2.030
[filter] CYP2D6 5.001 => 5.001
[filter] CYP2D6 17.001 => 17.001; 17.002; 17.003; 17.004; 17.005; 17.006
[filter] CYP2D6 34.001 => 34.001
[filter] CYP2D6 39.001 => 39.001; 39.002
[filter] CYP2D6 61.001 => 61.001
[filter] CYP2D6 63.001 => 63.001
[filter] CYP2D6 68.002 => 68.002
[filter] CYP2D6 83.1003 => 83.1003
[filter] CYP2D6 122.001 => 122.001
[filter] valid_alleles=93
Step 0: Loss=0.2140, CN=[2.0999167]
Step 100: Loss=0.1682, CN=[2.399629]
Step 200: Loss=0.1682, CN=[2.4013627]
Step 300: Loss=0.1682, CN=[2.4013531]
Step 400: Loss=0.1682, CN=[2.401353]

=== Fit ===
Region 0: obs=3.157, exp=2.401, diff=+0.755 *
Region 1: obs=2.959, exp=2.401, diff=+0.557 *
Region 2: obs=2.416, exp=2.401, diff=+0.015 
Region 3: obs=1.965, exp=2.401, diff=-0.436 
Region 4: obs=1.765, exp=2.401, diff=-0.637 *
Region 5: obs=2.045, exp=2.401, diff=-0.357 
Region 6: obs=2.638, exp=2.401, diff=+0.237 
Region 7: obs=2.501, exp=2.401, diff=+0.099 
Region 8: obs=2.171, exp=2.401, diff=-0.230 
Region 9: obs=2.183, exp=2.401, diff=-0.218 
Region 10: obs=2.889, exp=2.401, diff=+0.488 
Region 11: obs=3.185, exp=2.401, diff=+0.784 *
Region 12: obs=3.342, exp=2.401, diff=+0.941 *
Region 13: obs=3.312, exp=2.401, diff=+0.910 *
Region 14: obs=3.333, exp=2.401, diff=+0.932 *
Region 15: obs=2.598, exp=2.401, diff=+0.196 
Region 16: obs=2.016, exp=2.401, diff=-0.385 
Region 17: obs=2.099, exp=2.401, diff=-0.302 
Region 18: obs=1.722, exp=2.401, diff=-0.680 *
Region 19: obs=1.766, exp=2.401, diff=-0.635 *
Region 20: obs=2.330, exp=2.401, diff=-0.072 
Region 21: obs=0.000, exp=2.401, diff=-2.401 *
Region 22: obs=2.365, exp=2.401, diff=-0.036 

[Gene CN Results]
  CYP2D6: 2.40 → 2.401352882385254

=== CYP2D6 Fusion Template CN Estimation ===

Using CN configs: ['1', '68.001', '141.1001']

Region coverage:
  up: 3.2
  utr5: 3.0
  e1: 2.4
  i1: 2.0
  e2: 1.8
  i2: 2.0
  e3: 2.6
  i3: 2.5
  e4: 2.2
  i4: 2.2
  e5: 2.9
  i5: 3.2
  e6: 3.3
  i6: 3.3
  e7: 3.3
  i7: 2.6
  e8: 2.0
  i8: 2.1
  e9: 1.7
  utr3: 1.8
  ins: 2.3
  pce: 0.0
  rep: 2.4
  e1_2d7: 0.5
  e2_2d7: 0.7
  e3_2d7: 0.9
  e5_2d7: 0.3
  e6_2d7: 0.4
  e9_2d7: 1.0
  pce_2d7: 0.6

CN configs: ['1', '68.001', '141.1001']
PCE contributions: {'1': tensor(0.), '68.001': tensor(1.), '141.1001': tensor(1.)}
Gene CN: 2.40 → required total: 2
Respect gene CN constraint: True
Enumerating configurations that sum to 2...
Evaluated 6 configurations

Top 5 configurations:
  1. loss=9.74: 1:2
  2. loss=11.41: 1:1, 141.1001:1
  3. loss=23.59: 141.1001:2
  4. loss=31.30: 1:1, 68.001:1
  5. loss=43.48: 68.001:1, 141.1001:1

Best CN assignment (loss=9.74):
  1: 2
  Total: 2

Fit comparison:
  up: obs=3.2, exp=2.0, diff=+1.2
  utr5: obs=3.0, exp=2.0, diff=+1.0
  e1: obs=2.4, exp=2.0, diff=+0.4
  i1: obs=2.0, exp=2.0, diff=-0.0
  e2: obs=1.8, exp=2.0, diff=-0.2
  i2: obs=2.0, exp=2.0, diff=+0.0
  e3: obs=2.6, exp=2.0, diff=+0.6
  i3: obs=2.5, exp=2.0, diff=+0.5
  e4: obs=2.2, exp=2.0, diff=+0.2
  i4: obs=2.2, exp=2.0, diff=+0.2
  e5: obs=2.9, exp=2.0, diff=+0.9
  i5: obs=3.2, exp=2.0, diff=+1.2
  e6: obs=3.3, exp=2.0, diff=+1.3
  i6: obs=3.3, exp=2.0, diff=+1.3
  e7: obs=3.3, exp=2.0, diff=+1.3
  i7: obs=2.6, exp=2.0, diff=+0.6
  e8: obs=2.0, exp=2.0, diff=+0.0
  i8: obs=2.1, exp=2.0, diff=+0.1
  e9: obs=1.7, exp=2.0, diff=-0.3
  utr3: obs=1.8, exp=2.0, diff=-0.2
  ins: obs=2.3, exp=2.0, diff=+0.3
  pce: obs=0.0, exp=0.0, diff=+0.0
  rep: obs=2.4, exp=2.0, diff=+0.4
  e1_2d7: obs=0.5, exp=0.0, diff=+0.5
  e2_2d7: obs=0.7, exp=0.0, diff=+0.7
  e3_2d7: obs=0.9, exp=0.0, diff=+0.9
  e5_2d7: obs=0.3, exp=0.0, diff=+0.3
  e6_2d7: obs=0.4, exp=0.0, diff=+0.4
  e9_2d7: obs=1.0, exp=0.0, diff=+1.0
  pce_2d7: obs=0.6, exp=0.0, diff=+0.6

[Selected CN Configs] 1:2
  Total CYP2D6 CN: 2

[Filtering alleles by cn_config]

Kept alleles by cn_config:
  1: 6 major alleles
    *1.001, *122.001, *17.001, *2.001, *34.001, *39.001

  Filtered: 5 alleles
  Kept: 88 alleles

[Updating N variant counts for deleted regions]
  Total updated: 0 positions

[Rebuilding allele vectors for fusion cn_configs]
Using device: cuda

CYP2D6*1.001:

CYP2D6*1.002:

CYP2D6*1.003:

CYP2D6*1.004:

CYP2D6*1.005:

CYP2D6*1.006:

CYP2D6*1.007:

CYP2D6*1.008:

CYP2D6*1.009:

CYP2D6*1.010:

CYP2D6*1.011:

CYP2D6*1.012:

CYP2D6*1.013:

CYP2D6*1.014:

CYP2D6*1.015:

CYP2D6*1.016:

CYP2D6*1.017:

CYP2D6*1.018:

CYP2D6*1.019:

CYP2D6*1.020:

CYP2D6*1.021:

CYP2D6*1.022:

CYP2D6*1.023:

CYP2D6*1.024:

CYP2D6*1.025:

CYP2D6*1.026:

CYP2D6*1.027:

CYP2D6*1.028:

CYP2D6*1.029:

CYP2D6*1.030:

CYP2D6*1.031:

CYP2D6*1.032:

CYP2D6*1.033:

CYP2D6*1.034:

CYP2D6*1.035:

CYP2D6*1.036:

CYP2D6*1.037:

CYP2D6*1.038:

CYP2D6*1.039:

CYP2D6*1.040:

CYP2D6*1.041:

CYP2D6*1.042:

CYP2D6*1.043:

CYP2D6*1.044:

CYP2D6*1.045:

CYP2D6*1.046:

CYP2D6*1.047:

CYP2D6*1.048:

CYP2D6*1.049:

CYP2D6*2.001:

CYP2D6*2.002:

CYP2D6*2.003:

CYP2D6*2.004:

CYP2D6*2.005:

CYP2D6*2.006:

CYP2D6*2.007:

CYP2D6*2.008:

CYP2D6*2.009:

CYP2D6*2.010:

CYP2D6*2.011:

CYP2D6*2.012:

CYP2D6*2.013:

CYP2D6*2.014:

CYP2D6*2.015:

CYP2D6*2.016:

CYP2D6*2.017:

CYP2D6*2.018:

CYP2D6*2.019:

CYP2D6*2.020:

CYP2D6*2.021:

CYP2D6*2.022:

CYP2D6*2.023:

CYP2D6*2.024:

CYP2D6*2.025:

CYP2D6*2.026:

CYP2D6*2.027:

CYP2D6*2.028:

CYP2D6*2.030:

CYP2D6*17.001:

CYP2D6*17.002:

CYP2D6*17.003:

CYP2D6*17.004:

CYP2D6*17.005:

CYP2D6*17.006:

CYP2D6*34.001:

CYP2D6*39.001:

CYP2D6*39.002:

CYP2D6*122.001:

=== Running VAE with seed 1024 ===
Global Pooled JS: 0.052059
functional kld weight 0.0
Seed 1024, Step    0: Loss = 1395.15 (Recon: 1024.12, Allele KL: 130.95, Base KL: 145842.53, Functional KL: 0.05
Global Pooled JS: 0.022881
functional kld weight 27.77777777777777
Seed 1024, Step  500: Loss = 887.24 (Recon: 747.22, Allele KL: 45.94, Base KL: 27531.39, Functional KL: 0.02
Global Pooled JS: 0.033071
functional kld weight 222.22222222222217
Seed 1024, Step 1000: Loss = 899.56 (Recon: 753.73, Allele KL: 39.82, Base KL: 27946.33, Functional KL: 0.03
Global Pooled JS: 0.022755
functional kld weight 750.0
Seed 1024, Step 1500: Loss = 897.14 (Recon: 741.77, Allele KL: 54.56, Base KL: 27760.94, Functional KL: 0.02
Global Pooled JS: 0.023706
functional kld weight 1777.7777777777774
Seed 1024, Step 2000: Loss = 925.96 (Recon: 738.58, Allele KL: 62.63, Base KL: 28550.80, Functional KL: 0.02
Global Pooled JS: 0.023081
functional kld weight 3472.222222222223
Seed 1024, Step 2500: Loss = 962.46 (Recon: 743.31, Allele KL: 37.63, Base KL: 30172.92, Functional KL: 0.02

Top Variants with Coverage Mismatches:
Rank   Variant                        Expected     Observed     Diff       |Div|       
------------------------------------------------------------------------------------------
1      CYP2D6:42522612→G              20.10        9.00         11.10      0.005625    
2      CYP2D6:42523942→A              20.34        35.00        -14.66     0.005370    
3      CYP2D6:42525771→G              17.65        10.00        7.65       0.002751    
4      CYP2D6:42523513→C              37.92        47.00        -9.08      0.001394    
5      CYP2D6:42525771→A              19.99        14.00        5.99       0.001338    
6      CYP2D6:42525131→C              17.32        23.00        -5.68      0.001129    
7      CYP2D6:42525131→G              20.61        15.00        5.61       0.001111    
8      CYP2D6:42523942→G              17.37        20.00        -2.63      0.000277    
9      CYP2D6:42522612→C              17.42        15.00        2.42       0.000213    
10     CYP2D6:42522612→N              0.08         0.00         0.08       0.000155    
11     CYP2D6:42522612→P              0.08         0.00         0.08       0.000150    
12     CYP2D6:42522612→A              0.08         0.00         0.08       0.000148    
13     CYP2D6:42522612→M              0.08         0.00         0.08       0.000148    
14     CYP2D6:42522612→T              0.08         0.00         0.08       0.000146    
15     CYP2D6:42525771→M              0.06         0.00         0.06       0.000109    
16     CYP2D6:42525771→N              0.06         0.00         0.06       0.000107    
17     CYP2D6:42525771→T              0.06         0.00         0.06       0.000106    
18     CYP2D6:42525771→P              0.06         0.00         0.06       0.000105    
19     CYP2D6:42525771→C              0.06         0.00         0.06       0.000102    
20     CYP2D6:42523942→P              0.04         0.00         0.04       0.000082    
21     CYP2D6:42523942→N              0.04         0.00         0.04       0.000080    
22     CYP2D6:42523942→C              0.04         0.00         0.04       0.000080    
23     CYP2D6:42523942→M              0.04         0.00         0.04       0.000079    
24     CYP2D6:42523942→T              0.04         0.00         0.04       0.000078    
25     CYP2D6:42523513→T              0.01         0.00         0.01       0.000015    
26     CYP2D6:42523513→M              0.00         0.00         0.00       0.000000    
27     CYP2D6:42523513→A              0.00         0.00         0.00       0.000000    
28     CYP2D6:42523513→N              0.00         0.00         0.00       0.000000    
29     CYP2D6:42523513→P              0.00         0.00         0.00       0.000000    
30     CYP2D6:42523513→G              0.00         0.00         0.00       0.000000    
31     CYP2D6:42525131→A              0.00         0.00         0.00       0.000000    
32     CYP2D6:42525131→M              0.00         0.00         0.00       0.000000    
33     CYP2D6:42525131→N              0.00         0.00         0.00       0.000000    
34     CYP2D6:42525131→P              0.00         0.00         0.00       0.000000    
35     CYP2D6:42525131→T              0.00         0.00         0.00       0.000000    
New best model with final loss: 1018.57

=== Multi-Seed VAE Results ===
Best model had seed 1024 with final loss: 1018.57
All seeds final losses:
  Seed 1024: Total=1018.57 (Recon=739.91, A_KL=68.71, B_KL=32473.91) <- Best

[Raw]:
CYP2D6*17: Normalized=0.5365, Unnormalized=0.54
CYP2D6*1: Normalized=0.4558, Unnormalized=0.46

Allocating by cn_config:

[Alleles]
CYP2D6*17
CYP2D6*1
	Command being timed: "python cyp.py CYP2D6 /project/shared/aldy-data/wgs/NA18484.wgs.cram 1024"
	User time (seconds): 102.99
	System time (seconds): 18.49
	Percent of CPU this job got: 100%
	Elapsed (wall clock) time (h:mm:ss or m:ss): 2:00.80
	Average shared text size (kbytes): 0
	Average unshared data size (kbytes): 0
	Average stack size (kbytes): 0
	Average total size (kbytes): 0
	Maximum resident set size (kbytes): 2113580
	Average resident set size (kbytes): 0
	Major (requiring I/O) page faults: 0
	Minor (reclaiming a frame) page faults: 809873
	Voluntary context switches: 10017
	Involuntary context switches: 233
	Swaps: 0
	File system inputs: 0
	File system outputs: 64
	Socket messages sent: 0
	Socket messages received: 0
	Signals delivered: 0
	Page size (bytes): 4096
	Exit status: 0
