[info] total indices 224
[info] total variants 224
2.001 was filtered out as 96818105 T>A needs A but not covered
2.002 was filtered out as 96818105 T>A needs A but not covered
3.001 was filtered out as 96827029 C>T needs T but not covered
3.002 was filtered out as 96827029 C>T needs T but not covered
4.001 was filtered out as 96818118 G>C needs C but not covered
4.002 was filtered out as 96818118 G>C needs C but not covered
5.001 was filtered out as 96826970 delT needs N but not covered
6.001 was filtered out as 96824687 C>T needs T but not covered
7.001 was filtered out as 96824642 G>A needs A but not covered
8.001 was filtered out as 96824642 G>C needs C but not covered
9.001 was filtered out as 96818170 T>C needs C but not covered
10.001 was filtered out as 96802646 C>A needs A but not covered
11.001 was filtered out as 96805707 C>A needs A but not covered
12.001 was filtered out as 96796973 delCAA needs N but not covered
13.001 was filtered out as 96818241 A>C needs C but not covered
14.001 was filtered out as 96818198 C>G needs G but not covered
15.001 was filtered out as 96824657 C>T needs T but not covered
16.001 was filtered out as 96802803 A>G needs G but not covered
17.001 was filtered out as 96818180 T>C needs C but not covered
18.001 was filtered out as 96802714 G>A needs A but not covered
[filter] CYP2C8 1.001 => 1.001; 1.002; 1.003; 1.004; 1.005; 1.006; 1.007; 1.008; 1.009; 1.010; 1.011; 1.012; 1.013; 1.014; 1.015; 1.016; 1.017; 1.018
[filter] valid_alleles=18
Step 0: Loss=0.0846, CN=[2.0999167]
Step 100: Loss=0.0399, CN=[2.3297653]
Step 200: Loss=0.0399, CN=[2.329904]
Step 300: Loss=0.0399, CN=[2.3299065]
Step 400: Loss=0.0399, CN=[2.3299065]

=== Fit ===
Region 0: obs=2.248, exp=2.330, diff=-0.082 
Region 1: obs=2.970, exp=2.330, diff=+0.640 *
Region 2: obs=2.207, exp=2.330, diff=-0.122 
Region 3: obs=1.973, exp=2.330, diff=-0.357 
Region 4: obs=1.724, exp=2.330, diff=-0.606 *
Region 5: obs=2.166, exp=2.330, diff=-0.164 
Region 6: obs=2.185, exp=2.330, diff=-0.145 
Region 7: obs=2.680, exp=2.330, diff=+0.350 
Region 8: obs=2.812, exp=2.330, diff=+0.482 
Region 9: obs=2.213, exp=2.330, diff=-0.117 
Region 10: obs=2.232, exp=2.330, diff=-0.097 
Region 11: obs=2.247, exp=2.330, diff=-0.082 
Region 12: obs=2.211, exp=2.330, diff=-0.119 
Region 13: obs=2.326, exp=2.330, diff=-0.004 
Region 14: obs=2.845, exp=2.330, diff=+0.515 *
Region 15: obs=2.482, exp=2.330, diff=+0.152 
Region 16: obs=2.178, exp=2.330, diff=-0.152 
Region 17: obs=2.394, exp=2.330, diff=+0.064 
Region 18: obs=2.195, exp=2.330, diff=-0.135 
Region 19: obs=2.342, exp=2.330, diff=+0.012 
Region 20: obs=2.348, exp=2.330, diff=+0.018 

[Gene CN Results]
  CYP2C8: 2.33 → 2.329906463623047
Using device: cuda

CYP2C8*1.001:

CYP2C8*1.002:

CYP2C8*1.003:

CYP2C8*1.004:

CYP2C8*1.005:

CYP2C8*1.006:

CYP2C8*1.007:

CYP2C8*1.008:

CYP2C8*1.009:

CYP2C8*1.010:

CYP2C8*1.011:

CYP2C8*1.012:

CYP2C8*1.013:

CYP2C8*1.014:

CYP2C8*1.015:

CYP2C8*1.016:

CYP2C8*1.017:

CYP2C8*1.018:

=== Running VAE with seed 4096 ===
Global Pooled JS: 0.000000
functional kld weight 0.0
Seed 4096, Step    0: Loss = 320.71 (Recon: 265.29, Allele KL: 24.56, Base KL: 3318.21, Functional KL: 0.00
Global Pooled JS: 0.000000
functional kld weight 27.77777777777777
Seed 4096, Step  500: Loss = 140.51 (Recon: 89.97, Allele KL: 21.51, Base KL: 4206.19, Functional KL: 0.00
Global Pooled JS: 0.000000
functional kld weight 222.22222222222217
Seed 4096, Step 1000: Loss = 137.88 (Recon: 85.08, Allele KL: 24.16, Base KL: 4167.46, Functional KL: 0.00
Global Pooled JS: 0.000000
functional kld weight 750.0
Seed 4096, Step 1500: Loss = 137.16 (Recon: 83.62, Allele KL: 25.22, Base KL: 4079.03, Functional KL: 0.00
Global Pooled JS: 0.000000
functional kld weight 1777.7777777777774
Seed 4096, Step 2000: Loss = 148.37 (Recon: 75.34, Allele KL: 44.73, Base KL: 4101.47, Functional KL: 0.00
Global Pooled JS: 0.000000
functional kld weight 3472.222222222223
Seed 4096, Step 2500: Loss = 136.94 (Recon: 86.05, Allele KL: 22.09, Base KL: 4103.38, Functional KL: 0.00

Top Variants with Coverage Mismatches:
Rank   Variant                        Expected     Observed     Diff       |Div|       
------------------------------------------------------------------------------------------
New best model with final loss: 138.83

=== Multi-Seed VAE Results ===
Best model had seed 4096 with final loss: 138.83
All seeds final losses:
  Seed 4096: Total=138.83 (Recon=85.19, A_KL=25.09, B_KL=4175.09) <- Best

[Raw]:
CYP2C8*1: Normalized=1.0000, Unnormalized=1.00

[Alleles]
CYP2C8*1
CYP2C8*1
	Command being timed: "python cyp.py CYP2C8 /project/shared/aldy-data/wgs/HG00436.wgs.cram 4096"
	User time (seconds): 87.45
	System time (seconds): 18.78
	Percent of CPU this job got: 99%
	Elapsed (wall clock) time (h:mm:ss or m:ss): 1:46.46
	Average shared text size (kbytes): 0
	Average unshared data size (kbytes): 0
	Average stack size (kbytes): 0
	Average total size (kbytes): 0
	Maximum resident set size (kbytes): 1897612
	Average resident set size (kbytes): 0
	Major (requiring I/O) page faults: 0
	Minor (reclaiming a frame) page faults: 544183
	Voluntary context switches: 9857
	Involuntary context switches: 177
	Swaps: 0
	File system inputs: 0
	File system outputs: 24
	Socket messages sent: 0
	Socket messages received: 0
	Signals delivered: 0
	Page size (bytes): 4096
	Exit status: 0
