[info] total indices 224
[info] total variants 224
2.001 was filtered out as 96818105 T>A needs A but not covered
2.002 was filtered out as 96818105 T>A needs A but not covered
3.001 was filtered out as 96827029 C>T needs T but not covered
3.002 was filtered out as 96827029 C>T needs T but not covered
4.001 was filtered out as 96818118 G>C needs C but not covered
4.002 was filtered out as 96818118 G>C needs C but not covered
5.001 was filtered out as 96826970 delT needs N but not covered
6.001 was filtered out as 96824687 C>T needs T but not covered
7.001 was filtered out as 96824642 G>A needs A but not covered
8.001 was filtered out as 96824642 G>C needs C but not covered
9.001 was filtered out as 96818170 T>C needs C but not covered
10.001 was filtered out as 96802646 C>A needs A but not covered
11.001 was filtered out as 96805707 C>A needs A but not covered
12.001 was filtered out as 96796973 delCAA needs N but not covered
13.001 was filtered out as 96818241 A>C needs C but not covered
14.001 was filtered out as 96818198 C>G needs G but not covered
15.001 was filtered out as 96824657 C>T needs T but not covered
16.001 was filtered out as 96802803 A>G needs G but not covered
17.001 was filtered out as 96818180 T>C needs C but not covered
18.001 was filtered out as 96802714 G>A needs A but not covered
[filter] CYP2C8 1.001 => 1.001; 1.002; 1.003; 1.004; 1.005; 1.006; 1.007; 1.008; 1.009; 1.010; 1.011; 1.012; 1.013; 1.014; 1.015; 1.016; 1.017; 1.018
[filter] valid_alleles=18
Step 0: Loss=0.0409, CN=[1.9000832]
Step 100: Loss=0.0194, CN=[1.7896231]
Step 200: Loss=0.0194, CN=[1.7903]
Step 300: Loss=0.0194, CN=[1.7902966]
Step 400: Loss=0.0194, CN=[1.7902966]

=== Fit ===
Region 0: obs=1.801, exp=1.790, diff=+0.011 
Region 1: obs=1.530, exp=1.790, diff=-0.261 
Region 2: obs=1.725, exp=1.790, diff=-0.065 
Region 3: obs=1.999, exp=1.790, diff=+0.209 
Region 4: obs=1.694, exp=1.790, diff=-0.097 
Region 5: obs=2.046, exp=1.790, diff=+0.256 
Region 6: obs=2.037, exp=1.790, diff=+0.247 
Region 7: obs=1.805, exp=1.790, diff=+0.014 
Region 8: obs=2.001, exp=1.790, diff=+0.211 
Region 9: obs=1.669, exp=1.790, diff=-0.121 
Region 10: obs=1.365, exp=1.790, diff=-0.426 
Region 11: obs=1.724, exp=1.790, diff=-0.066 
Region 12: obs=1.949, exp=1.790, diff=+0.159 
Region 13: obs=1.833, exp=1.790, diff=+0.043 
Region 14: obs=1.487, exp=1.790, diff=-0.303 
Region 15: obs=1.765, exp=1.790, diff=-0.025 
Region 16: obs=1.520, exp=1.790, diff=-0.271 
Region 17: obs=1.873, exp=1.790, diff=+0.083 
Region 18: obs=1.767, exp=1.790, diff=-0.024 
Region 19: obs=2.117, exp=1.790, diff=+0.327 
Region 20: obs=1.888, exp=1.790, diff=+0.097 

[Gene CN Results]
  CYP2C8: 1.79 → 1.7902965545654297
Using device: cuda

CYP2C8*1.001:

CYP2C8*1.002:

CYP2C8*1.003:

CYP2C8*1.004:

CYP2C8*1.005:

CYP2C8*1.006:

CYP2C8*1.007:

CYP2C8*1.008:

CYP2C8*1.009:

CYP2C8*1.010:

CYP2C8*1.011:

CYP2C8*1.012:

CYP2C8*1.013:

CYP2C8*1.014:

CYP2C8*1.015:

CYP2C8*1.016:

CYP2C8*1.017:

CYP2C8*1.018:

=== Running VAE with seed 4096 ===
Global Pooled JS: 0.000000
functional kld weight 0.0
Seed 4096, Step    0: Loss = 320.99 (Recon: 270.54, Allele KL: 20.47, Base KL: 2602.84, Functional KL: 0.00
Global Pooled JS: 0.000000
functional kld weight 27.77777777777777
Seed 4096, Step  500: Loss = 126.57 (Recon: 78.69, Allele KL: 18.70, Base KL: 5373.45, Functional KL: 0.00
Global Pooled JS: 0.000000
functional kld weight 222.22222222222217
Seed 4096, Step 1000: Loss = 121.81 (Recon: 73.11, Allele KL: 19.96, Base KL: 5275.13, Functional KL: 0.00
Global Pooled JS: 0.000000
functional kld weight 750.0
Seed 4096, Step 1500: Loss = 122.16 (Recon: 81.24, Allele KL: 11.40, Base KL: 5366.34, Functional KL: 0.00
Global Pooled JS: 0.000000
functional kld weight 1777.7777777777774
Seed 4096, Step 2000: Loss = 122.66 (Recon: 76.42, Allele KL: 17.32, Base KL: 5272.47, Functional KL: 0.00
Global Pooled JS: 0.000000
functional kld weight 3472.222222222223
Seed 4096, Step 2500: Loss = 122.76 (Recon: 70.93, Allele KL: 22.85, Base KL: 5629.17, Functional KL: 0.00

Top Variants with Coverage Mismatches:
Rank   Variant                        Expected     Observed     Diff       |Div|       
------------------------------------------------------------------------------------------
New best model with final loss: 133.08

=== Multi-Seed VAE Results ===
Best model had seed 4096 with final loss: 133.08
All seeds final losses:
  Seed 4096: Total=133.08 (Recon=86.40, A_KL=16.98, B_KL=5313.70) <- Best

[Raw]:
CYP2C8*1: Normalized=1.0000, Unnormalized=1.00

[Alleles]
CYP2C8*1
CYP2C8*1
	Command being timed: "python cyp.py CYP2C8 /project/shared/aldy-data/wgs/NA12006.wgs.cram 4096"
	User time (seconds): 97.99
	System time (seconds): 20.58
	Percent of CPU this job got: 99%
	Elapsed (wall clock) time (h:mm:ss or m:ss): 1:58.95
	Average shared text size (kbytes): 0
	Average unshared data size (kbytes): 0
	Average stack size (kbytes): 0
	Average total size (kbytes): 0
	Maximum resident set size (kbytes): 1915688
	Average resident set size (kbytes): 0
	Major (requiring I/O) page faults: 0
	Minor (reclaiming a frame) page faults: 635904
	Voluntary context switches: 9941
	Involuntary context switches: 243
	Swaps: 0
	File system inputs: 0
	File system outputs: 24
	Socket messages sent: 0
	Socket messages received: 0
	Signals delivered: 0
	Page size (bytes): 4096
	Exit status: 0
