[info] total indices 224
[info] total variants 224
2.001 was filtered out as 96818105 T>A needs A but not covered
2.002 was filtered out as 96818105 T>A needs A but not covered
3.001 was filtered out as 96827029 C>T needs T but not covered
3.002 was filtered out as 96827029 C>T needs T but not covered
4.001 was filtered out as 96818118 G>C needs C but not covered
4.002 was filtered out as 96818118 G>C needs C but not covered
5.001 was filtered out as 96826970 delT needs N but not covered
6.001 was filtered out as 96824687 C>T needs T but not covered
7.001 was filtered out as 96824642 G>A needs A but not covered
8.001 was filtered out as 96824642 G>C needs C but not covered
9.001 was filtered out as 96818170 T>C needs C but not covered
10.001 was filtered out as 96802646 C>A needs A but not covered
11.001 was filtered out as 96805707 C>A needs A but not covered
12.001 was filtered out as 96796973 delCAA needs N but not covered
13.001 was filtered out as 96818241 A>C needs C but not covered
14.001 was filtered out as 96818198 C>G needs G but not covered
15.001 was filtered out as 96824657 C>T needs T but not covered
16.001 was filtered out as 96802803 A>G needs G but not covered
17.001 was filtered out as 96818180 T>C needs C but not covered
18.001 was filtered out as 96802714 G>A needs A but not covered
[filter] CYP2C8 1.001 => 1.001; 1.002; 1.003; 1.004; 1.005; 1.006; 1.007; 1.008; 1.009; 1.010; 1.011; 1.012; 1.013; 1.014; 1.015; 1.016; 1.017; 1.018
[filter] valid_alleles=18
Step 0: Loss=0.1947, CN=[2.0999167]
Step 100: Loss=0.0482, CN=[2.615053]
Step 200: Loss=0.0482, CN=[2.6176004]
Step 300: Loss=0.0482, CN=[2.6175976]
Step 400: Loss=0.0482, CN=[2.6175976]

=== Fit ===
Region 0: obs=2.630, exp=2.618, diff=+0.013 
Region 1: obs=2.925, exp=2.618, diff=+0.307 
Region 2: obs=2.588, exp=2.618, diff=-0.030 
Region 3: obs=2.396, exp=2.618, diff=-0.221 
Region 4: obs=2.025, exp=2.618, diff=-0.592 *
Region 5: obs=1.821, exp=2.618, diff=-0.796 *
Region 6: obs=2.340, exp=2.618, diff=-0.277 
Region 7: obs=2.834, exp=2.618, diff=+0.217 
Region 8: obs=3.018, exp=2.618, diff=+0.400 
Region 9: obs=2.622, exp=2.618, diff=+0.004 
Region 10: obs=2.826, exp=2.618, diff=+0.209 
Region 11: obs=2.760, exp=2.618, diff=+0.142 
Region 12: obs=2.670, exp=2.618, diff=+0.052 
Region 13: obs=2.910, exp=2.618, diff=+0.293 
Region 14: obs=2.233, exp=2.618, diff=-0.385 
Region 15: obs=2.642, exp=2.618, diff=+0.025 
Region 16: obs=2.607, exp=2.618, diff=-0.011 
Region 17: obs=2.273, exp=2.618, diff=-0.344 
Region 18: obs=2.535, exp=2.618, diff=-0.083 
Region 19: obs=2.814, exp=2.618, diff=+0.197 
Region 20: obs=3.110, exp=2.618, diff=+0.492 

[Gene CN Results]
  CYP2C8: 2.62 → 2.6175975799560547
Using device: cuda

CYP2C8*1.001:

CYP2C8*1.002:

CYP2C8*1.003:

CYP2C8*1.004:

CYP2C8*1.005:

CYP2C8*1.006:

CYP2C8*1.007:

CYP2C8*1.008:

CYP2C8*1.009:

CYP2C8*1.010:

CYP2C8*1.011:

CYP2C8*1.012:

CYP2C8*1.013:

CYP2C8*1.014:

CYP2C8*1.015:

CYP2C8*1.016:

CYP2C8*1.017:

CYP2C8*1.018:

=== Running VAE with seed 4096 ===
Global Pooled JS: 0.000000
functional kld weight 0.0
Seed 4096, Step    0: Loss = 286.01 (Recon: 236.18, Allele KL: 20.05, Base KL: 2478.80, Functional KL: 0.00
Global Pooled JS: 0.000000
functional kld weight 27.77777777777777
Seed 4096, Step  500: Loss = 120.90 (Recon: 66.19, Allele KL: 25.91, Base KL: 5606.48, Functional KL: 0.00
Global Pooled JS: 0.000000
functional kld weight 222.22222222222217
Seed 4096, Step 1000: Loss = 126.59 (Recon: 78.00, Allele KL: 18.98, Base KL: 5664.94, Functional KL: 0.00
Global Pooled JS: 0.000000
functional kld weight 750.0
Seed 4096, Step 1500: Loss = 139.37 (Recon: 93.17, Allele KL: 15.58, Base KL: 5660.45, Functional KL: 0.00
Global Pooled JS: 0.000000
functional kld weight 1777.7777777777774
Seed 4096, Step 2000: Loss = 123.03 (Recon: 66.97, Allele KL: 27.38, Base KL: 5433.31, Functional KL: 0.00
Global Pooled JS: 0.000000
functional kld weight 3472.222222222223
Seed 4096, Step 2500: Loss = 118.45 (Recon: 69.80, Allele KL: 19.61, Base KL: 5575.94, Functional KL: 0.00

Top Variants with Coverage Mismatches:
Rank   Variant                        Expected     Observed     Diff       |Div|       
------------------------------------------------------------------------------------------
New best model with final loss: 117.84

=== Multi-Seed VAE Results ===
Best model had seed 4096 with final loss: 117.84
All seeds final losses:
  Seed 4096: Total=117.84 (Recon=71.63, A_KL=16.79, B_KL=5742.19) <- Best

[Raw]:
CYP2C8*1: Normalized=1.0000, Unnormalized=1.00

[Alleles]
CYP2C8*1
CYP2C8*1
	Command being timed: "python cyp.py CYP2C8 /project/shared/aldy-data/wgs/NA18980.wgs.cram 4096"
	User time (seconds): 96.34
	System time (seconds): 20.14
	Percent of CPU this job got: 99%
	Elapsed (wall clock) time (h:mm:ss or m:ss): 1:56.74
	Average shared text size (kbytes): 0
	Average unshared data size (kbytes): 0
	Average stack size (kbytes): 0
	Average total size (kbytes): 0
	Maximum resident set size (kbytes): 1904612
	Average resident set size (kbytes): 0
	Major (requiring I/O) page faults: 0
	Minor (reclaiming a frame) page faults: 654955
	Voluntary context switches: 9917
	Involuntary context switches: 163
	Swaps: 0
	File system inputs: 0
	File system outputs: 24
	Socket messages sent: 0
	Socket messages received: 0
	Signals delivered: 0
	Page size (bytes): 4096
	Exit status: 0
