[info] total indices 224
[info] total variants 224
2.001 was filtered out as 96818105 T>A needs A but not covered
2.002 was filtered out as 96818105 T>A needs A but not covered
3.001 was filtered out as 96827029 C>T needs T but not covered
3.002 was filtered out as 96827029 C>T needs T but not covered
4.001 was filtered out as 96818118 G>C needs C but not covered
4.002 was filtered out as 96818118 G>C needs C but not covered
5.001 was filtered out as 96826970 delT needs N but not covered
6.001 was filtered out as 96824687 C>T needs T but not covered
7.001 was filtered out as 96824642 G>A needs A but not covered
8.001 was filtered out as 96824642 G>C needs C but not covered
9.001 was filtered out as 96818170 T>C needs C but not covered
10.001 was filtered out as 96802646 C>A needs A but not covered
11.001 was filtered out as 96805707 C>A needs A but not covered
12.001 was filtered out as 96796973 delCAA needs N but not covered
13.001 was filtered out as 96818241 A>C needs C but not covered
14.001 was filtered out as 96818198 C>G needs G but not covered
15.001 was filtered out as 96824657 C>T needs T but not covered
16.001 was filtered out as 96802803 A>G needs G but not covered
17.001 was filtered out as 96818180 T>C needs C but not covered
18.001 was filtered out as 96802714 G>A needs A but not covered
[filter] CYP2C8 1.001 => 1.001; 1.002; 1.003; 1.004; 1.005; 1.006; 1.007; 1.008; 1.009; 1.010; 1.011; 1.012; 1.013; 1.014; 1.015; 1.016; 1.017; 1.018
[filter] valid_alleles=18
Step 0: Loss=0.0222, CN=[2.0999162]
Step 100: Loss=0.0222, CN=[2.00217]
Step 200: Loss=0.0222, CN=[2.0025241]
Step 300: Loss=0.0222, CN=[2.0025225]
Step 400: Loss=0.0222, CN=[2.002523]

=== Fit ===
Region 0: obs=2.185, exp=2.003, diff=+0.182 
Region 1: obs=2.373, exp=2.003, diff=+0.371 
Region 2: obs=1.937, exp=2.003, diff=-0.065 
Region 3: obs=1.986, exp=2.003, diff=-0.017 
Region 4: obs=1.901, exp=2.003, diff=-0.101 
Region 5: obs=2.083, exp=2.003, diff=+0.081 
Region 6: obs=1.546, exp=2.003, diff=-0.456 
Region 7: obs=2.035, exp=2.003, diff=+0.033 
Region 8: obs=2.085, exp=2.003, diff=+0.082 
Region 9: obs=2.039, exp=2.003, diff=+0.036 
Region 10: obs=1.439, exp=2.003, diff=-0.563 *
Region 11: obs=2.198, exp=2.003, diff=+0.196 
Region 12: obs=2.276, exp=2.003, diff=+0.273 
Region 13: obs=2.087, exp=2.003, diff=+0.084 
Region 14: obs=1.805, exp=2.003, diff=-0.197 
Region 15: obs=2.126, exp=2.003, diff=+0.124 
Region 16: obs=2.100, exp=2.003, diff=+0.097 
Region 17: obs=1.897, exp=2.003, diff=-0.105 
Region 18: obs=2.051, exp=2.003, diff=+0.048 
Region 19: obs=1.924, exp=2.003, diff=-0.079 
Region 20: obs=1.916, exp=2.003, diff=-0.087 

[Gene CN Results]
  CYP2C8: 2.00 → 2.0025227069854736
Using device: cuda

CYP2C8*1.001:

CYP2C8*1.002:

CYP2C8*1.003:

CYP2C8*1.004:

CYP2C8*1.005:

CYP2C8*1.006:

CYP2C8*1.007:

CYP2C8*1.008:

CYP2C8*1.009:

CYP2C8*1.010:

CYP2C8*1.011:

CYP2C8*1.012:

CYP2C8*1.013:

CYP2C8*1.014:

CYP2C8*1.015:

CYP2C8*1.016:

CYP2C8*1.017:

CYP2C8*1.018:

=== Running VAE with seed 4096 ===
Global Pooled JS: 0.000000
functional kld weight 0.0
Seed 4096, Step    0: Loss = 299.83 (Recon: 254.06, Allele KL: 16.72, Base KL: 1801.17, Functional KL: 0.00
Global Pooled JS: 0.000000
functional kld weight 27.77777777777777
Seed 4096, Step  500: Loss = 137.49 (Recon: 97.59, Allele KL: 11.06, Base KL: 3165.12, Functional KL: 0.00
Global Pooled JS: 0.000000
functional kld weight 222.22222222222217
Seed 4096, Step 1000: Loss = 134.75 (Recon: 93.06, Allele KL: 13.11, Base KL: 3265.51, Functional KL: 0.00
Global Pooled JS: 0.000000
functional kld weight 750.0
Seed 4096, Step 1500: Loss = 130.08 (Recon: 91.29, Allele KL: 10.03, Base KL: 3203.50, Functional KL: 0.00
Global Pooled JS: 0.000000
functional kld weight 1777.7777777777774
Seed 4096, Step 2000: Loss = 139.11 (Recon: 98.30, Allele KL: 11.57, Base KL: 3243.06, Functional KL: 0.00
Global Pooled JS: 0.000000
functional kld weight 3472.222222222223
Seed 4096, Step 2500: Loss = 128.56 (Recon: 85.40, Allele KL: 14.36, Base KL: 3309.39, Functional KL: 0.00

Top Variants with Coverage Mismatches:
Rank   Variant                        Expected     Observed     Diff       |Div|       
------------------------------------------------------------------------------------------
New best model with final loss: 128.10

=== Multi-Seed VAE Results ===
Best model had seed 4096 with final loss: 128.10
All seeds final losses:
  Seed 4096: Total=128.10 (Recon=87.37, A_KL=12.08, B_KL=3225.81) <- Best

[Raw]:
CYP2C8*1: Normalized=1.0000, Unnormalized=1.00

[Alleles]
CYP2C8*1
CYP2C8*1
	Command being timed: "python cyp.py CYP2C8 /project/shared/aldy-data/wgs/NA18966.wgs.cram 4096"
	User time (seconds): 94.50
	System time (seconds): 21.07
	Percent of CPU this job got: 99%
	Elapsed (wall clock) time (h:mm:ss or m:ss): 1:55.85
	Average shared text size (kbytes): 0
	Average unshared data size (kbytes): 0
	Average stack size (kbytes): 0
	Average total size (kbytes): 0
	Maximum resident set size (kbytes): 1898068
	Average resident set size (kbytes): 0
	Major (requiring I/O) page faults: 0
	Minor (reclaiming a frame) page faults: 639757
	Voluntary context switches: 9911
	Involuntary context switches: 210
	Swaps: 0
	File system inputs: 0
	File system outputs: 24
	Socket messages sent: 0
	Socket messages received: 0
	Signals delivered: 0
	Page size (bytes): 4096
	Exit status: 0
